
Note: No compatibility mode selected!


Circuit: * psrr-dc @ res_ss_125c_3.30v -- generated by sim/harness, do not edit

Doing analysis at TEMP = 125.000000 and TNOM = 27.000000

Using SPARSE 1.3 as Direct Linear Solver
 Reference value :  0.00000e+00
No. of Data Rows : 1
Doing analysis at TEMP = 125.000000 and TNOM = 27.000000

Using SPARSE 1.3 as Direct Linear Solver
 Reference value :  1.00000e-01
No. of Data Rows : 161
     * psrr-dc @ res_ss_125c_3.30v -- generated by sim/harness, do not edit
     AC Analysis  Mon Aug  3 12:20:02  2026
--------------------------------------------------------------------------------
Index   frequency       psrr_db         
--------------------------------------------------------------------------------
0	1.0000000000e-01	9.6261892106e+01	
1	1.1220184543e-01	9.6261892071e+01	
2	1.2589254118e-01	9.6261892035e+01	
3	1.4125375446e-01	9.6261891991e+01	
4	1.5848931925e-01	9.6261891933e+01	
5	1.7782794100e-01	9.6261891849e+01	
6	1.9952623150e-01	9.6261891755e+01	
7	2.2387211386e-01	9.6261891633e+01	
8	2.5118864315e-01	9.6261891489e+01	
9	2.8183829313e-01	9.6261891297e+01	
10	3.1622776602e-01	9.6261891050e+01	
11	3.5481338923e-01	9.6261890749e+01	
12	3.9810717055e-01	9.6261890371e+01	
13	4.4668359215e-01	9.6261889897e+01	
14	5.0118723363e-01	9.6261889280e+01	
15	5.6234132519e-01	9.6261888533e+01	
16	6.3095734448e-01	9.6261887575e+01	
17	7.0794578438e-01	9.6261886372e+01	
18	7.9432823472e-01	9.6261884854e+01	
19	8.9125093813e-01	9.6261882953e+01	
20	1.0000000000e+00	9.6261880548e+01	
21	1.1220184543e+00	9.6261877528e+01	
22	1.2589254118e+00	9.6261873718e+01	
23	1.4125375446e+00	9.6261868935e+01	
24	1.5848931925e+00	9.6261862907e+01	
25	1.7782794100e+00	9.6261855315e+01	
26	1.9952623150e+00	9.6261845760e+01	
27	2.2387211386e+00	9.6261833731e+01	
28	2.5118864315e+00	9.6261818579e+01	
29	2.8183829313e+00	9.6261799515e+01	
30	3.1622776602e+00	9.6261775513e+01	
31	3.5481338923e+00	9.6261745298e+01	
32	3.9810717055e+00	9.6261707258e+01	
33	4.4668359215e+00	9.6261659369e+01	
34	5.0118723363e+00	9.6261599074e+01	
35	5.6234132519e+00	9.6261523179e+01	
36	6.3095734448e+00	9.6261427624e+01	
37	7.0794578438e+00	9.6261307340e+01	
38	7.9432823472e+00	9.6261155908e+01	
39	8.9125093813e+00	9.6260965276e+01	
40	1.0000000000e+01	9.6260725301e+01	
41	1.1220184543e+01	9.6260423200e+01	
42	1.2589254118e+01	9.6264748926e+01	
43	1.4125375446e+01	9.6264269801e+01	
44	1.5848931925e+01	9.6263666689e+01	
45	1.7782794100e+01	9.6262907518e+01	
46	1.9952623150e+01	9.6261951948e+01	
47	2.2387211386e+01	9.6260749240e+01	
48	2.5118864315e+01	9.6259235540e+01	
49	2.8183829313e+01	9.6259681413e+01	
50	3.1622776602e+01	9.6257283272e+01	
51	3.5481338923e+01	9.6256615075e+01	
52	3.9810717055e+01	9.6252817492e+01	
53	4.4668359215e+01	9.6250387106e+01	
54	5.0118723363e+01	9.6246722240e+01	

Index   frequency       psrr_db         
--------------------------------------------------------------------------------
55	5.6234132519e+01	9.6243848783e+01	
56	6.3095734448e+01	9.6236682193e+01	
57	7.0794578438e+01	9.6229406906e+01	
58	7.9432823472e+01	9.6221389010e+01	
59	8.9125093813e+01	9.6209509721e+01	
60	1.0000000000e+02	9.6195117716e+01	
61	1.1220184543e+02	9.6176984172e+01	
62	1.2589254118e+02	9.6155882587e+01	
63	1.4125375446e+02	9.6127606991e+01	
64	1.5848931925e+02	9.6094373048e+01	
65	1.7782794100e+02	9.6050988671e+01	
66	1.9952623150e+02	9.5995058683e+01	
67	2.2387211386e+02	9.5928898015e+01	
68	2.5118864315e+02	9.5846074731e+01	
69	2.8183829313e+02	9.5744560651e+01	
70	3.1622776602e+02	9.5618930236e+01	
71	3.5481338923e+02	9.5465529262e+01	
72	3.9810717055e+02	9.5276319126e+01	
73	4.4668359215e+02	9.5054964718e+01	
74	5.0118723363e+02	9.4785695353e+01	
75	5.6234132519e+02	9.4478232139e+01	
76	6.3095734448e+02	9.4123644745e+01	
77	7.0794578438e+02	9.3702913584e+01	
78	7.9432823472e+02	9.3227019267e+01	
79	8.9125093813e+02	9.2689619818e+01	
80	1.0000000000e+03	9.2100580613e+01	
81	1.1220184543e+03	9.1457987707e+01	
82	1.2589254118e+03	9.0762842765e+01	
83	1.4125375446e+03	9.0020808945e+01	
84	1.5848931925e+03	8.9237380452e+01	
85	1.7782794100e+03	8.8413977522e+01	
86	1.9952623150e+03	8.7557725701e+01	
87	2.2387211386e+03	8.6673670794e+01	
88	2.5118864315e+03	8.5764612424e+01	
89	2.8183829313e+03	8.4836578344e+01	
90	3.1622776602e+03	8.3888758479e+01	
91	3.5481338923e+03	8.2925054489e+01	
92	3.9810717055e+03	8.1946412677e+01	
93	4.4668359215e+03	8.0954608594e+01	
94	5.0118723363e+03	7.9949778968e+01	
95	5.6234132519e+03	7.8931354778e+01	
96	6.3095734448e+03	7.7899337103e+01	
97	7.0794578438e+03	7.6852091611e+01	
98	7.9432823472e+03	7.5788293974e+01	
99	8.9125093813e+03	7.4706068268e+01	
100	1.0000000000e+04	7.3602403211e+01	
101	1.1220184543e+04	7.2474162990e+01	
102	1.2589254118e+04	7.1318655372e+01	
103	1.4125375446e+04	7.0131737796e+01	
104	1.5848931925e+04	6.8910147477e+01	
105	1.7782794100e+04	6.7649824428e+01	
106	1.9952623150e+04	6.6348023280e+01	
107	2.2387211386e+04	6.5002522143e+01	
108	2.5118864315e+04	6.3612372467e+01	
109	2.8183829313e+04	6.2177784661e+01	
110	3.1622776602e+04	6.0701404865e+01	
111	3.5481338923e+04	5.9187332560e+01	
112	3.9810717055e+04	5.7641589805e+01	

Index   frequency       psrr_db         
--------------------------------------------------------------------------------
113	4.4668359215e+04	5.6071932756e+01	
114	5.0118723363e+04	5.4487270090e+01	
115	5.6234132519e+04	5.2897507183e+01	
116	6.3095734448e+04	5.1312676259e+01	
117	7.0794578438e+04	4.9742740824e+01	
118	7.9432823472e+04	4.8197315042e+01	
119	8.9125093813e+04	4.6684521378e+01	
120	1.0000000000e+05	4.5211223384e+01	
121	1.1220184543e+05	4.3782502765e+01	
122	1.2589254118e+05	4.2401749719e+01	
123	1.4125375446e+05	4.1070556154e+01	
124	1.5848931925e+05	3.9789164966e+01	
125	1.7782794100e+05	3.8556923998e+01	
126	1.9952623150e+05	3.7372902572e+01	
127	2.2387211386e+05	3.6236829625e+01	
128	2.5118864315e+05	3.5150172421e+01	
129	2.8183829313e+05	3.4117631139e+01	
130	3.1622776602e+05	3.3149165574e+01	
131	3.5481338923e+05	3.2262606573e+01	
132	3.9810717055e+05	3.1486506271e+01	
133	4.4668359215e+05	3.0861792213e+01	
134	5.0118723363e+05	3.0438892735e+01	
135	5.6234132519e+05	3.0265537162e+01	
136	6.3095734448e+05	3.0362748546e+01	
137	7.0794578438e+05	3.0694907854e+01	
138	7.9432823472e+05	3.1148358364e+01	
139	8.9125093813e+05	3.1535997941e+01	
140	1.0000000000e+06	3.1648803368e+01	
141	1.1220184543e+06	3.1354901019e+01	
142	1.2589254118e+06	3.0668761195e+01	
143	1.4125375446e+06	2.9709704422e+01	
144	1.5848931925e+06	2.8608823478e+01	
145	1.7782794100e+06	2.7458743572e+01	
146	1.9952623150e+06	2.6311368626e+01	
147	2.2387211386e+06	2.5191380721e+01	
148	2.5118864315e+06	2.4108189129e+01	
149	2.8183829313e+06	2.3063268933e+01	
150	3.1622776602e+06	2.2054205404e+01	
151	3.5481338923e+06	2.1076961548e+01	
152	3.9810717055e+06	2.0127275990e+01	
153	4.4668359215e+06	1.9201630391e+01	
154	5.0118723363e+06	1.8297924727e+01	
155	5.6234132519e+06	1.7415882664e+01	
156	6.3095734448e+06	1.6557168815e+01	
157	7.0794578438e+06	1.5725228156e+01	
158	7.9432823472e+06	1.4924872270e+01	
159	8.9125093813e+06	1.4161693681e+01	
160	1.0000000000e+07	1.3441402594e+01	
m_psrr_1hz_db = 9.6261880548e+01
m_psrr_1khz_db = 9.2100580613e+01
m_psrr_10hz_db = 9.6260725301e+01
m_psrr_100hz_db = 9.6195117716e+01
m_psrr_10khz_db = 7.3602403211e+01
m_psrr_100khz_db = 4.5211223384e+01
m_psrr_1mhz_db = 3.1648803368e+01
m_vref_op = 1.1821155421e+00
m_f_dc_hz = 1.0000000000e+00
m_f_band_edge_hz = 1.0000000000e+03
Note: Simulation executed from .control section 

Warning : IC on non-existent node - xdut.xx1.casc, ignored
   Please check line .ic v(xdut.fb)=1.0 v(xdut.sns1)=0.6 v(xdut.sns2)=0.6 v(vref)=1.2 v(xdut.ibias)=0.6 v(xdut.xx1.casc)=1.8

Note: Starting dynamic gmin stepping
Note: Dynamic gmin stepping completed
Note: Starting dynamic gmin stepping
Note: Dynamic gmin stepping completed
