
Note: No compatibility mode selected!


Circuit: * psrr-dc @ sf_27c_3.30v -- generated by sim/harness, do not edit

Doing analysis at TEMP = 27.000000 and TNOM = 27.000000

Using SPARSE 1.3 as Direct Linear Solver
 Reference value :  0.00000e+00
No. of Data Rows : 1
Doing analysis at TEMP = 27.000000 and TNOM = 27.000000

Using SPARSE 1.3 as Direct Linear Solver
 Reference value :  1.00000e-01
No. of Data Rows : 161
       * psrr-dc @ sf_27c_3.30v -- generated by sim/harness, do not edit
       AC Analysis  Mon Aug  3 12:17:43  2026
--------------------------------------------------------------------------------
Index   frequency       psrr_db         
--------------------------------------------------------------------------------
0	1.0000000000e-01	1.0535075742e+02	
1	1.1220184543e-01	1.0535075730e+02	
2	1.2589254118e-01	1.0535075714e+02	
3	1.4125375446e-01	1.0535075695e+02	
4	1.5848931925e-01	1.0535075670e+02	
5	1.7782794100e-01	1.0535075641e+02	
6	1.9952623150e-01	1.0535075603e+02	
7	2.2387211386e-01	1.0535075552e+02	
8	2.5118864315e-01	1.0535075490e+02	
9	2.8183829313e-01	1.0535075413e+02	
10	3.1622776602e-01	1.0535075314e+02	
11	3.5481338923e-01	1.0535075192e+02	
12	3.9810717055e-01	1.0535075037e+02	
13	4.4668359215e-01	1.0535074841e+02	
14	5.0118723363e-01	1.0535074597e+02	
15	5.6234132519e-01	1.0535074287e+02	
16	6.3095734448e-01	1.0535073898e+02	
17	7.0794578438e-01	1.0535073408e+02	
18	7.9432823472e-01	1.0535072791e+02	
19	8.9125093813e-01	1.0535072015e+02	
20	1.0000000000e+00	1.0535071038e+02	
21	1.1220184543e+00	1.0535069806e+02	
22	1.2589254118e+00	1.0535068256e+02	
23	1.4125375446e+00	1.0535066307e+02	
24	1.5848931925e+00	1.0535063851e+02	
25	1.7782794100e+00	1.0535060759e+02	
26	1.9952623150e+00	1.0535056866e+02	
27	2.2387211386e+00	1.0535051967e+02	
28	2.5118864315e+00	1.0535045799e+02	
29	2.8183829313e+00	1.0535038034e+02	
30	3.1622776602e+00	1.0535028257e+02	
31	3.5481338923e+00	1.0535015950e+02	
32	3.9810717055e+00	1.0535000459e+02	
33	4.4668359215e+00	1.0534980954e+02	
34	5.0118723363e+00	1.0534956403e+02	
35	5.6234132519e+00	1.0534925496e+02	
36	6.3095734448e+00	1.0534886589e+02	
37	7.0794578438e+00	1.0534837614e+02	
38	7.9432823472e+00	1.0534775964e+02	
39	8.9125093813e+00	1.0534698363e+02	
40	1.0000000000e+01	1.0534600690e+02	
41	1.1220184543e+01	1.0534477756e+02	
42	1.2589254118e+01	1.0534323041e+02	
43	1.4125375446e+01	1.0534128341e+02	
44	1.5848931925e+01	1.0533883350e+02	
45	1.7782794100e+01	1.0534122709e+02	
46	1.9952623150e+01	1.0533734536e+02	
47	2.2387211386e+01	1.0533246331e+02	
48	2.5118864315e+01	1.0532632480e+02	
49	2.8183829313e+01	1.0531860885e+02	
50	3.1622776602e+01	1.0531435741e+02	
51	3.5481338923e+01	1.0530216867e+02	
52	3.9810717055e+01	1.0529228761e+02	
53	4.4668359215e+01	1.0527848098e+02	
54	5.0118723363e+01	1.0525976909e+02	

Index   frequency       psrr_db         
--------------------------------------------------------------------------------
55	5.6234132519e+01	1.0523494152e+02	
56	6.3095734448e+01	1.0520251049e+02	
57	7.0794578438e+01	1.0516592311e+02	
58	7.9432823472e+01	1.0512280907e+02	
59	8.9125093813e+01	1.0506513563e+02	
60	1.0000000000e+02	1.0498967023e+02	
61	1.1220184543e+02	1.0490255149e+02	
62	1.2589254118e+02	1.0478904020e+02	
63	1.4125375446e+02	1.0465822257e+02	
64	1.5848931925e+02	1.0449409801e+02	
65	1.7782794100e+02	1.0429665099e+02	
66	1.9952623150e+02	1.0406643887e+02	
67	2.2387211386e+02	1.0378855565e+02	
68	2.5118864315e+02	1.0346252934e+02	
69	2.8183829313e+02	1.0308666311e+02	
70	3.1622776602e+02	1.0264796655e+02	
71	3.5481338923e+02	1.0215749398e+02	
72	3.9810717055e+02	1.0160037025e+02	
73	4.4668359215e+02	1.0099944076e+02	
74	5.0118723363e+02	1.0034045261e+02	
75	5.6234132519e+02	9.9632510792e+01	
76	6.3095734448e+02	9.8885749588e+01	
77	7.0794578438e+02	9.8089525563e+01	
78	7.9432823472e+02	9.7259440584e+01	
79	8.9125093813e+02	9.6398926108e+01	
80	1.0000000000e+03	9.5516662060e+01	
81	1.1220184543e+03	9.4607621213e+01	
82	1.2589254118e+03	9.3680071310e+01	
83	1.4125375446e+03	9.2738999695e+01	
84	1.5848931925e+03	9.1786744718e+01	
85	1.7782794100e+03	9.0823720402e+01	
86	1.9952623150e+03	8.9850151583e+01	
87	2.2387211386e+03	8.8871015323e+01	
88	2.5118864315e+03	8.7883672748e+01	
89	2.8183829313e+03	8.6891939050e+01	
90	3.1622776602e+03	8.5893673006e+01	
91	3.5481338923e+03	8.4890486579e+01	
92	3.9810717055e+03	8.3882201884e+01	
93	4.4668359215e+03	8.2867699113e+01	
94	5.0118723363e+03	8.1847250370e+01	
95	5.6234132519e+03	8.0818911463e+01	
96	6.3095734448e+03	7.9782807653e+01	
97	7.0794578438e+03	7.8736443807e+01	
98	7.9432823472e+03	7.7678291171e+01	
99	8.9125093813e+03	7.6606111290e+01	
100	1.0000000000e+04	7.5517810477e+01	
101	1.1220184543e+04	7.4410309150e+01	
102	1.2589254118e+04	7.3280464961e+01	
103	1.4125375446e+04	7.2125055348e+01	
104	1.5848931925e+04	7.0939993650e+01	
105	1.7782794100e+04	6.9722359751e+01	
106	1.9952623150e+04	6.8467707347e+01	
107	2.2387211386e+04	6.7173247236e+01	
108	2.5118864315e+04	6.5836220236e+01	
109	2.8183829313e+04	6.4455106180e+01	
110	3.1622776602e+04	6.3029823635e+01	
111	3.5481338923e+04	6.1562067570e+01	
112	3.9810717055e+04	6.0055131100e+01	

Index   frequency       psrr_db         
--------------------------------------------------------------------------------
113	4.4668359215e+04	5.8514613380e+01	
114	5.0118723363e+04	5.6947459402e+01	
115	5.6234132519e+04	5.5362192303e+01	
116	6.3095734448e+04	5.3768287625e+01	
117	7.0794578438e+04	5.2175711016e+01	
118	7.9432823472e+04	5.0594659842e+01	
119	8.9125093813e+04	4.9034840012e+01	
120	1.0000000000e+05	4.7504990022e+01	
121	1.1220184543e+05	4.6012557504e+01	
122	1.2589254118e+05	4.4563475806e+01	
123	1.4125375446e+05	4.3161853185e+01	
124	1.5848931925e+05	4.1810062538e+01	
125	1.7782794100e+05	4.0508950981e+01	
126	1.9952623150e+05	3.9258232749e+01	
127	2.2387211386e+05	3.8057183835e+01	
128	2.5118864315e+05	3.6905384359e+01	
129	2.8183829313e+05	3.5803869925e+01	
130	3.1622776602e+05	3.4756578606e+01	
131	3.5481338923e+05	3.3772392658e+01	
132	3.9810717055e+05	3.2867763808e+01	
133	4.4668359215e+05	3.2069795806e+01	
134	5.0118723363e+05	3.1418424661e+01	
135	5.6234132519e+05	3.0964703699e+01	
136	6.3095734448e+05	3.0760412239e+01	
137	7.0794578438e+05	3.0835906759e+01	
138	7.9432823472e+05	3.1170943076e+01	
139	8.9125093813e+05	3.1671445134e+01	
140	1.0000000000e+06	3.2166074939e+01	
141	1.1220184543e+06	3.2439500038e+01	
142	1.2589254118e+06	3.2318813710e+01	
143	1.4125375446e+06	3.1767865083e+01	
144	1.5848931925e+06	3.0885296055e+01	
145	1.7782794100e+06	2.9812565785e+01	
146	1.9952623150e+06	2.8661298101e+01	
147	2.2387211386e+06	2.7498003037e+01	
148	2.5118864315e+06	2.6355924111e+01	
149	2.8183829313e+06	2.5248913010e+01	
150	3.1622776602e+06	2.4180576816e+01	
151	3.5481338923e+06	2.3149385559e+01	
152	3.9810717055e+06	2.2151470907e+01	
153	4.4668359215e+06	2.1182274471e+01	
154	5.0118723363e+06	2.0237650021e+01	
155	5.6234132519e+06	1.9314633107e+01	
156	6.3095734448e+06	1.8411956221e+01	
157	7.0794578438e+06	1.7530284273e+01	
158	7.9432823472e+06	1.6672187682e+01	
159	8.9125093813e+06	1.5841854184e+01	
160	1.0000000000e+07	1.5044601301e+01	
m_psrr_1hz_db = 1.0535071038e+02
m_psrr_1khz_db = 9.5516662060e+01
m_psrr_10hz_db = 1.0534600690e+02
m_psrr_100hz_db = 1.0498967023e+02
m_psrr_10khz_db = 7.5517810477e+01
m_psrr_100khz_db = 4.7504990022e+01
m_psrr_1mhz_db = 3.2166074939e+01
m_vref_op = 1.1924876156e+00
m_f_dc_hz = 1.0000000000e+00
m_f_band_edge_hz = 1.0000000000e+03
Note: Simulation executed from .control section 

Warning : IC on non-existent node - xdut.xx1.casc, ignored
   Please check line .ic v(xdut.fb)=1.0 v(xdut.sns1)=0.6 v(xdut.sns2)=0.6 v(vref)=1.2 v(xdut.ibias)=0.6 v(xdut.xx1.casc)=1.8

Note: Starting dynamic gmin stepping
Note: Dynamic gmin stepping completed
Note: Starting dynamic gmin stepping
Note: Dynamic gmin stepping completed
