
Note: No compatibility mode selected!


Circuit: * psrr-dc @ tt_125c_3.63v -- generated by sim/harness, do not edit

Doing analysis at TEMP = 125.000000 and TNOM = 27.000000

Using SPARSE 1.3 as Direct Linear Solver
 Reference value :  0.00000e+00
No. of Data Rows : 1
Doing analysis at TEMP = 125.000000 and TNOM = 27.000000

Using SPARSE 1.3 as Direct Linear Solver
 Reference value :  1.00000e-01
No. of Data Rows : 161
       * psrr-dc @ tt_125c_3.63v -- generated by sim/harness, do not edit
       AC Analysis  Mon Aug  3 12:14:31  2026
--------------------------------------------------------------------------------
Index   frequency       psrr_db         
--------------------------------------------------------------------------------
0	1.0000000000e-01	7.7086128608e+01	
1	1.1220184543e-01	7.7086128607e+01	
2	1.2589254118e-01	7.7086128605e+01	
3	1.4125375446e-01	7.7086128603e+01	
4	1.5848931925e-01	7.7086128600e+01	
5	1.7782794100e-01	7.7086128596e+01	
6	1.9952623150e-01	7.7086128592e+01	
7	2.2387211386e-01	7.7086128587e+01	
8	2.5118864315e-01	7.7086128580e+01	
9	2.8183829313e-01	7.7086128571e+01	
10	3.1622776602e-01	7.7086128560e+01	
11	3.5481338923e-01	7.7086128546e+01	
12	3.9810717055e-01	7.7086128529e+01	
13	4.4668359215e-01	7.7086128508e+01	
14	5.0118723363e-01	7.7086128481e+01	
15	5.6234132519e-01	7.7086128447e+01	
16	6.3095734448e-01	7.7086128403e+01	
17	7.0794578438e-01	7.7086128350e+01	
18	7.9432823472e-01	7.7086128281e+01	
19	8.9125093813e-01	7.7086128195e+01	
20	1.0000000000e+00	7.7086128087e+01	
21	1.1220184543e+00	7.7086127951e+01	
22	1.2589254118e+00	7.7086127779e+01	
23	1.4125375446e+00	7.7086127563e+01	
24	1.5848931925e+00	7.7086127291e+01	
25	1.7782794100e+00	7.7086126949e+01	
26	1.9952623150e+00	7.7086126518e+01	
27	2.2387211386e+00	7.7086125976e+01	
28	2.5118864315e+00	7.7086125293e+01	
29	2.8183829313e+00	7.7086124434e+01	
30	3.1622776602e+00	7.7086123352e+01	
31	3.5481338923e+00	7.7086121990e+01	
32	3.9810717055e+00	7.7086120274e+01	
33	4.4668359215e+00	7.7086118115e+01	
34	5.0118723363e+00	7.7086115397e+01	
35	5.6234132519e+00	7.7086111975e+01	
36	6.3095734448e+00	7.7086107668e+01	
37	7.0794578438e+00	7.7086102244e+01	
38	7.9432823472e+00	7.7086095417e+01	
39	8.9125093813e+00	7.7086086822e+01	
40	1.0000000000e+01	7.7086076001e+01	
41	1.1220184543e+01	7.7086062377e+01	
42	1.2589254118e+01	7.7086045227e+01	
43	1.4125375446e+01	7.7086023638e+01	
44	1.5848931925e+01	7.7086220955e+01	
45	1.7782794100e+01	7.7086186736e+01	
46	1.9952623150e+01	7.7086143657e+01	
47	2.2387211386e+01	7.7086089424e+01	
48	2.5118864315e+01	7.7086021149e+01	
49	2.8183829313e+01	7.7086159693e+01	
50	3.1622776602e+01	7.7086051485e+01	
51	3.5481338923e+01	7.7085915261e+01	
52	3.9810717055e+01	7.7085968258e+01	
53	4.4668359215e+01	7.7085976851e+01	
54	5.0118723363e+01	7.7085929542e+01	

Index   frequency       psrr_db         
--------------------------------------------------------------------------------
55	5.6234132519e+01	7.7085811858e+01	
56	6.3095734448e+01	7.7085830066e+01	
57	7.0794578438e+01	7.7085736740e+01	
58	7.9432823472e+01	7.7085503008e+01	
59	8.9125093813e+01	7.7085316994e+01	
60	1.0000000000e+02	7.7085132931e+01	
61	1.1220184543e+02	7.7084893208e+01	
62	1.2589254118e+02	7.7084525309e+01	
63	1.4125375446e+02	7.7084386800e+01	
64	1.5848931925e+02	7.7083689499e+01	
65	1.7782794100e+02	7.7083186406e+01	
66	1.9952623150e+02	7.7082246678e+01	
67	2.2387211386e+02	7.7081202077e+01	
68	2.5118864315e+02	7.7079988458e+01	
69	2.8183829313e+02	7.7078354992e+01	
70	3.1622776602e+02	7.7076293415e+01	
71	3.5481338923e+02	7.7073789358e+01	
72	3.9810717055e+02	7.7070567947e+01	
73	4.4668359215e+02	7.7066168144e+01	
74	5.0118723363e+02	7.7061236497e+01	
75	5.6234132519e+02	7.7054782386e+01	
76	6.3095734448e+02	7.7048235083e+01	
77	7.0794578438e+02	7.7038209382e+01	
78	7.9432823472e+02	7.7025534416e+01	
79	8.9125093813e+02	7.7009415297e+01	
80	1.0000000000e+03	7.6989252770e+01	
81	1.1220184543e+03	7.6965285317e+01	
82	1.2589254118e+03	7.6934128643e+01	
83	1.4125375446e+03	7.6895785499e+01	
84	1.5848931925e+03	7.6846645766e+01	
85	1.7782794100e+03	7.6787284164e+01	
86	1.9952623150e+03	7.6713176356e+01	
87	2.2387211386e+03	7.6620816099e+01	
88	2.5118864315e+03	7.6507400718e+01	
89	2.8183829313e+03	7.6368506970e+01	
90	3.1622776602e+03	7.6200422584e+01	
91	3.5481338923e+03	7.5995272530e+01	
92	3.9810717055e+03	7.5750209249e+01	
93	4.4668359215e+03	7.5458359447e+01	
94	5.0118723363e+03	7.5114459260e+01	
95	5.6234132519e+03	7.4714469007e+01	
96	6.3095734448e+03	7.4254079837e+01	
97	7.0794578438e+03	7.3730740990e+01	
98	7.9432823472e+03	7.3141773359e+01	
99	8.9125093813e+03	7.2488651317e+01	
100	1.0000000000e+04	7.1770983759e+01	
101	1.1220184543e+04	7.0990621508e+01	
102	1.2589254118e+04	7.0149808290e+01	
103	1.4125375446e+04	6.9250086415e+01	
104	1.5848931925e+04	6.8294140769e+01	
105	1.7782794100e+04	6.7282770420e+01	
106	1.9952623150e+04	6.6217498766e+01	
107	2.2387211386e+04	6.5098521676e+01	
108	2.5118864315e+04	6.3926570715e+01	
109	2.8183829313e+04	6.2702061305e+01	
110	3.1622776602e+04	6.1426821377e+01	
111	3.5481338923e+04	6.0102953016e+01	
112	3.9810717055e+04	5.8734433307e+01	

Index   frequency       psrr_db         
--------------------------------------------------------------------------------
113	4.4668359215e+04	5.7326324233e+01	
114	5.0118723363e+04	5.5886269500e+01	
115	5.6234132519e+04	5.4422527469e+01	
116	6.3095734448e+04	5.2944925487e+01	
117	7.0794578438e+04	5.1463776552e+01	
118	7.9432823472e+04	4.9989403186e+01	
119	8.9125093813e+04	4.8531487460e+01	
120	1.0000000000e+05	4.7098609855e+01	
121	1.1220184543e+05	4.5697589622e+01	
122	1.2589254118e+05	4.4333515936e+01	
123	1.4125375446e+05	4.3009570207e+01	
124	1.5848931925e+05	4.1727150700e+01	
125	1.7782794100e+05	4.0486405744e+01	
126	1.9952623150e+05	3.9286675141e+01	
127	2.2387211386e+05	3.8127315600e+01	
128	2.5118864315e+05	3.7008625937e+01	
129	2.8183829313e+05	3.5933085034e+01	
130	3.1622776602e+05	3.4907072220e+01	
131	3.5481338923e+05	3.3943189816e+01	
132	3.9810717055e+05	3.3063315800e+01	
133	4.4668359215e+05	3.2301799538e+01	
134	5.0118723363e+05	3.1706701108e+01	
135	5.6234132519e+05	3.1334704065e+01	
136	6.3095734448e+05	3.1234020627e+01	
137	7.0794578438e+05	3.1414674528e+01	
138	7.9432823472e+05	3.1816950704e+01	
139	8.9125093813e+05	3.2296369765e+01	
140	1.0000000000e+06	3.2643476062e+01	
141	1.1220184543e+06	3.2656266774e+01	
142	1.2589254118e+06	3.2244060757e+01	
143	1.4125375446e+06	3.1464683011e+01	
144	1.5848931925e+06	3.0452034475e+01	
145	1.7782794100e+06	2.9328724550e+01	
146	1.9952623150e+06	2.8173965191e+01	
147	2.2387211386e+06	2.7029775447e+01	
148	2.5118864315e+06	2.5915152964e+01	
149	2.8183829313e+06	2.4836604777e+01	
150	3.1622776602e+06	2.3794243941e+01	
151	3.5481338923e+06	2.2785090827e+01	
152	3.9810717055e+06	2.1804935630e+01	
153	4.4668359215e+06	2.0849525953e+01	
154	5.0118723363e+06	1.9915405255e+01	
155	5.6234132519e+06	1.9000509840e+01	
156	6.3095734448e+06	1.8104533036e+01	
157	7.0794578438e+06	1.7229035504e+01	
158	7.9432823472e+06	1.6377307825e+01	
159	8.9125093813e+06	1.5554013658e+01	
160	1.0000000000e+07	1.4764677752e+01	
m_psrr_1hz_db = 7.7086128087e+01
m_psrr_1khz_db = 7.6989252770e+01
m_psrr_10hz_db = 7.7086076001e+01
m_psrr_100hz_db = 7.7085132931e+01
m_psrr_10khz_db = 7.1770983759e+01
m_psrr_100khz_db = 4.7098609855e+01
m_psrr_1mhz_db = 3.2643476062e+01
m_vref_op = 1.1897779425e+00
m_f_dc_hz = 1.0000000000e+00
m_f_band_edge_hz = 1.0000000000e+03
Note: Simulation executed from .control section 

Warning : IC on non-existent node - xdut.xx1.casc, ignored
   Please check line .ic v(xdut.fb)=1.0 v(xdut.sns1)=0.6 v(xdut.sns2)=0.6 v(vref)=1.2 v(xdut.ibias)=0.6 v(xdut.xx1.casc)=1.8

Note: Starting dynamic gmin stepping
Note: Dynamic gmin stepping completed
Note: Starting dynamic gmin stepping
Note: Dynamic gmin stepping completed
