* record-id : 20261008-204018-aeaca90
* klt corner : ff/2.970V/27C (status pass); outer-axis point -40 C of the internal -40..125 C sweep

Note: No compatibility mode selected!


Circuit: * klt sim -- generated corner deck, do not edit

Warning : IC on non-existent node - xdut.xx1.casc, ignored
   Please check line .ic v(xdut.fb)=1.0 v(xdut.sns1)=0.6 v(xdut.sns2)=0.6 v(vref)=1.2 v(xdut.ibias)=0.6 v(xdut.xx1.casc)=1.8

Doing analysis at TEMP = 27.000000 and TNOM = 27.000000

Using SPARSE 1.3 as Direct Linear Solver

No. of Data Rows : 166

  Measurements for DC Analysis

vref_m40            =  1.21106e+00
vref_27             =  1.21318e+00
vref_125            =  1.21194e+00
vref_box_max        =  1.21325e+00 at=  4.30000e+01
vref_box_min        =  1.21103e+00 at=  -3.90000e+01
vref_tm40           =  1.21106e+00
vref_tm35           =  1.21133e+00
vref_tm30           =  1.21159e+00
vref_tm25           =  1.21182e+00
vref_tm20           =  1.21204e+00
vref_tm15           =  1.21224e+00
vref_tm10           =  1.21241e+00
vref_tm5            =  1.21257e+00
vref_t0             =  1.21271e+00
vref_t5             =  1.21283e+00
vref_t10            =  1.21294e+00
vref_t15            =  1.21303e+00
vref_t20            =  1.21310e+00
vref_t25            =  1.21316e+00
vref_t30            =  1.21321e+00
vref_t35            =  1.21324e+00
vref_t40            =  1.21325e+00
vref_t45            =  1.21325e+00
vref_t50            =  1.21324e+00
vref_t55            =  1.21322e+00
vref_t60            =  1.21318e+00
vref_t65            =  1.21313e+00
vref_t70            =  1.21307e+00
vref_t75            =  1.21300e+00
vref_t80            =  1.21293e+00
vref_t85            =  1.21284e+00
vref_t90            =  1.21274e+00
vref_t95            =  1.21264e+00
vref_t100           =  1.21253e+00
vref_t105           =  1.21242e+00
vref_t110           =  1.21230e+00
vref_t115           =  1.21218e+00
vref_t120           =  1.21206e+00
vref_t125           =  1.21194e+00

ngspice-46 done

* ---- derived by sim/tools/tc_ingest.py from the fleet .meas values in this log ----
m_vref = 1.2110600000e+00
m_tc_ppm = 1.1090312612e+01
m_vref_box_max = 1.2132500000e+00
m_vref_box_min = 1.2110300000e+00
m_vref_m40 = 1.2110600000e+00
m_vref_27 = 1.2131800000e+00
m_vref_125 = 1.2119400000e+00
