* record-id : 20261008-204018-aeaca90
* klt corner : sf/3.630V/27C (status pass); outer-axis point -40 C of the internal -40..125 C sweep

Note: No compatibility mode selected!


Circuit: * klt sim -- generated corner deck, do not edit

Warning : IC on non-existent node - xdut.xx1.casc, ignored
   Please check line .ic v(xdut.fb)=1.0 v(xdut.sns1)=0.6 v(xdut.sns2)=0.6 v(vref)=1.2 v(xdut.ibias)=0.6 v(xdut.xx1.casc)=1.8

Doing analysis at TEMP = 27.000000 and TNOM = 27.000000

Using SPARSE 1.3 as Direct Linear Solver
Note: Starting dynamic gmin stepping
Note: Dynamic gmin stepping completed

No. of Data Rows : 166

  Measurements for DC Analysis

vref_m40            =  1.20980e+00
vref_27             =  1.21199e+00
vref_125            =  1.21058e+00
vref_box_max        =  1.21207e+00 at=  4.30000e+01
vref_box_min        =  1.20978e+00 at=  -3.90000e+01
vref_tm40           =  1.20980e+00
vref_tm35           =  1.21008e+00
vref_tm30           =  1.21034e+00
vref_tm25           =  1.21058e+00
vref_tm20           =  1.21080e+00
vref_tm15           =  1.21100e+00
vref_tm10           =  1.21119e+00
vref_tm5            =  1.21135e+00
vref_t0             =  1.21150e+00
vref_t5             =  1.21162e+00
vref_t10            =  1.21173e+00
vref_t15            =  1.21183e+00
vref_t20            =  1.21191e+00
vref_t25            =  1.21197e+00
vref_t30            =  1.21201e+00
vref_t35            =  1.21205e+00
vref_t40            =  1.21206e+00
vref_t45            =  1.21207e+00
vref_t50            =  1.21206e+00
vref_t55            =  1.21203e+00
vref_t60            =  1.21199e+00
vref_t65            =  1.21194e+00
vref_t70            =  1.21188e+00
vref_t75            =  1.21181e+00
vref_t80            =  1.21173e+00
vref_t85            =  1.21163e+00
vref_t90            =  1.21153e+00
vref_t95            =  1.21141e+00
vref_t100           =  1.21129e+00
vref_t105           =  1.21116e+00
vref_t110           =  1.21102e+00
vref_t115           =  1.21088e+00
vref_t120           =  1.21073e+00
vref_t125           =  1.21058e+00

ngspice-46 done

* ---- derived by sim/tools/tc_ingest.py from the fleet .meas values in this log ----
m_vref = 1.2098000000e+00
m_tc_ppm = 1.1451239597e+01
m_vref_box_max = 1.2120700000e+00
m_vref_box_min = 1.2097800000e+00
m_vref_m40 = 1.2098000000e+00
m_vref_27 = 1.2119900000e+00
m_vref_125 = 1.2105800000e+00
