
Note: Compatibility modes selected: hs a


Circuit: * startup-slow-ramp @ bjt_ff_-40c_2.97v -- generated by sim/harness, do not edit

Doing analysis at TEMP = -40.000000 and TNOM = 27.000000

Using SPARSE 1.3 as Direct Linear Solver

Initial Transient Solution
--------------------------

Node                                   Voltage
----                                   -------
vdd                                          0
xtop.xx1.d1                        3.38453e-20
xtop.fb                           -1.04309e-21
xtop.sns1                          1.56697e-21
xtop.casc                         -8.14405e-39
xtop.xx1.d2                       -4.05267e-79
xtop.sns2                         -4.06767e-79
xtop.xx1.e2                       -4.06767e-79
xtop.xx1.xr2.11                   -4.06767e-79
xtop.xx1.xr2.21                   -4.06767e-79
xtop.xx1.d3                        4.34255e-79
vref                               4.35861e-79
xtop.xx1.e3                        4.35861e-79
xtop.xx1.xr1.11                    4.35861e-79
xtop.xx1.xr1.21                    4.35861e-79
xtop.xx1.d4                        1.10613e-37
xtop.ibias                        -4.53753e-35
xtop.xx2.nd1                       9.91932e-21
xtop.xx2.tail                     -2.38397e-21
xtop.vdd_su                                  0
xtop.xx3.det                     -8.73793e-275
xtop.xx3.xrpu.11                 -8.73793e-275
xtop.xx3.xrpu.21                  6.44417e-285
v.xtop.vsu_sense#branch          -8.77007e-287
vsup#branch                       -2.72812e-33

 Reference value :  5.05600e-05
 Reference value :  2.57100e-03
No. of Data Rows : 2512
m_startup_time_s = -4.140000000e-04
m_vref_final_v = 1.2149363908e+00
m_iq_total_final_ua = 3.5798566385e+01
m_iq_startup_branch_final_ua = 1.3611965017e+00
m_det_final_v = 8.5489443891e-03
m_t0_s = 9.0064984821e-04
m_t_settle_s = 4.8664984821e-04
Note: Simulation executed from .control section 

Warning: m=xx on .subckt line will override multiplier m hierarchy!

