
Note: Compatibility modes selected: hs a


Circuit: * startup-slow-ramp @ fs_-40c_3.63v -- generated by sim/harness, do not edit

Doing analysis at TEMP = -40.000000 and TNOM = 27.000000

Using SPARSE 1.3 as Direct Linear Solver

Initial Transient Solution
--------------------------

Node                                   Voltage
----                                   -------
vdd                                          0
xtop.xx1.d1                        1.03903e-57
xtop.fb                           -1.98431e-20
xtop.sns1                          -1.0848e-59
xtop.casc                          2.59587e-97
xtop.xx1.d2                        1.00982e-57
xtop.sns2                         -1.04315e-59
xtop.xx1.e2                       -1.04315e-59
xtop.xx1.xr2.11                   -1.04315e-59
xtop.xx1.xr2.21                   -1.04315e-59
xtop.xx1.d3                       -4.54391e-57
vref                               4.14037e-59
xtop.xx1.e3                        4.14037e-59
xtop.xx1.xr1.11                    4.14037e-59
xtop.xx1.xr1.21                    4.14037e-59
xtop.xx1.d4                        2.77866e-40
xtop.ibias                        -1.76752e-35
xtop.xx2.nd1                      -2.95337e-20
xtop.xx2.tail                      3.27495e-20
xtop.vdd_su                                  0
xtop.xx3.det                                 0
xtop.xx3.xrpu.11                             0
xtop.xx3.xrpu.21                             0
v.xtop.vsu_sense#branch                      0
vsup#branch                       -4.53224e-32

 Reference value :  5.05600e-05
 Reference value :  2.51300e-03
No. of Data Rows : 2513
m_startup_time_s = -4.980000000e-04
m_vref_final_v = 1.2187801840e+00
m_iq_total_final_ua = 3.6369157824e+01
m_iq_startup_branch_final_ua = 1.6636725537e+00
m_det_final_v = 1.0474946828e-02
m_t0_s = 9.0015661416e-04
m_t_settle_s = 4.0215661416e-04
Note: Simulation executed from .control section 

Warning: m=xx on .subckt line will override multiplier m hierarchy!

