
Note: Compatibility modes selected: hs a


Circuit: * startup-slow-ramp @ fs_125c_3.30v -- generated by sim/harness, do not edit

Doing analysis at TEMP = 125.000000 and TNOM = 27.000000

Using SPARSE 1.3 as Direct Linear Solver

Initial Transient Solution
--------------------------

Node                                   Voltage
----                                   -------
vdd                                          0
xtop.xx1.d1                        2.01652e-18
xtop.fb                            1.83454e-18
xtop.sns1                          6.49239e-19
xtop.casc                         -6.52833e-18
xtop.xx1.d2                       -1.17242e-18
xtop.sns2                         -3.98621e-19
xtop.xx1.e2                       -3.98621e-19
xtop.xx1.xr2.11                   -3.98621e-19
xtop.xx1.xr2.21                   -3.98621e-19
xtop.xx1.d3                        4.06082e-19
vref                               4.19029e-19
xtop.xx1.e3                        4.19029e-19
xtop.xx1.xr1.11                    4.19029e-19
xtop.xx1.xr1.21                    4.19029e-19
xtop.xx1.d4                        2.00573e-15
xtop.ibias                         1.79466e-18
xtop.xx2.nd1                       3.73066e-19
xtop.xx2.tail                      1.07996e-20
xtop.vdd_su                                  0
xtop.xx3.det                                 0
xtop.xx3.xrpu.11                             0
xtop.xx3.xrpu.21                             0
v.xtop.vsu_sense#branch                      0
vsup#branch                        7.49785e-27

 Reference value :  0.00000e+00
 Reference value :  2.60300e-03
No. of Data Rows : 2511
m_startup_time_s = -3.880000000e-04
m_vref_final_v = 1.2416760349e+00
m_iq_total_final_ua = 6.0949258777e+01
m_iq_startup_branch_final_ua = 1.7394139588e+00
m_det_final_v = 1.1755400860e-02
m_t0_s = 9.0056000000e-04
m_t_settle_s = 5.1256000000e-04
Note: Simulation executed from .control section 

Warning: m=xx on .subckt line will override multiplier m hierarchy!

