
Note: Compatibility modes selected: hs a


Circuit: * startup-slow-ramp @ res_ss_-40c_3.30v -- generated by sim/harness, do not edit

Doing analysis at TEMP = -40.000000 and TNOM = 27.000000

Using SPARSE 1.3 as Direct Linear Solver

Initial Transient Solution
--------------------------

Node                                   Voltage
----                                   -------
vdd                                          0
xtop.xx1.d1                       -4.32948e-27
xtop.fb                            1.12662e-21
xtop.sns1                          1.47733e-27
xtop.casc                         -6.69888e-75
xtop.xx1.d2                        -2.6103e-20
xtop.sns2                          1.48585e-20
xtop.xx1.e2                        1.48585e-20
xtop.xx1.xr2.11                    1.48585e-20
xtop.xx1.xr2.21                    1.48585e-20
xtop.xx1.d3                       -1.11783e-26
vref                              -1.55387e-27
xtop.xx1.e3                       -1.55387e-27
xtop.xx1.xr1.11                   -1.55387e-27
xtop.xx1.xr1.21                   -1.55387e-27
xtop.xx1.d4                        2.06273e-56
xtop.ibias                        -4.99463e-54
xtop.xx2.nd1                       2.93018e-21
xtop.xx2.tail                     -3.09144e-21
xtop.vdd_su                                  0
xtop.xx3.det                                 0
xtop.xx3.xrpu.11                             0
xtop.xx3.xrpu.21                             0
v.xtop.vsu_sense#branch                      0
vsup#branch                       -1.41815e-32

 Reference value :  1.25600e-05
 Reference value :  2.66900e-03
No. of Data Rows : 2513
m_startup_time_s = -4.700000000e-04
m_vref_final_v = 1.2163374172e+00
m_iq_total_final_ua = 3.0135367166e+01
m_iq_startup_branch_final_ua = 1.2605908256e+00
m_det_final_v = 8.9518682047e-03
m_t0_s = 9.0133884606e-04
m_t_settle_s = 4.3133884606e-04
Note: Simulation executed from .control section 

Warning: m=xx on .subckt line will override multiplier m hierarchy!

