
Note: Compatibility modes selected: hs a


Circuit: * startup-slow-ramp @ res_ff_125c_3.30v -- generated by sim/harness, do not edit

Doing analysis at TEMP = 125.000000 and TNOM = 27.000000

Using SPARSE 1.3 as Direct Linear Solver

Initial Transient Solution
--------------------------

Node                                   Voltage
----                                   -------
vdd                                          0
xtop.xx1.d1                        3.74575e-18
xtop.fb                           -1.08013e-18
xtop.sns1                          -1.2273e-18
xtop.casc                         -1.84185e-18
xtop.xx1.d2                        8.77449e-19
xtop.sns2                           1.5819e-18
xtop.xx1.e2                         1.5819e-18
xtop.xx1.xr2.11                     1.5819e-18
xtop.xx1.xr2.21                     1.5819e-18
xtop.xx1.d3                         4.4318e-18
vref                               1.17965e-18
xtop.xx1.e3                        1.17965e-18
xtop.xx1.xr1.11                    1.17965e-18
xtop.xx1.xr1.21                    1.17965e-18
xtop.xx1.d4                         1.5086e-18
xtop.ibias                        -1.09197e-18
xtop.xx2.nd1                       9.51535e-20
xtop.xx2.tail                      1.44635e-18
xtop.vdd_su                                  0
xtop.xx3.det                      3.17911e-287
xtop.xx3.xrpu.11                  3.17905e-287
xtop.xx3.xrpu.21                  5.77088e-292
v.xtop.vsu_sense#branch          -2.10223e-293
vsup#branch                        1.39442e-28

 Reference value :  0.00000e+00
 Reference value :  2.70700e-03
No. of Data Rows : 2511
m_startup_time_s = -3.800000000e-04
m_vref_final_v = 1.2435193562e+00
m_iq_total_final_ua = 7.4403001924e+01
m_iq_startup_branch_final_ua = 2.1733590376e+00
m_det_final_v = 1.3105367814e-02
m_t0_s = 9.0056000000e-04
m_t_settle_s = 5.2056000000e-04
Note: Simulation executed from .control section 

Warning: m=xx on .subckt line will override multiplier m hierarchy!

