
Note: Compatibility modes selected: hs a


Circuit: * startup-slow-ramp @ tt_125c_3.30v -- generated by sim/harness, do not edit

Doing analysis at TEMP = 125.000000 and TNOM = 27.000000

Using SPARSE 1.3 as Direct Linear Solver

Initial Transient Solution
--------------------------

Node                                   Voltage
----                                   -------
vdd                                          0
xtop.xx1.d1                       -1.10688e-14
xtop.fb                            5.28906e-16
xtop.sns1                          1.34947e-13
xtop.casc                          1.83807e-18
xtop.xx1.d2                        1.99943e-19
xtop.sns2                          1.04954e-18
xtop.xx1.e2                        1.04954e-18
xtop.xx1.xr2.11                    1.04954e-18
xtop.xx1.xr2.21                    1.04954e-18
xtop.xx1.d3                        1.02597e-18
vref                              -7.38838e-19
xtop.xx1.e3                       -7.38838e-19
xtop.xx1.xr1.11                   -7.38838e-19
xtop.xx1.xr1.21                   -7.38838e-19
xtop.xx1.d4                       -1.63639e-18
xtop.ibias                        -1.75878e-18
xtop.xx2.nd1                      -1.79937e-16
xtop.xx2.tail                     -2.01591e-16
xtop.vdd_su                                  0
xtop.xx3.det                      2.42377e-137
xtop.xx3.xrpu.11                  2.42374e-137
xtop.xx3.xrpu.21                  3.51944e-142
v.xtop.vsu_sense#branch          -1.28207e-143
vsup#branch                       -1.01362e-24

 Reference value :  4.45600e-05
 Reference value :  2.77300e-03
No. of Data Rows : 2511
m_startup_time_s = -3.980000000e-04
m_vref_final_v = 1.2383496820e+00
m_iq_total_final_ua = 5.9844580419e+01
m_iq_startup_branch_final_ua = 1.7393114374e+00
m_det_final_v = 1.1949210658e-02
m_t0_s = 9.0056000000e-04
m_t_settle_s = 5.0256000000e-04
Note: Simulation executed from .control section 

Warning: m=xx on .subckt line will override multiplier m hierarchy!

