
Note: Compatibility modes selected: hs a


Circuit: * startup-slow-ramp @ bjt_ss_27c_3.30v -- generated by sim/harness, do not edit

Doing analysis at TEMP = 27.000000 and TNOM = 27.000000

Using SPARSE 1.3 as Direct Linear Solver

Initial Transient Solution
--------------------------

Node                                   Voltage
----                                   -------
vdd                                          0
xtop.xx1.d1                       -9.39583e-18
xtop.fb                            1.34359e-12
xtop.sns1                          -1.9552e-19
xtop.casc                          1.87345e-21
xtop.xx1.d2                        -8.7687e-18
xtop.sns2                         -3.60186e-19
xtop.xx1.e2                       -3.60186e-19
xtop.xx1.xr2.11                   -3.60186e-19
xtop.xx1.xr2.21                   -3.60186e-19
xtop.xx1.d3                       -1.33774e-17
vref                              -4.41078e-19
xtop.xx1.e3                       -4.41078e-19
xtop.xx1.xr1.11                   -4.41078e-19
xtop.xx1.xr1.21                   -4.41078e-19
xtop.xx1.d4                       -1.20433e-20
xtop.ibias                         5.92666e-20
xtop.xx2.a3                         1.4665e-14
xtop.xx2.nd1                       2.57232e-12
xtop.xx2.a4                         7.8278e-15
xtop.xx2.pbias                    -1.07011e-54
xtop.xx2.ncasc                    -8.62635e-28
xtop.xx2.n1                        6.88327e-12
xtop.xx2.n2                        6.47574e-12
xtop.xx2.tail                     -1.43786e-11
xtop.xx2.nb1                       1.39147e-27
xtop.vdd_su                                  0
xtop.xx3.det                                 0
xtop.xx3.xrpu.11                             0
xtop.xx3.xrpu.21                             0
v.xtop.vsu_sense#branch                      0
vsup#branch                        3.97352e-24

 Reference value :  0.00000e+00
 Reference value :  1.82100e-03
 Reference value :  3.78900e-03
No. of Data Rows : 2536
m_startup_time_s = -3.160000000e-04
m_vref_final_v = 1.2225386691e+00
m_iq_total_final_ua = 2.0696579400e+01
m_iq_startup_branch_final_ua = 1.6202634119e+00
m_det_final_v = 1.6798752525e-02
m_t0_s = 9.0002241046e-04
m_t_settle_s = 5.8402241046e-04
Note: Simulation executed from .control section 

Warning: m=xx on .subckt line will override multiplier m hierarchy!

