
Note: Compatibility modes selected: hs a


Circuit: * startup-slow-ramp @ ff_125c_3.63v -- generated by sim/harness, do not edit

Doing analysis at TEMP = 125.000000 and TNOM = 27.000000

Using SPARSE 1.3 as Direct Linear Solver

Initial Transient Solution
--------------------------

Node                                   Voltage
----                                   -------
vdd                                          0
xtop.xx1.d1                       -1.72107e-18
xtop.fb                           -7.36409e-17
xtop.sns1                          3.47907e-18
xtop.casc                         -2.24602e-18
xtop.xx1.d2                        1.29362e-18
xtop.sns2                         -5.91173e-19
xtop.xx1.e2                       -5.91173e-19
xtop.xx1.xr2.11                   -5.91173e-19
xtop.xx1.xr2.21                   -5.91173e-19
xtop.xx1.d3                       -7.16801e-19
vref                               5.51107e-18
xtop.xx1.e3                        5.51104e-18
xtop.xx1.xr1.11                    5.51104e-18
xtop.xx1.xr1.21                    5.51107e-18
xtop.xx1.d4                       -8.81378e-19
xtop.ibias                        -1.44005e-18
xtop.xx2.a3                       -2.36165e-18
xtop.xx2.nd1                      -6.07533e-18
xtop.xx2.a4                       -4.54073e-17
xtop.xx2.pbias                     1.25201e-21
xtop.xx2.ncasc                    -1.66685e-18
xtop.xx2.n1                       -3.38094e-18
xtop.xx2.n2                       -4.87923e-19
xtop.xx2.tail                     -2.39302e-18
xtop.xx2.nb1                      -1.79386e-19
xtop.vdd_su                                  0
xtop.xx3.det                       1.08493e-93
xtop.xx3.xrpu.11                   1.08491e-93
xtop.xx3.xrpu.21                   1.96926e-98
v.xtop.vsu_sense#branch          -7.17366e-100
vsup#branch                       -1.51903e-26

 Reference value :  0.00000e+00
 Reference value :  1.86700e-03
 Reference value :  3.90700e-03
No. of Data Rows : 2512
m_startup_time_s = -4.780000000e-04
m_vref_final_v = 1.2193546980e+00
m_iq_total_final_ua = 3.4005433754e+01
m_iq_startup_branch_final_ua = 2.3851078639e+00
m_det_final_v = 2.2865560016e-02
m_t0_s = 9.0170750417e-04
m_t_settle_s = 4.2370750417e-04
Note: Simulation executed from .control section 

Warning: m=xx on .subckt line will override multiplier m hierarchy!

