
Note: Compatibility modes selected: hs a


Circuit: * startup-slow-ramp @ ff_27c_3.30v -- generated by sim/harness, do not edit

Doing analysis at TEMP = 27.000000 and TNOM = 27.000000

Using SPARSE 1.3 as Direct Linear Solver

Initial Transient Solution
--------------------------

Node                                   Voltage
----                                   -------
vdd                                          0
xtop.xx1.d1                        3.12955e-19
xtop.fb                             4.1522e-20
xtop.sns1                         -2.37388e-19
xtop.casc                          1.34245e-18
xtop.xx1.d2                        1.24516e-19
xtop.sns2                         -1.08304e-20
xtop.xx1.e2                       -1.08304e-20
xtop.xx1.xr2.11                   -1.08304e-20
xtop.xx1.xr2.21                   -1.08304e-20
xtop.xx1.d3                        7.07231e-19
vref                               4.55443e-18
xtop.xx1.e3                        4.55443e-18
xtop.xx1.xr1.11                    4.55443e-18
xtop.xx1.xr1.21                    4.55443e-18
xtop.xx1.d4                        3.89197e-20
xtop.ibias                        -1.85046e-18
xtop.xx2.a3                        6.58926e-20
xtop.xx2.nd1                       3.44758e-20
xtop.xx2.a4                        2.75503e-20
xtop.xx2.pbias                     7.50306e-94
xtop.xx2.ncasc                    -1.02033e-20
xtop.xx2.n1                        1.24204e-20
xtop.xx2.n2                        4.97639e-21
xtop.xx2.tail                     -1.18433e-20
xtop.xx2.nb1                       2.28458e-20
xtop.vdd_su                                  0
xtop.xx3.det                                 0
xtop.xx3.xrpu.11                             0
xtop.xx3.xrpu.21                             0
v.xtop.vsu_sense#branch                      0
vsup#branch                       -4.45581e-30

 Reference value :  0.00000e+00
 Reference value :  1.58300e-03
 Reference value :  3.54900e-03
No. of Data Rows : 2524
m_startup_time_s = -4.255888338e-04
m_vref_final_v = 1.2134586568e+00
m_iq_total_final_ua = 2.5865974918e+01
m_iq_startup_branch_final_ua = 2.0246965400e+00
m_det_final_v = 1.7789872550e-02
m_t0_s = 9.0083613597e-04
m_t_settle_s = 4.7524730214e-04
Note: Simulation executed from .control section 

Warning: m=xx on .subckt line will override multiplier m hierarchy!

