
Note: Compatibility modes selected: hs a


Circuit: * startup-slow-ramp @ fs_-40c_3.63v -- generated by sim/harness, do not edit

Doing analysis at TEMP = -40.000000 and TNOM = 27.000000

Using SPARSE 1.3 as Direct Linear Solver

Initial Transient Solution
--------------------------

Node                                   Voltage
----                                   -------
vdd                                          0
xtop.xx1.d1                       -4.09063e-33
xtop.fb                            4.68563e-21
xtop.sns1                          1.06205e-33
xtop.casc                          -2.6773e-38
xtop.xx1.d2                        4.12258e-32
xtop.sns2                         -1.33178e-34
xtop.xx1.e2                       -1.33178e-34
xtop.xx1.xr2.11                   -1.33178e-34
xtop.xx1.xr2.21                   -1.33178e-34
xtop.xx1.d3                       -1.45197e-32
vref                              -6.90388e-34
xtop.xx1.e3                       -6.90388e-34
xtop.xx1.xr1.11                   -6.90388e-34
xtop.xx1.xr1.21                   -6.90388e-34
xtop.xx1.d4                       -2.42285e-66
xtop.ibias                        -5.30083e-59
xtop.xx2.a3                       -2.43268e-21
xtop.xx2.nd1                       -7.4193e-21
xtop.xx2.a4                        1.12729e-22
xtop.xx2.pbias                    -1.87884e-21
xtop.xx2.ncasc                    -5.68079e-71
xtop.xx2.n1                       -1.19687e-19
xtop.xx2.n2                       -9.91736e-20
xtop.xx2.tail                       1.5166e-19
xtop.xx2.nb1                       9.19169e-71
xtop.vdd_su                                  0
xtop.xx3.det                                 0
xtop.xx3.xrpu.11                             0
xtop.xx3.xrpu.21                             0
v.xtop.vsu_sense#branch                      0
vsup#branch                        8.56705e-33

 Reference value :  0.00000e+00
 Reference value :  1.39500e-03
 Reference value :  3.32300e-03
No. of Data Rows : 2546
m_startup_time_s = -2.880000000e-04
m_vref_final_v = 1.2064519778e+00
m_iq_total_final_ua = 1.6431858734e+01
m_iq_startup_branch_final_ua = 1.6609988974e+00
m_det_final_v = 1.6291816144e-02
m_t0_s = 9.0012497112e-04
m_t_settle_s = 6.1212497112e-04
Note: Simulation executed from .control section 

Warning: m=xx on .subckt line will override multiplier m hierarchy!

