
Note: Compatibility modes selected: hs a


Circuit: * startup-slow-ramp @ tt_125c_3.63v -- generated by sim/harness, do not edit

Doing analysis at TEMP = 125.000000 and TNOM = 27.000000

Using SPARSE 1.3 as Direct Linear Solver

Initial Transient Solution
--------------------------

Node                                   Voltage
----                                   -------
vdd                                          0
xtop.xx1.d1                       -4.27537e-53
xtop.fb                            3.17579e-36
xtop.sns1                         -6.02537e-53
xtop.casc                          6.03791e-72
xtop.xx1.d2                       -2.20747e-52
xtop.sns2                          -3.7335e-52
xtop.xx1.e2                        -3.7335e-52
xtop.xx1.xr2.11                    -3.7335e-52
xtop.xx1.xr2.21                    -3.7335e-52
xtop.xx1.d3                        2.02445e-54
vref                                2.8267e-54
xtop.xx1.e3                        2.82671e-54
xtop.xx1.xr1.11                    2.82671e-54
xtop.xx1.xr1.21                     2.8267e-54
xtop.xx1.d4                        -9.7946e-78
xtop.ibias                         1.31734e-75
xtop.xx2.a3                        6.21555e-38
xtop.xx2.nd1                       1.28798e-36
xtop.xx2.a4                        2.40465e-37
xtop.xx2.pbias                    -3.24451e-99
xtop.xx2.ncasc                      5.0939e-80
xtop.xx2.n1                        1.29579e-36
xtop.xx2.n2                        3.24025e-36
xtop.xx2.tail                     -6.23506e-36
xtop.xx2.nb1                      -8.25482e-80
xtop.vdd_su                                  0
xtop.xx3.det                      -2.18335e-81
xtop.xx3.xrpu.11                  -2.18332e-81
xtop.xx3.xrpu.21                  -3.17046e-86
v.xtop.vsu_sense#branch            1.15495e-87
vsup#branch                        5.76151e-48

 Reference value :  0.00000e+00
 Reference value :  1.66900e-03
 Reference value :  3.56900e-03
No. of Data Rows : 2514
m_startup_time_s = -4.280000000e-04
m_vref_final_v = 1.2207873315e+00
m_iq_total_final_ua = 2.7083002671e+01
m_iq_startup_branch_final_ua = 1.9087905255e+00
m_det_final_v = 2.1560442198e-02
m_t0_s = 9.0116581699e-04
m_t_settle_s = 4.7316581699e-04
Note: Simulation executed from .control section 

Warning: m=xx on .subckt line will override multiplier m hierarchy!

Note: Starting dynamic gmin stepping
Note: Dynamic gmin stepping completed
