
Note: Compatibility modes selected: hs a


Circuit: * psrr-dc @ ff_27c_3.30v -- generated by sim/harness, do not edit

Doing analysis at TEMP = 27.000000 and TNOM = 27.000000

Using SPARSE 1.3 as Direct Linear Solver
 Reference value :  0.00000e+00
No. of Data Rows : 1
Doing analysis at TEMP = 27.000000 and TNOM = 27.000000

Using SPARSE 1.3 as Direct Linear Solver

No. of Data Rows : 161
       * psrr-dc @ ff_27c_3.30v -- generated by sim/harness, do not edit
       AC Analysis  Sun Aug  2 20:16:46  2026
--------------------------------------------------------------------------------
Index   frequency       psrr_db         
--------------------------------------------------------------------------------
0	1.0000000000e-01	1.1502862132e+02	
1	1.1220184543e-01	1.1502862089e+02	
2	1.2589254118e-01	1.1502862030e+02	
3	1.4125375446e-01	1.1502861959e+02	
4	1.5848931925e-01	1.1502861870e+02	
5	1.7782794100e-01	1.1502861758e+02	
6	1.9952623150e-01	1.1502861612e+02	
7	2.2387211386e-01	1.1502861429e+02	
8	2.5118864315e-01	1.1502861206e+02	
9	2.8183829313e-01	1.1502860918e+02	
10	3.1622776602e-01	1.1502860558e+02	
11	3.5481338923e-01	1.1502860103e+02	
12	3.9810717055e-01	1.1502859534e+02	
13	4.4668359215e-01	1.1502858816e+02	
14	5.0118723363e-01	1.1502857906e+02	
15	5.6234132519e-01	1.1502856773e+02	
16	6.3095734448e-01	1.1502855336e+02	
17	7.0794578438e-01	1.1502853529e+02	
18	7.9432823472e-01	1.1502851259e+02	
19	8.9125093813e-01	1.1502848398e+02	
20	1.0000000000e+00	1.1502844796e+02	
21	1.1220184543e+00	1.1502840258e+02	
22	1.2589254118e+00	1.1502834549e+02	
23	1.4125375446e+00	1.1502827364e+02	
24	1.5848931925e+00	1.1502818317e+02	
25	1.7782794100e+00	1.1502806923e+02	
26	1.9952623150e+00	1.1502792581e+02	
27	2.2387211386e+00	1.1502774530e+02	
28	2.5118864315e+00	1.1502751808e+02	
29	2.8183829313e+00	1.1502723200e+02	
30	3.1622776602e+00	1.1502687189e+02	
31	3.5481338923e+00	1.1502641855e+02	
32	3.9810717055e+00	1.1502584796e+02	
33	4.4668359215e+00	1.1502512969e+02	
34	5.0118723363e+00	1.1502422556e+02	
35	5.6234132519e+00	1.1502308768e+02	
36	6.3095734448e+00	1.1502165555e+02	
37	7.0794578438e+00	1.1501985329e+02	
38	7.9432823472e+00	1.1501758543e+02	
39	8.9125093813e+00	1.1501473204e+02	
40	1.0000000000e+01	1.1501114245e+02	
41	1.1220184543e+01	1.1500662759e+02	
42	1.2589254118e+01	1.1500095040e+02	
43	1.4125375446e+01	1.1499381364e+02	
44	1.5848931925e+01	1.1498484552e+02	
45	1.7782794100e+01	1.1498557069e+02	
46	1.9952623150e+01	1.1497139455e+02	
47	2.2387211386e+01	1.1495361283e+02	
48	2.5118864315e+01	1.1493132918e+02	
49	2.8183829313e+01	1.1490343597e+02	
50	3.1622776602e+01	1.1488027799e+02	
51	3.5481338923e+01	1.1483666779e+02	
52	3.9810717055e+01	1.1479385358e+02	
53	4.4668359215e+01	1.1472628248e+02	
54	5.0118723363e+01	1.1465379567e+02	

Index   frequency       psrr_db         
--------------------------------------------------------------------------------
55	5.6234132519e+01	1.1456140486e+02	
56	6.3095734448e+01	1.1445569258e+02	
57	7.0794578438e+01	1.1432082403e+02	
58	7.9432823472e+01	1.1415164539e+02	
59	8.9125093813e+01	1.1395218761e+02	
60	1.0000000000e+02	1.1371544892e+02	
61	1.1220184543e+02	1.1343436486e+02	
62	1.2589254118e+02	1.1309448187e+02	
63	1.4125375446e+02	1.1270626802e+02	
64	1.5848931925e+02	1.1225700640e+02	
65	1.7782794100e+02	1.1175572309e+02	
66	1.9952623150e+02	1.1119543920e+02	
67	2.2387211386e+02	1.1057950454e+02	
68	2.5118864315e+02	1.0991681113e+02	
69	2.8183829313e+02	1.0919847170e+02	
70	3.1622776602e+02	1.0843868455e+02	
71	3.5481338923e+02	1.0764039519e+02	
72	3.9810717055e+02	1.0680373936e+02	
73	4.4668359215e+02	1.0593871982e+02	
74	5.0118723363e+02	1.0505051868e+02	
75	5.6234132519e+02	1.0414220370e+02	
76	6.3095734448e+02	1.0321568789e+02	
77	7.0794578438e+02	1.0227724931e+02	
78	7.9432823472e+02	1.0132453551e+02	
79	8.9125093813e+02	1.0036069151e+02	
80	1.0000000000e+03	9.9389728236e+01	
81	1.1220184543e+03	9.8415239716e+01	
82	1.2589254118e+03	9.7431454316e+01	
83	1.4125375446e+03	9.6445666305e+01	
84	1.5848931925e+03	9.5455716903e+01	
85	1.7782794100e+03	9.4463224215e+01	
86	1.9952623150e+03	9.3467320311e+01	
87	2.2387211386e+03	9.2468645082e+01	
88	2.5118864315e+03	9.1467956350e+01	
89	2.8183829313e+03	9.0464803101e+01	
90	3.1622776602e+03	8.9458566910e+01	
91	3.5481338923e+03	8.8449946203e+01	
92	3.9810717055e+03	8.7437936877e+01	
93	4.4668359215e+03	8.6421719085e+01	
94	5.0118723363e+03	8.5400716041e+01	
95	5.6234132519e+03	8.4374406823e+01	
96	6.3095734448e+03	8.3341067275e+01	
97	7.0794578438e+03	8.2299575453e+01	
98	7.9432823472e+03	8.1248345285e+01	
99	8.9125093813e+03	8.0185319068e+01	
100	1.0000000000e+04	7.9108105052e+01	
101	1.1220184543e+04	7.8014367328e+01	
102	1.2589254118e+04	7.6901172714e+01	
103	1.4125375446e+04	7.5765234001e+01	
104	1.5848931925e+04	7.4603072814e+01	
105	1.7782794100e+04	7.3411151312e+01	
106	1.9952623150e+04	7.2185309974e+01	
107	2.2387211386e+04	7.0921785401e+01	
108	2.5118864315e+04	6.9616646950e+01	
109	2.8183829313e+04	6.8266746682e+01	
110	3.1622776602e+04	6.6869500476e+01	
111	3.5481338923e+04	6.5423597826e+01	
112	3.9810717055e+04	6.3929308825e+01	

Index   frequency       psrr_db         
--------------------------------------------------------------------------------
113	4.4668359215e+04	6.2388491511e+01	
114	5.0118723363e+04	6.0804749171e+01	
115	5.6234132519e+04	5.9183147050e+01	
116	6.3095734448e+04	5.7530628365e+01	
117	7.0794578438e+04	5.5855002465e+01	
118	7.9432823472e+04	5.4164989921e+01	
119	8.9125093813e+04	5.2470005756e+01	
120	1.0000000000e+05	5.0779749200e+01	
121	1.1220184543e+05	4.9104012447e+01	
122	1.2589254118e+05	4.7452600033e+01	
123	1.4125375446e+05	4.5834703615e+01	
124	1.5848931925e+05	4.4259057943e+01	
125	1.7782794100e+05	4.2733411266e+01	
126	1.9952623150e+05	4.1264446631e+01	
127	2.2387211386e+05	3.9857822367e+01	
128	2.5118864315e+05	3.8518273310e+01	
129	2.8183829313e+05	3.7250257960e+01	
130	3.1622776602e+05	3.6058934351e+01	
131	3.5481338923e+05	3.4951748449e+01	
132	3.9810717055e+05	3.3940571391e+01	
133	4.4668359215e+05	3.3044331514e+01	
134	5.0118723363e+05	3.2291451052e+01	
135	5.6234132519e+05	3.1720459555e+01	
136	6.3095734448e+05	3.1375981584e+01	
137	7.0794578438e+05	3.1297207594e+01	
138	7.9432823472e+05	3.1499136699e+01	
139	8.9125093813e+05	3.1951905514e+01	
140	1.0000000000e+06	3.2564553036e+01	
141	1.1220184543e+06	3.3176885124e+01	
142	1.2589254118e+06	3.3573773802e+01	
143	1.4125375446e+06	3.3556367812e+01	
144	1.5848931925e+06	3.3055667669e+01	
145	1.7782794100e+06	3.2165148314e+01	
146	1.9952623150e+06	3.1047025392e+01	
147	2.2387211386e+06	2.9836094829e+01	
148	2.5118864315e+06	2.8613433942e+01	
149	2.8183829313e+06	2.7419199024e+01	
150	3.1622776602e+06	2.6269778493e+01	
151	3.5481338923e+06	2.5169085324e+01	
152	3.9810717055e+06	2.4114663805e+01	
153	4.4668359215e+06	2.3100912399e+01	
154	5.0118723363e+06	2.2120978247e+01	
155	5.6234132519e+06	2.1168093417e+01	
156	6.3095734448e+06	2.0236617089e+01	
157	7.0794578438e+06	1.9322822672e+01	
158	7.9432823472e+06	1.8425376454e+01	
159	8.9125093813e+06	1.7545463612e+01	
160	1.0000000000e+07	1.6686563139e+01	
m_psrr_1hz_db = 1.1502844796e+02
m_psrr_1khz_db = 9.9389728236e+01
m_psrr_10hz_db = 1.1501114245e+02
m_psrr_100hz_db = 1.1371544892e+02
m_psrr_10khz_db = 7.9108105052e+01
m_psrr_100khz_db = 5.0779749200e+01
m_psrr_1mhz_db = 3.2564553036e+01
m_vref_op = 1.1941659837e+00
m_f_dc_hz = 1.0000000000e+00
m_f_band_edge_hz = 1.0000000000e+03
Note: Simulation executed from .control section 

Warning: m=xx on .subckt line will override multiplier m hierarchy!

Warning : IC on non-existent node - xdut.xx1.casc, ignored
   Please check line .ic v(xdut.fb)=1.0 v(xdut.sns1)=0.6 v(xdut.sns2)=0.6 v(vref)=1.2 v(xdut.ibias)=0.6 v(xdut.xx1.casc)=1.8

Note: Starting dynamic gmin stepping
Note: Dynamic gmin stepping completed
Note: Starting dynamic gmin stepping
Note: Dynamic gmin stepping completed
