
Note: Compatibility modes selected: hs a


Circuit: * psrr-dc @ ff_27c_3.63v -- generated by sim/harness, do not edit

Doing analysis at TEMP = 27.000000 and TNOM = 27.000000

Using SPARSE 1.3 as Direct Linear Solver
 Reference value :  0.00000e+00
No. of Data Rows : 1
Doing analysis at TEMP = 27.000000 and TNOM = 27.000000

Using SPARSE 1.3 as Direct Linear Solver

No. of Data Rows : 161
       * psrr-dc @ ff_27c_3.63v -- generated by sim/harness, do not edit
       AC Analysis  Sun Aug  2 20:16:45  2026
--------------------------------------------------------------------------------
Index   frequency       psrr_db         
--------------------------------------------------------------------------------
0	1.0000000000e-01	8.5577091123e+01	
1	1.1220184543e-01	8.5577091120e+01	
2	1.2589254118e-01	8.5577091117e+01	
3	1.4125375446e-01	8.5577091113e+01	
4	1.5848931925e-01	8.5577091108e+01	
5	1.7782794100e-01	8.5577091101e+01	
6	1.9952623150e-01	8.5577091093e+01	
7	2.2387211386e-01	8.5577091084e+01	
8	2.5118864315e-01	8.5577091072e+01	
9	2.8183829313e-01	8.5577091057e+01	
10	3.1622776602e-01	8.5577091036e+01	
11	3.5481338923e-01	8.5577091011e+01	
12	3.9810717055e-01	8.5577090980e+01	
13	4.4668359215e-01	8.5577090940e+01	
14	5.0118723363e-01	8.5577090891e+01	
15	5.6234132519e-01	8.5577090828e+01	
16	6.3095734448e-01	8.5577090749e+01	
17	7.0794578438e-01	8.5577090650e+01	
18	7.9432823472e-01	8.5577090525e+01	
19	8.9125093813e-01	8.5577090368e+01	
20	1.0000000000e+00	8.5577090169e+01	
21	1.1220184543e+00	8.5577089919e+01	
22	1.2589254118e+00	8.5577089605e+01	
23	1.4125375446e+00	8.5577089210e+01	
24	1.5848931925e+00	8.5577088712e+01	
25	1.7782794100e+00	8.5577088086e+01	
26	1.9952623150e+00	8.5577087295e+01	
27	2.2387211386e+00	8.5577086302e+01	
28	2.5118864315e+00	8.5577085052e+01	
29	2.8183829313e+00	8.5577083477e+01	
30	3.1622776602e+00	8.5577081494e+01	
31	3.5481338923e+00	8.5577078999e+01	
32	3.9810717055e+00	8.5577075858e+01	
33	4.4668359215e+00	8.5577071903e+01	
34	5.0118723363e+00	8.5577066923e+01	
35	5.6234132519e+00	8.5577060654e+01	
36	6.3095734448e+00	8.5577052763e+01	
37	7.0794578438e+00	8.5577042829e+01	
38	7.9432823472e+00	8.5577030321e+01	
39	8.9125093813e+00	8.5577014576e+01	
40	1.0000000000e+01	8.5576994753e+01	
41	1.1220184543e+01	8.5576969799e+01	
42	1.2589254118e+01	8.5576938383e+01	
43	1.4125375446e+01	8.5576898833e+01	
44	1.5848931925e+01	8.5576849042e+01	
45	1.7782794100e+01	8.5576786362e+01	
46	1.9952623150e+01	8.5576707450e+01	
47	2.2387211386e+01	8.5577016446e+01	
48	2.5118864315e+01	8.5576891379e+01	
49	2.8183829313e+01	8.5576733930e+01	
50	3.1622776602e+01	8.5576535721e+01	
51	3.5481338923e+01	8.5576694513e+01	
52	3.9810717055e+01	8.5576380380e+01	
53	4.4668359215e+01	8.5576393225e+01	
54	5.0118723363e+01	8.5576303674e+01	

Index   frequency       psrr_db         
--------------------------------------------------------------------------------
55	5.6234132519e+01	8.5576085228e+01	
56	6.3095734448e+01	8.5576112786e+01	
57	7.0794578438e+01	8.5575527818e+01	
58	7.9432823472e+01	8.5575093977e+01	
59	8.9125093813e+01	8.5574744655e+01	
60	1.0000000000e+02	8.5574396027e+01	
61	1.1220184543e+02	8.5573534532e+01	
62	1.2589254118e+02	8.5572843620e+01	
63	1.4125375446e+02	8.5571748171e+01	
64	1.5848931925e+02	8.5570038159e+01	
65	1.7782794100e+02	8.5568264786e+01	
66	1.9952623150e+02	8.5565891391e+01	
67	2.2387211386e+02	8.5562907079e+01	
68	2.5118864315e+02	8.5559803195e+01	
69	2.8183829313e+02	8.5555510397e+01	
70	3.1622776602e+02	8.5549604461e+01	
71	3.5481338923e+02	8.5542868257e+01	
72	3.9810717055e+02	8.5533584007e+01	
73	4.4668359215e+02	8.5522536072e+01	
74	5.0118723363e+02	8.5508265767e+01	
75	5.6234132519e+02	8.5491208861e+01	
76	6.3095734448e+02	8.5469133276e+01	
77	7.0794578438e+02	8.5444184862e+01	
78	7.9432823472e+02	8.5408938955e+01	
79	8.9125093813e+02	8.5366449629e+01	
80	1.0000000000e+03	8.5313057496e+01	
81	1.1220184543e+03	8.5249991409e+01	
82	1.2589254118e+03	8.5167171971e+01	
83	1.4125375446e+03	8.5066464810e+01	
84	1.5848931925e+03	8.4944467569e+01	
85	1.7782794100e+03	8.4795073133e+01	
86	1.9952623150e+03	8.4613569291e+01	
87	2.2387211386e+03	8.4393734807e+01	
88	2.5118864315e+03	8.4134281533e+01	
89	2.8183829313e+03	8.3824748329e+01	
90	3.1622776602e+03	8.3464724752e+01	
91	3.5481338923e+03	8.3048679751e+01	
92	3.9810717055e+03	8.2573887586e+01	
93	4.4668359215e+03	8.2041000456e+01	
94	5.0118723363e+03	8.1446788689e+01	
95	5.6234132519e+03	8.0794817666e+01	
96	6.3095734448e+03	8.0087215906e+01	
97	7.0794578438e+03	7.9327736661e+01	
98	7.9432823472e+03	7.8518688472e+01	
99	8.9125093813e+03	7.7664851825e+01	
100	1.0000000000e+04	7.6769446090e+01	
101	1.1220184543e+04	7.5835536230e+01	
102	1.2589254118e+04	7.4865143057e+01	
103	1.4125375446e+04	7.3860134550e+01	
104	1.5848931925e+04	7.2821091435e+01	
105	1.7782794100e+04	7.1747726571e+01	
106	1.9952623150e+04	7.0639338218e+01	
107	2.2387211386e+04	6.9494043954e+01	
108	2.5118864315e+04	6.8309535242e+01	
109	2.8183829313e+04	6.7083166957e+01	
110	3.1622776602e+04	6.5812023221e+01	
111	3.5481338923e+04	6.4494113852e+01	
112	3.9810717055e+04	6.3127742988e+01	

Index   frequency       psrr_db         
--------------------------------------------------------------------------------
113	4.4668359215e+04	6.1712531308e+01	
114	5.0118723363e+04	6.0249603230e+01	
115	5.6234132519e+04	5.8742242560e+01	
116	6.3095734448e+04	5.7195128362e+01	
117	7.0794578438e+04	5.5614826091e+01	
118	7.9432823472e+04	5.4009512544e+01	
119	8.9125093813e+04	5.2388385411e+01	
120	1.0000000000e+05	5.0761612707e+01	
121	1.1220184543e+05	4.9139594931e+01	
122	1.2589254118e+05	4.7533036055e+01	
123	1.4125375446e+05	4.5952156081e+01	
124	1.5848931925e+05	4.4406632032e+01	
125	1.7782794100e+05	4.2905123121e+01	
126	1.9952623150e+05	4.1455115171e+01	
127	2.2387211386e+05	4.0062990752e+01	
128	2.5118864315e+05	3.8734104501e+01	
129	2.8183829313e+05	3.7473472283e+01	
130	3.1622776602e+05	3.6286762876e+01	
131	3.5481338923e+05	3.5181920478e+01	
132	3.9810717055e+05	3.4171292583e+01	
133	4.4668359215e+05	3.3274305150e+01	
134	5.0118723363e+05	3.2519877691e+01	
135	5.6234132519e+05	3.1947047402e+01	
136	6.3095734448e+05	3.1600921803e+01	
137	7.0794578438e+05	3.1521133713e+01	
138	7.9432823472e+05	3.1723042265e+01	
139	8.9125093813e+05	3.2177038424e+01	
140	1.0000000000e+06	3.2792225019e+01	
141	1.1220184543e+06	3.3408010281e+01	
142	1.2589254118e+06	3.3807997176e+01	
143	1.4125375446e+06	3.3791468699e+01	
144	1.5848931925e+06	3.3288565158e+01	
145	1.7782794100e+06	3.2393794108e+01	
146	1.9952623150e+06	3.1271003457e+01	
147	2.2387211386e+06	3.0055973643e+01	
148	2.5118864315e+06	2.8830073210e+01	
149	2.8183829313e+06	2.7633411473e+01	
150	3.1622776602e+06	2.6482223762e+01	
151	3.5481338923e+06	2.5380255882e+01	
152	3.9810717055e+06	2.4324894771e+01	
153	4.4668359215e+06	2.3310394282e+01	
154	5.0118723363e+06	2.2329769356e+01	
155	5.6234132519e+06	2.1376131753e+01	
156	6.3095734448e+06	2.0443736509e+01	
157	7.0794578438e+06	1.9528769838e+01	
158	7.9432823472e+06	1.8629828712e+01	
159	8.9125093813e+06	1.7748050127e+01	
160	1.0000000000e+07	1.6886883439e+01	
m_psrr_1hz_db = 8.5577090169e+01
m_psrr_1khz_db = 8.5313057496e+01
m_psrr_10hz_db = 8.5576994753e+01
m_psrr_100hz_db = 8.5574396027e+01
m_psrr_10khz_db = 7.6769446090e+01
m_psrr_100khz_db = 5.0761612707e+01
m_psrr_1mhz_db = 3.2792225019e+01
m_vref_op = 1.1941598833e+00
m_f_dc_hz = 1.0000000000e+00
m_f_band_edge_hz = 1.0000000000e+03
Note: Simulation executed from .control section 

Warning: m=xx on .subckt line will override multiplier m hierarchy!

Warning : IC on non-existent node - xdut.xx1.casc, ignored
   Please check line .ic v(xdut.fb)=1.0 v(xdut.sns1)=0.6 v(xdut.sns2)=0.6 v(vref)=1.2 v(xdut.ibias)=0.6 v(xdut.xx1.casc)=1.8

Note: Starting dynamic gmin stepping
Note: Dynamic gmin stepping completed
Note: Starting dynamic gmin stepping
Note: Dynamic gmin stepping completed
