
Note: Compatibility modes selected: hs a


Circuit: * psrr-dc @ fs_125c_3.63v -- generated by sim/harness, do not edit

Doing analysis at TEMP = 125.000000 and TNOM = 27.000000

Using SPARSE 1.3 as Direct Linear Solver
 Reference value :  0.00000e+00
No. of Data Rows : 1
Doing analysis at TEMP = 125.000000 and TNOM = 27.000000

Using SPARSE 1.3 as Direct Linear Solver
 Reference value :  2.81838e-01
No. of Data Rows : 161
       * psrr-dc @ fs_125c_3.63v -- generated by sim/harness, do not edit
       AC Analysis  Sun Aug  2 20:17:02  2026
--------------------------------------------------------------------------------
Index   frequency       psrr_db         
--------------------------------------------------------------------------------
0	1.0000000000e-01	7.8349219121e+01	
1	1.1220184543e-01	7.8349219119e+01	
2	1.2589254118e-01	7.8349219118e+01	
3	1.4125375446e-01	7.8349219116e+01	
4	1.5848931925e-01	7.8349219112e+01	
5	1.7782794100e-01	7.8349219109e+01	
6	1.9952623150e-01	7.8349219105e+01	
7	2.2387211386e-01	7.8349219099e+01	
8	2.5118864315e-01	7.8349219092e+01	
9	2.8183829313e-01	7.8349219084e+01	
10	3.1622776602e-01	7.8349219073e+01	
11	3.5481338923e-01	7.8349219059e+01	
12	3.9810717055e-01	7.8349219042e+01	
13	4.4668359215e-01	7.8349219020e+01	
14	5.0118723363e-01	7.8349218992e+01	
15	5.6234132519e-01	7.8349218958e+01	
16	6.3095734448e-01	7.8349218914e+01	
17	7.0794578438e-01	7.8349218859e+01	
18	7.9432823472e-01	7.8349218790e+01	
19	8.9125093813e-01	7.8349218703e+01	
20	1.0000000000e+00	7.8349218594e+01	
21	1.1220184543e+00	7.8349218455e+01	
22	1.2589254118e+00	7.8349218281e+01	
23	1.4125375446e+00	7.8349218063e+01	
24	1.5848931925e+00	7.8349217788e+01	
25	1.7782794100e+00	7.8349217441e+01	
26	1.9952623150e+00	7.8349217005e+01	
27	2.2387211386e+00	7.8349216454e+01	
28	2.5118864315e+00	7.8349215763e+01	
29	2.8183829313e+00	7.8349214892e+01	
30	3.1622776602e+00	7.8349213797e+01	
31	3.5481338923e+00	7.8349212417e+01	
32	3.9810717055e+00	7.8349210680e+01	
33	4.4668359215e+00	7.8349208492e+01	
34	5.0118723363e+00	7.8349205740e+01	
35	5.6234132519e+00	7.8349202274e+01	
36	6.3095734448e+00	7.8349432866e+01	
37	7.0794578438e+00	7.8349427373e+01	
38	7.9432823472e+00	7.8349420456e+01	
39	8.9125093813e+00	7.8349411750e+01	
40	1.0000000000e+01	7.8349400789e+01	
41	1.1220184543e+01	7.8349386990e+01	
42	1.2589254118e+01	7.8349369618e+01	
43	1.4125375446e+01	7.8349347748e+01	
44	1.5848931925e+01	7.8349320215e+01	
45	1.7782794100e+01	7.8349285554e+01	
46	1.9952623150e+01	7.8349241917e+01	
47	2.2387211386e+01	7.8349186984e+01	
48	2.5118864315e+01	7.8349352779e+01	
49	2.8183829313e+01	7.8349265713e+01	
50	3.1622776602e+01	7.8349156106e+01	
51	3.5481338923e+01	7.8349253070e+01	
52	3.9810717055e+01	7.8349079356e+01	
53	4.4668359215e+01	7.8349095612e+01	
54	5.0118723363e+01	7.8349055244e+01	

Index   frequency       psrr_db         
--------------------------------------------------------------------------------
55	5.6234132519e+01	7.8348708655e+01	
56	6.3095734448e+01	7.8348742203e+01	
57	7.0794578438e+01	7.8348662777e+01	
58	7.9432823472e+01	7.8348441134e+01	
59	8.9125093813e+01	7.8348275377e+01	
60	1.0000000000e+02	7.8348119146e+01	
61	1.1220184543e+02	7.8347914085e+01	
62	1.2589254118e+02	7.8347351860e+01	
63	1.4125375446e+02	7.8347044660e+01	
64	1.5848931925e+02	7.8346406342e+01	
65	1.7782794100e+02	7.8345760108e+01	
66	1.9952623150e+02	7.8345038917e+01	
67	2.2387211386e+02	7.8344010661e+01	
68	2.5118864315e+02	7.8342735360e+01	
69	2.8183829313e+02	7.8340845509e+01	
70	3.1622776602e+02	7.8338817056e+01	
71	3.5481338923e+02	7.8336185163e+01	
72	3.9810717055e+02	7.8331749893e+01	
73	4.4668359215e+02	7.8327636456e+01	
74	5.0118723363e+02	7.8322451727e+01	
75	5.6234132519e+02	7.8315676426e+01	
76	6.3095734448e+02	7.8308633728e+01	
77	7.0794578438e+02	7.8297394736e+01	
78	7.9432823472e+02	7.8284088830e+01	
79	8.9125093813e+02	7.8267538382e+01	
80	1.0000000000e+03	7.8246574318e+01	
81	1.1220184543e+03	7.8221180875e+01	
82	1.2589254118e+03	7.8187727335e+01	
83	1.4125375446e+03	7.8147212111e+01	
84	1.5848931925e+03	7.8096012348e+01	
85	1.7782794100e+03	7.8032637723e+01	
86	1.9952623150e+03	7.7954333841e+01	
87	2.2387211386e+03	7.7857854525e+01	
88	2.5118864315e+03	7.7737802795e+01	
89	2.8183829313e+03	7.7591867508e+01	
90	3.1622776602e+03	7.7415197707e+01	
91	3.5481338923e+03	7.7200180663e+01	
92	3.9810717055e+03	7.6944004787e+01	
93	4.4668359215e+03	7.6638414393e+01	
94	5.0118723363e+03	7.6281343796e+01	
95	5.6234132519e+03	7.5864783674e+01	
96	6.3095734448e+03	7.5388517238e+01	
97	7.0794578438e+03	7.4847094886e+01	
98	7.9432823472e+03	7.4240480502e+01	
99	8.9125093813e+03	7.3568675301e+01	
100	1.0000000000e+04	7.2832310799e+01	
101	1.1220184543e+04	7.2032856544e+01	
102	1.2589254118e+04	7.1172166123e+01	
103	1.4125375446e+04	7.0252209842e+01	
104	1.5848931925e+04	6.9274978419e+01	
105	1.7782794100e+04	6.8241270332e+01	
106	1.9952623150e+04	6.7151440226e+01	
107	2.2387211386e+04	6.6005987076e+01	
108	2.5118864315e+04	6.4805150283e+01	
109	2.8183829313e+04	6.3549091396e+01	
110	3.1622776602e+04	6.2238582183e+01	
111	3.5481338923e+04	6.0876044572e+01	
112	3.9810717055e+04	5.9464827139e+01	

Index   frequency       psrr_db         
--------------------------------------------------------------------------------
113	4.4668359215e+04	5.8010102496e+01	
114	5.0118723363e+04	5.6518660276e+01	
115	5.6234132519e+04	5.4998948132e+01	
116	6.3095734448e+04	5.3460501264e+01	
117	7.0794578438e+04	5.1913879298e+01	
118	7.9432823472e+04	5.0369782570e+01	
119	8.9125093813e+04	4.8838601341e+01	
120	1.0000000000e+05	4.7330312620e+01	
121	1.1220184543e+05	4.5853364262e+01	
122	1.2589254118e+05	4.4414778743e+01	
123	1.4125375446e+05	4.3019895984e+01	
124	1.5848931925e+05	4.1672213059e+01	
125	1.7782794100e+05	4.0373711726e+01	
126	1.9952623150e+05	3.9125250239e+01	
127	2.2387211386e+05	3.7927353691e+01	
128	2.5118864315e+05	3.6781014132e+01	
129	2.8183829313e+05	3.5689097104e+01	
130	3.1622776602e+05	3.4657934717e+01	
131	3.5481338923e+05	3.3699627709e+01	
132	3.9810717055e+05	3.2834770919e+01	
133	4.4668359215e+05	3.2095140954e+01	
134	5.0118723363e+05	3.1524507030e+01	
135	5.6234132519e+05	3.1173900789e+01	
136	6.3095734448e+05	3.1086979596e+01	
137	7.0794578438e+05	3.1274701636e+01	
138	7.9432823472e+05	3.1686689856e+01	
139	8.9125093813e+05	3.2192267098e+01	
140	1.0000000000e+06	3.2587689971e+01	
141	1.1220184543e+06	3.2655932475e+01	
142	1.2589254118e+06	3.2278359762e+01	
143	1.4125375446e+06	3.1498846631e+01	
144	1.5848931925e+06	3.0459545054e+01	
145	1.7782794100e+06	2.9298399776e+01	
146	1.9952623150e+06	2.8105675792e+01	
147	2.2387211386e+06	2.6928907149e+01	
148	2.5118864315e+06	2.5789158001e+01	
149	2.8183829313e+06	2.4693268957e+01	
150	3.1622776602e+06	2.3640821890e+01	
151	3.5481338923e+06	2.2627808106e+01	
152	3.9810717055e+06	2.1648681177e+01	
153	4.4668359215e+06	2.0697700368e+01	
154	5.0118723363e+06	1.9769943425e+01	
155	5.6234132519e+06	1.8862077015e+01	
156	6.3095734448e+06	1.7972852358e+01	
157	7.0794578438e+06	1.7103281446e+01	
158	7.9432823472e+06	1.6256481757e+01	
159	8.9125093813e+06	1.5437233235e+01	
160	1.0000000000e+07	1.4651342400e+01	
m_psrr_1hz_db = 7.8349218594e+01
m_psrr_1khz_db = 7.8246574318e+01
m_psrr_10hz_db = 7.8349400789e+01
m_psrr_100hz_db = 7.8348119146e+01
m_psrr_10khz_db = 7.2832310799e+01
m_psrr_100khz_db = 4.7330312620e+01
m_psrr_1mhz_db = 3.2587689971e+01
m_vref_op = 1.1898062598e+00
m_f_dc_hz = 1.0000000000e+00
m_f_band_edge_hz = 1.0000000000e+03
Note: Simulation executed from .control section 

Warning: m=xx on .subckt line will override multiplier m hierarchy!

Warning : IC on non-existent node - xdut.xx1.casc, ignored
   Please check line .ic v(xdut.fb)=1.0 v(xdut.sns1)=0.6 v(xdut.sns2)=0.6 v(vref)=1.2 v(xdut.ibias)=0.6 v(xdut.xx1.casc)=1.8

Note: Starting dynamic gmin stepping
Note: Dynamic gmin stepping completed
Note: Starting dynamic gmin stepping
Note: Dynamic gmin stepping completed
