
Note: Compatibility modes selected: hs a


Circuit: * psrr-dc @ fs_27c_2.97v -- generated by sim/harness, do not edit

Doing analysis at TEMP = 27.000000 and TNOM = 27.000000

Using SPARSE 1.3 as Direct Linear Solver
 Reference value :  0.00000e+00
No. of Data Rows : 1
Doing analysis at TEMP = 27.000000 and TNOM = 27.000000

Using SPARSE 1.3 as Direct Linear Solver

No. of Data Rows : 161
       * psrr-dc @ fs_27c_2.97v -- generated by sim/harness, do not edit
       AC Analysis  Sun Aug  2 20:16:57  2026
--------------------------------------------------------------------------------
Index   frequency       psrr_db         
--------------------------------------------------------------------------------
0	1.0000000000e-01	1.1181733500e+02	
1	1.1220184543e-01	1.1181733473e+02	
2	1.2589254118e-01	1.1181733436e+02	
3	1.4125375446e-01	1.1181733391e+02	
4	1.5848931925e-01	1.1181733332e+02	
5	1.7782794100e-01	1.1181733261e+02	
6	1.9952623150e-01	1.1181733171e+02	
7	2.2387211386e-01	1.1181733058e+02	
8	2.5118864315e-01	1.1181732910e+02	
9	2.8183829313e-01	1.1181732730e+02	
10	3.1622776602e-01	1.1181732500e+02	
11	3.5481338923e-01	1.1181732208e+02	
12	3.9810717055e-01	1.1181731847e+02	
13	4.4668359215e-01	1.1181731391e+02	
14	5.0118723363e-01	1.1181730815e+02	
15	5.6234132519e-01	1.1181730087e+02	
16	6.3095734448e-01	1.1181729175e+02	
17	7.0794578438e-01	1.1181728026e+02	
18	7.9432823472e-01	1.1181726583e+02	
19	8.9125093813e-01	1.1181724761e+02	
20	1.0000000000e+00	1.1181722470e+02	
21	1.1220184543e+00	1.1181719580e+02	
22	1.2589254118e+00	1.1181715949e+02	
23	1.4125375446e+00	1.1181711374e+02	
24	1.5848931925e+00	1.1181705618e+02	
25	1.7782794100e+00	1.1181698368e+02	
26	1.9952623150e+00	1.1181689241e+02	
27	2.2387211386e+00	1.1181677752e+02	
28	2.5118864315e+00	1.1181663292e+02	
29	2.8183829313e+00	1.1181645084e+02	
30	3.1622776602e+00	1.1181622166e+02	
31	3.5481338923e+00	1.1181593313e+02	
32	3.9810717055e+00	1.1181556995e+02	
33	4.4668359215e+00	1.1181511274e+02	
34	5.0118723363e+00	1.1181453722e+02	
35	5.6234132519e+00	1.1181381279e+02	
36	6.3095734448e+00	1.1181290097e+02	
37	7.0794578438e+00	1.1181175334e+02	
38	7.9432823472e+00	1.1181030894e+02	
39	8.9125093813e+00	1.1180849123e+02	
40	1.0000000000e+01	1.1179593257e+02	
41	1.1220184543e+01	1.1179306214e+02	
42	1.2589254118e+01	1.1178945113e+02	
43	1.4125375446e+01	1.1178490935e+02	
44	1.5848931925e+01	1.1177919820e+02	
45	1.7782794100e+01	1.1177201881e+02	
46	1.9952623150e+01	1.1176299707e+02	
47	2.2387211386e+01	1.1175166554e+02	
48	2.5118864315e+01	1.1173744119e+02	
49	2.8183829313e+01	1.1170953387e+02	
50	3.1622776602e+01	1.1168722996e+02	
51	3.5481338923e+01	1.1164938269e+02	
52	3.9810717055e+01	1.1161456983e+02	
53	4.4668359215e+01	1.1156140613e+02	
54	5.0118723363e+01	1.1149786811e+02	

Index   frequency       psrr_db         
--------------------------------------------------------------------------------
55	5.6234132519e+01	1.1142161362e+02	
56	6.3095734448e+01	1.1132986268e+02	
57	7.0794578438e+01	1.1121040087e+02	
58	7.9432823472e+01	1.1106901994e+02	
59	8.9125093813e+01	1.1089332142e+02	
60	1.0000000000e+02	1.1068001271e+02	
61	1.1220184543e+02	1.1043330289e+02	
62	1.2589254118e+02	1.1012768915e+02	
63	1.4125375446e+02	1.0978286241e+02	
64	1.5848931925e+02	1.0938328391e+02	
65	1.7782794100e+02	1.0893184213e+02	
66	1.9952623150e+02	1.0841469428e+02	
67	2.2387211386e+02	1.0784829511e+02	
68	2.5118864315e+02	1.0722433995e+02	
69	2.8183829313e+02	1.0654416675e+02	
70	3.1622776602e+02	1.0581868276e+02	
71	3.5481338923e+02	1.0505334085e+02	
72	3.9810717055e+02	1.0424671492e+02	
73	4.4668359215e+02	1.0340356317e+02	
74	5.0118723363e+02	1.0253239979e+02	
75	5.6234132519e+02	1.0163874468e+02	
76	6.3095734448e+02	1.0072206205e+02	
77	7.0794578438e+02	9.9792299015e+01	
78	7.9432823472e+02	9.8849089274e+01	
79	8.9125093813e+02	9.7893687926e+01	
80	1.0000000000e+03	9.6927646395e+01	
81	1.1220184543e+03	9.5955908738e+01	
82	1.2589254118e+03	9.4977709457e+01	
83	1.4125375446e+03	9.3993238650e+01	
84	1.5848931925e+03	9.3004650743e+01	
85	1.7782794100e+03	9.2012156405e+01	
86	1.9952623150e+03	9.1016411587e+01	
87	2.2387211386e+03	9.0017402302e+01	
88	2.5118864315e+03	8.9015194806e+01	
89	2.8183829313e+03	8.8009679538e+01	
90	3.1622776602e+03	8.7000567537e+01	
91	3.5481338923e+03	8.5987518718e+01	
92	3.9810717055e+03	8.4969922694e+01	
93	4.4668359215e+03	8.3946986992e+01	
94	5.0118723363e+03	8.2917361418e+01	
95	5.6234132519e+03	8.1880097815e+01	
96	6.3095734448e+03	8.0833679854e+01	
97	7.0794578438e+03	7.9776033558e+01	
98	7.9432823472e+03	7.8704741733e+01	
99	8.9125093813e+03	7.7618151681e+01	
100	1.0000000000e+04	7.6513032824e+01	
101	1.1220184543e+04	7.5385756555e+01	
102	1.2589254118e+04	7.4233715862e+01	
103	1.4125375446e+04	7.3052811633e+01	
104	1.5848931925e+04	7.1838828365e+01	
105	1.7782794100e+04	7.0588267558e+01	
106	1.9952623150e+04	6.9298140799e+01	
107	2.2387211386e+04	6.7964037642e+01	
108	2.5118864315e+04	6.6584476573e+01	
109	2.8183829313e+04	6.5157580375e+01	
110	3.1622776602e+04	6.3684228826e+01	
111	3.5481338923e+04	6.2165717563e+01	
112	3.9810717055e+04	6.0606247676e+01	

Index   frequency       psrr_db         
--------------------------------------------------------------------------------
113	4.4668359215e+04	5.9010886895e+01	
114	5.0118723363e+04	5.7386764124e+01	
115	5.6234132519e+04	5.5742082261e+01	
116	6.3095734448e+04	5.4086086787e+01	
117	7.0794578438e+04	5.2428303356e+01	
118	7.9432823472e+04	5.0778928195e+01	
119	8.9125093813e+04	4.9147718829e+01	
120	1.0000000000e+05	4.7544124166e+01	
121	1.1220184543e+05	4.5976696965e+01	
122	1.2589254118e+05	4.4452828783e+01	
123	1.4125375446e+05	4.2978660309e+01	
124	1.5848931925e+05	4.1558667097e+01	
125	1.7782794100e+05	4.0195822515e+01	
126	1.9952623150e+05	3.8891798670e+01	
127	2.2387211386e+05	3.7647428907e+01	
128	2.5118864315e+05	3.6463458197e+01	
129	2.8183829313e+05	3.5341626849e+01	
130	3.1622776602e+05	3.4286135424e+01	
131	3.5481338923e+05	3.3305638070e+01	
132	3.9810717055e+05	3.2415723221e+01	
133	4.4668359215e+05	3.1641563513e+01	
134	5.0118723363e+05	3.1019547567e+01	
135	5.6234132519e+05	3.0595144864e+01	
136	6.3095734448e+05	3.0413276799e+01	
137	7.0794578438e+05	3.0498841797e+01	
138	7.9432823472e+05	3.0830978899e+01	
139	8.9125093813e+05	3.1320557476e+01	
140	1.0000000000e+06	3.1802599634e+01	
141	1.1220184543e+06	3.2063255350e+01	
142	1.2589254118e+06	3.1924715604e+01	
143	1.4125375446e+06	3.1346601225e+01	
144	1.5848931925e+06	3.0429957420e+01	
145	1.7782794100e+06	2.9322065081e+01	
146	1.9952623150e+06	2.8138976827e+01	
147	2.2387211386e+06	2.6949294215e+01	
148	2.5118864315e+06	2.5786944739e+01	
149	2.8183829313e+06	2.4665857104e+01	
150	3.1622776602e+06	2.3589435670e+01	
151	3.5481338923e+06	2.2555720911e+01	
152	3.9810717055e+06	2.1560165941e+01	
153	4.4668359215e+06	2.0597301740e+01	
154	5.0118723363e+06	1.9661923682e+01	
155	5.6234132519e+06	1.8750002713e+01	
156	6.3095734448e+06	1.7859350959e+01	
157	7.0794578438e+06	1.6989975200e+01	
158	7.9432823472e+06	1.6144101700e+01	
159	8.9125093813e+06	1.5325863390e+01	
160	1.0000000000e+07	1.4540722225e+01	
m_psrr_1hz_db = 1.1181722470e+02
m_psrr_1khz_db = 9.6927646395e+01
m_psrr_10hz_db = 1.1179593257e+02
m_psrr_100hz_db = 1.1068001271e+02
m_psrr_10khz_db = 7.6513032824e+01
m_psrr_100khz_db = 4.7544124166e+01
m_psrr_1mhz_db = 3.1802599634e+01
m_vref_op = 1.1924878316e+00
m_f_dc_hz = 1.0000000000e+00
m_f_band_edge_hz = 1.0000000000e+03
Note: Simulation executed from .control section 

Warning: m=xx on .subckt line will override multiplier m hierarchy!

Warning : IC on non-existent node - xdut.xx1.casc, ignored
   Please check line .ic v(xdut.fb)=1.0 v(xdut.sns1)=0.6 v(xdut.sns2)=0.6 v(vref)=1.2 v(xdut.ibias)=0.6 v(xdut.xx1.casc)=1.8

Note: Starting dynamic gmin stepping
Note: Dynamic gmin stepping completed
Note: Starting dynamic gmin stepping
Note: Dynamic gmin stepping completed
