
Note: Compatibility modes selected: hs a


Circuit: * psrr-dc @ bjt_ss_-40c_3.30v -- generated by sim/harness, do not edit

Doing analysis at TEMP = -40.000000 and TNOM = 27.000000

Using SPARSE 1.3 as Direct Linear Solver
 Reference value :  0.00000e+00
No. of Data Rows : 1
Doing analysis at TEMP = -40.000000 and TNOM = 27.000000

Using SPARSE 1.3 as Direct Linear Solver
 Reference value :  1.00000e-01
No. of Data Rows : 161
     * psrr-dc @ bjt_ss_-40c_3.30v -- generated by sim/harness, do not edit
     AC Analysis  Sun Aug  2 19:02:25  2026
--------------------------------------------------------------------------------
Index   frequency       psrr_db         
--------------------------------------------------------------------------------
0	1.0000000000e-01	1.1331326018e+02	
1	1.1220184543e-01	1.1331324899e+02	
2	1.2589254118e-01	1.1331323486e+02	
3	1.4125375446e-01	1.1331321709e+02	
4	1.5848931925e-01	1.1331319475e+02	
5	1.7782794100e-01	1.1331316658e+02	
6	1.9952623150e-01	1.1331313113e+02	
7	2.2387211386e-01	1.1331308650e+02	
8	2.5118864315e-01	1.1331303031e+02	
9	2.8183829313e-01	1.1331295963e+02	
10	3.1622776602e-01	1.1331287057e+02	
11	3.5481338923e-01	1.1331275848e+02	
12	3.9810717055e-01	1.1331261737e+02	
13	4.4668359215e-01	1.1331243978e+02	
14	5.0118723363e-01	1.1331221618e+02	
15	5.6234132519e-01	1.1331193467e+02	
16	6.3095734448e-01	1.1331158034e+02	
17	7.0794578438e-01	1.1331113430e+02	
18	7.9432823472e-01	1.1331057279e+02	
19	8.9125093813e-01	1.1330986602e+02	
20	1.0000000000e+00	1.1330897642e+02	
21	1.1220184543e+00	1.1330785672e+02	
22	1.2589254118e+00	1.1330644760e+02	
23	1.4125375446e+00	1.1330467418e+02	
24	1.5848931925e+00	1.1330244261e+02	
25	1.7782794100e+00	1.1329963490e+02	
26	1.9952623150e+00	1.1329610275e+02	
27	2.2387211386e+00	1.1329166016e+02	
28	2.5118864315e+00	1.1328607356e+02	
29	2.8183829313e+00	1.1327905078e+02	
30	3.1622776602e+00	1.1327022574e+02	
31	3.5481338923e+00	1.1325914105e+02	
32	3.9810717055e+00	1.1324522663e+02	
33	4.4668359215e+00	1.1322777223e+02	
34	5.0118723363e+00	1.1320589790e+02	
35	5.6234132519e+00	1.1317851545e+02	
36	6.3095734448e+00	1.1314428666e+02	
37	7.0794578438e+00	1.1310157534e+02	
38	7.9432823472e+00	1.1304839518e+02	
39	8.9125093813e+00	1.1298235853e+02	
40	1.0000000000e+01	1.1290062605e+02	
41	1.1220184543e+01	1.1279987076e+02	
42	1.2589254118e+01	1.1267626342e+02	
43	1.4125375446e+01	1.1252549211e+02	
44	1.5848931925e+01	1.1234283506e+02	
45	1.7782794100e+01	1.1212329545e+02	
46	1.9952623150e+01	1.1186181328e+02	
47	2.2387211386e+01	1.1155354492e+02	
48	2.5118864315e+01	1.1119419674e+02	
49	2.8183829313e+01	1.1078037214e+02	
50	3.1622776602e+01	1.1030988010e+02	
51	3.5481338923e+01	1.0978195043e+02	
52	3.9810717055e+01	1.0919731236e+02	
53	4.4668359215e+01	1.0855812032e+02	
54	5.0118723363e+01	1.0786774171e+02	

Index   frequency       psrr_db         
--------------------------------------------------------------------------------
55	5.6234132519e+01	1.0713045003e+02	
56	6.3095734448e+01	1.0635107837e+02	
57	7.0794578438e+01	1.0553468528e+02	
58	7.9432823472e+01	1.0468627223e+02	
59	8.9125093813e+01	1.0381057121e+02	
60	1.0000000000e+02	1.0291190655e+02	
61	1.1220184543e+02	1.0199412187e+02	
62	1.2589254118e+02	1.0106055802e+02	
63	1.4125375446e+02	1.0011406742e+02	
64	1.5848931925e+02	9.9157050594e+01	
65	1.7782794100e+02	9.8191504511e+01	
66	1.9952623150e+02	9.7219075189e+01	
67	2.2387211386e+02	9.6241109409e+01	
68	2.5118864315e+02	9.5258702736e+01	
69	2.8183829313e+02	9.4272742359e+01	
70	3.1622776602e+02	9.3283944245e+01	
71	3.5481338923e+02	9.2292884770e+01	
72	3.9810717055e+02	9.1300027244e+01	
73	4.4668359215e+02	9.0305743886e+01	
74	5.0118723363e+02	8.9310333956e+01	
75	5.6234132519e+02	8.8314038574e+01	
76	6.3095734448e+02	8.7317052871e+01	
77	7.0794578438e+02	8.6319535919e+01	
78	7.9432823472e+02	8.5321618884e+01	
79	8.9125093813e+02	8.4323411795e+01	
80	1.0000000000e+03	8.3325009201e+01	
81	1.1220184543e+03	8.2326495013e+01	
82	1.2589254118e+03	8.1327946724e+01	
83	1.4125375446e+03	8.0329439192e+01	
84	1.5848931925e+03	7.9331048108e+01	
85	1.7782794100e+03	7.8332853234e+01	
86	1.9952623150e+03	7.7334941420e+01	
87	2.2387211386e+03	7.6337409326e+01	
88	2.5118864315e+03	7.5340365616e+01	
89	2.8183829313e+03	7.4343932198e+01	
90	3.1622776602e+03	7.3348243774e+01	
91	3.5481338923e+03	7.2353444481e+01	
92	3.9810717055e+03	7.1359679814e+01	
93	4.4668359215e+03	7.0367081125e+01	
94	5.0118723363e+03	6.9375738995e+01	
95	5.6234132519e+03	6.8385660601e+01	
96	6.3095734448e+03	6.7396705238e+01	
97	7.0794578438e+03	6.6408491890e+01	
98	7.9432823472e+03	6.5420274034e+01	
99	8.9125093813e+03	6.4430780808e+01	
100	1.0000000000e+04	6.3438031484e+01	
101	1.1220184543e+04	6.2439142087e+01	
102	1.2589254118e+04	6.1430157773e+01	
103	1.4125375446e+04	6.0405958029e+01	
104	1.5848931925e+04	5.9360287470e+01	
105	1.7782794100e+04	5.8285956086e+01	
106	1.9952623150e+04	5.7175226211e+01	
107	2.2387211386e+04	5.6020363430e+01	
108	2.5118864315e+04	5.4814286851e+01	
109	2.8183829313e+04	5.3551225096e+01	
110	3.1622776602e+04	5.2227278211e+01	
111	3.5481338923e+04	5.0840804076e+01	
112	3.9810717055e+04	4.9392584403e+01	

Index   frequency       psrr_db         
--------------------------------------------------------------------------------
113	4.4668359215e+04	4.7885769160e+01	
114	5.0118723363e+04	4.6325637972e+01	
115	5.6234132519e+04	4.4719243607e+01	
116	6.3095734448e+04	4.3075010969e+01	
117	7.0794578438e+04	4.1402355691e+01	
118	7.9432823472e+04	3.9711364539e+01	
119	8.9125093813e+04	3.8012553254e+01	
120	1.0000000000e+05	3.6316693139e+01	
121	1.1220184543e+05	3.4634680503e+01	
122	1.2589254118e+05	3.2977415175e+01	
123	1.4125375446e+05	3.1355656780e+01	
124	1.5848931925e+05	2.9779840356e+01	
125	1.7782794100e+05	2.8259856132e+01	
126	1.9952623150e+05	2.6804829916e+01	
127	2.2387211386e+05	2.5422976318e+01	
128	2.5118864315e+05	2.4121629505e+01	
129	2.8183829313e+05	2.2907574133e+01	
130	3.1622776602e+05	2.1787784997e+01	
131	3.5481338923e+05	2.0770607662e+01	
132	3.9810717055e+05	1.9867225668e+01	
133	4.4668359215e+05	1.9092917983e+01	
134	5.0118723363e+05	1.8467165526e+01	
135	5.6234132519e+05	1.8011451979e+01	
136	6.3095734448e+05	1.7744293231e+01	
137	7.0794578438e+05	1.7675001500e+01	
138	7.9432823472e+05	1.7799757843e+01	
139	8.9125093813e+05	1.8103205395e+01	
140	1.0000000000e+06	1.8565399978e+01	
141	1.1220184543e+06	1.9170730106e+01	
142	1.2589254118e+06	1.9915353303e+01	
143	1.4125375446e+06	2.0811989699e+01	
144	1.5848931925e+06	2.1893003025e+01	
145	1.7782794100e+06	2.3213180507e+01	
146	1.9952623150e+06	2.4851021772e+01	
147	2.2387211386e+06	2.6891191300e+01	
148	2.5118864315e+06	2.9278355518e+01	
149	2.8183829313e+06	3.1116507944e+01	
150	3.1622776602e+06	3.0373936306e+01	
151	3.5481338923e+06	2.7702870826e+01	
152	3.9810717055e+06	2.4975056294e+01	
153	4.4668359215e+06	2.2660468994e+01	
154	5.0118723363e+06	2.0730878552e+01	
155	5.6234132519e+06	1.9101062873e+01	
156	6.3095734448e+06	1.7702114828e+01	
157	7.0794578438e+06	1.6485971328e+01	
158	7.9432823472e+06	1.5420545599e+01	
159	8.9125093813e+06	1.4484599881e+01	
160	1.0000000000e+07	1.3663492609e+01	
m_psrr_1hz_db = 1.1330897642e+02
m_psrr_1khz_db = 8.3325009201e+01
m_psrr_10hz_db = 1.1290062605e+02
m_psrr_100hz_db = 1.0291190655e+02
m_psrr_10khz_db = 6.3438031484e+01
m_psrr_100khz_db = 3.6316693139e+01
m_psrr_1mhz_db = 1.8565399978e+01
m_vref_op = 1.2516547985e+00
m_f_dc_hz = 1.0000000000e+00
m_f_band_edge_hz = 1.0000000000e+03
Note: Simulation executed from .control section 

Warning: m=xx on .subckt line will override multiplier m hierarchy!

Warning : IC on non-existent node - xdut.xx1.casc, ignored
   Please check line .ic v(xdut.fb)=1.0 v(xdut.sns1)=0.6 v(xdut.sns2)=0.6 v(vref)=1.2 v(xdut.ibias)=0.6 v(xdut.xx1.casc)=1.8

Note: Starting dynamic gmin stepping
Note: Dynamic gmin stepping completed
Note: Starting dynamic gmin stepping
Note: Dynamic gmin stepping completed
