
Note: Compatibility modes selected: hs a


Circuit: * psrr-dc @ ff_-40c_3.30v -- generated by sim/harness, do not edit

Doing analysis at TEMP = -40.000000 and TNOM = 27.000000

Using SPARSE 1.3 as Direct Linear Solver
 Reference value :  0.00000e+00
No. of Data Rows : 1
Doing analysis at TEMP = -40.000000 and TNOM = 27.000000

Using SPARSE 1.3 as Direct Linear Solver

No. of Data Rows : 161
       * psrr-dc @ ff_-40c_3.30v -- generated by sim/harness, do not edit
       AC Analysis  Sun Aug  2 19:02:05  2026
--------------------------------------------------------------------------------
Index   frequency       psrr_db         
--------------------------------------------------------------------------------
0	1.0000000000e-01	1.2758914929e+02	
1	1.1220184543e-01	1.2758895954e+02	
2	1.2589254118e-01	1.2758872059e+02	
3	1.4125375446e-01	1.2758841986e+02	
4	1.5848931925e-01	1.2758804126e+02	
5	1.7782794100e-01	1.2758756478e+02	
6	1.9952623150e-01	1.2758696489e+02	
7	2.2387211386e-01	1.2758620988e+02	
8	2.5118864315e-01	1.2758525957e+02	
9	2.8183829313e-01	1.2758406348e+02	
10	3.1622776602e-01	1.2758255802e+02	
11	3.5481338923e-01	1.2758066378e+02	
12	3.9810717055e-01	1.2757828007e+02	
13	4.4668359215e-01	1.2757528095e+02	
14	5.0118723363e-01	1.2757150830e+02	
15	5.6234132519e-01	1.2756676359e+02	
16	6.3095734448e-01	1.2756079756e+02	
17	7.0794578438e-01	1.2755329842e+02	
18	7.9432823472e-01	1.2754387599e+02	
19	8.9125093813e-01	1.2753204264e+02	
20	1.0000000000e+00	1.2751719130e+02	
21	1.1220184543e+00	1.2749856648e+02	
22	1.2589254118e+00	1.2747523231e+02	
23	1.4125375446e+00	1.2744603320e+02	
24	1.5848931925e+00	1.2740955087e+02	
25	1.7782794100e+00	1.2736405371e+02	
26	1.9952623150e+00	1.2730744577e+02	
27	2.2387211386e+00	1.2723721400e+02	
28	2.5118864315e+00	1.2715038204e+02	
29	2.8183829313e+00	1.2704347948e+02	
30	3.1622776602e+00	1.2691253421e+02	
31	3.5481338923e+00	1.2675310638e+02	
32	3.9810717055e+00	1.2656037905e+02	
33	4.4668359215e+00	1.2632931119e+02	
34	5.0118723363e+00	1.2605487427e+02	
35	5.6234132519e+00	1.2573234657e+02	
36	6.3095734448e+00	1.2535765722e+02	
37	7.0794578438e+00	1.2492772765e+02	
38	7.9432823472e+00	1.2444075698e+02	
39	8.9125093813e+00	1.2389640550e+02	
40	1.0000000000e+01	1.2329582517e+02	
41	1.1220184543e+01	1.2264154510e+02	
42	1.2589254118e+01	1.2193722766e+02	
43	1.4125375446e+01	1.2118734225e+02	
44	1.5848931925e+01	1.2039681959e+02	
45	1.7782794100e+01	1.1957072737e+02	
46	1.9952623150e+01	1.1871400827e+02	
47	2.2387211386e+01	1.1783128800e+02	
48	2.5118864315e+01	1.1692675758e+02	
49	2.8183829313e+01	1.1600411645e+02	
50	3.1622776602e+01	1.1506656222e+02	
51	3.5481338923e+01	1.1411681274e+02	
52	3.9810717055e+01	1.1315714683e+02	
53	4.4668359215e+01	1.1218945468e+02	
54	5.0118723363e+01	1.1121529039e+02	

Index   frequency       psrr_db         
--------------------------------------------------------------------------------
55	5.6234132519e+01	1.1023592288e+02	
56	6.3095734448e+01	1.0925238246e+02	
57	7.0794578438e+01	1.0826550193e+02	
58	7.9432823472e+01	1.0727595216e+02	
59	8.9125093813e+01	1.0628427195e+02	
60	1.0000000000e+02	1.0529089313e+02	
61	1.1220184543e+02	1.0429616120e+02	
62	1.2589254118e+02	1.0330035217e+02	
63	1.4125375446e+02	1.0230368640e+02	
64	1.5848931925e+02	1.0130633962e+02	
65	1.7782794100e+02	1.0030845200e+02	
66	1.9952623150e+02	9.9310135306e+01	
67	2.2387211386e+02	9.8311478722e+01	
68	2.5118864315e+02	9.7312553501e+01	
69	2.8183829313e+02	9.6313416697e+01	
70	3.1622776602e+02	9.5314114160e+01	
71	3.5481338923e+02	9.4314682953e+01	
72	3.9810717055e+02	9.3315153314e+01	
73	4.4668359215e+02	9.2315550248e+01	
74	5.0118723363e+02	9.1315894853e+01	
75	5.6234132519e+02	9.0316205435e+01	
76	6.3095734448e+02	8.9316498471e+01	
77	7.0794578438e+02	8.8316789477e+01	
78	7.9432823472e+02	8.7317093809e+01	
79	8.9125093813e+02	8.6317427457e+01	
80	1.0000000000e+03	8.5317807844e+01	
81	1.1220184543e+03	8.4318254685e+01	
82	1.2589254118e+03	8.3318790919e+01	
83	1.4125375446e+03	8.2319443750e+01	
84	1.5848931925e+03	8.1320245805e+01	
85	1.7782794100e+03	8.0321236427e+01	
86	1.9952623150e+03	7.9322463060e+01	
87	2.2387211386e+03	7.8323982675e+01	
88	2.5118864315e+03	7.7325863084e+01	
89	2.8183829313e+03	7.6328183889e+01	
90	3.1622776602e+03	7.5331036618e+01	
91	3.5481338923e+03	7.4334523313e+01	
92	3.9810717055e+03	7.3338752441e+01	
93	4.4668359215e+03	7.2343830400e+01	
94	5.0118723363e+03	7.1349846099e+01	
95	5.6234132519e+03	7.0356845163e+01	
96	6.3095734448e+03	6.9364789177e+01	
97	7.0794578438e+03	6.8373494490e+01	
98	7.9432823472e+03	6.7382544754e+01	
99	8.9125093813e+03	6.6391172418e+01	
100	1.0000000000e+04	6.5398107950e+01	
101	1.1220184543e+04	6.4401402576e+01	
102	1.2589254118e+04	6.3398241358e+01	
103	1.4125375446e+04	6.2384777296e+01	
104	1.5848931925e+04	6.1356030259e+01	
105	1.7782794100e+04	6.0305900878e+01	
106	1.9952623150e+04	5.9227342525e+01	
107	2.2387211386e+04	5.8112710869e+01	
108	2.5118864315e+04	5.6954273462e+01	
109	2.8183829313e+04	5.5744822077e+01	
110	3.1622776602e+04	5.4478301373e+01	
111	3.5481338923e+04	5.3150358980e+01	
112	3.9810717055e+04	5.1758736421e+01	

Index   frequency       psrr_db         
--------------------------------------------------------------------------------
113	4.4668359215e+04	5.0303452398e+01	
114	5.0118723363e+04	4.8786770583e+01	
115	5.6234132519e+04	4.7212983280e+01	
116	6.3095734448e+04	4.5588071257e+01	
117	7.0794578438e+04	4.3919313028e+01	
118	7.9432823472e+04	4.2214912828e+01	
119	8.9125093813e+04	4.0483699457e+01	
120	1.0000000000e+05	3.8734924813e+01	
121	1.1220184543e+05	3.6978168150e+01	
122	1.2589254118e+05	3.5223333926e+01	
123	1.4125375446e+05	3.3480718995e+01	
124	1.5848931925e+05	3.1761118163e+01	
125	1.7782794100e+05	3.0075934849e+01	
126	1.9952623150e+05	2.8437266222e+01	
127	2.2387211386e+05	2.6857941829e+01	
128	2.5118864315e+05	2.5351514754e+01	
129	2.8183829313e+05	2.3932235244e+01	
130	3.1622776602e+05	2.2615068769e+01	
131	3.5481338923e+05	2.1415823325e+01	
132	3.9810717055e+05	2.0351370388e+01	
133	4.4668359215e+05	1.9439728381e+01	
134	5.0118723363e+05	1.8699459625e+01	
135	5.6234132519e+05	1.8147657110e+01	
136	6.3095734448e+05	1.7796233132e+01	
137	7.0794578438e+05	1.7647522959e+01	
138	7.9432823472e+05	1.7691634985e+01	
139	8.9125093813e+05	1.7907876743e+01	
140	1.0000000000e+06	1.8270391030e+01	
141	1.1220184543e+06	1.8755690103e+01	
142	1.2589254118e+06	1.9349272707e+01	
143	1.4125375446e+06	2.0049886465e+01	
144	1.5848931925e+06	2.0871636087e+01	
145	1.7782794100e+06	2.1844947875e+01	
146	1.9952623150e+06	2.3017151657e+01	
147	2.2387211386e+06	2.4451185023e+01	
148	2.5118864315e+06	2.6210232695e+01	
149	2.8183829313e+06	2.8265580923e+01	
150	3.1622776602e+06	3.0100631390e+01	
151	3.5481338923e+06	3.0219599530e+01	
152	3.9810717055e+06	2.8224636185e+01	
153	4.4668359215e+06	2.5651425121e+01	
154	5.0118723363e+06	2.3307786023e+01	
155	5.6234132519e+06	2.1307178513e+01	
156	6.3095734448e+06	1.9602301398e+01	
157	7.0794578438e+06	1.8133502551e+01	
158	7.9432823472e+06	1.6854456263e+01	
159	8.9125093813e+06	1.5732954373e+01	
160	1.0000000000e+07	1.4747368902e+01	
m_psrr_1hz_db = 1.2751719130e+02
m_psrr_1khz_db = 8.5317807844e+01
m_psrr_10hz_db = 1.2329582517e+02
m_psrr_100hz_db = 1.0529089313e+02
m_psrr_10khz_db = 6.5398107950e+01
m_psrr_100khz_db = 3.8734924813e+01
m_psrr_1mhz_db = 1.8270391030e+01
m_vref_op = 1.2461305855e+00
m_f_dc_hz = 1.0000000000e+00
m_f_band_edge_hz = 1.0000000000e+03
Note: Simulation executed from .control section 

Warning: m=xx on .subckt line will override multiplier m hierarchy!

Warning : IC on non-existent node - xdut.xx1.casc, ignored
   Please check line .ic v(xdut.fb)=1.0 v(xdut.sns1)=0.6 v(xdut.sns2)=0.6 v(vref)=1.2 v(xdut.ibias)=0.6 v(xdut.xx1.casc)=1.8

