
Note: Compatibility modes selected: hs a


Circuit: * psrr-dc @ res_ss_125c_3.30v -- generated by sim/harness, do not edit

Doing analysis at TEMP = 125.000000 and TNOM = 27.000000

Using SPARSE 1.3 as Direct Linear Solver
 Reference value :  0.00000e+00
No. of Data Rows : 1
Doing analysis at TEMP = 125.000000 and TNOM = 27.000000

Using SPARSE 1.3 as Direct Linear Solver
 Reference value :  1.00000e-01
No. of Data Rows : 161
     * psrr-dc @ res_ss_125c_3.30v -- generated by sim/harness, do not edit
     AC Analysis  Sun Aug  2 19:02:23  2026
--------------------------------------------------------------------------------
Index   frequency       psrr_db         
--------------------------------------------------------------------------------
0	1.0000000000e-01	9.7035965648e+01	
1	1.1220184543e-01	9.7035965093e+01	
2	1.2589254118e-01	9.7035964389e+01	
3	1.4125375446e-01	9.7035963502e+01	
4	1.5848931925e-01	9.7035962393e+01	
5	1.7782794100e-01	9.7035960995e+01	
6	1.9952623150e-01	9.7035959230e+01	
7	2.2387211386e-01	9.7035957011e+01	
8	2.5118864315e-01	9.7035954217e+01	
9	2.8183829313e-01	9.7035950698e+01	
10	3.1622776602e-01	9.7035946274e+01	
11	3.5481338923e-01	9.7035940702e+01	
12	3.9810717055e-01	9.7035933679e+01	
13	4.4668359215e-01	9.7035924842e+01	
14	5.0118723363e-01	9.7035913720e+01	
15	5.6234132519e-01	9.7035899718e+01	
16	6.3095734448e-01	9.7035882090e+01	
17	7.0794578438e-01	9.7035859900e+01	
18	7.9432823472e-01	9.7035831963e+01	
19	8.9125093813e-01	9.7035796788e+01	
20	1.0000000000e+00	9.7035752509e+01	
21	1.1220184543e+00	9.7035696770e+01	
22	1.2589254118e+00	9.7035626603e+01	
23	1.4125375446e+00	9.7035538258e+01	
24	1.5848931925e+00	9.7035427048e+01	
25	1.7782794100e+00	9.7035287043e+01	
26	1.9952623150e+00	9.7035110790e+01	
27	2.2387211386e+00	9.7034888920e+01	
28	2.5118864315e+00	9.7034609592e+01	
29	2.8183829313e+00	9.7034257985e+01	
30	3.1622776602e+00	9.7033815381e+01	
31	3.5481338923e+00	9.7033258229e+01	
32	3.9810717055e+00	9.7032556965e+01	
33	4.4668359215e+00	9.7031674219e+01	
34	5.0118723363e+00	9.7030563211e+01	
35	5.6234132519e+00	9.7029164929e+01	
36	6.3095734448e+00	9.7027405218e+01	
37	7.0794578438e+00	9.7025190916e+01	
38	7.9432823472e+00	9.7022404815e+01	
39	8.9125093813e+00	9.7018899946e+01	
40	1.0000000000e+01	9.7014491578e+01	
41	1.1220184543e+01	9.7008948070e+01	
42	1.2589254118e+01	9.7001979307e+01	
43	1.4125375446e+01	9.6993221957e+01	
44	1.5848931925e+01	9.6982222232e+01	
45	1.7782794100e+01	9.6968413831e+01	
46	1.9952623150e+01	9.6951092326e+01	
47	2.2387211386e+01	9.6929383616e+01	
48	2.5118864315e+01	9.6902207346e+01	
49	2.8183829313e+01	9.6868234518e+01	
50	3.1622776602e+01	9.6825839693e+01	
51	3.5481338923e+01	9.6773049596e+01	
52	3.9810717055e+01	9.6707490366e+01	
53	4.4668359215e+01	9.6626338959e+01	
54	5.0118723363e+01	9.6526285412e+01	

Index   frequency       psrr_db         
--------------------------------------------------------------------------------
55	5.6234132519e+01	9.6403517001e+01	
56	6.3095734448e+01	9.6253737563e+01	
57	7.0794578438e+01	9.6072236881e+01	
58	7.9432823472e+01	9.5854024939e+01	
59	8.9125093813e+01	9.5594039157e+01	
60	1.0000000000e+02	9.5287423484e+01	
61	1.1220184543e+02	9.4929860104e+01	
62	1.2589254118e+02	9.4517916491e+01	
63	1.4125375446e+02	9.4049356671e+01	
64	1.5848931925e+02	9.3523360296e+01	
65	1.7782794100e+02	9.2940606282e+01	
66	1.9952623150e+02	9.2303203471e+01	
67	2.2387211386e+02	9.1614482721e+01	
68	2.5118864315e+02	9.0878692310e+01	
69	2.8183829313e+02	9.0100651731e+01	
70	3.1622776602e+02	8.9285416551e+01	
71	3.5481338923e+02	8.8437993439e+01	
72	3.9810717055e+02	8.7563125552e+01	
73	4.4668359215e+02	8.6665151670e+01	
74	5.0118723363e+02	8.5747931132e+01	
75	5.6234132519e+02	8.4814820387e+01	
76	6.3095734448e+02	8.3868686090e+01	
77	7.0794578438e+02	8.2911941006e+01	
78	7.9432823472e+02	8.1946591974e+01	
79	8.9125093813e+02	8.0974292204e+01	
80	1.0000000000e+03	7.9996392777e+01	
81	1.1220184543e+03	7.9013990402e+01	
82	1.2589254118e+03	7.8027969817e+01	
83	1.4125375446e+03	7.7039040284e+01	
84	1.5848931925e+03	7.6047766137e+01	
85	1.7782794100e+03	7.5054591616e+01	
86	1.9952623150e+03	7.4059860296e+01	
87	2.2387211386e+03	7.3063829324e+01	
88	2.5118864315e+03	7.2066678452e+01	
89	2.8183829313e+03	7.1068513516e+01	
90	3.1622776602e+03	7.0069363572e+01	
91	3.5481338923e+03	6.9069170295e+01	
92	3.9810717055e+03	6.8067767583e+01	
93	4.4668359215e+03	6.7064848559e+01	
94	5.0118723363e+03	6.6059916591e+01	
95	5.6234132519e+03	6.5052216768e+01	
96	6.3095734448e+03	6.4040645186e+01	
97	7.0794578438e+03	6.3023636010e+01	
98	7.9432823472e+03	6.1999031572e+01	
99	8.9125093813e+03	6.0963949135e+01	
100	1.0000000000e+04	5.9914668809e+01	
101	1.1220184543e+04	5.8846578025e+01	
102	1.2589254118e+04	5.7754214273e+01	
103	1.4125375446e+04	5.6631443858e+01	
104	1.5848931925e+04	5.5471796211e+01	
105	1.7782794100e+04	5.4268941853e+01	
106	1.9952623150e+04	5.3017265246e+01	
107	2.2387211386e+04	5.1712453580e+01	
108	2.5118864315e+04	5.0352010560e+01	
109	2.8183829313e+04	4.8935615585e+01	
110	3.1622776602e+04	4.7465280233e+01	
111	3.5481338923e+04	4.5945295633e+01	
112	3.9810717055e+04	4.4382003327e+01	

Index   frequency       psrr_db         
--------------------------------------------------------------------------------
113	4.4668359215e+04	4.2783447376e+01	
114	5.0118723363e+04	4.1158971342e+01	
115	5.6234132519e+04	3.9518811775e+01	
116	6.3095734448e+04	3.7873717186e+01	
117	7.0794578438e+04	3.6234597627e+01	
118	7.9432823472e+04	3.4612193040e+01	
119	8.9125093813e+04	3.3016743523e+01	
120	1.0000000000e+05	3.1457652438e+01	
121	1.1220184543e+05	2.9943151124e+01	
122	1.2589254118e+05	2.8479995858e+01	
123	1.4125375446e+05	2.7073246524e+01	
124	1.5848931925e+05	2.5726187204e+01	
125	1.7782794100e+05	2.4440452597e+01	
126	1.9952623150e+05	2.3216429000e+01	
127	2.2387211386e+05	2.2054016057e+01	
128	2.5118864315e+05	2.0953869639e+01	
129	2.8183829313e+05	1.9919277150e+01	
130	3.1622776602e+05	1.8958774165e+01	
131	3.5481338923e+05	1.8089341119e+01	
132	3.9810717055e+05	1.7339280631e+01	
133	4.4668359215e+05	1.6748567832e+01	
134	5.0118723363e+05	1.6363388780e+01	
135	5.6234132519e+05	1.6223237814e+01	
136	6.3095734448e+05	1.6345316525e+01	
137	7.0794578438e+05	1.6717154847e+01	
138	7.9432823472e+05	1.7304367038e+01	
139	8.9125093813e+05	1.8068199774e+01	
140	1.0000000000e+06	1.8981962222e+01	
141	1.1220184543e+06	2.0040947039e+01	
142	1.2589254118e+06	2.1267692653e+01	
143	1.4125375446e+06	2.2717595128e+01	
144	1.5848931925e+06	2.4490821254e+01	
145	1.7782794100e+06	2.6757248711e+01	
146	1.9952623150e+06	2.9781655173e+01	
147	2.2387211386e+06	3.3573452046e+01	
148	2.5118864315e+06	3.4629167955e+01	
149	2.8183829313e+06	3.0739479181e+01	
150	3.1622776602e+06	2.6969567526e+01	
151	3.5481338923e+06	2.4082487433e+01	
152	3.9810717055e+06	2.1813606392e+01	
153	4.4668359215e+06	1.9961980601e+01	
154	5.0118723363e+06	1.8406591023e+01	
155	5.6234132519e+06	1.7073564871e+01	
156	6.3095734448e+06	1.5916492473e+01	
157	7.0794578438e+06	1.4905452577e+01	
158	7.9432823472e+06	1.4020387705e+01	
159	8.9125093813e+06	1.3246793365e+01	
160	1.0000000000e+07	1.2572883154e+01	
m_psrr_1hz_db = 9.7035752509e+01
m_psrr_1khz_db = 7.9996392777e+01
m_psrr_10hz_db = 9.7014491578e+01
m_psrr_100hz_db = 9.5287423484e+01
m_psrr_10khz_db = 5.9914668809e+01
m_psrr_100khz_db = 3.1457652438e+01
m_psrr_1mhz_db = 1.8981962222e+01
m_vref_op = 1.2627648635e+00
m_f_dc_hz = 1.0000000000e+00
m_f_band_edge_hz = 1.0000000000e+03
Note: Simulation executed from .control section 

Warning: m=xx on .subckt line will override multiplier m hierarchy!

Warning : IC on non-existent node - xdut.xx1.casc, ignored
   Please check line .ic v(xdut.fb)=1.0 v(xdut.sns1)=0.6 v(xdut.sns2)=0.6 v(vref)=1.2 v(xdut.ibias)=0.6 v(xdut.xx1.casc)=1.8

Note: Starting dynamic gmin stepping
Note: Dynamic gmin stepping completed
Note: Starting dynamic gmin stepping
Note: Dynamic gmin stepping completed
