
Note: Compatibility modes selected: hs a


Circuit: * psrr-dc @ res_ss_27c_3.63v -- generated by sim/harness, do not edit

Doing analysis at TEMP = 27.000000 and TNOM = 27.000000

Using SPARSE 1.3 as Direct Linear Solver
 Reference value :  0.00000e+00
No. of Data Rows : 1
Doing analysis at TEMP = 27.000000 and TNOM = 27.000000

Using SPARSE 1.3 as Direct Linear Solver
 Reference value :  1.00000e-01
No. of Data Rows : 161
     * psrr-dc @ res_ss_27c_3.63v -- generated by sim/harness, do not edit
     AC Analysis  Sun Aug  2 19:02:21  2026
--------------------------------------------------------------------------------
Index   frequency       psrr_db         
--------------------------------------------------------------------------------
0	1.0000000000e-01	7.9561702017e+01	
1	1.1220184543e-01	7.9561702009e+01	
2	1.2589254118e-01	7.9561701999e+01	
3	1.4125375446e-01	7.9561701986e+01	
4	1.5848931925e-01	7.9561701971e+01	
5	1.7782794100e-01	7.9561701950e+01	
6	1.9952623150e-01	7.9561701926e+01	
7	2.2387211386e-01	7.9561701894e+01	
8	2.5118864315e-01	7.9561701855e+01	
9	2.8183829313e-01	7.9561701805e+01	
10	3.1622776602e-01	7.9561701742e+01	
11	3.5481338923e-01	7.9561701663e+01	
12	3.9810717055e-01	7.9561701563e+01	
13	4.4668359215e-01	7.9561701437e+01	
14	5.0118723363e-01	7.9561701279e+01	
15	5.6234132519e-01	7.9561701081e+01	
16	6.3095734448e-01	7.9561700830e+01	
17	7.0794578438e-01	7.9561700515e+01	
18	7.9432823472e-01	7.9561700119e+01	
19	8.9125093813e-01	7.9561699619e+01	
20	1.0000000000e+00	7.9561698990e+01	
21	1.1220184543e+00	7.9561698198e+01	
22	1.2589254118e+00	7.9561697203e+01	
23	1.4125375446e+00	7.9561695948e+01	
24	1.5848931925e+00	7.9561694368e+01	
25	1.7782794100e+00	7.9561692380e+01	
26	1.9952623150e+00	7.9561689876e+01	
27	2.2387211386e+00	7.9561686725e+01	
28	2.5118864315e+00	7.9561682755e+01	
29	2.8183829313e+00	7.9561677761e+01	
30	3.1622776602e+00	7.9561671472e+01	
31	3.5481338923e+00	7.9561663554e+01	
32	3.9810717055e+00	7.9561653592e+01	
33	4.4668359215e+00	7.9561641043e+01	
34	5.0118723363e+00	7.9561625249e+01	
35	5.6234132519e+00	7.9561605365e+01	
36	6.3095734448e+00	7.9561580330e+01	
37	7.0794578438e+00	7.9561548817e+01	
38	7.9432823472e+00	7.9561509138e+01	
39	8.9125093813e+00	7.9561459195e+01	
40	1.0000000000e+01	7.9561396319e+01	
41	1.1220184543e+01	7.9561317157e+01	
42	1.2589254118e+01	7.9561217507e+01	
43	1.4125375446e+01	7.9561092051e+01	
44	1.5848931925e+01	7.9560934124e+01	
45	1.7782794100e+01	7.9560735307e+01	
46	1.9952623150e+01	7.9560485030e+01	
47	2.2387211386e+01	7.9560169970e+01	
48	2.5118864315e+01	7.9559773362e+01	
49	2.8183829313e+01	7.9559274117e+01	
50	3.1622776602e+01	7.9558645686e+01	
51	3.5481338923e+01	7.9557854669e+01	
52	3.9810717055e+01	7.9556859039e+01	
53	4.4668359215e+01	7.9555605941e+01	
54	5.0118723363e+01	7.9554028901e+01	

Index   frequency       psrr_db         
--------------------------------------------------------------------------------
55	5.6234132519e+01	7.9552044337e+01	
56	6.3095734448e+01	7.9549547211e+01	
57	7.0794578438e+01	7.9546405552e+01	
58	7.9432823472e+01	7.9542453679e+01	
59	8.9125093813e+01	7.9537483674e+01	
60	1.0000000000e+02	7.9531234887e+01	
61	1.1220184543e+02	7.9523380915e+01	
62	1.2589254118e+02	7.9513513516e+01	
63	1.4125375446e+02	7.9501123020e+01	
64	1.5848931925e+02	7.9485574455e+01	
65	1.7782794100e+02	7.9466078872e+01	
66	1.9952623150e+02	7.9441659296e+01	
67	2.2387211386e+02	7.9411111018e+01	
68	2.5118864315e+02	7.9372956335e+01	
69	2.8183829313e+02	7.9325394678e+01	
70	3.1622776602e+02	7.9266250070e+01	
71	3.5481338923e+02	7.9192919854e+01	
72	3.9810717055e+02	7.9102330769e+01	
73	4.4668359215e+02	7.8990911349e+01	
74	5.0118723363e+02	7.8854592847e+01	
75	5.6234132519e+02	7.8688853083e+01	
76	6.3095734448e+02	7.8488818512e+01	
77	7.0794578438e+02	7.8249436559e+01	
78	7.9432823472e+02	7.7965722106e+01	
79	8.9125093813e+02	7.7633067984e+01	
80	1.0000000000e+03	7.7247590974e+01	
81	1.1220184543e+03	7.6806467591e+01	
82	1.2589254118e+03	7.6308203924e+01	
83	1.4125375446e+03	7.5752788239e+01	
84	1.5848931925e+03	7.5141694956e+01	
85	1.7782794100e+03	7.4477739198e+01	
86	1.9952623150e+03	7.3764811851e+01	
87	2.2387211386e+03	7.3007545669e+01	
88	2.5118864315e+03	7.2210967704e+01	
89	2.8183829313e+03	7.1380183906e+01	
90	3.1622776602e+03	7.0520124087e+01	
91	3.5481338923e+03	6.9635356658e+01	
92	3.9810717055e+03	6.8729967597e+01	
93	4.4668359215e+03	6.7807488817e+01	
94	5.0118723363e+03	6.6870857042e+01	
95	5.6234132519e+03	6.5922384148e+01	
96	6.3095734448e+03	6.4963722374e+01	
97	7.0794578438e+03	6.3995812065e+01	
98	7.9432823472e+03	6.3018805973e+01	
99	8.9125093813e+03	6.2031972729e+01	
100	1.0000000000e+04	6.1033593061e+01	
101	1.1220184543e+04	6.0020874381e+01	
102	1.2589254118e+04	5.8989919300e+01	
103	1.4125375446e+04	5.7935786930e+01	
104	1.5848931925e+04	5.6852678253e+01	
105	1.7782794100e+04	5.5734257539e+01	
106	1.9952623150e+04	5.4574094875e+01	
107	2.2387211386e+04	5.3366188399e+01	
108	2.5118864315e+04	5.2105506729e+01	
109	2.8183829313e+04	5.0788486222e+01	
110	3.1622776602e+04	4.9413423624e+01	
111	3.5481338923e+04	4.7980719974e+01	
112	3.9810717055e+04	4.6492954079e+01	

Index   frequency       psrr_db         
--------------------------------------------------------------------------------
113	4.4668359215e+04	4.4954790544e+01	
114	5.0118723363e+04	4.3372753306e+01	
115	5.6234132519e+04	4.1754913768e+01	
116	6.3095734448e+04	4.0110547334e+01	
117	7.0794578438e+04	3.8449802612e+01	
118	7.9432823472e+04	3.6783407780e+01	
119	8.9125093813e+04	3.5122416124e+01	
120	1.0000000000e+05	3.3477974593e+01	
121	1.1220184543e+05	3.1861090624e+01	
122	1.2589254118e+05	3.0282376159e+01	
123	1.4125375446e+05	2.8751764046e+01	
124	1.5848931925e+05	2.7278219165e+01	
125	1.7782794100e+05	2.5869500183e+01	
126	1.9952623150e+05	2.4532061911e+01	
127	2.2387211386e+05	2.3271215404e+01	
128	2.5118864315e+05	2.2091674933e+01	
129	2.8183829313e+05	2.0998602933e+01	
130	3.1622776602e+05	1.9999183746e+01	
131	3.5481338923e+05	1.9104552998e+01	
132	3.9810717055e+05	1.8331509471e+01	
133	4.4668359215e+05	1.7702868670e+01	
134	5.0118723363e+05	1.7244964674e+01	
135	5.6234132519e+05	1.6981558244e+01	
136	6.3095734448e+05	1.6925904052e+01	
137	7.0794578438e+05	1.7075518809e+01	
138	7.9432823472e+05	1.7413802671e+01	
139	8.9125093813e+05	1.7918220022e+01	
140	1.0000000000e+06	1.8570633521e+01	
141	1.1220184543e+06	1.9365573716e+01	
142	1.2589254118e+06	2.0315302010e+01	
143	1.4125375446e+06	2.1453067657e+01	
144	1.5848931925e+06	2.2836576978e+01	
145	1.7782794100e+06	2.4551447801e+01	
146	1.9952623150e+06	2.6699286205e+01	
147	2.2387211386e+06	2.9257996597e+01	
148	2.5118864315e+06	3.1298519370e+01	
149	2.8183829313e+06	3.0501287626e+01	
150	3.1622776602e+06	2.7672522792e+01	
151	3.5481338923e+06	2.4877178641e+01	
152	3.9810717055e+06	2.2546925308e+01	
153	4.4668359215e+06	2.0622387842e+01	
154	5.0118723363e+06	1.9005739818e+01	
155	5.6234132519e+06	1.7622968406e+01	
156	6.3095734448e+06	1.6423798493e+01	
157	7.0794578438e+06	1.5375075909e+01	
158	7.9432823472e+06	1.4454922832e+01	
159	8.9125093813e+06	1.3648207617e+01	
160	1.0000000000e+07	1.2943229388e+01	
m_psrr_1hz_db = 7.9561698990e+01
m_psrr_1khz_db = 7.7247590974e+01
m_psrr_10hz_db = 7.9561396319e+01
m_psrr_100hz_db = 7.9531234887e+01
m_psrr_10khz_db = 6.1033593061e+01
m_psrr_100khz_db = 3.3477974593e+01
m_psrr_1mhz_db = 1.8570633521e+01
m_vref_op = 1.2512028344e+00
m_f_dc_hz = 1.0000000000e+00
m_f_band_edge_hz = 1.0000000000e+03
Note: Simulation executed from .control section 

Warning: m=xx on .subckt line will override multiplier m hierarchy!

Warning : IC on non-existent node - xdut.xx1.casc, ignored
   Please check line .ic v(xdut.fb)=1.0 v(xdut.sns1)=0.6 v(xdut.sns2)=0.6 v(vref)=1.2 v(xdut.ibias)=0.6 v(xdut.xx1.casc)=1.8

Note: Starting dynamic gmin stepping
Note: Dynamic gmin stepping completed
Note: Starting dynamic gmin stepping
Note: Dynamic gmin stepping completed
