
Note: Compatibility modes selected: hs a


Circuit: * psrr-dc @ res_ss_125c_3.63v -- generated by sim/harness, do not edit

Doing analysis at TEMP = 125.000000 and TNOM = 27.000000

Using SPARSE 1.3 as Direct Linear Solver
 Reference value :  0.00000e+00
No. of Data Rows : 1
Doing analysis at TEMP = 125.000000 and TNOM = 27.000000

Using SPARSE 1.3 as Direct Linear Solver

No. of Data Rows : 161
     * psrr-dc @ res_ss_125c_3.63v -- generated by sim/harness, do not edit
     AC Analysis  Sun Aug  2 19:02:21  2026
--------------------------------------------------------------------------------
Index   frequency       psrr_db         
--------------------------------------------------------------------------------
0	1.0000000000e-01	7.4368525459e+01	
1	1.1220184543e-01	7.4368525456e+01	
2	1.2589254118e-01	7.4368525452e+01	
3	1.4125375446e-01	7.4368525446e+01	
4	1.5848931925e-01	7.4368525440e+01	
5	1.7782794100e-01	7.4368525431e+01	
6	1.9952623150e-01	7.4368525421e+01	
7	2.2387211386e-01	7.4368525407e+01	
8	2.5118864315e-01	7.4368525390e+01	
9	2.8183829313e-01	7.4368525369e+01	
10	3.1622776602e-01	7.4368525342e+01	
11	3.5481338923e-01	7.4368525309e+01	
12	3.9810717055e-01	7.4368525267e+01	
13	4.4668359215e-01	7.4368525213e+01	
14	5.0118723363e-01	7.4368525146e+01	
15	5.6234132519e-01	7.4368525062e+01	
16	6.3095734448e-01	7.4368524956e+01	
17	7.0794578438e-01	7.4368524822e+01	
18	7.9432823472e-01	7.4368524654e+01	
19	8.9125093813e-01	7.4368524442e+01	
20	1.0000000000e+00	7.4368524175e+01	
21	1.1220184543e+00	7.4368523839e+01	
22	1.2589254118e+00	7.4368523417e+01	
23	1.4125375446e+00	7.4368522884e+01	
24	1.5848931925e+00	7.4368522214e+01	
25	1.7782794100e+00	7.4368521370e+01	
26	1.9952623150e+00	7.4368520308e+01	
27	2.2387211386e+00	7.4368518971e+01	
28	2.5118864315e+00	7.4368517286e+01	
29	2.8183829313e+00	7.4368515167e+01	
30	3.1622776602e+00	7.4368512498e+01	
31	3.5481338923e+00	7.4368509138e+01	
32	3.9810717055e+00	7.4368504912e+01	
33	4.4668359215e+00	7.4368499587e+01	
34	5.0118723363e+00	7.4368492885e+01	
35	5.6234132519e+00	7.4368484447e+01	
36	6.3095734448e+00	7.4368473825e+01	
37	7.0794578438e+00	7.4368460454e+01	
38	7.9432823472e+00	7.4368443616e+01	
39	8.9125093813e+00	7.4368422424e+01	
40	1.0000000000e+01	7.4368395744e+01	
41	1.1220184543e+01	7.4368362152e+01	
42	1.2589254118e+01	7.4368319867e+01	
43	1.4125375446e+01	7.4368266629e+01	
44	1.5848931925e+01	7.4368199613e+01	
45	1.7782794100e+01	7.4368115241e+01	
46	1.9952623150e+01	7.4368009029e+01	
47	2.2387211386e+01	7.4367875319e+01	
48	2.5118864315e+01	7.4367706992e+01	
49	2.8183829313e+01	7.4367495093e+01	
50	3.1622776602e+01	7.4367228342e+01	
51	3.5481338923e+01	7.4366892546e+01	
52	3.9810717055e+01	7.4366469839e+01	
53	4.4668359215e+01	7.4365937741e+01	
54	5.0118723363e+01	7.4365267964e+01	

Index   frequency       psrr_db         
--------------------------------------------------------------------------------
55	5.6234132519e+01	7.4364424910e+01	
56	6.3095734448e+01	7.4363363800e+01	
57	7.0794578438e+01	7.4362028308e+01	
58	7.9432823472e+01	7.4360347611e+01	
59	8.9125093813e+01	7.4358232661e+01	
60	1.0000000000e+02	7.4355571555e+01	
61	1.1220184543e+02	7.4352223743e+01	
62	1.2589254118e+02	7.4348012755e+01	
63	1.4125375446e+02	7.4342717230e+01	
64	1.5848931925e+02	7.4336059720e+01	
65	1.7782794100e+02	7.4327692885e+01	
66	1.9952623150e+02	7.4317182515e+01	
67	2.2387211386e+02	7.4303986777e+01	
68	2.5118864315e+02	7.4287431083e+01	
69	2.8183829313e+02	7.4266677964e+01	
70	3.1622776602e+02	7.4240691443e+01	
71	3.5481338923e+02	7.4208195715e+01	
72	3.9810717055e+02	7.4167628449e+01	
73	4.4668359215e+02	7.4117089793e+01	
74	5.0118723363e+02	7.4054289663e+01	
75	5.6234132519e+02	7.3976497574e+01	
76	6.3095734448e+02	7.3880501987e+01	
77	7.0794578438e+02	7.3762588958e+01	
78	7.9432823472e+02	7.3618552948e+01	
79	8.9125093813e+02	7.3443754779e+01	
80	1.0000000000e+03	7.3233241395e+01	
81	1.1220184543e+03	7.2981937928e+01	
82	1.2589254118e+03	7.2684912536e+01	
83	1.4125375446e+03	7.2337699033e+01	
84	1.5848931925e+03	7.1936643722e+01	
85	1.7782794100e+03	7.1479226645e+01	
86	1.9952623150e+03	7.0964300993e+01	
87	2.2387211386e+03	7.0392203006e+01	
88	2.5118864315e+03	6.9764708158e+01	
89	2.8183829313e+03	6.9084841065e+01	
90	3.1622776602e+03	6.8356575147e+01	
91	3.5481338923e+03	6.7584474263e+01	
92	3.9810717055e+03	6.6773328732e+01	
93	4.4668359215e+03	6.5927825419e+01	
94	5.0118723363e+03	6.5052272880e+01	
95	5.6234132519e+03	6.4150384920e+01	
96	6.3095734448e+03	6.3225113761e+01	
97	7.0794578438e+03	6.2278519181e+01	
98	7.9432823472e+03	6.1311662057e+01	
99	8.9125093813e+03	6.0324518545e+01	
100	1.0000000000e+04	5.9315922346e+01	
101	1.1220184543e+04	5.8283554325e+01	
102	1.2589254118e+04	5.7224007006e+01	
103	1.4125375446e+04	5.6132951836e+01	
104	1.5848931925e+04	5.5005426970e+01	
105	1.7782794100e+04	5.3836243311e+01	
106	1.9952623150e+04	5.2620481696e+01	
107	2.2387211386e+04	5.1354031601e+01	
108	2.5118864315e+04	5.0034107888e+01	
109	2.8183829313e+04	4.8659680463e+01	
110	3.1622776602e+04	4.7231762675e+01	
111	3.5481338923e+04	4.5753526234e+01	
112	3.9810717055e+04	4.4230238878e+01	

Index   frequency       psrr_db         
--------------------------------------------------------------------------------
113	4.4668359215e+04	4.2669049059e+01	
114	5.0118723363e+04	4.1078661374e+01	
115	5.6234132519e+04	3.9468951725e+01	
116	6.3095734448e+04	3.7850562345e+01	
117	7.0794578438e+04	3.6234499539e+01	
118	7.9432823472e+04	3.4631739785e+01	
119	8.9125093813e+04	3.3052840463e+01	
120	1.0000000000e+05	3.1507553792e+01	
121	1.1220184543e+05	3.0004455623e+01	
122	1.2589254118e+05	2.8550619457e+01	
123	1.4125375446e+05	2.7151382974e+01	
124	1.5848931925e+05	2.5810264300e+01	
125	1.7782794100e+05	2.4529088712e+01	
126	1.9952623150e+05	2.3308391622e+01	
127	2.2387211386e+05	2.2148181871e+01	
128	2.5118864315e+05	2.1049184727e+01	
129	2.8183829313e+05	2.0014716542e+01	
130	3.1622776602e+05	1.9053302443e+01	
131	3.5481338923e+05	1.8181879327e+01	
132	3.9810717055e+05	1.7428686333e+01	
133	4.4668359215e+05	1.6833628593e+01	
134	5.0118723363e+05	1.6442809349e+01	
135	5.6234132519e+05	1.6295579949e+01	
136	6.3095734448e+05	1.6408863459e+01	
137	7.0794578438e+05	1.6769726790e+01	
138	7.9432823472e+05	1.7343133731e+01	
139	8.9125093813e+05	1.8089462193e+01	
140	1.0000000000e+06	1.8980764665e+01	
141	1.1220184543e+06	2.0010276763e+01	
142	1.2589254118e+06	2.1196830819e+01	
143	1.4125375446e+06	2.2588626511e+01	
144	1.5848931925e+06	2.4270633810e+01	
145	1.7782794100e+06	2.6377039042e+01	
146	1.9952623150e+06	2.9081194110e+01	
147	2.2387211386e+06	3.2253771682e+01	
148	2.5118864315e+06	3.3456494047e+01	
149	2.8183829313e+06	3.0563449653e+01	
150	3.1622776602e+06	2.7102296566e+01	
151	3.5481338923e+06	2.4286357454e+01	
152	3.9810717055e+06	2.2029800476e+01	
153	4.4668359215e+06	2.0173961118e+01	
154	5.0118723363e+06	1.8609476639e+01	
155	5.6234132519e+06	1.7266251494e+01	
156	6.3095734448e+06	1.6099261714e+01	
157	7.0794578438e+06	1.5079131944e+01	
158	7.9432823472e+06	1.4186007942e+01	
159	8.9125093813e+06	1.3405425109e+01	
160	1.0000000000e+07	1.2725549658e+01	
m_psrr_1hz_db = 7.4368524175e+01
m_psrr_1khz_db = 7.3233241395e+01
m_psrr_10hz_db = 7.4368395744e+01
m_psrr_100hz_db = 7.4355571555e+01
m_psrr_10khz_db = 5.9315922346e+01
m_psrr_100khz_db = 3.1507553792e+01
m_psrr_1mhz_db = 1.8980764665e+01
m_vref_op = 1.2627400917e+00
m_f_dc_hz = 1.0000000000e+00
m_f_band_edge_hz = 1.0000000000e+03
Note: Simulation executed from .control section 

Warning: m=xx on .subckt line will override multiplier m hierarchy!

Warning : IC on non-existent node - xdut.xx1.casc, ignored
   Please check line .ic v(xdut.fb)=1.0 v(xdut.sns1)=0.6 v(xdut.sns2)=0.6 v(vref)=1.2 v(xdut.ibias)=0.6 v(xdut.xx1.casc)=1.8

Note: Starting dynamic gmin stepping
Note: Dynamic gmin stepping completed
Note: Starting dynamic gmin stepping
Note: Dynamic gmin stepping completed
