
Note: Compatibility modes selected: hs a


Circuit: * startup @ bjt_ss_-40c_3.63v -- generated by sim/harness, do not edit

Doing analysis at TEMP = -40.000000 and TNOM = 27.000000

Using SPARSE 1.3 as Direct Linear Solver

Initial Transient Solution
--------------------------

Node                                   Voltage
----                                   -------
vdd                                          0
xtop.xx1.d1                       -1.29402e-82
xtop.fb                            9.20215e-40
xtop.sns1                         -3.02453e-84
xtop.casc                        -7.60441e-118
xtop.xx1.d2                        8.60008e-98
xtop.sns2                          5.62167e-99
xtop.xx1.e2                        5.62167e-99
xtop.xx1.xr2.11                    5.62167e-99
xtop.xx1.xr2.21                    5.62167e-99
xtop.xx1.d3                       -2.73095e-16
vref                              -5.07614e-17
xtop.xx1.e3                       -5.07614e-17
xtop.xx1.xr1.11                   -5.07614e-17
xtop.xx1.xr1.21                   -5.07614e-17
xtop.xx1.d4                      -7.74619e-126
xtop.ibias                        2.36348e-126
xtop.xx2.a3                       -2.75532e-62
xtop.xx2.nd1                      -2.71958e-40
xtop.xx2.a4                        -1.5364e-61
xtop.xx2.pbias                   -1.36974e-137
xtop.xx2.ncasc                     1.53935e-22
xtop.xx2.n1                        4.03498e-20
xtop.xx2.n2                       -4.03498e-20
xtop.xx2.tail                      1.34513e-21
xtop.xx2.nb1                      -3.07858e-22
xtop.vdd_su                                  0
xtop.xx3.det                                 0
xtop.xx3.xrpu.11                             0
xtop.xx3.xrpu.21                             0
v.xtop.vsu_sense#branch                      0
vsup#branch                        5.27357e-29

 Reference value :  0.00000e+00
 Reference value :  5.60528e-04
 Reference value :  1.42453e-03
 Reference value :  2.32053e-03
No. of Data Rows : 3086
m_startup_time_s = 1.0528335666e-05
m_vref_final_v = 1.2264932194e+00
m_iq_total_final_ua = 3.0764353591e+01
m_iq_startup_branch_final_ua = 1.6639931236e+00
m_det_final_v = 9.7775074817e-03
m_t0_s = 1.0000000000e-06
m_t_settle_s = 1.1528335666e-05
Note: Simulation executed from .control section 

Warning: m=xx on .subckt line will override multiplier m hierarchy!

