
Note: Compatibility modes selected: hs a


Circuit: * startup @ bjt_ff_-40c_2.97v -- generated by sim/harness, do not edit

Doing analysis at TEMP = -40.000000 and TNOM = 27.000000

Using SPARSE 1.3 as Direct Linear Solver

Initial Transient Solution
--------------------------

Node                                   Voltage
----                                   -------
vdd                                          0
xtop.xx1.d1                        1.95159e-39
xtop.fb                           -1.86705e-21
xtop.sns1                          3.33703e-41
xtop.casc                        -1.71009e-127
xtop.xx1.d2                        1.44003e-41
xtop.sns2                          2.42903e-43
xtop.xx1.e2                        2.42903e-43
xtop.xx1.xr2.11                    2.42903e-43
xtop.xx1.xr2.21                    2.42903e-43
xtop.xx1.d3                        5.68129e-39
vref                               9.86366e-41
xtop.xx1.e3                        9.86366e-41
xtop.xx1.xr1.11                    9.86366e-41
xtop.xx1.xr1.21                    9.86366e-41
xtop.xx1.d4                       1.13968e-151
xtop.ibias                        9.92422e-152
xtop.xx2.a3                        1.78791e-22
xtop.xx2.nd1                       6.65499e-22
xtop.xx2.a4                        -1.1127e-20
xtop.xx2.pbias                   -2.37621e-121
xtop.xx2.ncasc                     1.53935e-22
xtop.xx2.n1                        4.63423e-21
xtop.xx2.n2                       -2.95009e-20
xtop.xx2.tail                      1.51786e-20
xtop.xx2.nb1                      -3.07858e-22
xtop.vdd_su                                  0
xtop.xx3.det                                 0
xtop.xx3.xrpu.11                             0
xtop.xx3.xrpu.21                             0
v.xtop.vsu_sense#branch                      0
vsup#branch                        5.35516e-33

 Reference value :  0.00000e+00
 Reference value :  5.77569e-04
 Reference value :  1.48357e-03
 Reference value :  2.39257e-03
No. of Data Rows : 3084
m_startup_time_s = 1.1651930584e-05
m_vref_final_v = 1.2168318685e+00
m_iq_total_final_ua = 3.1288316419e+01
m_iq_startup_branch_final_ua = 1.3614990241e+00
m_det_final_v = 7.8907696722e-03
m_t0_s = 9.1697453099e-07
m_t_settle_s = 1.2568905115e-05
Note: Simulation executed from .control section 

Warning: m=xx on .subckt line will override multiplier m hierarchy!

