
Note: Compatibility modes selected: hs a


Circuit: * startup @ ff_-40c_3.63v -- generated by sim/harness, do not edit

Doing analysis at TEMP = -40.000000 and TNOM = 27.000000

Using SPARSE 1.3 as Direct Linear Solver

Initial Transient Solution
--------------------------

Node                                   Voltage
----                                   -------
vdd                                          0
xtop.xx1.d1                        -3.0482e-31
xtop.fb                             4.2958e-19
xtop.sns1                          2.18474e-31
xtop.casc                         -3.42464e-69
xtop.xx1.d2                        7.50151e-46
xtop.sns2                         -7.37996e-46
xtop.xx1.e2                       -7.37996e-46
xtop.xx1.xr2.11                   -7.37996e-46
xtop.xx1.xr2.21                   -7.37996e-46
xtop.xx1.d3                        -5.1193e-46
vref                               5.04157e-46
xtop.xx1.e3                        5.04157e-46
xtop.xx1.xr1.11                    5.04157e-46
xtop.xx1.xr1.21                    5.04157e-46
xtop.xx1.d4                       -2.27174e-78
xtop.ibias                         2.85546e-76
xtop.xx2.a3                        5.15937e-21
xtop.xx2.nd1                       8.18265e-20
xtop.xx2.a4                       -1.58195e-20
xtop.xx2.pbias                    -5.85485e-86
xtop.xx2.ncasc                     4.65679e-77
xtop.xx2.n1                        4.72989e-18
xtop.xx2.n2                       -1.83779e-17
xtop.xx2.tail                      8.38845e-18
xtop.xx2.nb1                       -7.3486e-77
xtop.vdd_su                                  0
xtop.xx3.det                                 0
xtop.xx3.xrpu.11                             0
xtop.xx3.xrpu.21                             0
v.xtop.vsu_sense#branch                      0
vsup#branch                        5.39536e-31

 Reference value :  0.00000e+00
 Reference value :  5.55838e-04
 Reference value :  1.44484e-03
 Reference value :  2.38384e-03
No. of Data Rows : 3087
m_startup_time_s = 9.2891072155e-06
m_vref_final_v = 1.2196206409e+00
m_iq_total_final_ua = 3.8572127244e+01
m_iq_startup_branch_final_ua = 2.0795796744e+00
m_det_final_v = 1.0433000948e-02
m_t0_s = 9.0792834663e-07
m_t_settle_s = 1.0197035562e-05
Note: Simulation executed from .control section 

Warning: m=xx on .subckt line will override multiplier m hierarchy!

