
Note: Compatibility modes selected: hs a


Circuit: * startup @ ff_27c_3.30v -- generated by sim/harness, do not edit

Doing analysis at TEMP = 27.000000 and TNOM = 27.000000

Using SPARSE 1.3 as Direct Linear Solver

Initial Transient Solution
--------------------------

Node                                   Voltage
----                                   -------
vdd                                          0
xtop.xx1.d1                       -1.00044e-71
xtop.fb                            6.10399e-43
xtop.sns1                          1.52846e-71
xtop.casc                          1.10864e-91
xtop.xx1.d2                        -8.1491e-82
xtop.sns2                          1.25384e-81
xtop.xx1.e2                        1.25384e-81
xtop.xx1.xr2.11                    1.25384e-81
xtop.xx1.xr2.21                    1.25384e-81
xtop.xx1.d3                       -5.76297e-82
vref                               8.88805e-82
xtop.xx1.e3                        8.88805e-82
xtop.xx1.xr1.11                    8.88805e-82
xtop.xx1.xr1.21                    8.88805e-82
xtop.xx1.d4                        5.62419e-98
xtop.ibias                        -2.63904e-96
xtop.xx2.a3                        1.06467e-43
xtop.xx2.nd1                       7.08712e-43
xtop.xx2.a4                        9.21296e-44
xtop.xx2.pbias                   -5.09775e-130
xtop.xx2.ncasc                    -4.50097e-98
xtop.xx2.n1                        8.17108e-43
xtop.xx2.n2                        8.08959e-43
xtop.xx2.tail                      -3.0913e-43
xtop.xx2.nb1                       7.26032e-98
xtop.vdd_su                                  0
xtop.xx3.det                     -3.87848e-106
xtop.xx3.xrpu.11                 -3.87837e-106
xtop.xx3.xrpu.21                  -1.0213e-110
v.xtop.vsu_sense#branch           2.39251e-112
vsup#branch                        1.74156e-54

 Reference value :  0.00000e+00
 Reference value :  5.86897e-04
 Reference value :  1.49590e-03
 Reference value :  2.37890e-03
No. of Data Rows : 3083
m_startup_time_s = 1.1985504792e-05
m_vref_final_v = 1.2312996598e+00
m_iq_total_final_ua = 4.8215457767e+01
m_iq_startup_branch_final_ua = 2.0289494940e+00
m_det_final_v = 1.0895462263e-02
m_t0_s = 9.1139858818e-07
m_t_settle_s = 1.2896903380e-05
Note: Simulation executed from .control section 

Warning: m=xx on .subckt line will override multiplier m hierarchy!

Note: Starting dynamic gmin stepping
Note: Dynamic gmin stepping completed
