
Note: Compatibility modes selected: hs a


Circuit: * startup @ fs_-40c_3.63v -- generated by sim/harness, do not edit

Doing analysis at TEMP = -40.000000 and TNOM = 27.000000

Using SPARSE 1.3 as Direct Linear Solver

Initial Transient Solution
--------------------------

Node                                   Voltage
----                                   -------
vdd                                          0
xtop.xx1.d1                       -9.12289e-99
xtop.fb                            2.95421e-25
xtop.sns1                           1.6444e-99
xtop.casc                         -4.55502e-93
xtop.xx1.d2                       1.24894e-102
xtop.sns2                        -2.18033e-103
xtop.xx1.e2                      -2.18033e-103
xtop.xx1.xr2.11                  -2.18033e-103
xtop.xx1.xr2.21                  -2.18033e-103
xtop.xx1.d3                        -3.2863e-18
vref                              -9.60259e-19
xtop.xx1.e3                       -9.60262e-19
xtop.xx1.xr1.11                   -9.60262e-19
xtop.xx1.xr1.21                   -9.60259e-19
xtop.xx1.d4                       4.30309e-102
xtop.ibias                        -1.97663e-97
xtop.xx2.a3                        4.43146e-25
xtop.xx2.nd1                       -4.4434e-25
xtop.xx2.a4                       -4.43146e-25
xtop.xx2.pbias                     1.87884e-21
xtop.xx2.ncasc                    -9.76261e-89
xtop.xx2.n1                        7.97126e-43
xtop.xx2.n2                        5.57792e-43
xtop.xx2.tail                     -4.41517e-44
xtop.xx2.nb1                       1.57962e-88
xtop.vdd_su                                  0
xtop.xx3.det                                 0
xtop.xx3.xrpu.11                             0
xtop.xx3.xrpu.21                             0
v.xtop.vsu_sense#branch                      0
vsup#branch                        1.01864e-30

 Reference value :  0.00000e+00
 Reference value :  5.23491e-04
 Reference value :  1.40149e-03
 Reference value :  2.27549e-03
No. of Data Rows : 3088
m_startup_time_s = 1.0534974986e-05
m_vref_final_v = 1.2207132768e+00
m_iq_total_final_ua = 3.2809856896e+01
m_iq_startup_branch_final_ua = 1.6640515395e+00
m_det_final_v = 9.6504165290e-03
m_t0_s = 1.0000000000e-06
m_t_settle_s = 1.1534974986e-05
Note: Simulation executed from .control section 

Warning: m=xx on .subckt line will override multiplier m hierarchy!

