
Note: Compatibility modes selected: hs a


Circuit: * startup @ fs_125c_3.63v -- generated by sim/harness, do not edit

Doing analysis at TEMP = 125.000000 and TNOM = 27.000000

Using SPARSE 1.3 as Direct Linear Solver

Initial Transient Solution
--------------------------

Node                                   Voltage
----                                   -------
vdd                                          0
xtop.xx1.d1                       -7.07124e-16
xtop.fb                           -7.80902e-17
xtop.sns1                           4.2191e-14
xtop.casc                         -2.59802e-18
xtop.xx1.d2                        1.93981e-19
xtop.sns2                          8.03436e-20
xtop.xx1.e2                        8.03436e-20
xtop.xx1.xr2.11                    8.03436e-20
xtop.xx1.xr2.21                    8.03436e-20
xtop.xx1.d3                       -7.11759e-16
vref                               4.24407e-14
xtop.xx1.e3                        4.24407e-14
xtop.xx1.xr1.11                    4.24407e-14
xtop.xx1.xr1.21                    4.24407e-14
xtop.xx1.d4                       -1.61367e-18
xtop.ibias                        -1.26336e-18
xtop.xx2.a3                        1.85545e-19
xtop.xx2.nd1                       2.69074e-17
xtop.xx2.a4                       -1.43859e-18
xtop.xx2.pbias                    -4.18854e-19
xtop.xx2.ncasc                     1.70177e-18
xtop.xx2.n1                        2.66987e-17
xtop.xx2.n2                       -1.24849e-16
xtop.xx2.tail                      2.62737e-17
xtop.xx2.nb1                      -1.06233e-18
xtop.vdd_su                                  0
xtop.xx3.det                                 0
xtop.xx3.xrpu.11                             0
xtop.xx3.xrpu.21                             0
v.xtop.vsu_sense#branch                      0
vsup#branch                       -3.67135e-25

 Reference value :  0.00000e+00
 Reference value :  6.89619e-04
 Reference value :  1.55562e-03
 Reference value :  2.40562e-03
No. of Data Rows : 3053
m_startup_time_s = 2.1648774703e-05
m_vref_final_v = 1.2476862352e+00
m_iq_total_final_ua = 5.2352551841e+01
m_iq_startup_branch_final_ua = 1.9133084691e+00
m_det_final_v = 1.3019574877e-02
m_t0_s = 9.6977460486e-07
m_t_settle_s = 2.2618549308e-05
Note: Simulation executed from .control section 

Warning: m=xx on .subckt line will override multiplier m hierarchy!

