
Note: Compatibility modes selected: hs a


Circuit: * startup @ fs_27c_3.63v -- generated by sim/harness, do not edit

Doing analysis at TEMP = 27.000000 and TNOM = 27.000000

Using SPARSE 1.3 as Direct Linear Solver

Initial Transient Solution
--------------------------

Node                                   Voltage
----                                   -------
vdd                                          0
xtop.xx1.d1                         8.2137e-31
xtop.fb                            2.11174e-18
xtop.sns1                         -7.33561e-31
xtop.casc                         -6.03159e-18
xtop.xx1.d2                        3.12145e-24
xtop.sns2                         -2.78185e-24
xtop.xx1.e2                       -2.78185e-24
xtop.xx1.xr2.11                   -2.78185e-24
xtop.xx1.xr2.21                   -2.78185e-24
xtop.xx1.d3                        9.95965e-17
vref                               -4.1064e-17
xtop.xx1.e3                        -4.1064e-17
xtop.xx1.xr1.11                    -4.1064e-17
xtop.xx1.xr1.21                    -4.1064e-17
xtop.xx1.d4                        1.92567e-22
xtop.ibias                        -8.90716e-19
xtop.xx2.a3                        5.87041e-22
xtop.xx2.nd1                       1.34573e-18
xtop.xx2.a4                        1.04074e-21
xtop.xx2.pbias                     3.81808e-22
xtop.xx2.ncasc                    -6.74979e-21
xtop.xx2.n1                        1.69926e-18
xtop.xx2.n2                        7.75486e-19
xtop.xx2.tail                     -9.16135e-19
xtop.xx2.nb1                       1.09186e-20
xtop.vdd_su                                  0
xtop.xx3.det                     -5.52295e-151
xtop.xx3.xrpu.11                 -5.52295e-151
xtop.xx3.xrpu.21                 -2.88404e-158
v.xtop.vsu_sense#branch           6.75621e-160
vsup#branch                           4.78e-29

 Reference value :  0.00000e+00
 Reference value :  5.73639e-04
 Reference value :  1.45164e-03
 Reference value :  2.31664e-03
No. of Data Rows : 3085
m_startup_time_s = 1.2661454622e-05
m_vref_final_v = 1.2331905119e+00
m_iq_total_final_ua = 3.8464679729e+01
m_iq_startup_branch_final_ua = 1.7859156575e+00
m_det_final_v = 1.1131320031e-02
m_t0_s = 9.7748599825e-07
m_t_settle_s = 1.3638940621e-05
Note: Simulation executed from .control section 

Warning: m=xx on .subckt line will override multiplier m hierarchy!

