
Note: Compatibility modes selected: hs a


Circuit: * startup @ res_ff_-40c_2.97v -- generated by sim/harness, do not edit

Doing analysis at TEMP = -40.000000 and TNOM = 27.000000

Using SPARSE 1.3 as Direct Linear Solver

Initial Transient Solution
--------------------------

Node                                   Voltage
----                                   -------
vdd                                          0
xtop.xx1.d1                       -7.24589e-43
xtop.fb                            6.68762e-22
xtop.sns1                          8.21706e-44
xtop.casc                          2.53867e-43
xtop.xx1.d2                        1.08345e-43
xtop.sns2                         -9.36177e-44
xtop.xx1.e2                       -9.36177e-44
xtop.xx1.xr2.11                   -9.36177e-44
xtop.xx1.xr2.21                   -9.36177e-44
xtop.xx1.d3                        5.62295e-44
vref                               1.95067e-44
xtop.xx1.e3                        1.95067e-44
xtop.xx1.xr1.11                    1.95067e-44
xtop.xx1.xr1.21                    1.95067e-44
xtop.xx1.d4                        1.09001e-57
xtop.ibias                         3.50975e-58
xtop.xx2.a3                        3.95299e-20
xtop.xx2.nd1                       1.32293e-19
xtop.xx2.a4                        3.31314e-22
xtop.xx2.pbias                    3.75288e-139
xtop.xx2.ncasc                    -1.53935e-22
xtop.xx2.n1                       -4.49572e-18
xtop.xx2.n2                         4.1123e-19
xtop.xx2.tail                      2.61223e-18
xtop.xx2.nb1                       3.07858e-22
xtop.vdd_su                                  0
xtop.xx3.det                                 0
xtop.xx3.xrpu.11                             0
xtop.xx3.xrpu.21                             0
v.xtop.vsu_sense#branch                      0
vsup#branch                        1.62815e-31

 Reference value :  0.00000e+00
 Reference value :  5.76031e-04
 Reference value :  1.47803e-03
 Reference value :  2.33803e-03
No. of Data Rows : 3075
m_startup_time_s = 1.1031425421e-05
m_vref_final_v = 1.2235593191e+00
m_iq_total_final_ua = 3.7867117506e+01
m_iq_startup_branch_final_ua = 1.7014231074e+00
m_det_final_v = 8.6251573829e-03
m_t0_s = 1.0000000000e-06
m_t_settle_s = 1.2031425421e-05
Note: Simulation executed from .control section 

Warning: m=xx on .subckt line will override multiplier m hierarchy!

