
Note: Compatibility modes selected: hs a


Circuit: * startup @ res_ff_27c_3.63v -- generated by sim/harness, do not edit

Doing analysis at TEMP = 27.000000 and TNOM = 27.000000

Using SPARSE 1.3 as Direct Linear Solver

Initial Transient Solution
--------------------------

Node                                   Voltage
----                                   -------
vdd                                          0
xtop.xx1.d1                        8.20143e-26
xtop.fb                            3.22695e-15
xtop.sns1                         -4.36475e-26
xtop.casc                          1.42312e-20
xtop.xx1.d2                        1.30487e-19
xtop.sns2                          3.37756e-20
xtop.xx1.e2                        3.37756e-20
xtop.xx1.xr2.11                    3.37756e-20
xtop.xx1.xr2.21                    3.37756e-20
xtop.xx1.d3                       -4.40761e-28
vref                               4.23735e-28
xtop.xx1.e3                        4.23734e-28
xtop.xx1.xr1.11                    4.23734e-28
xtop.xx1.xr1.21                    4.23735e-28
xtop.xx1.d4                       -1.26727e-24
xtop.ibias                         7.00743e-23
xtop.xx2.a3                        -5.3264e-16
xtop.xx2.nd1                       3.74333e-15
xtop.xx2.a4                         7.6016e-18
xtop.xx2.pbias                     2.92607e-28
xtop.xx2.ncasc                     -1.1484e-25
xtop.xx2.n1                       -2.58091e-14
xtop.xx2.n2                         1.1402e-14
xtop.xx2.tail                     -4.56954e-15
xtop.xx2.nb1                       1.85242e-25
xtop.vdd_su                                  0
xtop.xx3.det                                 0
xtop.xx3.xrpu.11                             0
xtop.xx3.xrpu.21                             0
v.xtop.vsu_sense#branch                      0
vsup#branch                        5.92402e-27

 Reference value :  0.00000e+00
 Reference value :  6.06549e-04
 Reference value :  1.48255e-03
 Reference value :  2.32755e-03
No. of Data Rows : 3066
m_startup_time_s = 1.3680032083e-05
m_vref_final_v = 1.2370954014e+00
m_iq_total_final_ua = 4.9399880269e+01
m_iq_startup_branch_final_ua = 2.2316500061e+00
m_det_final_v = 1.2300208308e-02
m_t0_s = 1.0000000000e-06
m_t_settle_s = 1.4680032083e-05
Note: Simulation executed from .control section 

Warning: m=xx on .subckt line will override multiplier m hierarchy!

