
Note: Compatibility modes selected: hs a


Circuit: * startup @ sf_125c_3.63v -- generated by sim/harness, do not edit

Doing analysis at TEMP = 125.000000 and TNOM = 27.000000

Using SPARSE 1.3 as Direct Linear Solver

Initial Transient Solution
--------------------------

Node                                   Voltage
----                                   -------
vdd                                          0
xtop.xx1.d1                       -1.71569e-16
xtop.fb                            3.04239e-15
xtop.sns1                          3.86132e-15
xtop.casc                         -7.35536e-20
xtop.xx1.d2                        -3.1259e-19
xtop.sns2                         -1.61389e-18
xtop.xx1.e2                       -1.61389e-18
xtop.xx1.xr2.11                   -1.61389e-18
xtop.xx1.xr2.21                   -1.61389e-18
xtop.xx1.d3                       -5.18354e-16
vref                               1.09914e-14
xtop.xx1.e3                        1.09913e-14
xtop.xx1.xr1.11                    1.09913e-14
xtop.xx1.xr1.21                    1.09914e-14
xtop.xx1.d4                       -2.22701e-18
xtop.ibias                         -2.3153e-19
xtop.xx2.a3                        1.05787e-15
xtop.xx2.nd1                       3.26565e-15
xtop.xx2.a4                        9.89374e-16
xtop.xx2.pbias                    -4.90456e-22
xtop.xx2.ncasc                     1.30445e-18
xtop.xx2.n1                       -4.43218e-14
xtop.xx2.n2                       -3.87811e-14
xtop.xx2.tail                     -5.29451e-14
xtop.xx2.nb1                      -8.71175e-19
xtop.vdd_su                                  0
xtop.xx3.det                     -2.16199e-262
xtop.xx3.xrpu.11                 -2.16196e-262
xtop.xx3.xrpu.21                 -3.13945e-267
v.xtop.vsu_sense#branch           1.14365e-268
vsup#branch                        7.33483e-25

 Reference value :  0.00000e+00
 Reference value :  7.13347e-04
 Reference value :  1.62235e-03
 Reference value :  2.53035e-03
No. of Data Rows : 3043
m_startup_time_s = 1.5347337456e-05
m_vref_final_v = 1.2476662897e+00
m_iq_total_final_ua = 5.0865294232e+01
m_iq_startup_branch_final_ua = 1.9131456376e+00
m_det_final_v = 1.3327396930e-02
m_t0_s = 1.0000000000e-06
m_t_settle_s = 1.6347337456e-05
Note: Simulation executed from .control section 

Warning: m=xx on .subckt line will override multiplier m hierarchy!

