
Note: Compatibility modes selected: hs a


Circuit: * startup @ sf_27c_3.63v -- generated by sim/harness, do not edit

Doing analysis at TEMP = 27.000000 and TNOM = 27.000000

Using SPARSE 1.3 as Direct Linear Solver

Initial Transient Solution
--------------------------

Node                                   Voltage
----                                   -------
vdd                                          0
xtop.xx1.d1                       -2.96317e-19
xtop.fb                            1.67698e-19
xtop.sns1                          1.60351e-18
xtop.casc                          5.05994e-33
xtop.xx1.d2                        1.12447e-18
xtop.sns2                         -1.48622e-19
xtop.xx1.e2                       -1.48622e-19
xtop.xx1.xr2.11                   -1.48622e-19
xtop.xx1.xr2.21                   -1.48622e-19
xtop.xx1.d3                       -5.30435e-19
vref                               1.91517e-20
xtop.xx1.e3                        1.91517e-20
xtop.xx1.xr1.11                    1.91517e-20
xtop.xx1.xr1.21                    1.91517e-20
xtop.xx1.d4                        3.95985e-27
xtop.ibias                        -3.40051e-27
xtop.xx2.a3                        2.65308e-19
xtop.xx2.nd1                      -3.91741e-19
xtop.xx2.a4                       -4.62149e-20
xtop.xx2.pbias                     7.29867e-66
xtop.xx2.ncasc                      4.0897e-29
xtop.xx2.n1                        1.12936e-18
xtop.xx2.n2                       -2.42226e-18
xtop.xx2.tail                       6.9446e-19
xtop.xx2.nb1                      -6.94939e-29
xtop.vdd_su                                  0
xtop.xx3.det                                 0
xtop.xx3.xrpu.11                             0
xtop.xx3.xrpu.21                             0
v.xtop.vsu_sense#branch                      0
vsup#branch                       -8.86277e-31

 Reference value :  0.00000e+00
 Reference value :  6.09601e-04
 Reference value :  1.45660e-03
 Reference value :  2.33660e-03
No. of Data Rows : 3075
m_startup_time_s = 1.3601124531e-05
m_vref_final_v = 1.2331894525e+00
m_iq_total_final_ua = 3.9426968502e+01
m_iq_startup_branch_final_ua = 1.7857869770e+00
m_det_final_v = 1.1392070250e-02
m_t0_s = 1.0000000000e-06
m_t_settle_s = 1.4601124531e-05
Note: Simulation executed from .control section 

Warning: m=xx on .subckt line will override multiplier m hierarchy!

