
Note: Compatibility modes selected: hs a


Circuit: * startup @ ss_-40c_2.97v -- generated by sim/harness, do not edit

Doing analysis at TEMP = -40.000000 and TNOM = 27.000000

Using SPARSE 1.3 as Direct Linear Solver

Initial Transient Solution
--------------------------

Node                                   Voltage
----                                   -------
vdd                                          0
xtop.xx1.d1                        4.70378e-31
xtop.fb                           -8.96538e-40
xtop.sns1                         -1.86106e-32
xtop.casc                          7.2168e-122
xtop.xx1.d2                       -8.47745e-42
xtop.sns2                          2.68913e-44
xtop.xx1.e2                        2.68913e-44
xtop.xx1.xr2.11                    2.68913e-44
xtop.xx1.xr2.21                    2.68913e-44
xtop.xx1.d3                       -5.74545e-20
vref                              -1.90129e-20
xtop.xx1.e3                       -1.90129e-20
xtop.xx1.xr1.11                   -1.90129e-20
xtop.xx1.xr1.21                   -1.90129e-20
xtop.xx1.d4                      -1.24892e-109
xtop.ibias                        6.04575e-112
xtop.xx2.a3                        2.29443e-43
xtop.xx2.nd1                      -1.81781e-39
xtop.xx2.a4                        3.66458e-43
xtop.xx2.pbias                   -1.11823e-130
xtop.xx2.ncasc                    2.58836e-119
xtop.xx2.n1                         3.5659e-38
xtop.xx2.n2                        3.61549e-38
xtop.xx2.tail                     -4.79058e-38
xtop.xx2.nb1                     -3.82968e-121
xtop.vdd_su                                  0
xtop.xx3.det                                 0
xtop.xx3.xrpu.11                             0
xtop.xx3.xrpu.21                             0
v.xtop.vsu_sense#branch                      0
vsup#branch                        1.92536e-32

 Reference value :  0.00000e+00
 Reference value :  6.58470e-04
 Reference value :  1.54847e-03
 Reference value :  2.42747e-03
No. of Data Rows : 3061
m_startup_time_s = 1.5518645373e-05
m_vref_final_v = 1.2238817560e+00
m_iq_total_final_ua = 2.5598803907e+01
m_iq_startup_branch_final_ua = 1.1347364471e+00
m_det_final_v = 7.5222567208e-03
m_t0_s = 9.5114519179e-07
m_t_settle_s = 1.6469790565e-05
Note: Simulation executed from .control section 

Warning: m=xx on .subckt line will override multiplier m hierarchy!

