
Note: Compatibility modes selected: hs a


Circuit: * startup @ ss_27c_3.63v -- generated by sim/harness, do not edit

Doing analysis at TEMP = 27.000000 and TNOM = 27.000000

Using SPARSE 1.3 as Direct Linear Solver

Initial Transient Solution
--------------------------

Node                                   Voltage
----                                   -------
vdd                                          0
xtop.xx1.d1                       -3.56534e-27
xtop.fb                            3.17122e-15
xtop.sns1                          6.37013e-27
xtop.casc                         -5.87102e-53
xtop.xx1.d2                        9.00601e-28
xtop.sns2                         -2.11317e-27
xtop.xx1.e2                       -2.11317e-27
xtop.xx1.xr2.11                   -2.11317e-27
xtop.xx1.xr2.21                   -2.11317e-27
xtop.xx1.d3                        7.42322e-28
vref                              -1.66936e-27
xtop.xx1.e3                       -1.66936e-27
xtop.xx1.xr1.11                   -1.66936e-27
xtop.xx1.xr1.21                   -1.66936e-27
xtop.xx1.d4                        5.98111e-32
xtop.ibias                         1.31824e-29
xtop.xx2.a3                        4.51569e-18
xtop.xx2.nd1                       1.57864e-14
xtop.xx2.a4                         9.3069e-19
xtop.xx2.pbias                    1.21344e-106
xtop.xx2.ncasc                    -1.07271e-63
xtop.xx2.n1                       -4.29742e-13
xtop.xx2.n2                        1.40142e-13
xtop.xx2.tail                       1.6785e-13
xtop.xx2.nb1                       1.70774e-63
xtop.vdd_su                                  0
xtop.xx3.det                                 0
xtop.xx3.xrpu.11                             0
xtop.xx3.xrpu.21                             0
v.xtop.vsu_sense#branch                      0
vsup#branch                        1.90292e-26

 Reference value :  0.00000e+00
 Reference value :  6.98410e-04
 Reference value :  1.58041e-03
 Reference value :  2.51541e-03
No. of Data Rows : 3050
m_startup_time_s = 1.2409722066e-05
m_vref_final_v = 1.2380611619e+00
m_iq_total_final_ua = 3.2653554430e+01
m_iq_startup_branch_final_ua = 1.4884476683e+00
m_det_final_v = 1.0707811065e-02
m_t0_s = 1.0000000000e-06
m_t_settle_s = 1.3409722066e-05
Note: Simulation executed from .control section 

Warning: m=xx on .subckt line will override multiplier m hierarchy!

