
Note: Compatibility modes selected: hs a


Circuit: * startup @ tt_-40c_3.30v -- generated by sim/harness, do not edit

Doing analysis at TEMP = -40.000000 and TNOM = 27.000000

Using SPARSE 1.3 as Direct Linear Solver

Initial Transient Solution
--------------------------

Node                                   Voltage
----                                   -------
vdd                                          0
xtop.xx1.d1                         2.2899e-38
xtop.fb                            1.20158e-16
xtop.sns1                          3.48835e-40
xtop.casc                           6.926e-151
xtop.xx1.d2                        3.70419e-39
xtop.sns2                          5.76448e-41
xtop.xx1.e2                        5.76448e-41
xtop.xx1.xr2.11                    5.76448e-41
xtop.xx1.xr2.21                    5.76448e-41
xtop.xx1.d3                        1.06565e-38
vref                               1.69767e-40
xtop.xx1.e3                        1.69767e-40
xtop.xx1.xr1.11                    1.69767e-40
xtop.xx1.xr1.21                    1.69767e-40
xtop.xx1.d4                        8.97463e-55
xtop.ibias                        -3.01201e-56
xtop.xx2.a3                        1.86876e-21
xtop.xx2.nd1                       3.19174e-18
xtop.xx2.a4                       -3.88979e-20
xtop.xx2.pbias                    5.75913e-157
xtop.xx2.ncasc                     1.53935e-22
xtop.xx2.n1                        8.45593e-16
xtop.xx2.n2                       -5.73452e-15
xtop.xx2.tail                       3.1149e-15
xtop.xx2.nb1                      -3.07858e-22
xtop.vdd_su                                  0
xtop.xx3.det                                 0
xtop.xx3.xrpu.11                             0
xtop.xx3.xrpu.21                             0
v.xtop.vsu_sense#branch                      0
vsup#branch                        1.24276e-28

 Reference value :  0.00000e+00
 Reference value :  7.49886e-04
 Reference value :  1.67589e-03
 Reference value :  2.58989e-03
No. of Data Rows : 3082
m_startup_time_s = 1.1103742792e-05
m_vref_final_v = 1.2207133124e+00
m_iq_total_final_ua = 3.1055016173e+01
m_iq_startup_branch_final_ua = 1.5127496576e+00
m_det_final_v = 8.8263415470e-03
m_t0_s = 9.2001773905e-07
m_t_settle_s = 1.2023760531e-05
Note: Simulation executed from .control section 

Warning: m=xx on .subckt line will override multiplier m hierarchy!

