
Note: Compatibility modes selected: hs a


Circuit: * startup @ tt_27c_3.63v -- generated by sim/harness, do not edit

Doing analysis at TEMP = 27.000000 and TNOM = 27.000000

Using SPARSE 1.3 as Direct Linear Solver

Initial Transient Solution
--------------------------

Node                                   Voltage
----                                   -------
vdd                                          0
xtop.xx1.d1                         2.8313e-19
xtop.fb                           -1.45578e-15
xtop.sns1                         -4.89612e-20
xtop.casc                         -3.26447e-27
xtop.xx1.d2                       -5.54531e-14
xtop.sns2                           8.4686e-14
xtop.xx1.e2                         8.4686e-14
xtop.xx1.xr2.11                     8.4686e-14
xtop.xx1.xr2.21                     8.4686e-14
xtop.xx1.d3                        4.24603e-14
vref                              -2.04896e-14
xtop.xx1.e3                       -2.04896e-14
xtop.xx1.xr1.11                   -2.04896e-14
xtop.xx1.xr1.21                   -2.04896e-14
xtop.xx1.d4                        2.68286e-22
xtop.ibias                        -1.41039e-20
xtop.xx2.a3                        4.06466e-17
xtop.xx2.nd1                       6.07371e-15
xtop.xx2.a4                       -9.82857e-18
xtop.xx2.pbias                     -1.0726e-56
xtop.xx2.ncasc                       1.131e-26
xtop.xx2.n1                        2.18314e-14
xtop.xx2.n2                        -7.7313e-15
xtop.xx2.tail                     -8.62037e-15
xtop.xx2.nb1                      -1.82435e-26
xtop.vdd_su                                  0
xtop.xx3.det                                 0
xtop.xx3.xrpu.11                             0
xtop.xx3.xrpu.21                             0
v.xtop.vsu_sense#branch                      0
vsup#branch                       -4.63395e-26

 Reference value :  0.00000e+00
 Reference value :  8.29421e-04
 Reference value :  1.73442e-03
 Reference value :  2.62242e-03
No. of Data Rows : 3074
m_startup_time_s = 1.2420881223e-05
m_vref_final_v = 1.2331906065e+00
m_iq_total_final_ua = 3.9581635602e+01
m_iq_startup_branch_final_ua = 1.7858519865e+00
m_det_final_v = 1.1260339021e-02
m_t0_s = 1.0000000000e-06
m_t_settle_s = 1.3420881223e-05
Note: Simulation executed from .control section 

Warning: m=xx on .subckt line will override multiplier m hierarchy!

