
Note: Compatibility modes selected: hs a


Circuit: * core-mirror-sensitivity @ fs_-40c_3.30v -- generated by sim/harness, do not edit

Doing analysis at TEMP = -40.000000 and TNOM = 27.000000

Using SPARSE 1.3 as Direct Linear Solver
 Reference value : -2.00000e-03
 Reference value :  2.00000e-03
No. of Data Rows : 2
Doing analysis at TEMP = -40.000000 and TNOM = 27.000000

Using SPARSE 1.3 as Direct Linear Solver
 Reference value : -2.00000e-03
 Reference value :  2.00000e-03
No. of Data Rows : 2
Doing analysis at TEMP = -40.000000 and TNOM = 27.000000

Using SPARSE 1.3 as Direct Linear Solver
 Reference value :  2.00000e-03
No. of Data Rows : 2
Doing analysis at TEMP = -40.000000 and TNOM = 27.000000

Using SPARSE 1.3 as Direct Linear Solver
 Reference value : -2.00000e-03
 Reference value :  2.00000e-03
No. of Data Rows : 2
Doing analysis at TEMP = -40.000000 and TNOM = 27.000000

Using SPARSE 1.3 as Direct Linear Solver
 Reference value : -2.00000e-03
 Reference value :  2.00000e-03
No. of Data Rows : 2
Doing analysis at TEMP = -40.000000 and TNOM = 27.000000

Using SPARSE 1.3 as Direct Linear Solver
 Reference value :  0.00000e+00
No. of Data Rows : 1
m_dvref_dvos_m_servo = 8.7361270288e+00
m_dvref_dvos_m_vref = -4.880517305e+00
m_dvref_dvos_m_ibias = -1.565446613e-04
m_dvref_dvos_mc_vref = -3.596906145e-02
m_dvref_dvos_m_sns1 = -3.856635048e+00
m_dvref_dvos_m_sum = -1.181869586e-03
m_margin_m1_mv = 9.6819748931e+01
m_margin_mc1_mv = 2.1536653009e+03
m_margin_m4_mv = 9.6916997041e+01
m_margin_mc4_mv = 2.2903436692e+03
m_margin_mcb_mv = 1.0608664623e+03
m_v_ibias_op = 6.7881715008e-01
m_amp_tail_ua = 1.2365860662e+00
Note: Simulation executed from .control section 

Warning: m=xx on .subckt line will override multiplier m hierarchy!

Note: Starting dynamic gmin stepping
Note: Dynamic gmin stepping completed
Note: Starting dynamic gmin stepping
Note: Dynamic gmin stepping completed
Note: Starting dynamic gmin stepping
Note: Dynamic gmin stepping completed
Note: Starting dynamic gmin stepping
Note: Dynamic gmin stepping completed
Note: Starting dynamic gmin stepping
Note: Dynamic gmin stepping completed
Note: Starting dynamic gmin stepping
Note: Dynamic gmin stepping completed
Note: Starting dynamic gmin stepping
Note: Dynamic gmin stepping completed
Note: Starting dynamic gmin stepping
Note: Dynamic gmin stepping completed
Note: Starting dynamic gmin stepping
Note: Dynamic gmin stepping completed
Note: Starting dynamic gmin stepping
Note: Dynamic gmin stepping completed
Note: Starting dynamic gmin stepping
Note: Dynamic gmin stepping completed
