
Note: Compatibility modes selected: hs a


Circuit: * core-mirror-sensitivity @ fs_125c_3.30v -- generated by sim/harness, do not edit

Doing analysis at TEMP = 125.000000 and TNOM = 27.000000

Using SPARSE 1.3 as Direct Linear Solver
 Reference value : -2.00000e-03
No. of Data Rows : 2
Doing analysis at TEMP = 125.000000 and TNOM = 27.000000

Using SPARSE 1.3 as Direct Linear Solver
 Reference value : -2.00000e-03
 Reference value :  2.00000e-03
No. of Data Rows : 2
Doing analysis at TEMP = 125.000000 and TNOM = 27.000000

Using SPARSE 1.3 as Direct Linear Solver
 Reference value : -2.00000e-03
 Reference value :  2.00000e-03
No. of Data Rows : 2
Doing analysis at TEMP = 125.000000 and TNOM = 27.000000

Using SPARSE 1.3 as Direct Linear Solver
 Reference value : -2.00000e-03
 Reference value :  2.00000e-03
No. of Data Rows : 2
Doing analysis at TEMP = 125.000000 and TNOM = 27.000000

Using SPARSE 1.3 as Direct Linear Solver
 Reference value : -2.00000e-03
 Reference value :  2.00000e-03
No. of Data Rows : 2
Doing analysis at TEMP = 125.000000 and TNOM = 27.000000

Using SPARSE 1.3 as Direct Linear Solver
 Reference value :  0.00000e+00
No. of Data Rows : 1
m_dvref_dvos_m_servo = 8.5953331913e+00
m_dvref_dvos_m_vref = -4.834848383e+00
m_dvref_dvos_m_ibias = 9.4240947768e-05
m_dvref_dvos_mc_vref = -2.367046543e-02
m_dvref_dvos_m_sns1 = -3.760968767e+00
m_dvref_dvos_m_sum = -3.897174233e-04
m_margin_m1_mv = 1.4360181310e+02
m_margin_mc1_mv = 2.1969710287e+03
m_margin_m4_mv = 1.4348239614e+02
m_margin_mc4_mv = 2.1752187296e+03
m_margin_mcb_mv = 9.7455679275e+02
m_v_ibias_op = 5.5990556304e-01
m_amp_tail_ua = 1.7718552139e+00
Note: Simulation executed from .control section 

Warning: m=xx on .subckt line will override multiplier m hierarchy!

Note: Starting dynamic gmin stepping
Note: Dynamic gmin stepping completed
Note: Starting dynamic gmin stepping
Note: Dynamic gmin stepping completed
Note: Starting dynamic gmin stepping
Note: Dynamic gmin stepping completed
Note: Starting dynamic gmin stepping
Note: Dynamic gmin stepping completed
Note: Starting dynamic gmin stepping
Note: Dynamic gmin stepping completed
Note: Starting dynamic gmin stepping
Note: Dynamic gmin stepping completed
Note: Starting dynamic gmin stepping
Note: Dynamic gmin stepping completed
Note: Starting dynamic gmin stepping
Note: Dynamic gmin stepping completed
Note: Starting dynamic gmin stepping
Note: Dynamic gmin stepping completed
Note: Starting dynamic gmin stepping
Note: Dynamic gmin stepping completed
Note: Starting dynamic gmin stepping
Note: Dynamic gmin stepping completed
