
Note: Compatibility modes selected: hs a


Circuit: * core-mirror-sensitivity @ res_ff_27c_3.30v -- generated by sim/harness, do not edit

Doing analysis at TEMP = 27.000000 and TNOM = 27.000000

Using SPARSE 1.3 as Direct Linear Solver
 Reference value : -2.00000e-03
No. of Data Rows : 2
Doing analysis at TEMP = 27.000000 and TNOM = 27.000000

Using SPARSE 1.3 as Direct Linear Solver
 Reference value : -2.00000e-03
No. of Data Rows : 2
Doing analysis at TEMP = 27.000000 and TNOM = 27.000000

Using SPARSE 1.3 as Direct Linear Solver
 Reference value : -2.00000e-03
No. of Data Rows : 2
Doing analysis at TEMP = 27.000000 and TNOM = 27.000000

Using SPARSE 1.3 as Direct Linear Solver
 Reference value : -2.00000e-03
No. of Data Rows : 2
Doing analysis at TEMP = 27.000000 and TNOM = 27.000000

Using SPARSE 1.3 as Direct Linear Solver
 Reference value : -2.00000e-03
No. of Data Rows : 2
Doing analysis at TEMP = 27.000000 and TNOM = 27.000000

Using SPARSE 1.3 as Direct Linear Solver
 Reference value :  0.00000e+00
No. of Data Rows : 1
m_dvref_dvos_m_servo = 8.0983687526e+00
m_dvref_dvos_m_vref = -4.542484882e+00
m_dvref_dvos_m_ibias = -1.363198593e-04
m_dvref_dvos_mc_vref = -2.408189528e-02
m_dvref_dvos_m_sns1 = -3.556314778e+00
m_dvref_dvos_m_sum = -5.672270567e-04
m_margin_m1_mv = 1.2847150766e+02
m_margin_mc1_mv = 2.1238007063e+03
m_margin_m4_mv = 1.2847278799e+02
m_margin_mc4_mv = 2.1107346055e+03
m_margin_mcb_mv = 9.5131755300e+02
m_v_ibias_op = 7.2377993073e-01
m_amp_tail_ua = 1.7885834769e+00
Note: Simulation executed from .control section 

Warning: m=xx on .subckt line will override multiplier m hierarchy!

Note: Starting dynamic gmin stepping
Note: Dynamic gmin stepping completed
Note: Starting dynamic gmin stepping
Note: Dynamic gmin stepping completed
Note: Starting dynamic gmin stepping
Note: Dynamic gmin stepping completed
Note: Starting dynamic gmin stepping
Note: Dynamic gmin stepping completed
Note: Starting dynamic gmin stepping
Note: Dynamic gmin stepping completed
Note: Starting dynamic gmin stepping
Note: Dynamic gmin stepping completed
Note: Starting dynamic gmin stepping
Note: Dynamic gmin stepping completed
Note: Starting dynamic gmin stepping
Note: Dynamic gmin stepping completed
Note: Starting dynamic gmin stepping
Note: Dynamic gmin stepping completed
Note: Starting dynamic gmin stepping
Note: Dynamic gmin stepping completed
Note: Starting dynamic gmin stepping
Note: Dynamic gmin stepping completed
