
Note: Compatibility modes selected: hs a


Circuit: * core-mirror-sensitivity @ sf_-40c_3.63v -- generated by sim/harness, do not edit

Doing analysis at TEMP = -40.000000 and TNOM = 27.000000

Using SPARSE 1.3 as Direct Linear Solver
 Reference value : -2.00000e-03
 Reference value :  2.00000e-03
No. of Data Rows : 2
Doing analysis at TEMP = -40.000000 and TNOM = 27.000000

Using SPARSE 1.3 as Direct Linear Solver
 Reference value : -2.00000e-03
No. of Data Rows : 2
Doing analysis at TEMP = -40.000000 and TNOM = 27.000000

Using SPARSE 1.3 as Direct Linear Solver
 Reference value : -2.00000e-03
 Reference value :  2.00000e-03
No. of Data Rows : 2
Doing analysis at TEMP = -40.000000 and TNOM = 27.000000

Using SPARSE 1.3 as Direct Linear Solver
 Reference value : -2.00000e-03
 Reference value :  2.00000e-03
No. of Data Rows : 2
Doing analysis at TEMP = -40.000000 and TNOM = 27.000000

Using SPARSE 1.3 as Direct Linear Solver
 Reference value :  2.00000e-03
No. of Data Rows : 2
Doing analysis at TEMP = -40.000000 and TNOM = 27.000000

Using SPARSE 1.3 as Direct Linear Solver
 Reference value :  0.00000e+00
No. of Data Rows : 1
m_dvref_dvos_m_servo = 9.1555778820e+00
m_dvref_dvos_m_vref = -5.114761694e+00
m_dvref_dvos_m_ibias = -2.904809360e-04
m_dvref_dvos_mc_vref = -3.858906741e-02
m_dvref_dvos_m_sns1 = -4.041896562e+00
m_dvref_dvos_m_sum = -1.370855685e-03
m_margin_m1_mv = 9.4597152205e+01
m_margin_mc1_mv = 2.4921691220e+03
m_margin_m4_mv = 9.4669551042e+01
m_margin_mc4_mv = 2.4679567400e+03
m_margin_mcb_mv = 8.7033027505e+02
m_v_ibias_op = 8.3970908782e-01
m_amp_tail_ua = 1.2064913681e+00
Note: Simulation executed from .control section 

Warning: m=xx on .subckt line will override multiplier m hierarchy!

Note: Starting dynamic gmin stepping
Note: Dynamic gmin stepping completed
Note: Starting dynamic gmin stepping
Note: Dynamic gmin stepping completed
Note: Starting dynamic gmin stepping
Note: Dynamic gmin stepping completed
Note: Starting dynamic gmin stepping
Note: Dynamic gmin stepping completed
Note: Starting dynamic gmin stepping
Note: Dynamic gmin stepping completed
Note: Starting dynamic gmin stepping
Note: Dynamic gmin stepping completed
Note: Starting dynamic gmin stepping
Note: Dynamic gmin stepping completed
Note: Starting dynamic gmin stepping
Note: Dynamic gmin stepping completed
Note: Starting dynamic gmin stepping
Note: Dynamic gmin stepping completed
Note: Starting dynamic gmin stepping
Note: Dynamic gmin stepping completed
Note: Starting dynamic gmin stepping
Note: Dynamic gmin stepping completed
