
Note: Compatibility modes selected: hs a


Circuit: * psrr-dc @ bjt_ss_27c_3.63v -- generated by sim/harness, do not edit

Doing analysis at TEMP = 27.000000 and TNOM = 27.000000

Using SPARSE 1.3 as Direct Linear Solver

No. of Data Rows : 1
Doing analysis at TEMP = 27.000000 and TNOM = 27.000000

Using SPARSE 1.3 as Direct Linear Solver

No. of Data Rows : 161
     * psrr-dc @ bjt_ss_27c_3.63v -- generated by sim/harness, do not edit
     AC Analysis  Fri Jul 31 20:27:48  2026
--------------------------------------------------------------------------------
Index   frequency       psrr_db         
--------------------------------------------------------------------------------
0	1.0000000000e-01	4.3985814301e+01	
1	1.1220184543e-01	4.3985814301e+01	
2	1.2589254118e-01	4.3985814301e+01	
3	1.4125375446e-01	4.3985814301e+01	
4	1.5848931925e-01	4.3985814301e+01	
5	1.7782794100e-01	4.3985814301e+01	
6	1.9952623150e-01	4.3985814301e+01	
7	2.2387211386e-01	4.3985814301e+01	
8	2.5118864315e-01	4.3985814301e+01	
9	2.8183829313e-01	4.3985814301e+01	
10	3.1622776602e-01	4.3985814301e+01	
11	3.5481338923e-01	4.3985814301e+01	
12	3.9810717055e-01	4.3985814301e+01	
13	4.4668359215e-01	4.3985814301e+01	
14	5.0118723363e-01	4.3985814300e+01	
15	5.6234132519e-01	4.3985814300e+01	
16	6.3095734448e-01	4.3985814300e+01	
17	7.0794578438e-01	4.3985814300e+01	
18	7.9432823472e-01	4.3985814300e+01	
19	8.9125093813e-01	4.3985814300e+01	
20	1.0000000000e+00	4.3985814300e+01	
21	1.1220184543e+00	4.3985814300e+01	
22	1.2589254118e+00	4.3985814300e+01	
23	1.4125375446e+00	4.3985814300e+01	
24	1.5848931925e+00	4.3985814300e+01	
25	1.7782794100e+00	4.3985814300e+01	
26	1.9952623150e+00	4.3985814300e+01	
27	2.2387211386e+00	4.3985814300e+01	
28	2.5118864315e+00	4.3985814300e+01	
29	2.8183829313e+00	4.3985814300e+01	
30	3.1622776602e+00	4.3985814300e+01	
31	3.5481338923e+00	4.3985814300e+01	
32	3.9810717055e+00	4.3985814300e+01	
33	4.4668359215e+00	4.3985814300e+01	
34	5.0118723363e+00	4.3985814300e+01	
35	5.6234132519e+00	4.3985814300e+01	
36	6.3095734448e+00	4.3985814299e+01	
37	7.0794578438e+00	4.3985814299e+01	
38	7.9432823472e+00	4.3985814299e+01	
39	8.9125093813e+00	4.3985814298e+01	
40	1.0000000000e+01	4.3985814298e+01	
41	1.1220184543e+01	4.3985814297e+01	
42	1.2589254118e+01	4.3985814296e+01	
43	1.4125375446e+01	4.3985814295e+01	
44	1.5848931925e+01	4.3985814293e+01	
45	1.7782794100e+01	4.3985814291e+01	
46	1.9952623150e+01	4.3985814289e+01	
47	2.2387211386e+01	4.3985814286e+01	
48	2.5118864315e+01	4.3985814283e+01	
49	2.8183829313e+01	4.3985814278e+01	
50	3.1622776602e+01	4.3985814272e+01	
51	3.5481338923e+01	4.3985814265e+01	
52	3.9810717055e+01	4.3985814255e+01	
53	4.4668359215e+01	4.3985814244e+01	
54	5.0118723363e+01	4.3985814229e+01	

Index   frequency       psrr_db         
--------------------------------------------------------------------------------
55	5.6234132519e+01	4.3985814210e+01	
56	6.3095734448e+01	4.3985814187e+01	
57	7.0794578438e+01	4.3985814158e+01	
58	7.9432823472e+01	4.3985814121e+01	
59	8.9125093813e+01	4.3985814074e+01	
60	1.0000000000e+02	4.3985814016e+01	
61	1.1220184543e+02	4.3985813942e+01	
62	1.2589254118e+02	4.3985813849e+01	
63	1.4125375446e+02	4.3985813732e+01	
64	1.5848931925e+02	4.3985813585e+01	
65	1.7782794100e+02	4.3985813399e+01	
66	1.9952623150e+02	4.3985813166e+01	
67	2.2387211386e+02	4.3985812872e+01	
68	2.5118864315e+02	4.3985812503e+01	
69	2.8183829313e+02	4.3985812037e+01	
70	3.1622776602e+02	4.3985811451e+01	
71	3.5481338923e+02	4.3985810713e+01	
72	3.9810717055e+02	4.3985809785e+01	
73	4.4668359215e+02	4.3985808615e+01	
74	5.0118723363e+02	4.3985807143e+01	
75	5.6234132519e+02	4.3985806709e+01	
76	6.3095734448e+02	4.3985804376e+01	
77	7.0794578438e+02	4.3985801439e+01	
78	7.9432823472e+02	4.3985797741e+01	
79	8.9125093813e+02	4.3985794506e+01	
80	1.0000000000e+03	4.3985788645e+01	
81	1.1220184543e+03	4.3985781268e+01	
82	1.2589254118e+03	4.3985773399e+01	
83	1.4125375446e+03	4.3985765963e+01	
84	1.5848931925e+03	4.3985752662e+01	
85	1.7782794100e+03	4.3985735550e+01	
86	1.9952623150e+03	4.3985717896e+01	
87	2.2387211386e+03	4.3985689945e+01	
88	2.5118864315e+03	4.3985660065e+01	
89	2.8183829313e+03	4.3985617774e+01	
90	3.1622776602e+03	4.3985567688e+01	
91	3.5481338923e+03	4.3985503848e+01	
92	3.9810717055e+03	4.3985422327e+01	
93	4.4668359215e+03	4.3985322435e+01	
94	5.0118723363e+03	4.3985192273e+01	
95	5.6234132519e+03	4.3985032517e+01	
96	6.3095734448e+03	4.3984829045e+01	
97	7.0794578438e+03	4.3984577954e+01	
98	7.9432823472e+03	4.3984253681e+01	
99	8.9125093813e+03	4.3983849319e+01	
100	1.0000000000e+04	4.3983344362e+01	
101	1.1220184543e+04	4.3982701968e+01	
102	1.2589254118e+04	4.3981901351e+01	
103	1.4125375446e+04	4.3980886062e+01	
104	1.5848931925e+04	4.3979613847e+01	
105	1.7782794100e+04	4.3978005154e+01	
106	1.9952623150e+04	4.3975988635e+01	
107	2.2387211386e+04	4.3973443524e+01	
108	2.5118864315e+04	4.3970245597e+01	
109	2.8183829313e+04	4.3966223625e+01	
110	3.1622776602e+04	4.3961159152e+01	
111	3.5481338923e+04	4.3954789396e+01	
112	3.9810717055e+04	4.3946784368e+01	

Index   frequency       psrr_db         
--------------------------------------------------------------------------------
113	4.4668359215e+04	4.3936717401e+01	
114	5.0118723363e+04	4.3924066334e+01	
115	5.6234132519e+04	4.3908175075e+01	
116	6.3095734448e+04	4.3888231141e+01	
117	7.0794578438e+04	4.3863218244e+01	
118	7.9432823472e+04	4.3831864166e+01	
119	8.9125093813e+04	4.3792618778e+01	
120	1.0000000000e+05	4.3743556950e+01	
121	1.1220184543e+05	4.3682338471e+01	
122	1.2589254118e+05	4.3606114873e+01	
123	1.4125375446e+05	4.3511456893e+01	
124	1.5848931925e+05	4.3394298263e+01	
125	1.7782794100e+05	4.3249847883e+01	
126	1.9952623150e+05	4.3072588775e+01	
127	2.2387211386e+05	4.2856308224e+01	
128	2.5118864315e+05	4.2594154484e+01	
129	2.8183829313e+05	4.2278813954e+01	
130	3.1622776602e+05	4.1902831913e+01	
131	3.5481338923e+05	4.1458956495e+01	
132	3.9810717055e+05	4.0940639244e+01	
133	4.4668359215e+05	4.0342566171e+01	
134	5.0118723363e+05	3.9661245534e+01	
135	5.6234132519e+05	3.8895530037e+01	
136	6.3095734448e+05	3.8047123570e+01	
137	7.0794578438e+05	3.7120927862e+01	
138	7.9432823472e+05	3.6125305465e+01	
139	8.9125093813e+05	3.5072151407e+01	
140	1.0000000000e+06	3.3976723144e+01	
141	1.1220184543e+06	3.2857219786e+01	
142	1.2589254118e+06	3.1733983478e+01	
143	1.4125375446e+06	3.0628303701e+01	
144	1.5848931925e+06	2.9560836301e+01	
145	1.7782794100e+06	2.8549840812e+01	
146	1.9952623150e+06	2.7609500264e+01	
147	2.2387211386e+06	2.6748788716e+01	
148	2.5118864315e+06	2.5971189561e+01	
149	2.8183829313e+06	2.5275326408e+01	
150	3.1622776602e+06	2.4656253576e+01	
151	3.5481338923e+06	2.4106929664e+01	
152	3.9810717055e+06	2.3619480723e+01	
153	4.4668359215e+06	2.3185995466e+01	
154	5.0118723363e+06	2.2798856178e+01	
155	5.6234132519e+06	2.2450728407e+01	
156	6.3095734448e+06	2.2134382543e+01	
157	7.0794578438e+06	2.1842496653e+01	
158	7.9432823472e+06	2.1567518111e+01	
159	8.9125093813e+06	2.1301616369e+01	
160	1.0000000000e+07	2.1036724149e+01	
m_psrr_1hz_db = 4.3985814300e+01
m_psrr_1khz_db = 4.3985788645e+01
m_psrr_10hz_db = 4.3985814298e+01
m_psrr_100hz_db = 4.3985814016e+01
m_psrr_10khz_db = 4.3983344362e+01
m_psrr_100khz_db = 4.3743556950e+01
m_psrr_1mhz_db = 3.3976723144e+01
m_vref_op = 1.2363261163e+00
m_f_dc_hz = 1.0000000000e+00
m_f_band_edge_hz = 1.0000000000e+03
Note: Simulation executed from .control section 

Warning: m=xx on .subckt line will override multiplier m hierarchy!

Note: Starting dynamic gmin stepping
Note: Dynamic gmin stepping completed
Note: Starting dynamic gmin stepping
Note: Dynamic gmin stepping completed
