
Note: Compatibility modes selected: hs a


Circuit: * psrr-dc @ bjt_ff_27c_2.97v -- generated by sim/harness, do not edit

Doing analysis at TEMP = 27.000000 and TNOM = 27.000000

Using SPARSE 1.3 as Direct Linear Solver
 Reference value :  0.00000e+00
No. of Data Rows : 1
Doing analysis at TEMP = 27.000000 and TNOM = 27.000000

Using SPARSE 1.3 as Direct Linear Solver

No. of Data Rows : 161
     * psrr-dc @ bjt_ff_27c_2.97v -- generated by sim/harness, do not edit
     AC Analysis  Fri Jul 31 20:27:46  2026
--------------------------------------------------------------------------------
Index   frequency       psrr_db         
--------------------------------------------------------------------------------
0	1.0000000000e-01	6.4808649162e+01	
1	1.1220184543e-01	6.4808649162e+01	
2	1.2589254118e-01	6.4808649162e+01	
3	1.4125375446e-01	6.4808649162e+01	
4	1.5848931925e-01	6.4808649162e+01	
5	1.7782794100e-01	6.4808649162e+01	
6	1.9952623150e-01	6.4808649162e+01	
7	2.2387211386e-01	6.4808649162e+01	
8	2.5118864315e-01	6.4808649162e+01	
9	2.8183829313e-01	6.4808649162e+01	
10	3.1622776602e-01	6.4808649162e+01	
11	3.5481338923e-01	6.4808649162e+01	
12	3.9810717055e-01	6.4808649162e+01	
13	4.4668359215e-01	6.4808649162e+01	
14	5.0118723363e-01	6.4808649162e+01	
15	5.6234132519e-01	6.4808649162e+01	
16	6.3095734448e-01	6.4808649162e+01	
17	7.0794578438e-01	6.4808649162e+01	
18	7.9432823472e-01	6.4808649162e+01	
19	8.9125093813e-01	6.4808649162e+01	
20	1.0000000000e+00	6.4808649162e+01	
21	1.1220184543e+00	6.4808649161e+01	
22	1.2589254118e+00	6.4808649161e+01	
23	1.4125375446e+00	6.4808649161e+01	
24	1.5848931925e+00	6.4808649161e+01	
25	1.7782794100e+00	6.4808649160e+01	
26	1.9952623150e+00	6.4808649160e+01	
27	2.2387211386e+00	6.4808649159e+01	
28	2.5118864315e+00	6.4808649159e+01	
29	2.8183829313e+00	6.4808649158e+01	
30	3.1622776602e+00	6.4808649157e+01	
31	3.5481338923e+00	6.4808649155e+01	
32	3.9810717055e+00	6.4808649153e+01	
33	4.4668359215e+00	6.4808649151e+01	
34	5.0118723363e+00	6.4808649148e+01	
35	5.6234132519e+00	6.4808649144e+01	
36	6.3095734448e+00	6.4808649140e+01	
37	7.0794578438e+00	6.4808649134e+01	
38	7.9432823472e+00	6.4808649127e+01	
39	8.9125093813e+00	6.4808649118e+01	
40	1.0000000000e+01	6.4808649106e+01	
41	1.1220184543e+01	6.4808649092e+01	
42	1.2589254118e+01	6.4808649074e+01	
43	1.4125375446e+01	6.4808649051e+01	
44	1.5848931925e+01	6.4808649022e+01	
45	1.7782794100e+01	6.4808648985e+01	
46	1.9952623150e+01	6.4808648940e+01	
47	2.2387211386e+01	6.4808648882e+01	
48	2.5118864315e+01	6.4808648809e+01	
49	2.8183829313e+01	6.4808648718e+01	
50	3.1622776602e+01	6.4808648603e+01	
51	3.5481338923e+01	6.4808648458e+01	
52	3.9810717055e+01	6.4808648276e+01	
53	4.4668359215e+01	6.4808648046e+01	
54	5.0118723363e+01	6.4808647757e+01	

Index   frequency       psrr_db         
--------------------------------------------------------------------------------
55	5.6234132519e+01	6.4808647394e+01	
56	6.3095734448e+01	6.4808646936e+01	
57	7.0794578438e+01	6.4808646359e+01	
58	7.9432823472e+01	6.4808645633e+01	
59	8.9125093813e+01	6.4808644720e+01	
60	1.0000000000e+02	6.4808643569e+01	
61	1.1220184543e+02	6.4808642121e+01	
62	1.2589254118e+02	6.4808640298e+01	
63	1.4125375446e+02	6.4808638003e+01	
64	1.5848931925e+02	6.4808635114e+01	
65	1.7782794100e+02	6.4808631477e+01	
66	1.9952623150e+02	6.4808626897e+01	
67	2.2387211386e+02	6.4808621132e+01	
68	2.5118864315e+02	6.4808613875e+01	
69	2.8183829313e+02	6.4808604738e+01	
70	3.1622776602e+02	6.4808593235e+01	
71	3.5481338923e+02	6.4808578754e+01	
72	3.9810717055e+02	6.4808560524e+01	
73	4.4668359215e+02	6.4808537573e+01	
74	5.0118723363e+02	6.4808525798e+01	
75	5.6234132519e+02	6.4808489424e+01	
76	6.3095734448e+02	6.4808443632e+01	
77	7.0794578438e+02	6.4808385985e+01	
78	7.9432823472e+02	6.4808313412e+01	
79	8.9125093813e+02	6.4808239165e+01	
80	1.0000000000e+03	6.4808124148e+01	
81	1.1220184543e+03	6.4807996470e+01	
82	1.2589254118e+03	6.4807814190e+01	
83	1.4125375446e+03	6.4807636065e+01	
84	1.5848931925e+03	6.4807364307e+01	
85	1.7782794100e+03	6.4807017773e+01	
86	1.9952623150e+03	6.4806628450e+01	
87	2.2387211386e+03	6.4806086421e+01	
88	2.5118864315e+03	6.4805446593e+01	
89	2.8183829313e+03	6.4804584851e+01	
90	3.1622776602e+03	6.4803538207e+01	
91	3.5481338923e+03	6.4802228494e+01	
92	3.9810717055e+03	6.4800544722e+01	
93	4.4668359215e+03	6.4798458707e+01	
94	5.0118723363e+03	6.4795831929e+01	
95	5.6234132519e+03	6.4792494734e+01	
96	6.3095734448e+03	6.4788323751e+01	
97	7.0794578438e+03	6.4783112391e+01	
98	7.9432823472e+03	6.4776473502e+01	
99	8.9125093813e+03	6.4768232983e+01	
100	1.0000000000e+04	6.4757780759e+01	
101	1.1220184543e+04	6.4744711162e+01	
102	1.2589254118e+04	6.4728267450e+01	
103	1.4125375446e+04	6.4707646772e+01	
104	1.5848931925e+04	6.4681839346e+01	
105	1.7782794100e+04	6.4649512165e+01	
106	1.9952623150e+04	6.4609069388e+01	
107	2.2387211386e+04	6.4558618565e+01	
108	2.5118864315e+04	6.4495764803e+01	
109	2.8183829313e+04	6.4417665848e+01	
110	3.1622776602e+04	6.4321031812e+01	
111	3.5481338923e+04	6.4201828680e+01	
112	3.9810717055e+04	6.4055420319e+01	

Index   frequency       psrr_db         
--------------------------------------------------------------------------------
113	4.4668359215e+04	6.3876677638e+01	
114	5.0118723363e+04	6.3659767631e+01	
115	5.6234132519e+04	6.3398539843e+01	
116	6.3095734448e+04	6.3086535633e+01	
117	7.0794578438e+04	6.2717312199e+01	
118	7.9432823472e+04	6.2284692749e+01	
119	8.9125093813e+04	6.1783146059e+01	
120	1.0000000000e+05	6.1207986279e+01	
121	1.1220184543e+05	6.0555482428e+01	
122	1.2589254118e+05	5.9822950843e+01	
123	1.4125375446e+05	5.9008782522e+01	
124	1.5848931925e+05	5.8112092365e+01	
125	1.7782794100e+05	5.7132821747e+01	
126	1.9952623150e+05	5.6071501263e+01	
127	2.2387211386e+05	5.4929406249e+01	
128	2.5118864315e+05	5.3708565073e+01	
129	2.8183829313e+05	5.2411926646e+01	
130	3.1622776602e+05	5.1043758759e+01	
131	3.5481338923e+05	4.9609634691e+01	
132	3.9810717055e+05	4.8116605167e+01	
133	4.4668359215e+05	4.6573101925e+01	
134	5.0118723363e+05	4.4988946625e+01	
135	5.6234132519e+05	4.3375100937e+01	
136	6.3095734448e+05	4.1743621279e+01	
137	7.0794578438e+05	4.0107469192e+01	
138	7.9432823472e+05	3.8480442639e+01	
139	8.9125093813e+05	3.6877111633e+01	
140	1.0000000000e+06	3.5312614755e+01	
141	1.1220184543e+06	3.3802354432e+01	
142	1.2589254118e+06	3.2361423590e+01	
143	1.4125375446e+06	3.1003764887e+01	
144	1.5848931925e+06	2.9741114825e+01	
145	1.7782794100e+06	2.8581938960e+01	
146	1.9952623150e+06	2.7530590967e+01	
147	2.2387211386e+06	2.6587030845e+01	
148	2.5118864315e+06	2.5747194014e+01	
149	2.8183829313e+06	2.5003919330e+01	
150	3.1622776602e+06	2.4348169716e+01	
151	3.5481338923e+06	2.3770169813e+01	
152	3.9810717055e+06	2.3260239049e+01	
153	4.4668359215e+06	2.2809209955e+01	
154	5.0118723363e+06	2.2408491524e+01	
155	5.6234132519e+06	2.2049914111e+01	
156	6.3095734448e+06	2.1725496134e+01	
157	7.0794578438e+06	2.1427239914e+01	
158	7.9432823472e+06	2.1147007847e+01	
159	8.9125093813e+06	2.0876490836e+01	
160	1.0000000000e+07	2.0607258045e+01	
m_psrr_1hz_db = 6.4808649162e+01
m_psrr_1khz_db = 6.4808124148e+01
m_psrr_10hz_db = 6.4808649106e+01
m_psrr_100hz_db = 6.4808643569e+01
m_psrr_10khz_db = 6.4757780759e+01
m_psrr_100khz_db = 6.1207986279e+01
m_psrr_1mhz_db = 3.5312614755e+01
m_vref_op = 1.2236961919e+00
m_f_dc_hz = 1.0000000000e+00
m_f_band_edge_hz = 1.0000000000e+03
Note: Simulation executed from .control section 

Warning: m=xx on .subckt line will override multiplier m hierarchy!

Note: Starting dynamic gmin stepping
Note: Dynamic gmin stepping completed
Note: Starting dynamic gmin stepping
Note: Dynamic gmin stepping completed
