
Note: Compatibility modes selected: hs a


Circuit: * psrr-dc @ bjt_ff_-40c_3.30v -- generated by sim/harness, do not edit

Doing analysis at TEMP = -40.000000 and TNOM = 27.000000

Using SPARSE 1.3 as Direct Linear Solver

No. of Data Rows : 1
Doing analysis at TEMP = -40.000000 and TNOM = 27.000000

Using SPARSE 1.3 as Direct Linear Solver
 Reference value :  1.00000e-01
No. of Data Rows : 161
     * psrr-dc @ bjt_ff_-40c_3.30v -- generated by sim/harness, do not edit
     AC Analysis  Fri Jul 31 20:27:45  2026
--------------------------------------------------------------------------------
Index   frequency       psrr_db         
--------------------------------------------------------------------------------
0	1.0000000000e-01	6.0207841103e+01	
1	1.1220184543e-01	6.0207841104e+01	
2	1.2589254118e-01	6.0207841103e+01	
3	1.4125375446e-01	6.0207841103e+01	
4	1.5848931925e-01	6.0207841103e+01	
5	1.7782794100e-01	6.0207841103e+01	
6	1.9952623150e-01	6.0207841103e+01	
7	2.2387211386e-01	6.0207841103e+01	
8	2.5118864315e-01	6.0207841103e+01	
9	2.8183829313e-01	6.0207841103e+01	
10	3.1622776602e-01	6.0207841103e+01	
11	3.5481338923e-01	6.0207841103e+01	
12	3.9810717055e-01	6.0207841103e+01	
13	4.4668359215e-01	6.0207841103e+01	
14	5.0118723363e-01	6.0207841103e+01	
15	5.6234132519e-01	6.0207841103e+01	
16	6.3095734448e-01	6.0207841103e+01	
17	7.0794578438e-01	6.0207841103e+01	
18	7.9432823472e-01	6.0207841103e+01	
19	8.9125093813e-01	6.0207841103e+01	
20	1.0000000000e+00	6.0207841103e+01	
21	1.1220184543e+00	6.0207841103e+01	
22	1.2589254118e+00	6.0207841103e+01	
23	1.4125375446e+00	6.0207841103e+01	
24	1.5848931925e+00	6.0207841103e+01	
25	1.7782794100e+00	6.0207841103e+01	
26	1.9952623150e+00	6.0207841103e+01	
27	2.2387211386e+00	6.0207841103e+01	
28	2.5118864315e+00	6.0207841103e+01	
29	2.8183829313e+00	6.0207841102e+01	
30	3.1622776602e+00	6.0207841102e+01	
31	3.5481338923e+00	6.0207841102e+01	
32	3.9810717055e+00	6.0207841101e+01	
33	4.4668359215e+00	6.0207841101e+01	
34	5.0118723363e+00	6.0207841100e+01	
35	5.6234132519e+00	6.0207841099e+01	
36	6.3095734448e+00	6.0207841098e+01	
37	7.0794578438e+00	6.0207841096e+01	
38	7.9432823472e+00	6.0207841094e+01	
39	8.9125093813e+00	6.0207841092e+01	
40	1.0000000000e+01	6.0207841089e+01	
41	1.1220184543e+01	6.0207841085e+01	
42	1.2589254118e+01	6.0207841080e+01	
43	1.4125375446e+01	6.0207841074e+01	
44	1.5848931925e+01	6.0207841067e+01	
45	1.7782794100e+01	6.0207841057e+01	
46	1.9952623150e+01	6.0207841045e+01	
47	2.2387211386e+01	6.0207841030e+01	
48	2.5118864315e+01	6.0207841011e+01	
49	2.8183829313e+01	6.0207840987e+01	
50	3.1622776602e+01	6.0207840957e+01	
51	3.5481338923e+01	6.0207840919e+01	
52	3.9810717055e+01	6.0207840871e+01	
53	4.4668359215e+01	6.0207840811e+01	
54	5.0118723363e+01	6.0207840736e+01	

Index   frequency       psrr_db         
--------------------------------------------------------------------------------
55	5.6234132519e+01	6.0207840640e+01	
56	6.3095734448e+01	6.0207840520e+01	
57	7.0794578438e+01	6.0207840369e+01	
58	7.9432823472e+01	6.0207840179e+01	
59	8.9125093813e+01	6.0207839940e+01	
60	1.0000000000e+02	6.0207839639e+01	
61	1.1220184543e+02	6.0207839260e+01	
62	1.2589254118e+02	6.0207838782e+01	
63	1.4125375446e+02	6.0207838181e+01	
64	1.5848931925e+02	6.0207837425e+01	
65	1.7782794100e+02	6.0207836472e+01	
66	1.9952623150e+02	6.0207835273e+01	
67	2.2387211386e+02	6.0207833763e+01	
68	2.5118864315e+02	6.0207831863e+01	
69	2.8183829313e+02	6.0207829470e+01	
70	3.1622776602e+02	6.0207826458e+01	
71	3.5481338923e+02	6.0207822666e+01	
72	3.9810717055e+02	6.0207817892e+01	
73	4.4668359215e+02	6.0207811882e+01	
74	5.0118723363e+02	6.0207804315e+01	
75	5.6234132519e+02	6.0207794790e+01	
76	6.3095734448e+02	6.0207789903e+01	
77	7.0794578438e+02	6.0207774806e+01	
78	7.9432823472e+02	6.0207755800e+01	
79	8.9125093813e+02	6.0207731874e+01	
80	1.0000000000e+03	6.0207708857e+01	
81	1.1220184543e+03	6.0207670936e+01	
82	1.2589254118e+03	6.0207637406e+01	
83	1.4125375446e+03	6.0207584411e+01	
84	1.5848931925e+03	6.0207515855e+01	
85	1.7782794100e+03	6.0207441918e+01	
86	1.9952623150e+03	6.0207329113e+01	
87	2.2387211386e+03	6.0207206573e+01	
88	2.5118864315e+03	6.0207030745e+01	
89	2.8183829313e+03	6.0206819924e+01	
90	3.1622776602e+03	6.0206561376e+01	
91	3.5481338923e+03	6.0206224865e+01	
92	3.9810717055e+03	6.0205811519e+01	
93	4.4668359215e+03	6.0205267535e+01	
94	5.0118723363e+03	6.0204610661e+01	
95	5.6234132519e+03	6.0203772264e+01	
96	6.3095734448e+03	6.0202737223e+01	
97	7.0794578438e+03	6.0201399249e+01	
98	7.9432823472e+03	6.0199727906e+01	
99	8.9125093813e+03	6.0197650776e+01	
100	1.0000000000e+04	6.0194998536e+01	
101	1.1220184543e+04	6.0191696935e+01	
102	1.2589254118e+04	6.0187510236e+01	
103	1.4125375446e+04	6.0182271863e+01	
104	1.5848931925e+04	6.0175644675e+01	
105	1.7782794100e+04	6.0167345524e+01	
106	1.9952623150e+04	6.0156898695e+01	
107	2.2387211386e+04	6.0143773755e+01	
108	2.5118864315e+04	6.0127284213e+01	
109	2.8183829313e+04	6.0106599294e+01	
110	3.1622776602e+04	6.0080649114e+01	
111	3.5481338923e+04	6.0048118997e+01	
112	3.9810717055e+04	6.0007418597e+01	

Index   frequency       psrr_db         
--------------------------------------------------------------------------------
113	4.4668359215e+04	5.9956501410e+01	
114	5.0118723363e+04	5.9892984237e+01	
115	5.6234132519e+04	5.9813896498e+01	
116	6.3095734448e+04	5.9715657629e+01	
117	7.0794578438e+04	5.9594035761e+01	
118	7.9432823472e+04	5.9444037872e+01	
119	8.9125093813e+04	5.9259921809e+01	
120	1.0000000000e+05	5.9035123233e+01	
121	1.1220184543e+05	5.8762406032e+01	
122	1.2589254118e+05	5.8433915576e+01	
123	1.4125375446e+05	5.8041530899e+01	
124	1.5848931925e+05	5.7577062579e+01	
125	1.7782794100e+05	5.7032618142e+01	
126	1.9952623150e+05	5.6401104757e+01	
127	2.2387211386e+05	5.5676537141e+01	
128	2.5118864315e+05	5.4854307969e+01	
129	2.8183829313e+05	5.3931587190e+01	
130	3.1622776602e+05	5.2907395383e+01	
131	3.5481338923e+05	5.1782754595e+01	
132	3.9810717055e+05	5.0560631849e+01	
133	4.4668359215e+05	4.9245907478e+01	
134	5.0118723363e+05	4.7845280129e+01	
135	5.6234132519e+05	4.6367033117e+01	
136	6.3095734448e+05	4.4820875208e+01	
137	7.0794578438e+05	4.3217715178e+01	
138	7.9432823472e+05	4.1569643427e+01	
139	8.9125093813e+05	3.9889957522e+01	
140	1.0000000000e+06	3.8193448384e+01	
141	1.1220184543e+06	3.6496809119e+01	
142	1.2589254118e+06	3.4819131592e+01	
143	1.4125375446e+06	3.3182230065e+01	
144	1.5848931925e+06	3.1610461994e+01	
145	1.7782794100e+06	3.0129499481e+01	
146	1.9952623150e+06	2.8763812369e+01	
147	2.2387211386e+06	2.7533063676e+01	
148	2.5118864315e+06	2.6448501504e+01	
149	2.8183829313e+06	2.5510962085e+01	
150	3.1622776602e+06	2.4711480801e+01	
151	3.5481338923e+06	2.4034250753e+01	
152	3.9810717055e+06	2.3460455150e+01	
153	4.4668359215e+06	2.2971468368e+01	
154	5.0118723363e+06	2.2550688383e+01	
155	5.6234132519e+06	2.2184060165e+01	
156	6.3095734448e+06	2.1859782506e+01	
157	7.0794578438e+06	2.1567683353e+01	
158	7.9432823472e+06	2.1298588584e+01	
159	8.9125093813e+06	2.1043841038e+01	
160	1.0000000000e+07	2.0794998483e+01	
m_psrr_1hz_db = 6.0207841103e+01
m_psrr_1khz_db = 6.0207708857e+01
m_psrr_10hz_db = 6.0207841089e+01
m_psrr_100hz_db = 6.0207839639e+01
m_psrr_10khz_db = 6.0194998536e+01
m_psrr_100khz_db = 5.9035123233e+01
m_psrr_1mhz_db = 3.8193448384e+01
m_vref_op = 1.2147669506e+00
m_f_dc_hz = 1.0000000000e+00
m_f_band_edge_hz = 1.0000000000e+03
Note: Simulation executed from .control section 

Warning: m=xx on .subckt line will override multiplier m hierarchy!

