
Note: Compatibility modes selected: hs a


Circuit: * psrr-dc @ ff_-40c_3.63v -- generated by sim/harness, do not edit

Doing analysis at TEMP = -40.000000 and TNOM = 27.000000

Using SPARSE 1.3 as Direct Linear Solver
 Reference value :  0.00000e+00
No. of Data Rows : 1
Doing analysis at TEMP = -40.000000 and TNOM = 27.000000

Using SPARSE 1.3 as Direct Linear Solver

No. of Data Rows : 161
       * psrr-dc @ ff_-40c_3.63v -- generated by sim/harness, do not edit
       AC Analysis  Fri Jul 31 20:27:31  2026
--------------------------------------------------------------------------------
Index   frequency       psrr_db         
--------------------------------------------------------------------------------
0	1.0000000000e-01	5.1088947877e+01	
1	1.1220184543e-01	5.1088947877e+01	
2	1.2589254118e-01	5.1088947877e+01	
3	1.4125375446e-01	5.1088947877e+01	
4	1.5848931925e-01	5.1088947877e+01	
5	1.7782794100e-01	5.1088947877e+01	
6	1.9952623150e-01	5.1088947877e+01	
7	2.2387211386e-01	5.1088947877e+01	
8	2.5118864315e-01	5.1088947877e+01	
9	2.8183829313e-01	5.1088947877e+01	
10	3.1622776602e-01	5.1088947877e+01	
11	3.5481338923e-01	5.1088947877e+01	
12	3.9810717055e-01	5.1088947877e+01	
13	4.4668359215e-01	5.1088947877e+01	
14	5.0118723363e-01	5.1088947877e+01	
15	5.6234132519e-01	5.1088947877e+01	
16	6.3095734448e-01	5.1088947877e+01	
17	7.0794578438e-01	5.1088947877e+01	
18	7.9432823472e-01	5.1088947877e+01	
19	8.9125093813e-01	5.1088947877e+01	
20	1.0000000000e+00	5.1088947877e+01	
21	1.1220184543e+00	5.1088947877e+01	
22	1.2589254118e+00	5.1088947877e+01	
23	1.4125375446e+00	5.1088947877e+01	
24	1.5848931925e+00	5.1088947877e+01	
25	1.7782794100e+00	5.1088947877e+01	
26	1.9952623150e+00	5.1088947877e+01	
27	2.2387211386e+00	5.1088947877e+01	
28	2.5118864315e+00	5.1088947877e+01	
29	2.8183829313e+00	5.1088947877e+01	
30	3.1622776602e+00	5.1088947877e+01	
31	3.5481338923e+00	5.1088947877e+01	
32	3.9810717055e+00	5.1088947877e+01	
33	4.4668359215e+00	5.1088947877e+01	
34	5.0118723363e+00	5.1088947877e+01	
35	5.6234132519e+00	5.1088947876e+01	
36	6.3095734448e+00	5.1088947876e+01	
37	7.0794578438e+00	5.1088947876e+01	
38	7.9432823472e+00	5.1088947875e+01	
39	8.9125093813e+00	5.1088947875e+01	
40	1.0000000000e+01	5.1088947874e+01	
41	1.1220184543e+01	5.1088947874e+01	
42	1.2589254118e+01	5.1088947873e+01	
43	1.4125375446e+01	5.1088947872e+01	
44	1.5848931925e+01	5.1088947870e+01	
45	1.7782794100e+01	5.1088947868e+01	
46	1.9952623150e+01	5.1088947866e+01	
47	2.2387211386e+01	5.1088947863e+01	
48	2.5118864315e+01	5.1088947859e+01	
49	2.8183829313e+01	5.1088947855e+01	
50	3.1622776602e+01	5.1088947849e+01	
51	3.5481338923e+01	5.1088947841e+01	
52	3.9810717055e+01	5.1088947832e+01	
53	4.4668359215e+01	5.1088947821e+01	
54	5.0118723363e+01	5.1088947806e+01	

Index   frequency       psrr_db         
--------------------------------------------------------------------------------
55	5.6234132519e+01	5.1088947787e+01	
56	6.3095734448e+01	5.1088947764e+01	
57	7.0794578438e+01	5.1088947735e+01	
58	7.9432823472e+01	5.1088947698e+01	
59	8.9125093813e+01	5.1088947651e+01	
60	1.0000000000e+02	5.1088947593e+01	
61	1.1220184543e+02	5.1088947519e+01	
62	1.2589254118e+02	5.1088947426e+01	
63	1.4125375446e+02	5.1088947310e+01	
64	1.5848931925e+02	5.1088947163e+01	
65	1.7782794100e+02	5.1088946977e+01	
66	1.9952623150e+02	5.1088946744e+01	
67	2.2387211386e+02	5.1088946451e+01	
68	2.5118864315e+02	5.1088946082e+01	
69	2.8183829313e+02	5.1088945617e+01	
70	3.1622776602e+02	5.1088945032e+01	
71	3.5481338923e+02	5.1088944295e+01	
72	3.9810717055e+02	5.1088943367e+01	
73	4.4668359215e+02	5.1088942200e+01	
74	5.0118723363e+02	5.1088940730e+01	
75	5.6234132519e+02	5.1088938879e+01	
76	6.3095734448e+02	5.1088936549e+01	
77	7.0794578438e+02	5.1088935455e+01	
78	7.9432823472e+02	5.1088931763e+01	
79	8.9125093813e+02	5.1088927114e+01	
80	1.0000000000e+03	5.1088921261e+01	
81	1.1220184543e+03	5.1088913893e+01	
82	1.2589254118e+03	5.1088906457e+01	
83	1.4125375446e+03	5.1088898459e+01	
84	1.5848931925e+03	5.1088885597e+01	
85	1.7782794100e+03	5.1088868930e+01	
86	1.9952623150e+03	5.1088851149e+01	
87	2.2387211386e+03	5.1088823657e+01	
88	2.5118864315e+03	5.1088792249e+01	
89	2.8183829313e+03	5.1088749441e+01	
90	3.1622776602e+03	5.1088700115e+01	
91	3.5481338923e+03	5.1088635636e+01	
92	3.9810717055e+03	5.1088552081e+01	
93	4.4668359215e+03	5.1088451870e+01	
94	5.0118723363e+03	5.1088319588e+01	
95	5.6234132519e+03	5.1088160284e+01	
96	6.3095734448e+03	5.1087954911e+01	
97	7.0794578438e+03	5.1087698422e+01	
98	7.9432823472e+03	5.1087375207e+01	
99	8.9125093813e+03	5.1086967456e+01	
100	1.0000000000e+04	5.1086455952e+01	
101	1.1220184543e+04	5.1085811406e+01	
102	1.2589254118e+04	5.1084998319e+01	
103	1.4125375446e+04	5.1083982097e+01	
104	1.5848931925e+04	5.1082693352e+01	
105	1.7782794100e+04	5.1081079768e+01	
106	1.9952623150e+04	5.1079039490e+01	
107	2.2387211386e+04	5.1076478435e+01	
108	2.5118864315e+04	5.1073250531e+01	
109	2.8183829313e+04	5.1069191841e+01	
110	3.1622776602e+04	5.1064088366e+01	
111	3.5481338923e+04	5.1057665207e+01	
112	3.9810717055e+04	5.1049589084e+01	

Index   frequency       psrr_db         
--------------------------------------------------------------------------------
113	4.4668359215e+04	5.1039437664e+01	
114	5.0118723363e+04	5.1026677062e+01	
115	5.6234132519e+04	5.1010644576e+01	
116	6.3095734448e+04	5.0990517250e+01	
117	7.0794578438e+04	5.0965265069e+01	
118	7.9432823472e+04	5.0933603949e+01	
119	8.9125093813e+04	5.0893954240e+01	
120	1.0000000000e+05	5.0844371361e+01	
121	1.1220184543e+05	5.0782448499e+01	
122	1.2589254118e+05	5.0705296708e+01	
123	1.4125375446e+05	5.0609388014e+01	
124	1.5848931925e+05	5.0490531292e+01	
125	1.7782794100e+05	5.0343752918e+01	
126	1.9952623150e+05	5.0163293771e+01	
127	2.2387211386e+05	4.9942581000e+01	
128	2.5118864315e+05	4.9674239755e+01	
129	2.8183829313e+05	4.9350286936e+01	
130	3.1622776602e+05	4.8962290741e+01	
131	3.5481338923e+05	4.8501710223e+01	
132	3.9810717055e+05	4.7960255087e+01	
133	4.4668359215e+05	4.7330320604e+01	
134	5.0118723363e+05	4.6605464056e+01	
135	5.6234132519e+05	4.5780793591e+01	
136	6.3095734448e+05	4.4853358740e+01	
137	7.0794578438e+05	4.3822411710e+01	
138	7.9432823472e+05	4.2689648359e+01	
139	8.9125093813e+05	4.1459403295e+01	
140	1.0000000000e+06	4.0138801193e+01	
141	1.1220184543e+06	3.8738010063e+01	
142	1.2589254118e+06	3.7270570142e+01	
143	1.4125375446e+06	3.5753932265e+01	
144	1.5848931925e+06	3.4210216388e+01	
145	1.7782794100e+06	3.2666964674e+01	
146	1.9952623150e+06	3.1157496875e+01	
147	2.2387211386e+06	2.9719931039e+01	
148	2.5118864315e+06	2.8393823261e+01	
149	2.8183829313e+06	2.7214053398e+01	
150	3.1622776602e+06	2.6203429970e+01	
151	3.5481338923e+06	2.5367481178e+01	
152	3.9810717055e+06	2.4694500061e+01	
153	4.4668359215e+06	2.4160786269e+01	
154	5.0118723363e+06	2.3737871466e+01	
155	5.6234132519e+06	2.3398336697e+01	
156	6.3095734448e+06	2.3118809831e+01	
157	7.0794578438e+06	2.2880583727e+01	
158	7.9432823472e+06	2.2668943229e+01	
159	8.9125093813e+06	2.2472081160e+01	
160	1.0000000000e+07	2.2280080327e+01	
m_psrr_1hz_db = 5.1088947877e+01
m_psrr_1khz_db = 5.1088921261e+01
m_psrr_10hz_db = 5.1088947874e+01
m_psrr_100hz_db = 5.1088947593e+01
m_psrr_10khz_db = 5.1086455952e+01
m_psrr_100khz_db = 5.0844371361e+01
m_psrr_1mhz_db = 4.0138801193e+01
m_vref_op = 1.2171760400e+00
m_f_dc_hz = 1.0000000000e+00
m_f_band_edge_hz = 1.0000000000e+03
Note: Simulation executed from .control section 

Warning: m=xx on .subckt line will override multiplier m hierarchy!

Note: Starting dynamic gmin stepping
Note: Dynamic gmin stepping completed
Note: Starting dynamic gmin stepping
Note: Dynamic gmin stepping completed
