
Note: Compatibility modes selected: hs a


Circuit: * psrr-dc @ fs_-40c_2.97v -- generated by sim/harness, do not edit

Doing analysis at TEMP = -40.000000 and TNOM = 27.000000

Using SPARSE 1.3 as Direct Linear Solver

No. of Data Rows : 1
Doing analysis at TEMP = -40.000000 and TNOM = 27.000000

Using SPARSE 1.3 as Direct Linear Solver

No. of Data Rows : 161
       * psrr-dc @ fs_-40c_2.97v -- generated by sim/harness, do not edit
       AC Analysis  Fri Jul 31 20:27:37  2026
--------------------------------------------------------------------------------
Index   frequency       psrr_db         
--------------------------------------------------------------------------------
0	1.0000000000e-01	9.2515502926e+01	
1	1.1220184543e-01	9.2515502926e+01	
2	1.2589254118e-01	9.2515502927e+01	
3	1.4125375446e-01	9.2515502927e+01	
4	1.5848931925e-01	9.2515502927e+01	
5	1.7782794100e-01	9.2515502927e+01	
6	1.9952623150e-01	9.2515502926e+01	
7	2.2387211386e-01	9.2515502926e+01	
8	2.5118864315e-01	9.2515502925e+01	
9	2.8183829313e-01	9.2515502926e+01	
10	3.1622776602e-01	9.2515502925e+01	
11	3.5481338923e-01	9.2515502925e+01	
12	3.9810717055e-01	9.2515502925e+01	
13	4.4668359215e-01	9.2515502924e+01	
14	5.0118723363e-01	9.2515502923e+01	
15	5.6234132519e-01	9.2515502921e+01	
16	6.3095734448e-01	9.2515502921e+01	
17	7.0794578438e-01	9.2515502919e+01	
18	7.9432823472e-01	9.2515502918e+01	
19	8.9125093813e-01	9.2515502914e+01	
20	1.0000000000e+00	9.2515502910e+01	
21	1.1220184543e+00	9.2515502907e+01	
22	1.2589254118e+00	9.2515502901e+01	
23	1.4125375446e+00	9.2515502895e+01	
24	1.5848931925e+00	9.2515502885e+01	
25	1.7782794100e+00	9.2515502875e+01	
26	1.9952623150e+00	9.2515502860e+01	
27	2.2387211386e+00	9.2515502843e+01	
28	2.5118864315e+00	9.2515502822e+01	
29	2.8183829313e+00	9.2515502795e+01	
30	3.1622776602e+00	9.2515502762e+01	
31	3.5481338923e+00	9.2515502715e+01	
32	3.9810717055e+00	9.2515502663e+01	
33	4.4668359215e+00	9.2515502594e+01	
34	5.0118723363e+00	9.2515502507e+01	
35	5.6234132519e+00	9.2515502399e+01	
36	6.3095734448e+00	9.2515502263e+01	
37	7.0794578438e+00	9.2515502093e+01	
38	7.9432823472e+00	9.2515501875e+01	
39	8.9125093813e+00	9.2515501602e+01	
40	1.0000000000e+01	9.2515501259e+01	
41	1.1220184543e+01	9.2515500827e+01	
42	1.2589254118e+01	9.2515500284e+01	
43	1.4125375446e+01	9.2515499597e+01	
44	1.5848931925e+01	9.2515498737e+01	
45	1.7782794100e+01	9.2515497651e+01	
46	1.9952623150e+01	9.2515496285e+01	
47	2.2387211386e+01	9.2515494564e+01	
48	2.5118864315e+01	9.2515492400e+01	
49	2.8183829313e+01	9.2515489675e+01	
50	3.1622776602e+01	9.2515486242e+01	
51	3.5481338923e+01	9.2515481923e+01	
52	3.9810717055e+01	9.2515476482e+01	
53	4.4668359215e+01	9.2515469636e+01	
54	5.0118723363e+01	9.2515461016e+01	

Index   frequency       psrr_db         
--------------------------------------------------------------------------------
55	5.6234132519e+01	9.2515450164e+01	
56	6.3095734448e+01	9.2515436502e+01	
57	7.0794578438e+01	9.2515419301e+01	
58	7.9432823472e+01	9.2515397651e+01	
59	8.9125093813e+01	9.2515370392e+01	
60	1.0000000000e+02	9.2515336077e+01	
61	1.1220184543e+02	9.2515292875e+01	
62	1.2589254118e+02	9.2515238489e+01	
63	1.4125375446e+02	9.2515170021e+01	
64	1.5848931925e+02	9.2515083826e+01	
65	1.7782794100e+02	9.2514975319e+01	
66	1.9952623150e+02	9.2514838716e+01	
67	2.2387211386e+02	9.2514666751e+01	
68	2.5118864315e+02	9.2514450272e+01	
69	2.8183829313e+02	9.2514177750e+01	
70	3.1622776602e+02	9.2513834690e+01	
71	3.5481338923e+02	9.2513402842e+01	
72	3.9810717055e+02	9.2512859236e+01	
73	4.4668359215e+02	9.2512174972e+01	
74	5.0118723363e+02	9.2511313680e+01	
75	5.6234132519e+02	9.2510229611e+01	
76	6.3095734448e+02	9.2509124881e+01	
77	7.0794578438e+02	9.2507407713e+01	
78	7.9432823472e+02	9.2505246856e+01	
79	8.9125093813e+02	9.2502527967e+01	
80	1.0000000000e+03	9.2499366566e+01	
81	1.1220184543e+03	9.2495063812e+01	
82	1.2589254118e+03	9.2490170123e+01	
83	1.4125375446e+03	9.2483624896e+01	
84	1.5848931925e+03	9.2475331751e+01	
85	1.7782794100e+03	9.2465361149e+01	
86	1.9952623150e+03	9.2452127805e+01	
87	2.2387211386e+03	9.2436224503e+01	
88	2.5118864315e+03	9.2415510243e+01	
89	2.8183829313e+03	9.2389943322e+01	
90	3.1622776602e+03	9.2357953577e+01	
91	3.5481338923e+03	9.2317929300e+01	
92	3.9810717055e+03	9.2268402221e+01	
93	4.4668359215e+03	9.2206739357e+01	
94	5.0118723363e+03	9.2129852891e+01	
95	5.6234132519e+03	9.2035576726e+01	
96	6.3095734448e+03	9.1919025743e+01	
97	7.0794578438e+03	9.1776651306e+01	
98	7.9432823472e+03	9.1603865274e+01	
99	8.9125093813e+03	9.1394571636e+01	
100	1.0000000000e+04	9.1145143809e+01	
101	1.1220184543e+04	9.0848960652e+01	
102	1.2589254118e+04	9.0502203254e+01	
103	1.4125375446e+04	9.0099538125e+01	
104	1.5848931925e+04	8.9638277841e+01	
105	1.7782794100e+04	8.9117050640e+01	
106	1.9952623150e+04	8.8534649536e+01	
107	2.2387211386e+04	8.7891760424e+01	
108	2.5118864315e+04	8.7190360948e+01	
109	2.8183829313e+04	8.6432868141e+01	
110	3.1622776602e+04	8.5621982826e+01	
111	3.5481338923e+04	8.4760615087e+01	
112	3.9810717055e+04	8.3851447288e+01	

Index   frequency       psrr_db         
--------------------------------------------------------------------------------
113	4.4668359215e+04	8.2896137039e+01	
114	5.0118723363e+04	8.1895518954e+01	
115	5.6234132519e+04	8.0849843881e+01	
116	6.3095734448e+04	7.9758030217e+01	
117	7.0794578438e+04	7.8618253481e+01	
118	7.9432823472e+04	7.7427881557e+01	
119	8.9125093813e+04	7.6184235769e+01	
120	1.0000000000e+05	7.4884342682e+01	
121	1.1220184543e+05	7.3525703259e+01	
122	1.2589254118e+05	7.2106585982e+01	
123	1.4125375446e+05	7.0626315541e+01	
124	1.5848931925e+05	6.9085616611e+01	
125	1.7782794100e+05	6.7486305724e+01	
126	1.9952623150e+05	6.5831631172e+01	
127	2.2387211386e+05	6.4125836670e+01	
128	2.5118864315e+05	6.2373705716e+01	
129	2.8183829313e+05	6.0580402524e+01	
130	3.1622776602e+05	5.8751164296e+01	
131	3.5481338923e+05	5.6891099867e+01	
132	3.9810717055e+05	5.5004891505e+01	
133	4.4668359215e+05	5.3096803700e+01	
134	5.0118723363e+05	5.1170689504e+01	
135	5.6234132519e+05	4.9230026700e+01	
136	6.3095734448e+05	4.7278035411e+01	
137	7.0794578438e+05	4.5317886959e+01	
138	7.9432823472e+05	4.3353013781e+01	
139	8.9125093813e+05	4.1387531764e+01	
140	1.0000000000e+06	3.9426831752e+01	
141	1.1220184543e+06	3.7478457165e+01	
142	1.2589254118e+06	3.5553222836e+01	
143	1.4125375446e+06	3.3666561375e+01	
144	1.5848931925e+06	3.1839887660e+01	
145	1.7782794100e+06	3.0101258836e+01	
146	1.9952623150e+06	2.8484287542e+01	
147	2.2387211386e+06	2.7024072301e+01	
148	2.5118864315e+06	2.5749982703e+01	
149	2.8183829313e+06	2.4677532084e+01	
150	3.1622776602e+06	2.3803584130e+01	
151	3.5481338923e+06	2.3107934561e+01	
152	3.9810717055e+06	2.2560113137e+01	
153	4.4668359215e+06	2.2127266704e+01	
154	5.0118723363e+06	2.1779669418e+01	
155	5.6234132519e+06	2.1493005083e+01	
156	6.3095734448e+06	2.1248326566e+01	
157	7.0794578438e+06	2.1030960291e+01	
158	7.9432823472e+06	2.0829211764e+01	
159	8.9125093813e+06	2.0633273708e+01	
160	1.0000000000e+07	2.0434441996e+01	
m_psrr_1hz_db = 9.2515502910e+01
m_psrr_1khz_db = 9.2499366566e+01
m_psrr_10hz_db = 9.2515501259e+01
m_psrr_100hz_db = 9.2515336077e+01
m_psrr_10khz_db = 9.1145143809e+01
m_psrr_100khz_db = 7.4884342682e+01
m_psrr_1mhz_db = 3.9426831752e+01
m_vref_op = 1.2191532337e+00
m_f_dc_hz = 1.0000000000e+00
m_f_band_edge_hz = 1.0000000000e+03
Note: Simulation executed from .control section 

Warning: m=xx on .subckt line will override multiplier m hierarchy!

