
Note: Compatibility modes selected: hs a


Circuit: * psrr-dc @ res_ff_27c_3.30v -- generated by sim/harness, do not edit

Doing analysis at TEMP = 27.000000 and TNOM = 27.000000

Using SPARSE 1.3 as Direct Linear Solver
 Reference value :  0.00000e+00
No. of Data Rows : 1
Doing analysis at TEMP = 27.000000 and TNOM = 27.000000

Using SPARSE 1.3 as Direct Linear Solver

No. of Data Rows : 161
     * psrr-dc @ res_ff_27c_3.30v -- generated by sim/harness, do not edit
     AC Analysis  Fri Jul 31 20:27:42  2026
--------------------------------------------------------------------------------
Index   frequency       psrr_db         
--------------------------------------------------------------------------------
0	1.0000000000e-01	5.1177606626e+01	
1	1.1220184543e-01	5.1177606626e+01	
2	1.2589254118e-01	5.1177606626e+01	
3	1.4125375446e-01	5.1177606626e+01	
4	1.5848931925e-01	5.1177606626e+01	
5	1.7782794100e-01	5.1177606626e+01	
6	1.9952623150e-01	5.1177606626e+01	
7	2.2387211386e-01	5.1177606626e+01	
8	2.5118864315e-01	5.1177606626e+01	
9	2.8183829313e-01	5.1177606626e+01	
10	3.1622776602e-01	5.1177606626e+01	
11	3.5481338923e-01	5.1177606626e+01	
12	3.9810717055e-01	5.1177606626e+01	
13	4.4668359215e-01	5.1177606626e+01	
14	5.0118723363e-01	5.1177606626e+01	
15	5.6234132519e-01	5.1177606626e+01	
16	6.3095734448e-01	5.1177606626e+01	
17	7.0794578438e-01	5.1177606626e+01	
18	7.9432823472e-01	5.1177606626e+01	
19	8.9125093813e-01	5.1177606626e+01	
20	1.0000000000e+00	5.1177606626e+01	
21	1.1220184543e+00	5.1177606626e+01	
22	1.2589254118e+00	5.1177606626e+01	
23	1.4125375446e+00	5.1177606626e+01	
24	1.5848931925e+00	5.1177606626e+01	
25	1.7782794100e+00	5.1177606626e+01	
26	1.9952623150e+00	5.1177606626e+01	
27	2.2387211386e+00	5.1177606626e+01	
28	2.5118864315e+00	5.1177606626e+01	
29	2.8183829313e+00	5.1177606626e+01	
30	3.1622776602e+00	5.1177606626e+01	
31	3.5481338923e+00	5.1177606625e+01	
32	3.9810717055e+00	5.1177606625e+01	
33	4.4668359215e+00	5.1177606625e+01	
34	5.0118723363e+00	5.1177606625e+01	
35	5.6234132519e+00	5.1177606624e+01	
36	6.3095734448e+00	5.1177606624e+01	
37	7.0794578438e+00	5.1177606623e+01	
38	7.9432823472e+00	5.1177606622e+01	
39	8.9125093813e+00	5.1177606621e+01	
40	1.0000000000e+01	5.1177606620e+01	
41	1.1220184543e+01	5.1177606618e+01	
42	1.2589254118e+01	5.1177606616e+01	
43	1.4125375446e+01	5.1177606614e+01	
44	1.5848931925e+01	5.1177606611e+01	
45	1.7782794100e+01	5.1177606607e+01	
46	1.9952623150e+01	5.1177606601e+01	
47	2.2387211386e+01	5.1177606595e+01	
48	2.5118864315e+01	5.1177606587e+01	
49	2.8183829313e+01	5.1177606577e+01	
50	3.1622776602e+01	5.1177606564e+01	
51	3.5481338923e+01	5.1177606548e+01	
52	3.9810717055e+01	5.1177606528e+01	
53	4.4668359215e+01	5.1177606502e+01	
54	5.0118723363e+01	5.1177606470e+01	

Index   frequency       psrr_db         
--------------------------------------------------------------------------------
55	5.6234132519e+01	5.1177606429e+01	
56	6.3095734448e+01	5.1177606378e+01	
57	7.0794578438e+01	5.1177606314e+01	
58	7.9432823472e+01	5.1177606233e+01	
59	8.9125093813e+01	5.1177606131e+01	
60	1.0000000000e+02	5.1177606003e+01	
61	1.1220184543e+02	5.1177605842e+01	
62	1.2589254118e+02	5.1177605639e+01	
63	1.4125375446e+02	5.1177605383e+01	
64	1.5848931925e+02	5.1177605062e+01	
65	1.7782794100e+02	5.1177604656e+01	
66	1.9952623150e+02	5.1177604146e+01	
67	2.2387211386e+02	5.1177603504e+01	
68	2.5118864315e+02	5.1177602696e+01	
69	2.8183829313e+02	5.1177601678e+01	
70	3.1622776602e+02	5.1177600397e+01	
71	3.5481338923e+02	5.1177598784e+01	
72	3.9810717055e+02	5.1177596754e+01	
73	4.4668359215e+02	5.1177594197e+01	
74	5.0118723363e+02	5.1177590979e+01	
75	5.6234132519e+02	5.1177590027e+01	
76	6.3095734448e+02	5.1177584926e+01	
77	7.0794578438e+02	5.1177578505e+01	
78	7.9432823472e+02	5.1177570422e+01	
79	8.9125093813e+02	5.1177560245e+01	
80	1.0000000000e+03	5.1177550532e+01	
81	1.1220184543e+03	5.1177534403e+01	
82	1.2589254118e+03	5.1177517197e+01	
83	1.4125375446e+03	5.1177494734e+01	
84	1.5848931925e+03	5.1177471851e+01	
85	1.7782794100e+03	5.1177434436e+01	
86	1.9952623150e+03	5.1177386532e+01	
87	2.2387211386e+03	5.1177334720e+01	
88	2.5118864315e+03	5.1177263183e+01	
89	2.8183829313e+03	5.1177176917e+01	
90	3.1622776602e+03	5.1177058105e+01	
91	3.5481338923e+03	5.1176918522e+01	
92	3.9810717055e+03	5.1176746482e+01	
93	4.4668359215e+03	5.1176515682e+01	
94	5.0118723363e+03	5.1176240407e+01	
95	5.6234132519e+03	5.1175884936e+01	
96	6.3095734448e+03	5.1175433913e+01	
97	7.0794578438e+03	5.1174875699e+01	
98	7.9432823472e+03	5.1174166852e+01	
99	8.9125093813e+03	5.1173276794e+01	
100	1.0000000000e+04	5.1172151453e+01	
101	1.1220184543e+04	5.1170744475e+01	
102	1.2589254118e+04	5.1168967179e+01	
103	1.4125375446e+04	5.1166727403e+01	
104	1.5848931925e+04	5.1163920736e+01	
105	1.7782794100e+04	5.1160377026e+01	
106	1.9952623150e+04	5.1155928849e+01	
107	2.2387211386e+04	5.1150326202e+01	
108	2.5118864315e+04	5.1143287591e+01	
109	2.8183829313e+04	5.1134427248e+01	
110	3.1622776602e+04	5.1123292444e+01	
111	3.5481338923e+04	5.1109303186e+01	
112	3.9810717055e+04	5.1091747507e+01	

Index   frequency       psrr_db         
--------------------------------------------------------------------------------
113	4.4668359215e+04	5.1069705133e+01	
114	5.0118723363e+04	5.1042067008e+01	
115	5.6234132519e+04	5.1007441056e+01	
116	6.3095734448e+04	5.0964117810e+01	
117	7.0794578438e+04	5.0910006368e+01	
118	7.9432823472e+04	5.0842526952e+01	
119	8.9125093813e+04	5.0758607585e+01	
120	1.0000000000e+05	5.0654500454e+01	
121	1.1220184543e+05	5.0525834840e+01	
122	1.2589254118e+05	5.0367450182e+01	
123	1.4125375446e+05	5.0173499796e+01	
124	1.5848931925e+05	4.9937365826e+01	
125	1.7782794100e+05	4.9651866672e+01	
126	1.9952623150e+05	4.9309405011e+01	
127	2.2387211386e+05	4.8902299586e+01	
128	2.5118864315e+05	4.8423082564e+01	
129	2.8183829313e+05	4.7865082275e+01	
130	3.1622776602e+05	4.7222787965e+01	
131	3.5481338923e+05	4.6492403098e+01	
132	3.9810717055e+05	4.5672209683e+01	
133	4.4668359215e+05	4.4762915999e+01	
134	5.0118723363e+05	4.3767911656e+01	
135	5.6234132519e+05	4.2693353812e+01	
136	6.3095734448e+05	4.1548202959e+01	
137	7.0794578438e+05	4.0344042284e+01	
138	7.9432823472e+05	3.9094832002e+01	
139	8.9125093813e+05	3.7816478514e+01	
140	1.0000000000e+06	3.6526271027e+01	
141	1.1220184543e+06	3.5242188691e+01	
142	1.2589254118e+06	3.3982080557e+01	
143	1.4125375446e+06	3.2762790037e+01	
144	1.5848931925e+06	3.1599207477e+01	
145	1.7782794100e+06	3.0503448214e+01	
146	1.9952623150e+06	2.9484203837e+01	
147	2.2387211386e+06	2.8546442728e+01	
148	2.5118864315e+06	2.7691522761e+01	
149	2.8183829313e+06	2.6917703835e+01	
150	3.1622776602e+06	2.6220930405e+01	
151	3.5481338923e+06	2.5595682747e+01	
152	3.9810717055e+06	2.5035724971e+01	
153	4.4668359215e+06	2.4534599586e+01	
154	5.0118723363e+06	2.4085851719e+01	
155	5.6234132519e+06	2.3683022285e+01	
156	6.3095734448e+06	2.3319515150e+01	
157	7.0794578438e+06	2.2988436636e+01	
158	7.9432823472e+06	2.2682481866e+01	
159	8.9125093813e+06	2.2393899339e+01	
160	1.0000000000e+07	2.2114535220e+01	
m_psrr_1hz_db = 5.1177606626e+01
m_psrr_1khz_db = 5.1177550532e+01
m_psrr_10hz_db = 5.1177606620e+01
m_psrr_100hz_db = 5.1177606003e+01
m_psrr_10khz_db = 5.1172151453e+01
m_psrr_100khz_db = 5.0654500454e+01
m_psrr_1mhz_db = 3.6526271027e+01
m_vref_op = 1.2324520155e+00
m_f_dc_hz = 1.0000000000e+00
m_f_band_edge_hz = 1.0000000000e+03
Note: Simulation executed from .control section 

Warning: m=xx on .subckt line will override multiplier m hierarchy!

Note: Starting dynamic gmin stepping
Note: Dynamic gmin stepping completed
Note: Starting dynamic gmin stepping
Note: Dynamic gmin stepping completed
