
Note: Compatibility modes selected: hs a


Circuit: * psrr-dc @ res_ss_-40c_2.97v -- generated by sim/harness, do not edit

Doing analysis at TEMP = -40.000000 and TNOM = 27.000000

Using SPARSE 1.3 as Direct Linear Solver
 Reference value :  0.00000e+00
No. of Data Rows : 1
Doing analysis at TEMP = -40.000000 and TNOM = 27.000000

Using SPARSE 1.3 as Direct Linear Solver

No. of Data Rows : 161
     * psrr-dc @ res_ss_-40c_2.97v -- generated by sim/harness, do not edit
     AC Analysis  Fri Jul 31 20:27:42  2026
--------------------------------------------------------------------------------
Index   frequency       psrr_db         
--------------------------------------------------------------------------------
0	1.0000000000e-01	7.6101825959e+01	
1	1.1220184543e-01	7.6101825959e+01	
2	1.2589254118e-01	7.6101825959e+01	
3	1.4125375446e-01	7.6101825959e+01	
4	1.5848931925e-01	7.6101825959e+01	
5	1.7782794100e-01	7.6101825959e+01	
6	1.9952623150e-01	7.6101825959e+01	
7	2.2387211386e-01	7.6101825959e+01	
8	2.5118864315e-01	7.6101825959e+01	
9	2.8183829313e-01	7.6101825959e+01	
10	3.1622776602e-01	7.6101825958e+01	
11	3.5481338923e-01	7.6101825958e+01	
12	3.9810717055e-01	7.6101825958e+01	
13	4.4668359215e-01	7.6101825958e+01	
14	5.0118723363e-01	7.6101825958e+01	
15	5.6234132519e-01	7.6101825958e+01	
16	6.3095734448e-01	7.6101825958e+01	
17	7.0794578438e-01	7.6101825958e+01	
18	7.9432823472e-01	7.6101825958e+01	
19	8.9125093813e-01	7.6101825958e+01	
20	1.0000000000e+00	7.6101825957e+01	
21	1.1220184543e+00	7.6101825957e+01	
22	1.2589254118e+00	7.6101825956e+01	
23	1.4125375446e+00	7.6101825955e+01	
24	1.5848931925e+00	7.6101825955e+01	
25	1.7782794100e+00	7.6101825953e+01	
26	1.9952623150e+00	7.6101825952e+01	
27	2.2387211386e+00	7.6101825950e+01	
28	2.5118864315e+00	7.6101825948e+01	
29	2.8183829313e+00	7.6101825945e+01	
30	3.1622776602e+00	7.6101825942e+01	
31	3.5481338923e+00	7.6101825938e+01	
32	3.9810717055e+00	7.6101825932e+01	
33	4.4668359215e+00	7.6101825926e+01	
34	5.0118723363e+00	7.6101825917e+01	
35	5.6234132519e+00	7.6101825906e+01	
36	6.3095734448e+00	7.6101825892e+01	
37	7.0794578438e+00	7.6101825875e+01	
38	7.9432823472e+00	7.6101825853e+01	
39	8.9125093813e+00	7.6101825826e+01	
40	1.0000000000e+01	7.6101825792e+01	
41	1.1220184543e+01	7.6101825749e+01	
42	1.2589254118e+01	7.6101825694e+01	
43	1.4125375446e+01	7.6101825625e+01	
44	1.5848931925e+01	7.6101825539e+01	
45	1.7782794100e+01	7.6101825430e+01	
46	1.9952623150e+01	7.6101825293e+01	
47	2.2387211386e+01	7.6101825121e+01	
48	2.5118864315e+01	7.6101824904e+01	
49	2.8183829313e+01	7.6101824631e+01	
50	3.1622776602e+01	7.6101824288e+01	
51	3.5481338923e+01	7.6101823855e+01	
52	3.9810717055e+01	7.6101823310e+01	
53	4.4668359215e+01	7.6101822624e+01	
54	5.0118723363e+01	7.6101821761e+01	

Index   frequency       psrr_db         
--------------------------------------------------------------------------------
55	5.6234132519e+01	7.6101820674e+01	
56	6.3095734448e+01	7.6101819305e+01	
57	7.0794578438e+01	7.6101817583e+01	
58	7.9432823472e+01	7.6101815414e+01	
59	8.9125093813e+01	7.6101812684e+01	
60	1.0000000000e+02	7.6101809247e+01	
61	1.1220184543e+02	7.6101804919e+01	
62	1.2589254118e+02	7.6101799472e+01	
63	1.4125375446e+02	7.6101792614e+01	
64	1.5848931925e+02	7.6101783980e+01	
65	1.7782794100e+02	7.6101773110e+01	
66	1.9952623150e+02	7.6101759427e+01	
67	2.2387211386e+02	7.6101742200e+01	
68	2.5118864315e+02	7.6101720513e+01	
69	2.8183829313e+02	7.6101693212e+01	
70	3.1622776602e+02	7.6101658841e+01	
71	3.5481338923e+02	7.6101615570e+01	
72	3.9810717055e+02	7.6101561097e+01	
73	4.4668359215e+02	7.6101492519e+01	
74	5.0118723363e+02	7.6101406187e+01	
75	5.6234132519e+02	7.6101346329e+01	
76	6.3095734448e+02	7.6101209506e+01	
77	7.0794578438e+02	7.6101037262e+01	
78	7.9432823472e+02	7.6100820426e+01	
79	8.9125093813e+02	7.6100547460e+01	
80	1.0000000000e+03	7.6100252654e+01	
81	1.1220184543e+03	7.6099820086e+01	
82	1.2589254118e+03	7.6099421997e+01	
83	1.4125375446e+03	7.6098736553e+01	
84	1.5848931925e+03	7.6097922557e+01	
85	1.7782794100e+03	7.6096982928e+01	
86	1.9952623150e+03	7.6095811148e+01	
87	2.2387211386e+03	7.6094139546e+01	
88	2.5118864315e+03	7.6092120775e+01	
89	2.8183829313e+03	7.6089688770e+01	
90	3.1622776602e+03	7.6086553068e+01	
91	3.5481338923e+03	7.6082532606e+01	
92	3.9810717055e+03	7.6077546005e+01	
93	4.4668359215e+03	7.6071356334e+01	
94	5.0118723363e+03	7.6063508518e+01	
95	5.6234132519e+03	7.6053554753e+01	
96	6.3095734448e+03	7.6041225331e+01	
97	7.0794578438e+03	7.6025675165e+01	
98	7.9432823472e+03	7.6006033391e+01	
99	8.9125093813e+03	7.5981554056e+01	
100	1.0000000000e+04	7.5950895502e+01	
101	1.1220184543e+04	7.5912499903e+01	
102	1.2589254118e+04	7.5864576281e+01	
103	1.4125375446e+04	7.5804933657e+01	
104	1.5848931925e+04	7.5730859780e+01	
105	1.7782794100e+04	7.5638913869e+01	
106	1.9952623150e+04	7.5525720021e+01	
107	2.2387211386e+04	7.5386509291e+01	
108	2.5118864315e+04	7.5216532815e+01	
109	2.8183829313e+04	7.5010063203e+01	
110	3.1622776602e+04	7.4761359063e+01	
111	3.5481338923e+04	7.4464045849e+01	
112	3.9810717055e+04	7.4111952501e+01	

Index   frequency       psrr_db         
--------------------------------------------------------------------------------
113	4.4668359215e+04	7.3699152093e+01	
114	5.0118723363e+04	7.3220370584e+01	
115	5.6234132519e+04	7.2671141227e+01	
116	6.3095734448e+04	7.2047768043e+01	
117	7.0794578438e+04	7.1347789889e+01	
118	7.9432823472e+04	7.0569582833e+01	
119	8.9125093813e+04	6.9712243082e+01	
120	1.0000000000e+05	6.8775328047e+01	
121	1.1220184543e+05	6.7758721019e+01	
122	1.2589254118e+05	6.6662400559e+01	
123	1.4125375446e+05	6.5486719924e+01	
124	1.5848931925e+05	6.4232276751e+01	
125	1.7782794100e+05	6.2900287789e+01	
126	1.9952623150e+05	6.1492802469e+01	
127	2.2387211386e+05	6.0012855254e+01	
128	2.5118864315e+05	5.8464520770e+01	
129	2.8183829313e+05	5.6852703248e+01	
130	3.1622776602e+05	5.5183200122e+01	
131	3.5481338923e+05	5.3462360823e+01	
132	3.9810717055e+05	5.1696751262e+01	
133	4.4668359215e+05	4.9892947952e+01	
134	5.0118723363e+05	4.8057511421e+01	
135	5.6234132519e+05	4.6196796735e+01	
136	6.3095734448e+05	4.4317168789e+01	
137	7.0794578438e+05	4.2425145111e+01	
138	7.9432823472e+05	4.0527844088e+01	
139	8.9125093813e+05	3.8633545508e+01	
140	1.0000000000e+06	3.6752459859e+01	
141	1.1220184543e+06	3.4897686925e+01	
142	1.2589254118e+06	3.3086191567e+01	
143	1.4125375446e+06	3.1339546185e+01	
144	1.5848931925e+06	2.9683783336e+01	
145	1.7782794100e+06	2.8147612617e+01	
146	1.9952623150e+06	2.6758486465e+01	
147	2.2387211386e+06	2.5537014617e+01	
148	2.5118864315e+06	2.4491806170e+01	
149	2.8183829313e+06	2.3617359477e+01	
150	3.1622776602e+06	2.2896268078e+01	
151	3.5481338923e+06	2.2304371215e+01	
152	3.9810717055e+06	2.1816175954e+01	
153	4.4668359215e+06	2.1408533700e+01	
154	5.0118723363e+06	2.1062157269e+01	
155	5.6234132519e+06	2.0761559019e+01	
156	6.3095734448e+06	2.0494248685e+01	
157	7.0794578438e+06	2.0249786208e+01	
158	7.9432823472e+06	2.0018981052e+01	
159	8.9125093813e+06	1.9793335154e+01	
160	1.0000000000e+07	1.9564709722e+01	
m_psrr_1hz_db = 7.6101825957e+01
m_psrr_1khz_db = 7.6100252654e+01
m_psrr_10hz_db = 7.6101825792e+01
m_psrr_100hz_db = 7.6101809247e+01
m_psrr_10khz_db = 7.5950895502e+01
m_psrr_100khz_db = 6.8775328047e+01
m_psrr_1mhz_db = 3.6752459859e+01
m_vref_op = 1.2164840090e+00
m_f_dc_hz = 1.0000000000e+00
m_f_band_edge_hz = 1.0000000000e+03
Note: Simulation executed from .control section 

Warning: m=xx on .subckt line will override multiplier m hierarchy!

