
Note: Compatibility modes selected: hs a


Circuit: * psrr-dc @ ss_125c_3.63v -- generated by sim/harness, do not edit

Doing analysis at TEMP = 125.000000 and TNOM = 27.000000

Using SPARSE 1.3 as Direct Linear Solver
 Reference value :  0.00000e+00
No. of Data Rows : 1
Doing analysis at TEMP = 125.000000 and TNOM = 27.000000

Using SPARSE 1.3 as Direct Linear Solver

No. of Data Rows : 161
       * psrr-dc @ ss_125c_3.63v -- generated by sim/harness, do not edit
       AC Analysis  Fri Jul 31 20:27:36  2026
--------------------------------------------------------------------------------
Index   frequency       psrr_db         
--------------------------------------------------------------------------------
0	1.0000000000e-01	3.3879843920e+01	
1	1.1220184543e-01	3.3879843920e+01	
2	1.2589254118e-01	3.3879843920e+01	
3	1.4125375446e-01	3.3879843920e+01	
4	1.5848931925e-01	3.3879843920e+01	
5	1.7782794100e-01	3.3879843920e+01	
6	1.9952623150e-01	3.3879843920e+01	
7	2.2387211386e-01	3.3879843920e+01	
8	2.5118864315e-01	3.3879843920e+01	
9	2.8183829313e-01	3.3879843920e+01	
10	3.1622776602e-01	3.3879843920e+01	
11	3.5481338923e-01	3.3879843920e+01	
12	3.9810717055e-01	3.3879843920e+01	
13	4.4668359215e-01	3.3879843920e+01	
14	5.0118723363e-01	3.3879843920e+01	
15	5.6234132519e-01	3.3879843920e+01	
16	6.3095734448e-01	3.3879843920e+01	
17	7.0794578438e-01	3.3879843920e+01	
18	7.9432823472e-01	3.3879843920e+01	
19	8.9125093813e-01	3.3879843920e+01	
20	1.0000000000e+00	3.3879843920e+01	
21	1.1220184543e+00	3.3879843920e+01	
22	1.2589254118e+00	3.3879843920e+01	
23	1.4125375446e+00	3.3879843920e+01	
24	1.5848931925e+00	3.3879843920e+01	
25	1.7782794100e+00	3.3879843919e+01	
26	1.9952623150e+00	3.3879843919e+01	
27	2.2387211386e+00	3.3879843919e+01	
28	2.5118864315e+00	3.3879843919e+01	
29	2.8183829313e+00	3.3879843919e+01	
30	3.1622776602e+00	3.3879843919e+01	
31	3.5481338923e+00	3.3879843918e+01	
32	3.9810717055e+00	3.3879843918e+01	
33	4.4668359215e+00	3.3879843918e+01	
34	5.0118723363e+00	3.3879843917e+01	
35	5.6234132519e+00	3.3879843916e+01	
36	6.3095734448e+00	3.3879843915e+01	
37	7.0794578438e+00	3.3879843914e+01	
38	7.9432823472e+00	3.3879843913e+01	
39	8.9125093813e+00	3.3879843911e+01	
40	1.0000000000e+01	3.3879843909e+01	
41	1.1220184543e+01	3.3879843906e+01	
42	1.2589254118e+01	3.3879843902e+01	
43	1.4125375446e+01	3.3879843898e+01	
44	1.5848931925e+01	3.3879843892e+01	
45	1.7782794100e+01	3.3879843885e+01	
46	1.9952623150e+01	3.3879843876e+01	
47	2.2387211386e+01	3.3879843865e+01	
48	2.5118864315e+01	3.3879843850e+01	
49	2.8183829313e+01	3.3879843832e+01	
50	3.1622776602e+01	3.3879843810e+01	
51	3.5481338923e+01	3.3879843781e+01	
52	3.9810717055e+01	3.3879843745e+01	
53	4.4668359215e+01	3.3879843700e+01	
54	5.0118723363e+01	3.3879843643e+01	

Index   frequency       psrr_db         
--------------------------------------------------------------------------------
55	5.6234132519e+01	3.3879843572e+01	
56	6.3095734448e+01	3.3879843482e+01	
57	7.0794578438e+01	3.3879843368e+01	
58	7.9432823472e+01	3.3879843225e+01	
59	8.9125093813e+01	3.3879843046e+01	
60	1.0000000000e+02	3.3879842819e+01	
61	1.1220184543e+02	3.3879842534e+01	
62	1.2589254118e+02	3.3879842175e+01	
63	1.4125375446e+02	3.3879841724e+01	
64	1.5848931925e+02	3.3879841155e+01	
65	1.7782794100e+02	3.3879840439e+01	
66	1.9952623150e+02	3.3879839538e+01	
67	2.2387211386e+02	3.3879838404e+01	
68	2.5118864315e+02	3.3879840456e+01	
69	2.8183829313e+02	3.3879838658e+01	
70	3.1622776602e+02	3.3879836394e+01	
71	3.5481338923e+02	3.3879833544e+01	
72	3.9810717055e+02	3.3879833438e+01	
73	4.4668359215e+02	3.3879828921e+01	
74	5.0118723363e+02	3.3879823235e+01	
75	5.6234132519e+02	3.3879819557e+01	
76	6.3095734448e+02	3.3879814026e+01	
77	7.0794578438e+02	3.3879806162e+01	
78	7.9432823472e+02	3.3879795360e+01	
79	8.9125093813e+02	3.3879784341e+01	
80	1.0000000000e+03	3.3879768666e+01	
81	1.1220184543e+03	3.3879747131e+01	
82	1.2589254118e+03	3.3879721697e+01	
83	1.4125375446e+03	3.3879697417e+01	
84	1.5848931925e+03	3.3879657963e+01	
85	1.7782794100e+03	3.3879607269e+01	
86	1.9952623150e+03	3.3879551965e+01	
87	2.2387211386e+03	3.3879473331e+01	
88	2.5118864315e+03	3.3879379251e+01	
89	2.8183829313e+03	3.3879255160e+01	
90	3.1622776602e+03	3.3879105412e+01	
91	3.5481338923e+03	3.3878911001e+01	
92	3.9810717055e+03	3.3878667207e+01	
93	4.4668359215e+03	3.3878368868e+01	
94	5.0118723363e+03	3.3877991968e+01	
95	5.6234132519e+03	3.3877506293e+01	
96	6.3095734448e+03	3.3876905128e+01	
97	7.0794578438e+03	3.3876144116e+01	
98	7.9432823472e+03	3.3875183959e+01	
99	8.9125093813e+03	3.3873980274e+01	
100	1.0000000000e+04	3.3872458794e+01	
101	1.1220184543e+04	3.3870562468e+01	
102	1.2589254118e+04	3.3868151559e+01	
103	1.4125375446e+04	3.3865141549e+01	
104	1.5848931925e+04	3.3861347855e+01	
105	1.7782794100e+04	3.3856581230e+01	
106	1.9952623150e+04	3.3850587867e+01	
107	2.2387211386e+04	3.3843079274e+01	
108	2.5118864315e+04	3.3833647842e+01	
109	2.8183829313e+04	3.3821832142e+01	
110	3.1622776602e+04	3.3807025475e+01	
111	3.5481338923e+04	3.3788524599e+01	
112	3.9810717055e+04	3.3765431644e+01	

Index   frequency       psrr_db         
--------------------------------------------------------------------------------
113	4.4668359215e+04	3.3736657119e+01	
114	5.0118723363e+04	3.3700900407e+01	
115	5.6234132519e+04	3.3656599349e+01	
116	6.3095734448e+04	3.3601906412e+01	
117	7.0794578438e+04	3.3534666191e+01	
118	7.9432823472e+04	3.3452420753e+01	
119	8.9125093813e+04	3.3352387187e+01	
120	1.0000000000e+05	3.3231485235e+01	
121	1.1220184543e+05	3.3086444324e+01	
122	1.2589254118e+05	3.2913823575e+01	
123	1.4125375446e+05	3.2710139138e+01	
124	1.5848931925e+05	3.2472042356e+01	
125	1.7782794100e+05	3.2196522426e+01	
126	1.9952623150e+05	3.1881101911e+01	
127	2.2387211386e+05	3.1524171113e+01	
128	2.5118864315e+05	3.1125284169e+01	
129	2.8183829313e+05	3.0685410147e+01	
130	3.1622776602e+05	3.0207214615e+01	
131	3.5481338923e+05	2.9695121526e+01	
132	3.9810717055e+05	2.9155299164e+01	
133	4.4668359215e+05	2.8595434533e+01	
134	5.0118723363e+05	2.8024397685e+01	
135	5.6234132519e+05	2.7451824515e+01	
136	6.3095734448e+05	2.6887563809e+01	
137	7.0794578438e+05	2.6341174078e+01	
138	7.9432823472e+05	2.5821370250e+01	
139	8.9125093813e+05	2.5335553572e+01	
140	1.0000000000e+06	2.4889421501e+01	
141	1.1220184543e+06	2.4486712787e+01	
142	1.2589254118e+06	2.4129128230e+01	
143	1.4125375446e+06	2.3816397798e+01	
144	1.5848931925e+06	2.3546501604e+01	
145	1.7782794100e+06	2.3315986095e+01	
146	1.9952623150e+06	2.3120313131e+01	
147	2.2387211386e+06	2.2954209681e+01	
148	2.5118864315e+06	2.2811970218e+01	
149	2.8183829313e+06	2.2687699947e+01	
150	3.1622776602e+06	2.2575491184e+01	
151	3.5481338923e+06	2.2469524585e+01	
152	3.9810717055e+06	2.2364112183e+01	
153	4.4668359215e+06	2.2253684540e+01	
154	5.0118723363e+06	2.2132746774e+01	
155	5.6234132519e+06	2.1995827170e+01	
156	6.3095734448e+06	2.1837443682e+01	
157	7.0794578438e+06	2.1652120908e+01	
158	7.9432823472e+06	2.1434477409e+01	
159	8.9125093813e+06	2.1179402456e+01	
160	1.0000000000e+07	2.0882317915e+01	
m_psrr_1hz_db = 3.3879843920e+01
m_psrr_1khz_db = 3.3879768666e+01
m_psrr_10hz_db = 3.3879843909e+01
m_psrr_100hz_db = 3.3879842819e+01
m_psrr_10khz_db = 3.3872458794e+01
m_psrr_100khz_db = 3.3231485235e+01
m_psrr_1mhz_db = 2.4889421501e+01
m_vref_op = 1.2370715765e+00
m_f_dc_hz = 1.0000000000e+00
m_f_band_edge_hz = 1.0000000000e+03
Note: Simulation executed from .control section 

Warning: m=xx on .subckt line will override multiplier m hierarchy!

Note: Starting dynamic gmin stepping
Note: Dynamic gmin stepping completed
Note: Starting dynamic gmin stepping
Note: Dynamic gmin stepping completed
