
Note: No compatibility mode selected!


Circuit: * line-regulation @ bjt_ss_-40c_3.30v -- generated by sim/harness, do not edit

Doing analysis at TEMP = -40.000000 and TNOM = 27.000000

Using SPARSE 1.3 as Direct Linear Solver
 Reference value :  2.97000e+00
 Reference value :  2.99000e+00
 Reference value :  3.01500e+00
 Reference value :  3.03500e+00
 Reference value :  3.05500e+00
 Reference value :  3.07500e+00
 Reference value :  3.09500e+00
 Reference value :  3.11500e+00
 Reference value :  3.13500e+00
 Reference value :  3.15500e+00
 Reference value :  3.17500e+00
 Reference value :  3.19500e+00
 Reference value :  3.21500e+00
 Reference value :  3.23500e+00
 Reference value :  3.25500e+00
 Reference value :  3.27500e+00
 Reference value :  3.29500e+00
 Reference value :  3.31500e+00
 Reference value :  3.33500e+00
 Reference value :  3.35500e+00
 Reference value :  3.37500e+00
 Reference value :  3.39500e+00
 Reference value :  3.41500e+00
 Reference value :  3.43500e+00
 Reference value :  3.45000e+00
 Reference value :  3.47000e+00
 Reference value :  3.49000e+00
 Reference value :  3.51000e+00
 Reference value :  3.53000e+00
 Reference value :  3.54500e+00
 Reference value :  3.56500e+00
 Reference value :  3.58000e+00
 Reference value :  3.60000e+00
 Reference value :  3.62000e+00
No. of Data Rows : 133
m_linereg_mv_per_v = 9.2396295221e-03
m_vref_min = 1.1960904310e+00
m_vref_max = 1.1960965291e+00
m_vref_lo = 1.1960962176e+00
m_vref_hi = 1.1960904310e+00
m_v_lo_check = 2.9700000000e+00
m_v_hi_check = 3.6300000000e+00
m_sweep_points = 1.3300000000e+02
Note: Simulation executed from .control section 

Warning : IC on non-existent node - xdut.xx1.casc, ignored
   Please check line .ic v(xdut.fb)=1.0 v(xdut.sns1)=0.6 v(xdut.sns2)=0.6 v(vref)=1.2 v(xdut.ibias)=0.6 v(xdut.xx1.casc)=1.8

Note: Starting dynamic gmin stepping
Note: Dynamic gmin stepping completed
