
Note: No compatibility mode selected!


Circuit: * line-regulation @ bjt_ff_27c_3.30v -- generated by sim/harness, do not edit

Doing analysis at TEMP = 27.000000 and TNOM = 27.000000

Using SPARSE 1.3 as Direct Linear Solver
 Reference value :  2.97000e+00
 Reference value :  2.98500e+00
 Reference value :  3.00500e+00
 Reference value :  3.02500e+00
 Reference value :  3.04000e+00
 Reference value :  3.05500e+00
 Reference value :  3.07000e+00
 Reference value :  3.08500e+00
 Reference value :  3.10500e+00
 Reference value :  3.12500e+00
 Reference value :  3.14000e+00
 Reference value :  3.16000e+00
 Reference value :  3.17500e+00
 Reference value :  3.19500e+00
 Reference value :  3.21000e+00
 Reference value :  3.23000e+00
 Reference value :  3.24500e+00
 Reference value :  3.26500e+00
 Reference value :  3.28000e+00
 Reference value :  3.30000e+00
 Reference value :  3.31500e+00
 Reference value :  3.33500e+00
 Reference value :  3.35500e+00
 Reference value :  3.37500e+00
 Reference value :  3.39500e+00
 Reference value :  3.41500e+00
 Reference value :  3.43500e+00
 Reference value :  3.45500e+00
 Reference value :  3.47500e+00
 Reference value :  3.49000e+00
 Reference value :  3.50500e+00
 Reference value :  3.52000e+00
 Reference value :  3.53500e+00
 Reference value :  3.55500e+00
 Reference value :  3.57000e+00
 Reference value :  3.59000e+00
 Reference value :  3.61000e+00
 Reference value :  3.63000e+00
No. of Data Rows : 133
m_linereg_mv_per_v = 1.6339607565e-02
m_vref_min = 1.1868050897e+00
m_vref_max = 1.1868158739e+00
m_vref_lo = 1.1868155388e+00
m_vref_hi = 1.1868050897e+00
m_v_lo_check = 2.9700000000e+00
m_v_hi_check = 3.6300000000e+00
m_sweep_points = 1.3300000000e+02
Note: Simulation executed from .control section 

Warning : IC on non-existent node - xdut.xx1.casc, ignored
   Please check line .ic v(xdut.fb)=1.0 v(xdut.sns1)=0.6 v(xdut.sns2)=0.6 v(vref)=1.2 v(xdut.ibias)=0.6 v(xdut.xx1.casc)=1.8

Note: Starting dynamic gmin stepping
Note: Dynamic gmin stepping completed
