
Note: No compatibility mode selected!


Circuit: * line-regulation @ res_ss_27c_3.30v -- generated by sim/harness, do not edit

Doing analysis at TEMP = 27.000000 and TNOM = 27.000000

Using SPARSE 1.3 as Direct Linear Solver
 Reference value :  2.97000e+00
 Reference value :  2.98500e+00
 Reference value :  3.00500e+00
 Reference value :  3.02500e+00
 Reference value :  3.04000e+00
 Reference value :  3.05500e+00
 Reference value :  3.07000e+00
 Reference value :  3.09000e+00
 Reference value :  3.10500e+00
 Reference value :  3.12000e+00
 Reference value :  3.13500e+00
 Reference value :  3.15500e+00
 Reference value :  3.17000e+00
 Reference value :  3.18500e+00
 Reference value :  3.20500e+00
 Reference value :  3.22000e+00
 Reference value :  3.23500e+00
 Reference value :  3.25500e+00
 Reference value :  3.27500e+00
 Reference value :  3.29500e+00
 Reference value :  3.31000e+00
 Reference value :  3.33000e+00
 Reference value :  3.34500e+00
 Reference value :  3.36000e+00
 Reference value :  3.38000e+00
 Reference value :  3.39500e+00
 Reference value :  3.41500e+00
 Reference value :  3.43000e+00
 Reference value :  3.45000e+00
 Reference value :  3.46500e+00
 Reference value :  3.48500e+00
 Reference value :  3.50000e+00
 Reference value :  3.52000e+00
 Reference value :  3.53500e+00
 Reference value :  3.55500e+00
 Reference value :  3.57500e+00
 Reference value :  3.59000e+00
 Reference value :  3.60500e+00
 Reference value :  3.62000e+00
No. of Data Rows : 133
m_linereg_mv_per_v = 2.0628023762e-02
m_vref_min = 1.1866841701e+00
m_vref_max = 1.1866977846e+00
m_vref_lo = 1.1866973807e+00
m_vref_hi = 1.1866841701e+00
m_v_lo_check = 2.9700000000e+00
m_v_hi_check = 3.6300000000e+00
m_sweep_points = 1.3300000000e+02
Note: Simulation executed from .control section 

Warning : IC on non-existent node - xdut.xx1.casc, ignored
   Please check line .ic v(xdut.fb)=1.0 v(xdut.sns1)=0.6 v(xdut.sns2)=0.6 v(vref)=1.2 v(xdut.ibias)=0.6 v(xdut.xx1.casc)=1.8

Note: Starting dynamic gmin stepping
Note: Dynamic gmin stepping completed
