
Note: No compatibility mode selected!


Circuit: * line-regulation @ res_ss_-40c_3.30v -- generated by sim/harness, do not edit

Doing analysis at TEMP = -40.000000 and TNOM = 27.000000

Using SPARSE 1.3 as Direct Linear Solver
 Reference value :  2.97000e+00
 Reference value :  2.98500e+00
 Reference value :  3.00000e+00
 Reference value :  3.01500e+00
 Reference value :  3.03000e+00
 Reference value :  3.04500e+00
 Reference value :  3.06000e+00
 Reference value :  3.07500e+00
 Reference value :  3.09000e+00
 Reference value :  3.10500e+00
 Reference value :  3.12000e+00
 Reference value :  3.14000e+00
 Reference value :  3.15500e+00
 Reference value :  3.17500e+00
 Reference value :  3.19000e+00
 Reference value :  3.21000e+00
 Reference value :  3.22500e+00
 Reference value :  3.24000e+00
 Reference value :  3.25500e+00
 Reference value :  3.27500e+00
 Reference value :  3.29500e+00
 Reference value :  3.31500e+00
 Reference value :  3.33000e+00
 Reference value :  3.35000e+00
 Reference value :  3.36500e+00
 Reference value :  3.38500e+00
 Reference value :  3.40000e+00
 Reference value :  3.42000e+00
 Reference value :  3.43500e+00
 Reference value :  3.45500e+00
 Reference value :  3.47500e+00
 Reference value :  3.49500e+00
 Reference value :  3.51500e+00
 Reference value :  3.53000e+00
 Reference value :  3.54500e+00
 Reference value :  3.56000e+00
 Reference value :  3.57500e+00
 Reference value :  3.59500e+00
 Reference value :  3.61500e+00
 Reference value :  3.63000e+00
No. of Data Rows : 133
m_linereg_mv_per_v = 1.2212491928e-02
m_vref_min = 1.1858812491e+00
m_vref_max = 1.1858893093e+00
m_vref_lo = 1.1858888193e+00
m_vref_hi = 1.1858812491e+00
m_v_lo_check = 2.9700000000e+00
m_v_hi_check = 3.6300000000e+00
m_sweep_points = 1.3300000000e+02
Note: Simulation executed from .control section 

Warning : IC on non-existent node - xdut.xx1.casc, ignored
   Please check line .ic v(xdut.fb)=1.0 v(xdut.sns1)=0.6 v(xdut.sns2)=0.6 v(vref)=1.2 v(xdut.ibias)=0.6 v(xdut.xx1.casc)=1.8

Note: Starting dynamic gmin stepping
Note: Dynamic gmin stepping completed
