
Note: No compatibility mode selected!


Circuit: * line-regulation @ res_ss_125c_3.30v -- generated by sim/harness, do not edit

Doing analysis at TEMP = 125.000000 and TNOM = 27.000000

Using SPARSE 1.3 as Direct Linear Solver
 Reference value :  2.97000e+00
 Reference value :  2.99000e+00
 Reference value :  3.01000e+00
 Reference value :  3.02500e+00
 Reference value :  3.04000e+00
 Reference value :  3.05500e+00
 Reference value :  3.07500e+00
 Reference value :  3.09000e+00
 Reference value :  3.10500e+00
 Reference value :  3.12000e+00
 Reference value :  3.13500e+00
 Reference value :  3.15000e+00
 Reference value :  3.16500e+00
 Reference value :  3.18500e+00
 Reference value :  3.20000e+00
 Reference value :  3.21500e+00
 Reference value :  3.23000e+00
 Reference value :  3.25000e+00
 Reference value :  3.26500e+00
 Reference value :  3.28000e+00
 Reference value :  3.29500e+00
 Reference value :  3.31500e+00
 Reference value :  3.33000e+00
 Reference value :  3.35000e+00
 Reference value :  3.36500e+00
 Reference value :  3.38500e+00
 Reference value :  3.40500e+00
 Reference value :  3.42500e+00
 Reference value :  3.44500e+00
 Reference value :  3.46500e+00
 Reference value :  3.48500e+00
 Reference value :  3.50500e+00
 Reference value :  3.52500e+00
 Reference value :  3.54500e+00
 Reference value :  3.56500e+00
 Reference value :  3.58000e+00
 Reference value :  3.60000e+00
 Reference value :  3.62000e+00
No. of Data Rows : 133
m_linereg_mv_per_v = 3.9946838251e-02
m_vref_min = 1.1820902491e+00
m_vref_max = 1.1821166140e+00
m_vref_lo = 1.1821160963e+00
m_vref_hi = 1.1820902491e+00
m_v_lo_check = 2.9700000000e+00
m_v_hi_check = 3.6300000000e+00
m_sweep_points = 1.3300000000e+02
Note: Simulation executed from .control section 

Warning : IC on non-existent node - xdut.xx1.casc, ignored
   Please check line .ic v(xdut.fb)=1.0 v(xdut.sns1)=0.6 v(xdut.sns2)=0.6 v(vref)=1.2 v(xdut.ibias)=0.6 v(xdut.xx1.casc)=1.8

Note: Starting dynamic gmin stepping
Note: Dynamic gmin stepping completed
