
Note: No compatibility mode selected!


Circuit: * line-regulation @ sf_27c_3.30v -- generated by sim/harness, do not edit

Doing analysis at TEMP = 27.000000 and TNOM = 27.000000

Using SPARSE 1.3 as Direct Linear Solver
 Reference value :  2.97000e+00
 Reference value :  2.98500e+00
 Reference value :  3.00000e+00
 Reference value :  3.02000e+00
 Reference value :  3.03500e+00
 Reference value :  3.05500e+00
 Reference value :  3.07500e+00
 Reference value :  3.09500e+00
 Reference value :  3.11500e+00
 Reference value :  3.13500e+00
 Reference value :  3.15500e+00
 Reference value :  3.17500e+00
 Reference value :  3.19500e+00
 Reference value :  3.21500e+00
 Reference value :  3.23500e+00
 Reference value :  3.25500e+00
 Reference value :  3.27500e+00
 Reference value :  3.29000e+00
 Reference value :  3.31000e+00
 Reference value :  3.32500e+00
 Reference value :  3.34000e+00
 Reference value :  3.36000e+00
 Reference value :  3.38000e+00
 Reference value :  3.40000e+00
 Reference value :  3.42000e+00
 Reference value :  3.44000e+00
 Reference value :  3.46000e+00
 Reference value :  3.48000e+00
 Reference value :  3.50000e+00
 Reference value :  3.51500e+00
 Reference value :  3.53000e+00
 Reference value :  3.54500e+00
 Reference value :  3.56000e+00
 Reference value :  3.58000e+00
 Reference value :  3.59500e+00
 Reference value :  3.61500e+00
 Reference value :  3.63000e+00
No. of Data Rows : 133
m_linereg_mv_per_v = 1.6894346774e-02
m_vref_min = 1.1924767565e+00
m_vref_max = 1.1924879068e+00
m_vref_lo = 1.1924875478e+00
m_vref_hi = 1.1924767565e+00
m_v_lo_check = 2.9700000000e+00
m_v_hi_check = 3.6300000000e+00
m_sweep_points = 1.3300000000e+02
Note: Simulation executed from .control section 

Warning : IC on non-existent node - xdut.xx1.casc, ignored
   Please check line .ic v(xdut.fb)=1.0 v(xdut.sns1)=0.6 v(xdut.sns2)=0.6 v(vref)=1.2 v(xdut.ibias)=0.6 v(xdut.xx1.casc)=1.8

Note: Starting dynamic gmin stepping
Note: Dynamic gmin stepping completed
