
Note: No compatibility mode selected!


Circuit: * line-regulation @ tt_-40c_3.30v -- generated by sim/harness, do not edit

Doing analysis at TEMP = -40.000000 and TNOM = 27.000000

Using SPARSE 1.3 as Direct Linear Solver
 Reference value :  2.97000e+00
 Reference value :  2.99000e+00
 Reference value :  3.00500e+00
 Reference value :  3.02000e+00
 Reference value :  3.04000e+00
 Reference value :  3.05500e+00
 Reference value :  3.07000e+00
 Reference value :  3.08500e+00
 Reference value :  3.10500e+00
 Reference value :  3.12000e+00
 Reference value :  3.13500e+00
 Reference value :  3.15500e+00
 Reference value :  3.17500e+00
 Reference value :  3.19000e+00
 Reference value :  3.20500e+00
 Reference value :  3.22000e+00
 Reference value :  3.23500e+00
 Reference value :  3.25500e+00
 Reference value :  3.27000e+00
 Reference value :  3.28500e+00
 Reference value :  3.30000e+00
 Reference value :  3.31500e+00
 Reference value :  3.33500e+00
 Reference value :  3.35500e+00
 Reference value :  3.37500e+00
 Reference value :  3.39500e+00
 Reference value :  3.41000e+00
 Reference value :  3.42500e+00
 Reference value :  3.44000e+00
 Reference value :  3.45500e+00
 Reference value :  3.47000e+00
 Reference value :  3.48500e+00
 Reference value :  3.50000e+00
 Reference value :  3.51500e+00
 Reference value :  3.53000e+00
 Reference value :  3.54500e+00
 Reference value :  3.56000e+00
 Reference value :  3.58000e+00
 Reference value :  3.59500e+00
 Reference value :  3.61500e+00
No. of Data Rows : 133
m_linereg_mv_per_v = 9.6627148858e-03
m_vref_min = 1.1904212790e+00
m_vref_max = 1.1904276563e+00
m_vref_lo = 1.1904273458e+00
m_vref_hi = 1.1904212790e+00
m_v_lo_check = 2.9700000000e+00
m_v_hi_check = 3.6300000000e+00
m_sweep_points = 1.3300000000e+02
Note: Simulation executed from .control section 

Warning : IC on non-existent node - xdut.xx1.casc, ignored
   Please check line .ic v(xdut.fb)=1.0 v(xdut.sns1)=0.6 v(xdut.sns2)=0.6 v(vref)=1.2 v(xdut.ibias)=0.6 v(xdut.xx1.casc)=1.8

Note: Starting dynamic gmin stepping
Note: Dynamic gmin stepping completed
