* ====================================================================
* record-id : 20260807-181348-8e74fd6
* testbench : tb_mos_vth.spice
* corner    : ff
* temp      : 125 C
* supply    : n/a (no supply rail in this device-level testbench)
* pdk       : gf180mcuD (/Users/rwalters/.volare/gf180mcuD)
* ngspice   : ngspice-46 : Circuit level simulation program
* run (UTC) : 2026-08-07T18:13:48Z
* ====================================================================

Note: Compatibility modes selected: hs a


Circuit: *include "corner.spice

Doing analysis at TEMP = 125.000000 and TNOM = 27.000000

Using SPARSE 1.3 as Direct Linear Solver

No. of Data Rows : 101
                                                                                                                                                                                                                                                     *include "corner.spice
                                                                                                                                                                                                                                                     DC transfer characteristic  Fri Aug  7 11:13:49  2026
--------------------------------------------------------------------------------------------------------------------------------------------------------------------------------------------------------------------------------------------------------------------------------------------------------------------------------------------------------------------------------------------------------------------------------------------------------------------------------------------------------------------------------
Index   v-sweep         v(gn1)          v(gn4)          v(gp1)          v(gp4)          
--------------------------------------------------------------------------------------------------------------------------------------------------------------------------------------------------------------------------------------------------------------------------------------------------------------------------------------------------------------------------------------------------------------------------------------------------------------------------------------------------------------------------------
0	-8.00000e+00	1.818189e-01	2.210877e-01	-3.13092e-01	-3.84441e-01	
1	-7.95000e+00	1.873912e-01	2.268950e-01	-3.19094e-01	-3.90854e-01	
2	-7.90000e+00	1.929754e-01	2.327226e-01	-3.25120e-01	-3.97302e-01	
3	-7.85000e+00	1.985718e-01	2.385710e-01	-3.31171e-01	-4.03786e-01	
4	-7.80000e+00	2.041809e-01	2.444411e-01	-3.37248e-01	-4.10308e-01	
5	-7.75000e+00	2.098031e-01	2.503334e-01	-3.43352e-01	-4.16868e-01	
6	-7.70000e+00	2.154389e-01	2.562488e-01	-3.49483e-01	-4.23466e-01	
7	-7.65000e+00	2.210888e-01	2.621879e-01	-3.55643e-01	-4.30106e-01	
8	-7.60000e+00	2.267533e-01	2.681513e-01	-3.61832e-01	-4.36787e-01	
9	-7.55000e+00	2.324330e-01	2.741398e-01	-3.68051e-01	-4.43513e-01	
10	-7.50000e+00	2.381286e-01	2.801540e-01	-3.74301e-01	-4.50285e-01	
11	-7.45000e+00	2.438405e-01	2.861947e-01	-3.80584e-01	-4.57102e-01	
12	-7.40000e+00	2.495695e-01	2.922627e-01	-3.86899e-01	-4.63973e-01	
13	-7.35000e+00	2.553160e-01	2.983586e-01	-3.93247e-01	-4.70897e-01	
14	-7.30000e+00	2.610809e-01	3.044833e-01	-3.99630e-01	-4.77881e-01	
15	-7.25000e+00	2.668647e-01	3.106378e-01	-4.06048e-01	-4.84925e-01	
16	-7.20000e+00	2.726680e-01	3.168229e-01	-4.12501e-01	-4.92036e-01	
17	-7.15000e+00	2.784916e-01	3.230399e-01	-4.18992e-01	-4.99220e-01	
18	-7.10000e+00	2.843361e-01	3.292901e-01	-4.25521e-01	-5.06481e-01	
19	-7.05000e+00	2.902021e-01	3.355750e-01	-4.32088e-01	-5.13828e-01	
20	-7.00000e+00	2.960903e-01	3.418962e-01	-4.38696e-01	-5.21267e-01	
21	-6.95000e+00	3.020013e-01	3.482559e-01	-4.45345e-01	-5.28807e-01	
22	-6.90000e+00	3.079358e-01	3.546564e-01	-4.52038e-01	-5.36456e-01	
23	-6.85000e+00	3.138945e-01	3.611005e-01	-4.58775e-01	-5.44224e-01	
24	-6.80000e+00	3.198779e-01	3.675912e-01	-4.65560e-01	-5.52122e-01	
25	-6.75000e+00	3.258869e-01	3.741323e-01	-4.72395e-01	-5.60162e-01	
26	-6.70000e+00	3.319220e-01	3.807279e-01	-4.79283e-01	-5.68356e-01	
27	-6.65000e+00	3.379840e-01	3.873827e-01	-4.86229e-01	-5.76717e-01	
28	-6.60000e+00	3.440738e-01	3.941021e-01	-4.93232e-01	-5.85261e-01	
29	-6.55000e+00	3.501921e-01	4.008920e-01	-5.00301e-01	-5.94003e-01	
30	-6.50000e+00	3.563400e-01	4.077592e-01	-5.07439e-01	-6.02961e-01	
31	-6.45000e+00	3.625186e-01	4.147110e-01	-5.14652e-01	-6.12153e-01	
32	-6.40000e+00	3.687292e-01	4.217558e-01	-5.21948e-01	-6.21600e-01	
33	-6.35000e+00	3.749731e-01	4.289025e-01	-5.29331e-01	-6.31324e-01	
34	-6.30000e+00	3.812523e-01	4.361610e-01	-5.36811e-01	-6.41348e-01	
35	-6.25000e+00	3.875685e-01	4.435422e-01	-5.44396e-01	-6.51698e-01	
36	-6.20000e+00	3.939243e-01	4.510579e-01	-5.52095e-01	-6.62401e-01	
37	-6.15000e+00	4.003222e-01	4.587209e-01	-5.59918e-01	-6.73489e-01	
38	-6.10000e+00	4.067656e-01	4.665450e-01	-5.67876e-01	-6.84992e-01	
39	-6.05000e+00	4.132580e-01	4.745454e-01	-5.75982e-01	-6.96946e-01	
40	-6.00000e+00	4.198036e-01	4.827381e-01	-5.84249e-01	-7.09390e-01	
41	-5.95000e+00	4.264068e-01	4.911408e-01	-5.92690e-01	-7.22364e-01	
42	-5.90000e+00	4.330734e-01	4.997723e-01	-6.01322e-01	-7.35913e-01	
43	-5.85000e+00	4.398093e-01	5.086530e-01	-6.10161e-01	-7.50084e-01	
44	-5.80000e+00	4.466215e-01	5.178047e-01	-6.19225e-01	-7.64930e-01	
45	-5.75000e+00	4.535173e-01	5.272511e-01	-6.28534e-01	-7.80504e-01	
46	-5.70000e+00	4.605053e-01	5.370173e-01	-6.38109e-01	-7.96867e-01	
47	-5.65000e+00	4.675962e-01	5.471307e-01	-6.47973e-01	-8.14081e-01	
48	-5.60000e+00	4.747963e-01	5.576204e-01	-6.58152e-01	-8.32214e-01	
49	-5.55000e+00	4.821199e-01	5.685176e-01	-6.68671e-01	-8.51338e-01	
50	-5.50000e+00	4.895788e-01	5.798560e-01	-6.79561e-01	-8.71531e-01	
51	-5.45000e+00	4.971864e-01	5.916714e-01	-6.90853e-01	-8.92881e-01	
52	-5.40000e+00	5.049572e-01	6.040023e-01	-7.02582e-01	-9.15472e-01	
53	-5.35000e+00	5.129071e-01	6.168897e-01	-7.14784e-01	-9.39396e-01	
54	-5.30000e+00	5.210535e-01	6.303774e-01	-7.27502e-01	-9.64748e-01	
55	-5.25000e+00	5.294151e-01	6.445121e-01	-7.40778e-01	-9.91628e-01	
56	-5.20000e+00	5.380123e-01	6.593436e-01	-7.54659e-01	-1.02014e+00	
57	-5.15000e+00	5.468679e-01	6.749246e-01	-7.69198e-01	-1.05040e+00	
58	-5.10000e+00	5.560043e-01	6.913114e-01	-7.84448e-01	-1.08252e+00	
59	-5.05000e+00	5.654488e-01	7.085634e-01	-8.00470e-01	-1.11663e+00	
60	-5.00000e+00	5.752293e-01	7.267437e-01	-8.17327e-01	-1.15285e+00	
61	-4.95000e+00	5.853763e-01	7.459192e-01	-8.35088e-01	-1.19133e+00	
62	-4.90000e+00	5.959228e-01	7.661606e-01	-8.53824e-01	-1.23221e+00	
63	-4.85000e+00	6.069045e-01	7.875427e-01	-8.73619e-01	-1.27565e+00	
64	-4.80000e+00	6.183599e-01	8.101447e-01	-8.94559e-01	-1.32182e+00	
65	-4.75000e+00	6.303307e-01	8.340505e-01	-9.16733e-01	-1.37089e+00	
66	-4.70000e+00	6.428617e-01	8.593492e-01	-9.40235e-01	-1.42305e+00	
67	-4.65000e+00	6.560016e-01	8.861352e-01	-9.65165e-01	-1.47852e+00	
68	-4.60000e+00	6.698013e-01	9.145089e-01	-9.91627e-01	-1.53750e+00	
69	-4.55000e+00	6.843173e-01	9.445775e-01	-1.01973e+00	-1.60024e+00	
70	-4.50000e+00	6.996094e-01	9.764553e-01	-1.04960e+00	-1.66698e+00	
71	-4.45000e+00	7.157414e-01	1.010264e+00	-1.08136e+00	-1.73799e+00	
72	-4.40000e+00	7.327818e-01	1.046136e+00	-1.11513e+00	-1.81356e+00	
73	-4.35000e+00	7.508035e-01	1.084211e+00	-1.15106e+00	-1.89399e+00	
74	-4.30000e+00	7.698845e-01	1.124641e+00	-1.18930e+00	-1.97961e+00	
75	-4.25000e+00	7.901078e-01	1.167588e+00	-1.23001e+00	-2.07077e+00	
76	-4.20000e+00	8.115622e-01	1.213228e+00	-1.27336e+00	-2.16786e+00	
77	-4.15000e+00	8.343424e-01	1.261753e+00	-1.31953e+00	-2.27125e+00	
78	-4.10000e+00	8.585496e-01	1.313368e+00	-1.36872e+00	-2.38138e+00	
79	-4.05000e+00	8.842921e-01	1.368297e+00	-1.42115e+00	-2.49871e+00	
80	-4.00000e+00	9.116866e-01	1.426784e+00	-1.47704e+00	-2.62370e+00	
81	-3.95000e+00	9.408583e-01	1.489095e+00	-1.53664e+00	-2.75687e+00	
82	-3.90000e+00	9.719429e-01	1.555521e+00	-1.60021e+00	-2.89876e+00	
83	-3.85000e+00	1.005087e+00	1.626382e+00	-1.66806e+00	-3.04993e+00	
84	-3.80000e+00	1.040451e+00	1.702028e+00	-1.74048e+00	-3.21097e+00	
85	-3.75000e+00	1.078207e+00	1.782847e+00	-1.81781e+00	-3.38251e+00	
86	-3.70000e+00	1.118548e+00	1.869267e+00	-1.90042e+00	-3.56518e+00	
87	-3.65000e+00	1.161680e+00	1.961766e+00	-1.98870e+00	-3.75965e+00	
88	-3.60000e+00	1.207834e+00	2.060872e+00	-2.08307e+00	-3.96660e+00	
89	-3.55000e+00	1.257260e+00	2.167174e+00	-2.18399e+00	-4.18671e+00	
90	-3.50000e+00	1.310239e+00	2.281334e+00	-2.29196e+00	-4.42068e+00	
91	-3.45000e+00	1.367076e+00	2.404090e+00	-2.40750e+00	-4.66917e+00	
92	-3.40000e+00	1.428115e+00	2.536270e+00	-2.53120e+00	-4.93284e+00	
93	-3.35000e+00	1.493735e+00	2.678804e+00	-2.66367e+00	-5.21231e+00	
94	-3.30000e+00	1.564359e+00	2.832736e+00	-2.80558e+00	-5.50811e+00	
95	-3.25000e+00	1.640464e+00	2.999234e+00	-2.95764e+00	-5.82072e+00	
96	-3.20000e+00	1.722582e+00	3.179604e+00	-3.12063e+00	-6.15051e+00	
97	-3.15000e+00	1.811315e+00	3.375295e+00	-3.29535e+00	-6.49771e+00	
98	-3.10000e+00	1.907345e+00	3.587904e+00	-3.48269e+00	-6.86245e+00	
99	-3.05000e+00	2.011448e+00	3.819169e+00	-3.68356e+00	-7.24471e+00	
100	-3.00000e+00	2.124507e+00	4.070942e+00	-3.89895e+00	-7.64453e+00	
ngspice-46 done
Warning: m=xx on .subckt line will override multiplier m hierarchy!

