* ====================================================================
* record-id : 20260807-181914-8e74fd6
* testbench : tb_pnp_mismatch.spice
* corner    : bjt_typical
* temp      : 125 C
* supply    : n/a (no supply rail in this device-level testbench)
* pdk       : gf180mcuD (/Users/rwalters/.volare/gf180mcuD)
* ngspice   : ngspice-46 : Circuit level simulation program
* run (UTC) : 2026-08-07T18:19:14Z
* ====================================================================

Note: Compatibility modes selected: hs a


Circuit: *include "corner.spice

Reset re-loads circuit *include "corner.spice

Circuit: *include "corner.spice

Doing analysis at TEMP = 125.000000 and TNOM = 27.000000

Using SPARSE 1.3 as Direct Linear Solver

No. of Data Rows : 1
da1 = 4.199195e-05
da10 = -8.96239e-05
dr1 = 4.445367e-02
dr10 = 4.468846e-02
Reset re-loads circuit *include "corner.spice

Circuit: *include "corner.spice

Doing analysis at TEMP = 125.000000 and TNOM = 27.000000

Using SPARSE 1.3 as Direct Linear Solver

No. of Data Rows : 1
da1 = -5.44659e-05
da10 = -7.13350e-05
dr1 = 4.446761e-02
dr10 = 4.456818e-02
Reset re-loads circuit *include "corner.spice

Circuit: *include "corner.spice

Doing analysis at TEMP = 125.000000 and TNOM = 27.000000

Using SPARSE 1.3 as Direct Linear Solver

No. of Data Rows : 1
da1 = -4.57010e-05
da10 = 2.720446e-05
dr1 = 4.451747e-02
dr10 = 4.461430e-02
Reset re-loads circuit *include "corner.spice

Circuit: *include "corner.spice

Doing analysis at TEMP = 125.000000 and TNOM = 27.000000

Using SPARSE 1.3 as Direct Linear Solver

No. of Data Rows : 1
da1 = -1.04747e-05
da10 = 4.169708e-06
dr1 = 4.453044e-02
dr10 = 4.464798e-02
Reset re-loads circuit *include "corner.spice

Circuit: *include "corner.spice

Doing analysis at TEMP = 125.000000 and TNOM = 27.000000

Using SPARSE 1.3 as Direct Linear Solver

No. of Data Rows : 1
da1 = 4.760778e-05
da10 = -4.72227e-05
dr1 = 4.449812e-02
dr10 = 4.464461e-02
Reset re-loads circuit *include "corner.spice

Circuit: *include "corner.spice

Doing analysis at TEMP = 125.000000 and TNOM = 27.000000

Using SPARSE 1.3 as Direct Linear Solver

No. of Data Rows : 1
da1 = 3.833017e-05
da10 = -1.87200e-05
dr1 = 4.448009e-02
dr10 = 4.464435e-02
Reset re-loads circuit *include "corner.spice

Circuit: *include "corner.spice

Doing analysis at TEMP = 125.000000 and TNOM = 27.000000

Using SPARSE 1.3 as Direct Linear Solver

No. of Data Rows : 1
da1 = -8.89401e-05
da10 = 8.290809e-05
dr1 = 4.446775e-02
dr10 = 4.463635e-02
Reset re-loads circuit *include "corner.spice

Circuit: *include "corner.spice

Doing analysis at TEMP = 125.000000 and TNOM = 27.000000

Using SPARSE 1.3 as Direct Linear Solver

No. of Data Rows : 1
da1 = -9.63209e-06
da10 = -3.04725e-05
dr1 = 4.450018e-02
dr10 = 4.465254e-02
Reset re-loads circuit *include "corner.spice

Circuit: *include "corner.spice

Doing analysis at TEMP = 125.000000 and TNOM = 27.000000

Using SPARSE 1.3 as Direct Linear Solver

No. of Data Rows : 1
da1 = -2.44096e-05
da10 = -1.39473e-05
dr1 = 4.452683e-02
dr10 = 4.462902e-02
Reset re-loads circuit *include "corner.spice

Circuit: *include "corner.spice

Doing analysis at TEMP = 125.000000 and TNOM = 27.000000

Using SPARSE 1.3 as Direct Linear Solver

No. of Data Rows : 1
da1 = 8.954340e-05
da10 = 9.094390e-05
dr1 = 4.448171e-02
dr10 = 4.463697e-02
Reset re-loads circuit *include "corner.spice

Circuit: *include "corner.spice

Doing analysis at TEMP = 125.000000 and TNOM = 27.000000

Using SPARSE 1.3 as Direct Linear Solver

No. of Data Rows : 1
da1 = 5.064359e-06
da10 = -1.86922e-06
dr1 = 4.450949e-02
dr10 = 4.469050e-02
Reset re-loads circuit *include "corner.spice

Circuit: *include "corner.spice

Doing analysis at TEMP = 125.000000 and TNOM = 27.000000

Using SPARSE 1.3 as Direct Linear Solver

No. of Data Rows : 1
da1 = 9.468175e-05
da10 = -7.69179e-05
dr1 = 4.450693e-02
dr10 = 4.470013e-02
Reset re-loads circuit *include "corner.spice

Circuit: *include "corner.spice

Doing analysis at TEMP = 125.000000 and TNOM = 27.000000

Using SPARSE 1.3 as Direct Linear Solver

No. of Data Rows : 1
da1 = -3.20354e-05
da10 = -7.20400e-05
dr1 = 4.441883e-02
dr10 = 4.461335e-02
Reset re-loads circuit *include "corner.spice

Circuit: *include "corner.spice

Doing analysis at TEMP = 125.000000 and TNOM = 27.000000

Using SPARSE 1.3 as Direct Linear Solver

No. of Data Rows : 1
da1 = -3.50381e-05
da10 = -5.79292e-05
dr1 = 4.446749e-02
dr10 = 4.471685e-02
Reset re-loads circuit *include "corner.spice

Circuit: *include "corner.spice

Doing analysis at TEMP = 125.000000 and TNOM = 27.000000

Using SPARSE 1.3 as Direct Linear Solver

No. of Data Rows : 1
da1 = -1.45729e-05
da10 = 6.704010e-05
dr1 = 4.452526e-02
dr10 = 4.469096e-02
Reset re-loads circuit *include "corner.spice

Circuit: *include "corner.spice

Doing analysis at TEMP = 125.000000 and TNOM = 27.000000

Using SPARSE 1.3 as Direct Linear Solver

No. of Data Rows : 1
da1 = 6.895503e-05
da10 = 6.975596e-05
dr1 = 4.443779e-02
dr10 = 4.466123e-02
Reset re-loads circuit *include "corner.spice

Circuit: *include "corner.spice

Doing analysis at TEMP = 125.000000 and TNOM = 27.000000

Using SPARSE 1.3 as Direct Linear Solver

No. of Data Rows : 1
da1 = 7.878065e-05
da10 = -3.19373e-05
dr1 = 4.451415e-02
dr10 = 4.471545e-02
Reset re-loads circuit *include "corner.spice

Circuit: *include "corner.spice

Doing analysis at TEMP = 125.000000 and TNOM = 27.000000

Using SPARSE 1.3 as Direct Linear Solver

No. of Data Rows : 1
da1 = -3.62467e-05
da10 = -2.42558e-05
dr1 = 4.442846e-02
dr10 = 4.469534e-02
Reset re-loads circuit *include "corner.spice

Circuit: *include "corner.spice

Doing analysis at TEMP = 125.000000 and TNOM = 27.000000

Using SPARSE 1.3 as Direct Linear Solver

No. of Data Rows : 1
da1 = 3.578949e-05
da10 = -1.55206e-05
dr1 = 4.447574e-02
dr10 = 4.467722e-02
Reset re-loads circuit *include "corner.spice

Circuit: *include "corner.spice

Doing analysis at TEMP = 125.000000 and TNOM = 27.000000

Using SPARSE 1.3 as Direct Linear Solver

No. of Data Rows : 1
da1 = 9.008681e-06
da10 = 7.179863e-05
dr1 = 4.441398e-02
dr10 = 4.476378e-02
Reset re-loads circuit *include "corner.spice

Circuit: *include "corner.spice

Doing analysis at TEMP = 125.000000 and TNOM = 27.000000

Using SPARSE 1.3 as Direct Linear Solver

No. of Data Rows : 1
da1 = -1.51608e-05
da10 = 5.458287e-05
dr1 = 4.448033e-02
dr10 = 4.465328e-02
Reset re-loads circuit *include "corner.spice

Circuit: *include "corner.spice

Doing analysis at TEMP = 125.000000 and TNOM = 27.000000

Using SPARSE 1.3 as Direct Linear Solver

No. of Data Rows : 1
da1 = -1.04046e-04
da10 = -1.02732e-04
dr1 = 4.446511e-02
dr10 = 4.468148e-02
Reset re-loads circuit *include "corner.spice

Circuit: *include "corner.spice

Doing analysis at TEMP = 125.000000 and TNOM = 27.000000

Using SPARSE 1.3 as Direct Linear Solver

No. of Data Rows : 1
da1 = 6.213582e-05
da10 = 6.217506e-05
dr1 = 4.448318e-02
dr10 = 4.467837e-02
Reset re-loads circuit *include "corner.spice

Circuit: *include "corner.spice

Doing analysis at TEMP = 125.000000 and TNOM = 27.000000

Using SPARSE 1.3 as Direct Linear Solver

No. of Data Rows : 1
da1 = 7.040682e-05
da10 = -6.64013e-05
dr1 = 4.441250e-02
dr10 = 4.472575e-02
Reset re-loads circuit *include "corner.spice

Circuit: *include "corner.spice

Doing analysis at TEMP = 125.000000 and TNOM = 27.000000

Using SPARSE 1.3 as Direct Linear Solver

No. of Data Rows : 1
da1 = 1.070467e-05
da10 = -1.89250e-05
dr1 = 4.451806e-02
dr10 = 4.463894e-02
Reset re-loads circuit *include "corner.spice

Circuit: *include "corner.spice

Doing analysis at TEMP = 125.000000 and TNOM = 27.000000

Using SPARSE 1.3 as Direct Linear Solver

No. of Data Rows : 1
da1 = -8.08573e-05
da10 = 5.972950e-05
dr1 = 4.452302e-02
dr10 = 4.466603e-02
Reset re-loads circuit *include "corner.spice

Circuit: *include "corner.spice

Doing analysis at TEMP = 125.000000 and TNOM = 27.000000

Using SPARSE 1.3 as Direct Linear Solver

No. of Data Rows : 1
da1 = 5.585230e-05
da10 = 2.810357e-05
dr1 = 4.445914e-02
dr10 = 4.463939e-02
Reset re-loads circuit *include "corner.spice

Circuit: *include "corner.spice

Doing analysis at TEMP = 125.000000 and TNOM = 27.000000

Using SPARSE 1.3 as Direct Linear Solver

No. of Data Rows : 1
da1 = 3.207643e-05
da10 = -1.12276e-04
dr1 = 4.454018e-02
dr10 = 4.464584e-02
Reset re-loads circuit *include "corner.spice

Circuit: *include "corner.spice

Doing analysis at TEMP = 125.000000 and TNOM = 27.000000

Using SPARSE 1.3 as Direct Linear Solver

No. of Data Rows : 1
da1 = -1.26660e-05
da10 = 3.350108e-06
dr1 = 4.452127e-02
dr10 = 4.459408e-02
Reset re-loads circuit *include "corner.spice

Circuit: *include "corner.spice

Doing analysis at TEMP = 125.000000 and TNOM = 27.000000

Using SPARSE 1.3 as Direct Linear Solver

No. of Data Rows : 1
da1 = -2.58019e-06
da10 = -2.33639e-06
dr1 = 4.452171e-02
dr10 = 4.472886e-02
Reset re-loads circuit *include "corner.spice

Circuit: *include "corner.spice

Doing analysis at TEMP = 125.000000 and TNOM = 27.000000

Using SPARSE 1.3 as Direct Linear Solver

No. of Data Rows : 1
da1 = -2.43232e-05
da10 = -2.17703e-06
dr1 = 4.446347e-02
dr10 = 4.466768e-02
Reset re-loads circuit *include "corner.spice

Circuit: *include "corner.spice

Doing analysis at TEMP = 125.000000 and TNOM = 27.000000

Using SPARSE 1.3 as Direct Linear Solver

No. of Data Rows : 1
da1 = -6.47576e-05
da10 = -7.83446e-05
dr1 = 4.450061e-02
dr10 = 4.475008e-02
Reset re-loads circuit *include "corner.spice

Circuit: *include "corner.spice

Doing analysis at TEMP = 125.000000 and TNOM = 27.000000

Using SPARSE 1.3 as Direct Linear Solver

No. of Data Rows : 1
da1 = 3.178588e-05
da10 = -5.36788e-05
dr1 = 4.454112e-02
dr10 = 4.471579e-02
Reset re-loads circuit *include "corner.spice

Circuit: *include "corner.spice

Doing analysis at TEMP = 125.000000 and TNOM = 27.000000

Using SPARSE 1.3 as Direct Linear Solver

No. of Data Rows : 1
da1 = 1.028271e-05
da10 = -8.49679e-05
dr1 = 4.443700e-02
dr10 = 4.452470e-02
Reset re-loads circuit *include "corner.spice

Circuit: *include "corner.spice

Doing analysis at TEMP = 125.000000 and TNOM = 27.000000

Using SPARSE 1.3 as Direct Linear Solver

No. of Data Rows : 1
da1 = -4.63739e-05
da10 = 7.008841e-06
dr1 = 4.457105e-02
dr10 = 4.467732e-02
Reset re-loads circuit *include "corner.spice

Circuit: *include "corner.spice

Doing analysis at TEMP = 125.000000 and TNOM = 27.000000

Using SPARSE 1.3 as Direct Linear Solver

No. of Data Rows : 1
da1 = -2.55974e-05
da10 = 9.038504e-05
dr1 = 4.447723e-02
dr10 = 4.464850e-02
Reset re-loads circuit *include "corner.spice

Circuit: *include "corner.spice

Doing analysis at TEMP = 125.000000 and TNOM = 27.000000

Using SPARSE 1.3 as Direct Linear Solver

No. of Data Rows : 1
da1 = 1.311835e-05
da10 = -4.09676e-05
dr1 = 4.458622e-02
dr10 = 4.456097e-02
Reset re-loads circuit *include "corner.spice

Circuit: *include "corner.spice

Doing analysis at TEMP = 125.000000 and TNOM = 27.000000

Using SPARSE 1.3 as Direct Linear Solver

No. of Data Rows : 1
da1 = 6.546939e-05
da10 = -2.54981e-05
dr1 = 4.449769e-02
dr10 = 4.472068e-02
Reset re-loads circuit *include "corner.spice

Circuit: *include "corner.spice

Doing analysis at TEMP = 125.000000 and TNOM = 27.000000

Using SPARSE 1.3 as Direct Linear Solver

No. of Data Rows : 1
da1 = 6.822668e-05
da10 = 7.227544e-05
dr1 = 4.445678e-02
dr10 = 4.468194e-02
Reset re-loads circuit *include "corner.spice

Circuit: *include "corner.spice

Doing analysis at TEMP = 125.000000 and TNOM = 27.000000

Using SPARSE 1.3 as Direct Linear Solver

No. of Data Rows : 1
da1 = -1.87018e-05
da10 = -4.64182e-06
dr1 = 4.448612e-02
dr10 = 4.460369e-02
Reset re-loads circuit *include "corner.spice

Circuit: *include "corner.spice

Doing analysis at TEMP = 125.000000 and TNOM = 27.000000

Using SPARSE 1.3 as Direct Linear Solver

No. of Data Rows : 1
da1 = -3.40382e-05
da10 = -4.70830e-05
dr1 = 4.452072e-02
dr10 = 4.468856e-02
Reset re-loads circuit *include "corner.spice

Circuit: *include "corner.spice

Doing analysis at TEMP = 125.000000 and TNOM = 27.000000

Using SPARSE 1.3 as Direct Linear Solver

No. of Data Rows : 1
da1 = -1.25525e-05
da10 = -2.62073e-05
dr1 = 4.452011e-02
dr10 = 4.460825e-02
Reset re-loads circuit *include "corner.spice

Circuit: *include "corner.spice

Doing analysis at TEMP = 125.000000 and TNOM = 27.000000

Using SPARSE 1.3 as Direct Linear Solver

No. of Data Rows : 1
da1 = -9.36240e-05
da10 = -2.09942e-05
dr1 = 4.451875e-02
dr10 = 4.471713e-02
Reset re-loads circuit *include "corner.spice

Circuit: *include "corner.spice

Doing analysis at TEMP = 125.000000 and TNOM = 27.000000

Using SPARSE 1.3 as Direct Linear Solver

No. of Data Rows : 1
da1 = -1.67382e-05
da10 = 1.247392e-05
dr1 = 4.440423e-02
dr10 = 4.470191e-02
Reset re-loads circuit *include "corner.spice

Circuit: *include "corner.spice

Doing analysis at TEMP = 125.000000 and TNOM = 27.000000

Using SPARSE 1.3 as Direct Linear Solver

No. of Data Rows : 1
da1 = -8.80958e-05
da10 = -2.95253e-05
dr1 = 4.454494e-02
dr10 = 4.466070e-02
Reset re-loads circuit *include "corner.spice

Circuit: *include "corner.spice

Doing analysis at TEMP = 125.000000 and TNOM = 27.000000

Using SPARSE 1.3 as Direct Linear Solver

No. of Data Rows : 1
da1 = 4.138698e-05
da10 = -7.14576e-06
dr1 = 4.456732e-02
dr10 = 4.459609e-02
Reset re-loads circuit *include "corner.spice

Circuit: *include "corner.spice

Doing analysis at TEMP = 125.000000 and TNOM = 27.000000

Using SPARSE 1.3 as Direct Linear Solver

No. of Data Rows : 1
da1 = -3.86213e-05
da10 = -3.26980e-06
dr1 = 4.448036e-02
dr10 = 4.465145e-02
Reset re-loads circuit *include "corner.spice

Circuit: *include "corner.spice

Doing analysis at TEMP = 125.000000 and TNOM = 27.000000

Using SPARSE 1.3 as Direct Linear Solver

No. of Data Rows : 1
da1 = -1.78225e-05
da10 = 3.041414e-05
dr1 = 4.451575e-02
dr10 = 4.465804e-02
Reset re-loads circuit *include "corner.spice

Circuit: *include "corner.spice

Doing analysis at TEMP = 125.000000 and TNOM = 27.000000

Using SPARSE 1.3 as Direct Linear Solver

No. of Data Rows : 1
da1 = 1.033879e-04
da10 = 1.569605e-05
dr1 = 4.455386e-02
dr10 = 4.469517e-02
Reset re-loads circuit *include "corner.spice

Circuit: *include "corner.spice

Doing analysis at TEMP = 125.000000 and TNOM = 27.000000

Using SPARSE 1.3 as Direct Linear Solver

No. of Data Rows : 1
da1 = -1.40036e-05
da10 = -2.19000e-06
dr1 = 4.455908e-02
dr10 = 4.466537e-02
Reset re-loads circuit *include "corner.spice

Circuit: *include "corner.spice

Doing analysis at TEMP = 125.000000 and TNOM = 27.000000

Using SPARSE 1.3 as Direct Linear Solver

No. of Data Rows : 1
da1 = -1.22991e-05
da10 = 2.059961e-05
dr1 = 4.449907e-02
dr10 = 4.472917e-02
Reset re-loads circuit *include "corner.spice

Circuit: *include "corner.spice

Doing analysis at TEMP = 125.000000 and TNOM = 27.000000

Using SPARSE 1.3 as Direct Linear Solver

No. of Data Rows : 1
da1 = 4.955144e-05
da10 = 1.097466e-05
dr1 = 4.448729e-02
dr10 = 4.472485e-02
Reset re-loads circuit *include "corner.spice

Circuit: *include "corner.spice

Doing analysis at TEMP = 125.000000 and TNOM = 27.000000

Using SPARSE 1.3 as Direct Linear Solver

No. of Data Rows : 1
da1 = -3.25033e-05
da10 = 5.869180e-05
dr1 = 4.448917e-02
dr10 = 4.471971e-02
Reset re-loads circuit *include "corner.spice

Circuit: *include "corner.spice

Doing analysis at TEMP = 125.000000 and TNOM = 27.000000

Using SPARSE 1.3 as Direct Linear Solver

No. of Data Rows : 1
da1 = -4.03392e-05
da10 = 1.864105e-04
dr1 = 4.459055e-02
dr10 = 4.467337e-02
Reset re-loads circuit *include "corner.spice

Circuit: *include "corner.spice

Doing analysis at TEMP = 125.000000 and TNOM = 27.000000

Using SPARSE 1.3 as Direct Linear Solver

No. of Data Rows : 1
da1 = -8.35784e-06
da10 = -3.48343e-05
dr1 = 4.444902e-02
dr10 = 4.472281e-02
Reset re-loads circuit *include "corner.spice

Circuit: *include "corner.spice

Doing analysis at TEMP = 125.000000 and TNOM = 27.000000

Using SPARSE 1.3 as Direct Linear Solver

No. of Data Rows : 1
da1 = 6.073192e-05
da10 = -7.39447e-05
dr1 = 4.445721e-02
dr10 = 4.466316e-02
Reset re-loads circuit *include "corner.spice

Circuit: *include "corner.spice

Doing analysis at TEMP = 125.000000 and TNOM = 27.000000

Using SPARSE 1.3 as Direct Linear Solver

No. of Data Rows : 1
da1 = 2.246760e-05
da10 = -9.22821e-06
dr1 = 4.447384e-02
dr10 = 4.470379e-02
Reset re-loads circuit *include "corner.spice

Circuit: *include "corner.spice

Doing analysis at TEMP = 125.000000 and TNOM = 27.000000

Using SPARSE 1.3 as Direct Linear Solver

No. of Data Rows : 1
da1 = -5.16572e-06
da10 = -4.77819e-05
dr1 = 4.447415e-02
dr10 = 4.468859e-02
Reset re-loads circuit *include "corner.spice

Circuit: *include "corner.spice

Doing analysis at TEMP = 125.000000 and TNOM = 27.000000

Using SPARSE 1.3 as Direct Linear Solver

No. of Data Rows : 1
da1 = -1.71761e-05
da10 = 5.723194e-06
dr1 = 4.443015e-02
dr10 = 4.471555e-02
Reset re-loads circuit *include "corner.spice

Circuit: *include "corner.spice

Doing analysis at TEMP = 125.000000 and TNOM = 27.000000

Using SPARSE 1.3 as Direct Linear Solver

No. of Data Rows : 1
da1 = 7.208106e-05
da10 = 1.562088e-05
dr1 = 4.454437e-02
dr10 = 4.465026e-02
Reset re-loads circuit *include "corner.spice

Circuit: *include "corner.spice

Doing analysis at TEMP = 125.000000 and TNOM = 27.000000

Using SPARSE 1.3 as Direct Linear Solver

No. of Data Rows : 1
da1 = 2.510086e-05
da10 = 4.995720e-05
dr1 = 4.455891e-02
dr10 = 4.468034e-02
Reset re-loads circuit *include "corner.spice

Circuit: *include "corner.spice

Doing analysis at TEMP = 125.000000 and TNOM = 27.000000

Using SPARSE 1.3 as Direct Linear Solver

No. of Data Rows : 1
da1 = 6.491091e-06
da10 = -2.17702e-06
dr1 = 4.459346e-02
dr10 = 4.464888e-02
Reset re-loads circuit *include "corner.spice

Circuit: *include "corner.spice

Doing analysis at TEMP = 125.000000 and TNOM = 27.000000

Using SPARSE 1.3 as Direct Linear Solver

No. of Data Rows : 1
da1 = 5.228655e-05
da10 = -7.96374e-05
dr1 = 4.447315e-02
dr10 = 4.458481e-02
Reset re-loads circuit *include "corner.spice

Circuit: *include "corner.spice

Doing analysis at TEMP = 125.000000 and TNOM = 27.000000

Using SPARSE 1.3 as Direct Linear Solver

No. of Data Rows : 1
da1 = 6.035497e-05
da10 = -7.88235e-05
dr1 = 4.448443e-02
dr10 = 4.456552e-02
Reset re-loads circuit *include "corner.spice

Circuit: *include "corner.spice

Doing analysis at TEMP = 125.000000 and TNOM = 27.000000

Using SPARSE 1.3 as Direct Linear Solver

No. of Data Rows : 1
da1 = -2.25275e-06
da10 = -1.72482e-05
dr1 = 4.448241e-02
dr10 = 4.469774e-02
Reset re-loads circuit *include "corner.spice

Circuit: *include "corner.spice

Doing analysis at TEMP = 125.000000 and TNOM = 27.000000

Using SPARSE 1.3 as Direct Linear Solver

No. of Data Rows : 1
da1 = 5.968454e-05
da10 = 8.732216e-05
dr1 = 4.437705e-02
dr10 = 4.468415e-02
Reset re-loads circuit *include "corner.spice

Circuit: *include "corner.spice

Doing analysis at TEMP = 125.000000 and TNOM = 27.000000

Using SPARSE 1.3 as Direct Linear Solver

No. of Data Rows : 1
da1 = -7.59410e-05
da10 = 2.592246e-05
dr1 = 4.452004e-02
dr10 = 4.475430e-02
Reset re-loads circuit *include "corner.spice

Circuit: *include "corner.spice

Doing analysis at TEMP = 125.000000 and TNOM = 27.000000

Using SPARSE 1.3 as Direct Linear Solver

No. of Data Rows : 1
da1 = 2.328170e-05
da10 = -5.72139e-05
dr1 = 4.445790e-02
dr10 = 4.474507e-02
Reset re-loads circuit *include "corner.spice

Circuit: *include "corner.spice

Doing analysis at TEMP = 125.000000 and TNOM = 27.000000

Using SPARSE 1.3 as Direct Linear Solver

No. of Data Rows : 1
da1 = -5.38692e-05
da10 = -5.46499e-05
dr1 = 4.453709e-02
dr10 = 4.462226e-02
Reset re-loads circuit *include "corner.spice

Circuit: *include "corner.spice

Doing analysis at TEMP = 125.000000 and TNOM = 27.000000

Using SPARSE 1.3 as Direct Linear Solver

No. of Data Rows : 1
da1 = -1.36302e-05
da10 = 2.819898e-05
dr1 = 4.444315e-02
dr10 = 4.470553e-02
Reset re-loads circuit *include "corner.spice

Circuit: *include "corner.spice

Doing analysis at TEMP = 125.000000 and TNOM = 27.000000

Using SPARSE 1.3 as Direct Linear Solver

No. of Data Rows : 1
da1 = -2.07722e-05
da10 = 3.801974e-05
dr1 = 4.449103e-02
dr10 = 4.468473e-02
Reset re-loads circuit *include "corner.spice

Circuit: *include "corner.spice

Doing analysis at TEMP = 125.000000 and TNOM = 27.000000

Using SPARSE 1.3 as Direct Linear Solver

No. of Data Rows : 1
da1 = -2.10386e-05
da10 = -8.93297e-06
dr1 = 4.449003e-02
dr10 = 4.472792e-02
Reset re-loads circuit *include "corner.spice

Circuit: *include "corner.spice

Doing analysis at TEMP = 125.000000 and TNOM = 27.000000

Using SPARSE 1.3 as Direct Linear Solver

No. of Data Rows : 1
da1 = 8.001170e-05
da10 = 2.084804e-05
dr1 = 4.441227e-02
dr10 = 4.465846e-02
Reset re-loads circuit *include "corner.spice

Circuit: *include "corner.spice

Doing analysis at TEMP = 125.000000 and TNOM = 27.000000

Using SPARSE 1.3 as Direct Linear Solver

No. of Data Rows : 1
da1 = 6.603286e-05
da10 = 2.583542e-05
dr1 = 4.449079e-02
dr10 = 4.456115e-02
Reset re-loads circuit *include "corner.spice

Circuit: *include "corner.spice

Doing analysis at TEMP = 125.000000 and TNOM = 27.000000

Using SPARSE 1.3 as Direct Linear Solver

No. of Data Rows : 1
da1 = -7.32846e-05
da10 = 1.366445e-05
dr1 = 4.452690e-02
dr10 = 4.467553e-02
Reset re-loads circuit *include "corner.spice

Circuit: *include "corner.spice

Doing analysis at TEMP = 125.000000 and TNOM = 27.000000

Using SPARSE 1.3 as Direct Linear Solver

No. of Data Rows : 1
da1 = -2.01791e-05
da10 = -5.36097e-05
dr1 = 4.448065e-02
dr10 = 4.474146e-02
Reset re-loads circuit *include "corner.spice

Circuit: *include "corner.spice

Doing analysis at TEMP = 125.000000 and TNOM = 27.000000

Using SPARSE 1.3 as Direct Linear Solver

No. of Data Rows : 1
da1 = 1.094232e-04
da10 = 1.932997e-05
dr1 = 4.438577e-02
dr10 = 4.466247e-02
Reset re-loads circuit *include "corner.spice

Circuit: *include "corner.spice

Doing analysis at TEMP = 125.000000 and TNOM = 27.000000

Using SPARSE 1.3 as Direct Linear Solver

No. of Data Rows : 1
da1 = 5.941035e-05
da10 = 4.002627e-05
dr1 = 4.442750e-02
dr10 = 4.467604e-02
Reset re-loads circuit *include "corner.spice

Circuit: *include "corner.spice

Doing analysis at TEMP = 125.000000 and TNOM = 27.000000

Using SPARSE 1.3 as Direct Linear Solver

No. of Data Rows : 1
da1 = -5.87205e-05
da10 = 6.070766e-07
dr1 = 4.447817e-02
dr10 = 4.463503e-02
Reset re-loads circuit *include "corner.spice

Circuit: *include "corner.spice

Doing analysis at TEMP = 125.000000 and TNOM = 27.000000

Using SPARSE 1.3 as Direct Linear Solver

No. of Data Rows : 1
da1 = -5.68796e-05
da10 = -2.92835e-06
dr1 = 4.449360e-02
dr10 = 4.458726e-02
Reset re-loads circuit *include "corner.spice

Circuit: *include "corner.spice

Doing analysis at TEMP = 125.000000 and TNOM = 27.000000

Using SPARSE 1.3 as Direct Linear Solver

No. of Data Rows : 1
da1 = 1.009737e-04
da10 = -8.10452e-05
dr1 = 4.453709e-02
dr10 = 4.473029e-02
Reset re-loads circuit *include "corner.spice

Circuit: *include "corner.spice

Doing analysis at TEMP = 125.000000 and TNOM = 27.000000

Using SPARSE 1.3 as Direct Linear Solver

No. of Data Rows : 1
da1 = 4.413613e-06
da10 = -5.23987e-07
dr1 = 4.451243e-02
dr10 = 4.467786e-02
Reset re-loads circuit *include "corner.spice

Circuit: *include "corner.spice

Doing analysis at TEMP = 125.000000 and TNOM = 27.000000

Using SPARSE 1.3 as Direct Linear Solver

No. of Data Rows : 1
da1 = -1.06767e-04
da10 = -8.49684e-05
dr1 = 4.446566e-02
dr10 = 4.455483e-02
Reset re-loads circuit *include "corner.spice

Circuit: *include "corner.spice

Doing analysis at TEMP = 125.000000 and TNOM = 27.000000

Using SPARSE 1.3 as Direct Linear Solver

No. of Data Rows : 1
da1 = -5.69384e-05
da10 = 2.544974e-05
dr1 = 4.455316e-02
dr10 = 4.464827e-02
Reset re-loads circuit *include "corner.spice

Circuit: *include "corner.spice

Doing analysis at TEMP = 125.000000 and TNOM = 27.000000

Using SPARSE 1.3 as Direct Linear Solver

No. of Data Rows : 1
da1 = 9.901899e-06
da10 = -3.85897e-05
dr1 = 4.456117e-02
dr10 = 4.465434e-02
Reset re-loads circuit *include "corner.spice

Circuit: *include "corner.spice

Doing analysis at TEMP = 125.000000 and TNOM = 27.000000

Using SPARSE 1.3 as Direct Linear Solver

No. of Data Rows : 1
da1 = 4.298335e-05
da10 = 4.974157e-05
dr1 = 4.456500e-02
dr10 = 4.462621e-02
Reset re-loads circuit *include "corner.spice

Circuit: *include "corner.spice

Doing analysis at TEMP = 125.000000 and TNOM = 27.000000

Using SPARSE 1.3 as Direct Linear Solver

No. of Data Rows : 1
da1 = -5.93391e-05
da10 = -3.03193e-06
dr1 = 4.452053e-02
dr10 = 4.471339e-02
Reset re-loads circuit *include "corner.spice

Circuit: *include "corner.spice

Doing analysis at TEMP = 125.000000 and TNOM = 27.000000

Using SPARSE 1.3 as Direct Linear Solver

No. of Data Rows : 1
da1 = -4.95954e-06
da10 = -3.22386e-05
dr1 = 4.448814e-02
dr10 = 4.464115e-02
Reset re-loads circuit *include "corner.spice

Circuit: *include "corner.spice

Doing analysis at TEMP = 125.000000 and TNOM = 27.000000

Using SPARSE 1.3 as Direct Linear Solver

No. of Data Rows : 1
da1 = 5.087308e-05
da10 = 3.066599e-05
dr1 = 4.457701e-02
dr10 = 4.468632e-02
Reset re-loads circuit *include "corner.spice

Circuit: *include "corner.spice

Doing analysis at TEMP = 125.000000 and TNOM = 27.000000

Using SPARSE 1.3 as Direct Linear Solver
 Reference value :  0.00000e+00
No. of Data Rows : 1
da1 = 3.259568e-05
da10 = 5.171619e-05
dr1 = 4.447529e-02
dr10 = 4.458019e-02
Reset re-loads circuit *include "corner.spice

Circuit: *include "corner.spice

Doing analysis at TEMP = 125.000000 and TNOM = 27.000000

Using SPARSE 1.3 as Direct Linear Solver

No. of Data Rows : 1
da1 = 4.545953e-05
da10 = -1.80406e-05
dr1 = 4.454942e-02
dr10 = 4.470322e-02
Reset re-loads circuit *include "corner.spice

Circuit: *include "corner.spice

Doing analysis at TEMP = 125.000000 and TNOM = 27.000000

Using SPARSE 1.3 as Direct Linear Solver

No. of Data Rows : 1
da1 = 4.830213e-06
da10 = 3.445233e-05
dr1 = 4.443318e-02
dr10 = 4.472161e-02
Reset re-loads circuit *include "corner.spice

Circuit: *include "corner.spice

Doing analysis at TEMP = 125.000000 and TNOM = 27.000000

Using SPARSE 1.3 as Direct Linear Solver

No. of Data Rows : 1
da1 = -1.09276e-05
da10 = 4.131598e-05
dr1 = 4.448481e-02
dr10 = 4.453600e-02
Reset re-loads circuit *include "corner.spice

Circuit: *include "corner.spice

Doing analysis at TEMP = 125.000000 and TNOM = 27.000000

Using SPARSE 1.3 as Direct Linear Solver

No. of Data Rows : 1
da1 = 6.093547e-05
da10 = -8.41116e-05
dr1 = 4.454392e-02
dr10 = 4.462783e-02
Reset re-loads circuit *include "corner.spice

Circuit: *include "corner.spice

Doing analysis at TEMP = 125.000000 and TNOM = 27.000000

Using SPARSE 1.3 as Direct Linear Solver

No. of Data Rows : 1
da1 = 6.778648e-05
da10 = -4.21436e-05
dr1 = 4.447633e-02
dr10 = 4.458204e-02
Reset re-loads circuit *include "corner.spice

Circuit: *include "corner.spice

Doing analysis at TEMP = 125.000000 and TNOM = 27.000000

Using SPARSE 1.3 as Direct Linear Solver

No. of Data Rows : 1
da1 = -2.43623e-05
da10 = -4.40390e-05
dr1 = 4.455690e-02
dr10 = 4.463687e-02
Reset re-loads circuit *include "corner.spice

Circuit: *include "corner.spice

Doing analysis at TEMP = 125.000000 and TNOM = 27.000000

Using SPARSE 1.3 as Direct Linear Solver

No. of Data Rows : 1
da1 = 1.134374e-05
da10 = 6.301674e-05
dr1 = 4.439584e-02
dr10 = 4.465771e-02
Reset re-loads circuit *include "corner.spice

Circuit: *include "corner.spice

Doing analysis at TEMP = 125.000000 and TNOM = 27.000000

Using SPARSE 1.3 as Direct Linear Solver

No. of Data Rows : 1
da1 = -7.35390e-06
da10 = 9.173127e-05
dr1 = 4.450805e-02
dr10 = 4.455851e-02
Reset re-loads circuit *include "corner.spice

Circuit: *include "corner.spice

Doing analysis at TEMP = 125.000000 and TNOM = 27.000000

Using SPARSE 1.3 as Direct Linear Solver

No. of Data Rows : 1
da1 = 8.526181e-06
da10 = 2.673256e-05
dr1 = 4.451814e-02
dr10 = 4.461018e-02
Reset re-loads circuit *include "corner.spice

Circuit: *include "corner.spice

Doing analysis at TEMP = 125.000000 and TNOM = 27.000000

Using SPARSE 1.3 as Direct Linear Solver

No. of Data Rows : 1
da1 = -8.71332e-05
da10 = -1.03964e-04
dr1 = 4.450183e-02
dr10 = 4.458045e-02
Reset re-loads circuit *include "corner.spice

Circuit: *include "corner.spice

Doing analysis at TEMP = 125.000000 and TNOM = 27.000000

Using SPARSE 1.3 as Direct Linear Solver

No. of Data Rows : 1
da1 = -2.63126e-05
da10 = -4.52005e-05
dr1 = 4.445703e-02
dr10 = 4.459300e-02
Reset re-loads circuit *include "corner.spice

Circuit: *include "corner.spice

Doing analysis at TEMP = 125.000000 and TNOM = 27.000000

Using SPARSE 1.3 as Direct Linear Solver

No. of Data Rows : 1
da1 = -1.22937e-05
da10 = -8.69559e-06
dr1 = 4.451447e-02
dr10 = 4.474653e-02
Reset re-loads circuit *include "corner.spice

Circuit: *include "corner.spice

Doing analysis at TEMP = 125.000000 and TNOM = 27.000000

Using SPARSE 1.3 as Direct Linear Solver

No. of Data Rows : 1
da1 = 6.325507e-05
da10 = 1.651797e-06
dr1 = 4.452745e-02
dr10 = 4.464840e-02
Reset re-loads circuit *include "corner.spice

Circuit: *include "corner.spice

Doing analysis at TEMP = 125.000000 and TNOM = 27.000000

Using SPARSE 1.3 as Direct Linear Solver

No. of Data Rows : 1
da1 = 9.607456e-05
da10 = 3.792134e-05
dr1 = 4.448868e-02
dr10 = 4.462556e-02
Reset re-loads circuit *include "corner.spice

Circuit: *include "corner.spice

Doing analysis at TEMP = 125.000000 and TNOM = 27.000000

Using SPARSE 1.3 as Direct Linear Solver

No. of Data Rows : 1
da1 = -1.33152e-05
da10 = 1.527550e-06
dr1 = 4.459795e-02
dr10 = 4.464988e-02
Reset re-loads circuit *include "corner.spice

Circuit: *include "corner.spice

Doing analysis at TEMP = 125.000000 and TNOM = 27.000000

Using SPARSE 1.3 as Direct Linear Solver

No. of Data Rows : 1
da1 = -7.91902e-06
da10 = 3.197838e-05
dr1 = 4.454941e-02
dr10 = 4.467477e-02
Reset re-loads circuit *include "corner.spice

Circuit: *include "corner.spice

Doing analysis at TEMP = 125.000000 and TNOM = 27.000000

Using SPARSE 1.3 as Direct Linear Solver

No. of Data Rows : 1
da1 = -7.27629e-05
da10 = 1.672863e-05
dr1 = 4.450013e-02
dr10 = 4.463396e-02
Reset re-loads circuit *include "corner.spice

Circuit: *include "corner.spice

Doing analysis at TEMP = 125.000000 and TNOM = 27.000000

Using SPARSE 1.3 as Direct Linear Solver

No. of Data Rows : 1
da1 = 6.658275e-05
da10 = -4.94488e-05
dr1 = 4.439821e-02
dr10 = 4.460884e-02
Reset re-loads circuit *include "corner.spice

Circuit: *include "corner.spice

Doing analysis at TEMP = 125.000000 and TNOM = 27.000000

Using SPARSE 1.3 as Direct Linear Solver

No. of Data Rows : 1
da1 = 2.320329e-05
da10 = -1.21796e-05
dr1 = 4.446659e-02
dr10 = 4.474662e-02
Reset re-loads circuit *include "corner.spice

Circuit: *include "corner.spice

Doing analysis at TEMP = 125.000000 and TNOM = 27.000000

Using SPARSE 1.3 as Direct Linear Solver

No. of Data Rows : 1
da1 = 4.023213e-05
da10 = -3.02593e-05
dr1 = 4.454526e-02
dr10 = 4.464593e-02
Reset re-loads circuit *include "corner.spice

Circuit: *include "corner.spice

Doing analysis at TEMP = 125.000000 and TNOM = 27.000000

Using SPARSE 1.3 as Direct Linear Solver

No. of Data Rows : 1
da1 = 1.059586e-05
da10 = -3.59281e-06
dr1 = 4.452052e-02
dr10 = 4.468801e-02
Reset re-loads circuit *include "corner.spice

Circuit: *include "corner.spice

Doing analysis at TEMP = 125.000000 and TNOM = 27.000000

Using SPARSE 1.3 as Direct Linear Solver

No. of Data Rows : 1
da1 = -1.43648e-05
da10 = -1.23406e-05
dr1 = 4.444941e-02
dr10 = 4.467378e-02
Reset re-loads circuit *include "corner.spice

Circuit: *include "corner.spice

Doing analysis at TEMP = 125.000000 and TNOM = 27.000000

Using SPARSE 1.3 as Direct Linear Solver

No. of Data Rows : 1
da1 = 1.051812e-04
da10 = 1.832450e-05
dr1 = 4.445074e-02
dr10 = 4.475501e-02
Reset re-loads circuit *include "corner.spice

Circuit: *include "corner.spice

Doing analysis at TEMP = 125.000000 and TNOM = 27.000000

Using SPARSE 1.3 as Direct Linear Solver

No. of Data Rows : 1
da1 = 3.651570e-05
da10 = 1.174260e-05
dr1 = 4.446561e-02
dr10 = 4.466262e-02
Reset re-loads circuit *include "corner.spice

Circuit: *include "corner.spice

Doing analysis at TEMP = 125.000000 and TNOM = 27.000000

Using SPARSE 1.3 as Direct Linear Solver

No. of Data Rows : 1
da1 = -6.98933e-05
da10 = -2.11325e-05
dr1 = 4.448492e-02
dr10 = 4.466683e-02
Reset re-loads circuit *include "corner.spice

Circuit: *include "corner.spice

Doing analysis at TEMP = 125.000000 and TNOM = 27.000000

Using SPARSE 1.3 as Direct Linear Solver

No. of Data Rows : 1
da1 = -4.43155e-05
da10 = -1.18794e-05
dr1 = 4.451523e-02
dr10 = 4.464922e-02
Reset re-loads circuit *include "corner.spice

Circuit: *include "corner.spice

Doing analysis at TEMP = 125.000000 and TNOM = 27.000000

Using SPARSE 1.3 as Direct Linear Solver

No. of Data Rows : 1
da1 = 1.020457e-04
da10 = 1.132650e-05
dr1 = 4.444419e-02
dr10 = 4.463562e-02
Reset re-loads circuit *include "corner.spice

Circuit: *include "corner.spice

Doing analysis at TEMP = 125.000000 and TNOM = 27.000000

Using SPARSE 1.3 as Direct Linear Solver

No. of Data Rows : 1
da1 = -2.32803e-05
da10 = 6.983652e-05
dr1 = 4.454897e-02
dr10 = 4.460686e-02
Reset re-loads circuit *include "corner.spice

Circuit: *include "corner.spice

Doing analysis at TEMP = 125.000000 and TNOM = 27.000000

Using SPARSE 1.3 as Direct Linear Solver

No. of Data Rows : 1
da1 = 5.167484e-05
da10 = -2.73183e-05
dr1 = 4.451097e-02
dr10 = 4.472444e-02
Reset re-loads circuit *include "corner.spice

Circuit: *include "corner.spice

Doing analysis at TEMP = 125.000000 and TNOM = 27.000000

Using SPARSE 1.3 as Direct Linear Solver

No. of Data Rows : 1
da1 = 1.903419e-05
da10 = -7.58075e-05
dr1 = 4.451634e-02
dr10 = 4.469366e-02
Reset re-loads circuit *include "corner.spice

Circuit: *include "corner.spice

Doing analysis at TEMP = 125.000000 and TNOM = 27.000000

Using SPARSE 1.3 as Direct Linear Solver

No. of Data Rows : 1
da1 = -5.93365e-05
da10 = -3.62991e-05
dr1 = 4.445581e-02
dr10 = 4.458777e-02
Reset re-loads circuit *include "corner.spice

Circuit: *include "corner.spice

Doing analysis at TEMP = 125.000000 and TNOM = 27.000000

Using SPARSE 1.3 as Direct Linear Solver

No. of Data Rows : 1
da1 = -1.18732e-05
da10 = 6.120007e-05
dr1 = 4.450167e-02
dr10 = 4.471455e-02
Reset re-loads circuit *include "corner.spice

Circuit: *include "corner.spice

Doing analysis at TEMP = 125.000000 and TNOM = 27.000000

Using SPARSE 1.3 as Direct Linear Solver

No. of Data Rows : 1
da1 = -1.15906e-04
da10 = -5.62049e-05
dr1 = 4.454688e-02
dr10 = 4.466235e-02
Reset re-loads circuit *include "corner.spice

Circuit: *include "corner.spice

Doing analysis at TEMP = 125.000000 and TNOM = 27.000000

Using SPARSE 1.3 as Direct Linear Solver

No. of Data Rows : 1
da1 = -5.63829e-05
da10 = -2.41346e-06
dr1 = 4.441445e-02
dr10 = 4.468080e-02
Reset re-loads circuit *include "corner.spice

Circuit: *include "corner.spice

Doing analysis at TEMP = 125.000000 and TNOM = 27.000000

Using SPARSE 1.3 as Direct Linear Solver

No. of Data Rows : 1
da1 = 1.056400e-04
da10 = -7.18315e-06
dr1 = 4.443079e-02
dr10 = 4.465988e-02
Reset re-loads circuit *include "corner.spice

Circuit: *include "corner.spice

Doing analysis at TEMP = 125.000000 and TNOM = 27.000000

Using SPARSE 1.3 as Direct Linear Solver

No. of Data Rows : 1
da1 = 7.468901e-05
da10 = 7.160687e-05
dr1 = 4.454397e-02
dr10 = 4.469735e-02
Reset re-loads circuit *include "corner.spice

Circuit: *include "corner.spice

Doing analysis at TEMP = 125.000000 and TNOM = 27.000000

Using SPARSE 1.3 as Direct Linear Solver

No. of Data Rows : 1
da1 = -5.82433e-05
da10 = 2.777758e-05
dr1 = 4.439140e-02
dr10 = 4.463334e-02
Reset re-loads circuit *include "corner.spice

Circuit: *include "corner.spice

Doing analysis at TEMP = 125.000000 and TNOM = 27.000000

Using SPARSE 1.3 as Direct Linear Solver

No. of Data Rows : 1
da1 = -2.96057e-06
da10 = 1.564106e-05
dr1 = 4.444615e-02
dr10 = 4.464209e-02
Reset re-loads circuit *include "corner.spice

Circuit: *include "corner.spice

Doing analysis at TEMP = 125.000000 and TNOM = 27.000000

Using SPARSE 1.3 as Direct Linear Solver

No. of Data Rows : 1
da1 = -6.17439e-05
da10 = 8.137655e-05
dr1 = 4.451202e-02
dr10 = 4.468627e-02
Reset re-loads circuit *include "corner.spice

Circuit: *include "corner.spice

Doing analysis at TEMP = 125.000000 and TNOM = 27.000000

Using SPARSE 1.3 as Direct Linear Solver

No. of Data Rows : 1
da1 = 1.651377e-05
da10 = 1.282442e-05
dr1 = 4.446823e-02
dr10 = 4.466666e-02
Reset re-loads circuit *include "corner.spice

Circuit: *include "corner.spice

Doing analysis at TEMP = 125.000000 and TNOM = 27.000000

Using SPARSE 1.3 as Direct Linear Solver

No. of Data Rows : 1
da1 = -6.86609e-05
da10 = 4.116701e-05
dr1 = 4.451135e-02
dr10 = 4.476012e-02
Reset re-loads circuit *include "corner.spice

Circuit: *include "corner.spice

Doing analysis at TEMP = 125.000000 and TNOM = 27.000000

Using SPARSE 1.3 as Direct Linear Solver

No. of Data Rows : 1
da1 = 8.407527e-05
da10 = 1.249989e-04
dr1 = 4.449085e-02
dr10 = 4.463513e-02
Reset re-loads circuit *include "corner.spice

Circuit: *include "corner.spice

Doing analysis at TEMP = 125.000000 and TNOM = 27.000000

Using SPARSE 1.3 as Direct Linear Solver

No. of Data Rows : 1
da1 = -3.17130e-05
da10 = -1.46452e-05
dr1 = 4.448931e-02
dr10 = 4.470491e-02
Reset re-loads circuit *include "corner.spice

Circuit: *include "corner.spice

Doing analysis at TEMP = 125.000000 and TNOM = 27.000000

Using SPARSE 1.3 as Direct Linear Solver

No. of Data Rows : 1
da1 = 6.840569e-05
da10 = -3.24118e-05
dr1 = 4.452369e-02
dr10 = 4.467188e-02
Reset re-loads circuit *include "corner.spice

Circuit: *include "corner.spice

Doing analysis at TEMP = 125.000000 and TNOM = 27.000000

Using SPARSE 1.3 as Direct Linear Solver

No. of Data Rows : 1
da1 = 7.374811e-05
da10 = 1.274931e-05
dr1 = 4.443415e-02
dr10 = 4.474556e-02
Reset re-loads circuit *include "corner.spice

Circuit: *include "corner.spice

Doing analysis at TEMP = 125.000000 and TNOM = 27.000000

Using SPARSE 1.3 as Direct Linear Solver

No. of Data Rows : 1
da1 = 5.519829e-05
da10 = -1.02002e-04
dr1 = 4.449402e-02
dr10 = 4.471055e-02
Reset re-loads circuit *include "corner.spice

Circuit: *include "corner.spice

Doing analysis at TEMP = 125.000000 and TNOM = 27.000000

Using SPARSE 1.3 as Direct Linear Solver

No. of Data Rows : 1
da1 = -6.29629e-05
da10 = 5.720999e-05
dr1 = 4.449379e-02
dr10 = 4.464382e-02
Reset re-loads circuit *include "corner.spice

Circuit: *include "corner.spice

Doing analysis at TEMP = 125.000000 and TNOM = 27.000000

Using SPARSE 1.3 as Direct Linear Solver

No. of Data Rows : 1
da1 = -6.23469e-05
da10 = -7.88437e-06
dr1 = 4.450861e-02
dr10 = 4.464768e-02
Reset re-loads circuit *include "corner.spice

Circuit: *include "corner.spice

Doing analysis at TEMP = 125.000000 and TNOM = 27.000000

Using SPARSE 1.3 as Direct Linear Solver

No. of Data Rows : 1
da1 = 1.180838e-05
da10 = -7.16370e-05
dr1 = 4.452492e-02
dr10 = 4.464373e-02
Reset re-loads circuit *include "corner.spice

Circuit: *include "corner.spice

Doing analysis at TEMP = 125.000000 and TNOM = 27.000000

Using SPARSE 1.3 as Direct Linear Solver

No. of Data Rows : 1
da1 = 4.945468e-05
da10 = -7.74067e-06
dr1 = 4.454667e-02
dr10 = 4.463722e-02
Reset re-loads circuit *include "corner.spice

Circuit: *include "corner.spice

Doing analysis at TEMP = 125.000000 and TNOM = 27.000000

Using SPARSE 1.3 as Direct Linear Solver

No. of Data Rows : 1
da1 = -2.32700e-05
da10 = -3.74992e-05
dr1 = 4.449958e-02
dr10 = 4.459278e-02
Reset re-loads circuit *include "corner.spice

Circuit: *include "corner.spice

Doing analysis at TEMP = 125.000000 and TNOM = 27.000000

Using SPARSE 1.3 as Direct Linear Solver

No. of Data Rows : 1
da1 = -5.87048e-06
da10 = -3.56216e-05
dr1 = 4.461180e-02
dr10 = 4.457127e-02
Reset re-loads circuit *include "corner.spice

Circuit: *include "corner.spice

Doing analysis at TEMP = 125.000000 and TNOM = 27.000000

Using SPARSE 1.3 as Direct Linear Solver

No. of Data Rows : 1
da1 = -7.95280e-06
da10 = 1.901560e-05
dr1 = 4.447912e-02
dr10 = 4.457338e-02
Reset re-loads circuit *include "corner.spice

Circuit: *include "corner.spice

Doing analysis at TEMP = 125.000000 and TNOM = 27.000000

Using SPARSE 1.3 as Direct Linear Solver

No. of Data Rows : 1
da1 = 7.922085e-07
da10 = -5.64458e-05
dr1 = 4.446160e-02
dr10 = 4.472187e-02
Reset re-loads circuit *include "corner.spice

Circuit: *include "corner.spice

Doing analysis at TEMP = 125.000000 and TNOM = 27.000000

Using SPARSE 1.3 as Direct Linear Solver

No. of Data Rows : 1
da1 = -6.83189e-06
da10 = -9.34179e-06
dr1 = 4.443215e-02
dr10 = 4.462438e-02
Reset re-loads circuit *include "corner.spice

Circuit: *include "corner.spice

Doing analysis at TEMP = 125.000000 and TNOM = 27.000000

Using SPARSE 1.3 as Direct Linear Solver

No. of Data Rows : 1
da1 = 2.860457e-06
da10 = -4.32661e-05
dr1 = 4.441514e-02
dr10 = 4.464584e-02
Reset re-loads circuit *include "corner.spice

Circuit: *include "corner.spice

Doing analysis at TEMP = 125.000000 and TNOM = 27.000000

Using SPARSE 1.3 as Direct Linear Solver

No. of Data Rows : 1
da1 = 6.525037e-05
da10 = -1.14637e-04
dr1 = 4.445638e-02
dr10 = 4.463640e-02
Reset re-loads circuit *include "corner.spice

Circuit: *include "corner.spice

Doing analysis at TEMP = 125.000000 and TNOM = 27.000000

Using SPARSE 1.3 as Direct Linear Solver

No. of Data Rows : 1
da1 = -1.58120e-05
da10 = 4.766610e-05
dr1 = 4.435264e-02
dr10 = 4.467779e-02
Reset re-loads circuit *include "corner.spice

Circuit: *include "corner.spice

Doing analysis at TEMP = 125.000000 and TNOM = 27.000000

Using SPARSE 1.3 as Direct Linear Solver

No. of Data Rows : 1
da1 = 2.809901e-05
da10 = 2.474588e-05
dr1 = 4.447477e-02
dr10 = 4.467626e-02
Reset re-loads circuit *include "corner.spice

Circuit: *include "corner.spice

Doing analysis at TEMP = 125.000000 and TNOM = 27.000000

Using SPARSE 1.3 as Direct Linear Solver

No. of Data Rows : 1
da1 = 1.956582e-06
da10 = 2.026142e-05
dr1 = 4.446987e-02
dr10 = 4.458147e-02
Reset re-loads circuit *include "corner.spice

Circuit: *include "corner.spice

Doing analysis at TEMP = 125.000000 and TNOM = 27.000000

Using SPARSE 1.3 as Direct Linear Solver

No. of Data Rows : 1
da1 = 1.186941e-05
da10 = 2.191273e-05
dr1 = 4.453122e-02
dr10 = 4.459883e-02
Reset re-loads circuit *include "corner.spice

Circuit: *include "corner.spice

Doing analysis at TEMP = 125.000000 and TNOM = 27.000000

Using SPARSE 1.3 as Direct Linear Solver

No. of Data Rows : 1
da1 = 2.940384e-06
da10 = -2.42175e-05
dr1 = 4.448822e-02
dr10 = 4.462054e-02
Reset re-loads circuit *include "corner.spice

Circuit: *include "corner.spice

Doing analysis at TEMP = 125.000000 and TNOM = 27.000000

Using SPARSE 1.3 as Direct Linear Solver

No. of Data Rows : 1
da1 = 4.031898e-06
da10 = -4.98279e-06
dr1 = 4.448184e-02
dr10 = 4.464415e-02
Reset re-loads circuit *include "corner.spice

Circuit: *include "corner.spice

Doing analysis at TEMP = 125.000000 and TNOM = 27.000000

Using SPARSE 1.3 as Direct Linear Solver

No. of Data Rows : 1
da1 = -7.48625e-05
da10 = 7.026958e-05
dr1 = 4.445932e-02
dr10 = 4.457330e-02
Reset re-loads circuit *include "corner.spice

Circuit: *include "corner.spice

Doing analysis at TEMP = 125.000000 and TNOM = 27.000000

Using SPARSE 1.3 as Direct Linear Solver

No. of Data Rows : 1
da1 = 1.439340e-05
da10 = -1.01893e-04
dr1 = 4.449628e-02
dr10 = 4.466328e-02
Reset re-loads circuit *include "corner.spice

Circuit: *include "corner.spice

Doing analysis at TEMP = 125.000000 and TNOM = 27.000000

Using SPARSE 1.3 as Direct Linear Solver

No. of Data Rows : 1
da1 = 2.761644e-05
da10 = -4.86408e-05
dr1 = 4.445390e-02
dr10 = 4.461897e-02
Reset re-loads circuit *include "corner.spice

Circuit: *include "corner.spice

Doing analysis at TEMP = 125.000000 and TNOM = 27.000000

Using SPARSE 1.3 as Direct Linear Solver

No. of Data Rows : 1
da1 = -2.72513e-05
da10 = 2.863345e-05
dr1 = 4.444892e-02
dr10 = 4.469181e-02
Reset re-loads circuit *include "corner.spice

Circuit: *include "corner.spice

Doing analysis at TEMP = 125.000000 and TNOM = 27.000000

Using SPARSE 1.3 as Direct Linear Solver

No. of Data Rows : 1
da1 = -6.40966e-05
da10 = 1.198786e-05
dr1 = 4.445792e-02
dr10 = 4.470176e-02
Reset re-loads circuit *include "corner.spice

Circuit: *include "corner.spice

Doing analysis at TEMP = 125.000000 and TNOM = 27.000000

Using SPARSE 1.3 as Direct Linear Solver

No. of Data Rows : 1
da1 = 1.660226e-05
da10 = 4.302281e-05
dr1 = 4.446318e-02
dr10 = 4.469636e-02
Reset re-loads circuit *include "corner.spice

Circuit: *include "corner.spice

Doing analysis at TEMP = 125.000000 and TNOM = 27.000000

Using SPARSE 1.3 as Direct Linear Solver

No. of Data Rows : 1
da1 = 2.346439e-05
da10 = 4.329148e-05
dr1 = 4.446521e-02
dr10 = 4.466692e-02
Reset re-loads circuit *include "corner.spice

Circuit: *include "corner.spice

Doing analysis at TEMP = 125.000000 and TNOM = 27.000000

Using SPARSE 1.3 as Direct Linear Solver

No. of Data Rows : 1
da1 = 7.766668e-05
da10 = 5.034399e-05
dr1 = 4.456414e-02
dr10 = 4.459702e-02
Reset re-loads circuit *include "corner.spice

Circuit: *include "corner.spice

Doing analysis at TEMP = 125.000000 and TNOM = 27.000000

Using SPARSE 1.3 as Direct Linear Solver

No. of Data Rows : 1
da1 = -6.51613e-05
da10 = 8.341528e-05
dr1 = 4.450651e-02
dr10 = 4.465194e-02
Reset re-loads circuit *include "corner.spice

Circuit: *include "corner.spice

Doing analysis at TEMP = 125.000000 and TNOM = 27.000000

Using SPARSE 1.3 as Direct Linear Solver

No. of Data Rows : 1
da1 = -2.11747e-05
da10 = 3.792089e-05
dr1 = 4.448227e-02
dr10 = 4.478654e-02
Reset re-loads circuit *include "corner.spice

Circuit: *include "corner.spice

Doing analysis at TEMP = 125.000000 and TNOM = 27.000000

Using SPARSE 1.3 as Direct Linear Solver

No. of Data Rows : 1
da1 = -3.31449e-05
da10 = 3.201534e-05
dr1 = 4.450244e-02
dr10 = 4.468671e-02
Reset re-loads circuit *include "corner.spice

Circuit: *include "corner.spice

Doing analysis at TEMP = 125.000000 and TNOM = 27.000000

Using SPARSE 1.3 as Direct Linear Solver

No. of Data Rows : 1
da1 = 8.738800e-06
da10 = 2.835981e-06
dr1 = 4.438102e-02
dr10 = 4.471893e-02
Reset re-loads circuit *include "corner.spice

Circuit: *include "corner.spice

Doing analysis at TEMP = 125.000000 and TNOM = 27.000000

Using SPARSE 1.3 as Direct Linear Solver

No. of Data Rows : 1
da1 = -3.31999e-05
da10 = -3.69052e-05
dr1 = 4.451088e-02
dr10 = 4.465567e-02
Reset re-loads circuit *include "corner.spice

Circuit: *include "corner.spice

Doing analysis at TEMP = 125.000000 and TNOM = 27.000000

Using SPARSE 1.3 as Direct Linear Solver

No. of Data Rows : 1
da1 = -6.63595e-07
da10 = 5.529157e-05
dr1 = 4.447515e-02
dr10 = 4.463848e-02
Reset re-loads circuit *include "corner.spice

Circuit: *include "corner.spice

Doing analysis at TEMP = 125.000000 and TNOM = 27.000000

Using SPARSE 1.3 as Direct Linear Solver

No. of Data Rows : 1
da1 = 9.021928e-05
da10 = 8.930520e-06
dr1 = 4.449962e-02
dr10 = 4.470136e-02
Reset re-loads circuit *include "corner.spice

Circuit: *include "corner.spice

Doing analysis at TEMP = 125.000000 and TNOM = 27.000000

Using SPARSE 1.3 as Direct Linear Solver

No. of Data Rows : 1
da1 = 5.032025e-05
da10 = 5.833915e-05
dr1 = 4.455657e-02
dr10 = 4.475605e-02
Reset re-loads circuit *include "corner.spice

Circuit: *include "corner.spice

Doing analysis at TEMP = 125.000000 and TNOM = 27.000000

Using SPARSE 1.3 as Direct Linear Solver

No. of Data Rows : 1
da1 = -2.36474e-05
da10 = -2.91799e-05
dr1 = 4.451338e-02
dr10 = 4.466250e-02
Reset re-loads circuit *include "corner.spice

Circuit: *include "corner.spice

Doing analysis at TEMP = 125.000000 and TNOM = 27.000000

Using SPARSE 1.3 as Direct Linear Solver

No. of Data Rows : 1
da1 = 2.747831e-06
da10 = -4.23776e-05
dr1 = 4.443990e-02
dr10 = 4.457610e-02
Reset re-loads circuit *include "corner.spice

Circuit: *include "corner.spice

Doing analysis at TEMP = 125.000000 and TNOM = 27.000000

Using SPARSE 1.3 as Direct Linear Solver

No. of Data Rows : 1
da1 = 7.041077e-05
da10 = 2.388764e-05
dr1 = 4.450341e-02
dr10 = 4.468551e-02
Reset re-loads circuit *include "corner.spice

Circuit: *include "corner.spice

Doing analysis at TEMP = 125.000000 and TNOM = 27.000000

Using SPARSE 1.3 as Direct Linear Solver

No. of Data Rows : 1
da1 = -3.17337e-05
da10 = 3.885159e-05
dr1 = 4.456894e-02
dr10 = 4.470236e-02
Reset re-loads circuit *include "corner.spice

Circuit: *include "corner.spice

Doing analysis at TEMP = 125.000000 and TNOM = 27.000000

Using SPARSE 1.3 as Direct Linear Solver

No. of Data Rows : 1
da1 = -4.61210e-05
da10 = -7.64449e-05
dr1 = 4.440014e-02
dr10 = 4.464028e-02
Reset re-loads circuit *include "corner.spice

Circuit: *include "corner.spice

Doing analysis at TEMP = 125.000000 and TNOM = 27.000000

Using SPARSE 1.3 as Direct Linear Solver

No. of Data Rows : 1
da1 = 5.908203e-05
da10 = -3.78351e-05
dr1 = 4.445451e-02
dr10 = 4.467227e-02
Reset re-loads circuit *include "corner.spice

Circuit: *include "corner.spice

Doing analysis at TEMP = 125.000000 and TNOM = 27.000000

Using SPARSE 1.3 as Direct Linear Solver

No. of Data Rows : 1
da1 = 6.490454e-05
da10 = -8.30787e-05
dr1 = 4.456061e-02
dr10 = 4.459729e-02
Reset re-loads circuit *include "corner.spice

Circuit: *include "corner.spice

Doing analysis at TEMP = 125.000000 and TNOM = 27.000000

Using SPARSE 1.3 as Direct Linear Solver

No. of Data Rows : 1
da1 = 2.058910e-06
da10 = 3.308881e-05
dr1 = 4.449758e-02
dr10 = 4.470820e-02
Reset re-loads circuit *include "corner.spice

Circuit: *include "corner.spice

Doing analysis at TEMP = 125.000000 and TNOM = 27.000000

Using SPARSE 1.3 as Direct Linear Solver

No. of Data Rows : 1
da1 = 7.993975e-06
da10 = -3.51165e-05
dr1 = 4.446607e-02
dr10 = 4.463302e-02
Reset re-loads circuit *include "corner.spice

Circuit: *include "corner.spice

Doing analysis at TEMP = 125.000000 and TNOM = 27.000000

Using SPARSE 1.3 as Direct Linear Solver

No. of Data Rows : 1
da1 = 3.903341e-05
da10 = 1.151346e-05
dr1 = 4.448215e-02
dr10 = 4.462814e-02
Reset re-loads circuit *include "corner.spice

Circuit: *include "corner.spice

Doing analysis at TEMP = 125.000000 and TNOM = 27.000000

Using SPARSE 1.3 as Direct Linear Solver

No. of Data Rows : 1
da1 = 1.447087e-04
da10 = 1.027503e-06
dr1 = 4.453863e-02
dr10 = 4.467011e-02
Reset re-loads circuit *include "corner.spice

Circuit: *include "corner.spice

Doing analysis at TEMP = 125.000000 and TNOM = 27.000000

Using SPARSE 1.3 as Direct Linear Solver

No. of Data Rows : 1
da1 = 3.366650e-05
da10 = 6.166754e-06
dr1 = 4.445464e-02
dr10 = 4.466334e-02
Reset re-loads circuit *include "corner.spice

Circuit: *include "corner.spice

Doing analysis at TEMP = 125.000000 and TNOM = 27.000000

Using SPARSE 1.3 as Direct Linear Solver

No. of Data Rows : 1
da1 = -8.07230e-05
da10 = -4.12556e-05
dr1 = 4.451165e-02
dr10 = 4.467016e-02
Reset re-loads circuit *include "corner.spice

Circuit: *include "corner.spice

Doing analysis at TEMP = 125.000000 and TNOM = 27.000000

Using SPARSE 1.3 as Direct Linear Solver

No. of Data Rows : 1
da1 = -1.25564e-05
da10 = -5.61194e-05
dr1 = 4.447060e-02
dr10 = 4.464312e-02
Reset re-loads circuit *include "corner.spice

Circuit: *include "corner.spice

Doing analysis at TEMP = 125.000000 and TNOM = 27.000000

Using SPARSE 1.3 as Direct Linear Solver

No. of Data Rows : 1
da1 = 7.194191e-05
da10 = -5.84981e-05
dr1 = 4.459196e-02
dr10 = 4.465498e-02
Reset re-loads circuit *include "corner.spice

Circuit: *include "corner.spice

Doing analysis at TEMP = 125.000000 and TNOM = 27.000000

Using SPARSE 1.3 as Direct Linear Solver

No. of Data Rows : 1
da1 = 6.764194e-06
da10 = 2.186170e-06
dr1 = 4.457153e-02
dr10 = 4.471088e-02
Reset re-loads circuit *include "corner.spice

Circuit: *include "corner.spice

Doing analysis at TEMP = 125.000000 and TNOM = 27.000000

Using SPARSE 1.3 as Direct Linear Solver

No. of Data Rows : 1
da1 = -2.65096e-05
da10 = 7.757464e-06
dr1 = 4.441473e-02
dr10 = 4.458872e-02
Reset re-loads circuit *include "corner.spice

Circuit: *include "corner.spice

Doing analysis at TEMP = 125.000000 and TNOM = 27.000000

Using SPARSE 1.3 as Direct Linear Solver

No. of Data Rows : 1
da1 = 2.052043e-05
da10 = -3.32220e-05
dr1 = 4.447745e-02
dr10 = 4.466867e-02
Reset re-loads circuit *include "corner.spice

Circuit: *include "corner.spice

Doing analysis at TEMP = 125.000000 and TNOM = 27.000000

Using SPARSE 1.3 as Direct Linear Solver

No. of Data Rows : 1
da1 = -3.43408e-05
da10 = 8.190707e-05
dr1 = 4.448180e-02
dr10 = 4.457767e-02
Reset re-loads circuit *include "corner.spice

Circuit: *include "corner.spice

Doing analysis at TEMP = 125.000000 and TNOM = 27.000000

Using SPARSE 1.3 as Direct Linear Solver

No. of Data Rows : 1
da1 = -4.45618e-05
da10 = 4.638643e-05
dr1 = 4.441498e-02
dr10 = 4.465345e-02
Reset re-loads circuit *include "corner.spice

Circuit: *include "corner.spice

Doing analysis at TEMP = 125.000000 and TNOM = 27.000000

Using SPARSE 1.3 as Direct Linear Solver

No. of Data Rows : 1
da1 = -7.72950e-05
da10 = 2.955668e-05
dr1 = 4.450501e-02
dr10 = 4.464833e-02
Reset re-loads circuit *include "corner.spice

Circuit: *include "corner.spice

Doing analysis at TEMP = 125.000000 and TNOM = 27.000000

Using SPARSE 1.3 as Direct Linear Solver

No. of Data Rows : 1
da1 = 3.382482e-05
da10 = 2.591833e-05
dr1 = 4.445279e-02
dr10 = 4.466238e-02
Reset re-loads circuit *include "corner.spice

Circuit: *include "corner.spice

Doing analysis at TEMP = 125.000000 and TNOM = 27.000000

Using SPARSE 1.3 as Direct Linear Solver

No. of Data Rows : 1
da1 = 3.577261e-05
da10 = -7.12645e-05
dr1 = 4.441904e-02
dr10 = 4.466093e-02
Reset re-loads circuit *include "corner.spice

Circuit: *include "corner.spice

Doing analysis at TEMP = 125.000000 and TNOM = 27.000000

Using SPARSE 1.3 as Direct Linear Solver

No. of Data Rows : 1
da1 = -3.70733e-05
da10 = -2.11291e-05
dr1 = 4.447182e-02
dr10 = 4.466616e-02
Reset re-loads circuit *include "corner.spice

Circuit: *include "corner.spice

Doing analysis at TEMP = 125.000000 and TNOM = 27.000000

Using SPARSE 1.3 as Direct Linear Solver

No. of Data Rows : 1
da1 = 2.210796e-05
da10 = -4.23938e-05
dr1 = 4.443932e-02
dr10 = 4.467726e-02
Reset re-loads circuit *include "corner.spice

Circuit: *include "corner.spice

Doing analysis at TEMP = 125.000000 and TNOM = 27.000000

Using SPARSE 1.3 as Direct Linear Solver

No. of Data Rows : 1
da1 = 8.320524e-06
da10 = -3.32598e-05
dr1 = 4.445153e-02
dr10 = 4.461771e-02
Reset re-loads circuit *include "corner.spice

Circuit: *include "corner.spice

Doing analysis at TEMP = 125.000000 and TNOM = 27.000000

Using SPARSE 1.3 as Direct Linear Solver

No. of Data Rows : 1
da1 = 3.125307e-05
da10 = -6.91772e-06
dr1 = 4.446284e-02
dr10 = 4.463430e-02
Reset re-loads circuit *include "corner.spice

Circuit: *include "corner.spice

Doing analysis at TEMP = 125.000000 and TNOM = 27.000000

Using SPARSE 1.3 as Direct Linear Solver

No. of Data Rows : 1
da1 = 2.179870e-05
da10 = -2.27631e-05
dr1 = 4.459699e-02
dr10 = 4.468306e-02
Reset re-loads circuit *include "corner.spice

Circuit: *include "corner.spice

Doing analysis at TEMP = 125.000000 and TNOM = 27.000000

Using SPARSE 1.3 as Direct Linear Solver

No. of Data Rows : 1
da1 = 1.937650e-05
da10 = -1.02160e-04
dr1 = 4.457816e-02
dr10 = 4.455985e-02
Reset re-loads circuit *include "corner.spice

Circuit: *include "corner.spice

Doing analysis at TEMP = 125.000000 and TNOM = 27.000000

Using SPARSE 1.3 as Direct Linear Solver

No. of Data Rows : 1
da1 = -2.73895e-06
da10 = -2.08006e-05
dr1 = 4.456481e-02
dr10 = 4.468954e-02
Reset re-loads circuit *include "corner.spice

Circuit: *include "corner.spice

Doing analysis at TEMP = 125.000000 and TNOM = 27.000000

Using SPARSE 1.3 as Direct Linear Solver

No. of Data Rows : 1
da1 = 2.625970e-05
da10 = 2.196527e-05
dr1 = 4.446738e-02
dr10 = 4.466024e-02
Reset re-loads circuit *include "corner.spice

Circuit: *include "corner.spice

Doing analysis at TEMP = 125.000000 and TNOM = 27.000000

Using SPARSE 1.3 as Direct Linear Solver

No. of Data Rows : 1
da1 = -5.67698e-05
da10 = 5.080149e-05
dr1 = 4.445010e-02
dr10 = 4.459801e-02
Reset re-loads circuit *include "corner.spice

Circuit: *include "corner.spice

Doing analysis at TEMP = 125.000000 and TNOM = 27.000000

Using SPARSE 1.3 as Direct Linear Solver

No. of Data Rows : 1
da1 = 3.561531e-05
da10 = 9.133855e-06
dr1 = 4.443813e-02
dr10 = 4.470630e-02
Reset re-loads circuit *include "corner.spice

Circuit: *include "corner.spice

Doing analysis at TEMP = 125.000000 and TNOM = 27.000000

Using SPARSE 1.3 as Direct Linear Solver

No. of Data Rows : 1
da1 = -5.47477e-05
da10 = 8.333731e-05
dr1 = 4.452825e-02
dr10 = 4.471237e-02
Reset re-loads circuit *include "corner.spice

Circuit: *include "corner.spice

Doing analysis at TEMP = 125.000000 and TNOM = 27.000000

Using SPARSE 1.3 as Direct Linear Solver

No. of Data Rows : 1
da1 = -4.62361e-08
da10 = 4.321706e-06
dr1 = 4.451729e-02
dr10 = 4.467293e-02
Reset re-loads circuit *include "corner.spice

Circuit: *include "corner.spice

Doing analysis at TEMP = 125.000000 and TNOM = 27.000000

Using SPARSE 1.3 as Direct Linear Solver

No. of Data Rows : 1
da1 = -9.46364e-05
da10 = -1.14065e-04
dr1 = 4.445066e-02
dr10 = 4.465651e-02
Reset re-loads circuit *include "corner.spice

Circuit: *include "corner.spice

Doing analysis at TEMP = 125.000000 and TNOM = 27.000000

Using SPARSE 1.3 as Direct Linear Solver

No. of Data Rows : 1
da1 = 4.565097e-05
da10 = 8.429448e-06
dr1 = 4.448583e-02
dr10 = 4.469119e-02
Reset re-loads circuit *include "corner.spice

Circuit: *include "corner.spice

Doing analysis at TEMP = 125.000000 and TNOM = 27.000000

Using SPARSE 1.3 as Direct Linear Solver

No. of Data Rows : 1
da1 = 3.050009e-05
da10 = -5.56857e-06
dr1 = 4.445994e-02
dr10 = 4.460467e-02
Reset re-loads circuit *include "corner.spice

Circuit: *include "corner.spice

Doing analysis at TEMP = 125.000000 and TNOM = 27.000000

Using SPARSE 1.3 as Direct Linear Solver

No. of Data Rows : 1
da1 = 1.116843e-05
da10 = -3.69657e-05
dr1 = 4.452485e-02
dr10 = 4.466037e-02
Reset re-loads circuit *include "corner.spice

Circuit: *include "corner.spice

Doing analysis at TEMP = 125.000000 and TNOM = 27.000000

Using SPARSE 1.3 as Direct Linear Solver

No. of Data Rows : 1
da1 = -1.45604e-05
da10 = 2.088568e-05
dr1 = 4.442831e-02
dr10 = 4.459463e-02
Reset re-loads circuit *include "corner.spice

Circuit: *include "corner.spice

Doing analysis at TEMP = 125.000000 and TNOM = 27.000000

Using SPARSE 1.3 as Direct Linear Solver

No. of Data Rows : 1
da1 = 2.975993e-05
da10 = 2.363988e-05
dr1 = 4.444494e-02
dr10 = 4.468605e-02
Reset re-loads circuit *include "corner.spice

Circuit: *include "corner.spice

Doing analysis at TEMP = 125.000000 and TNOM = 27.000000

Using SPARSE 1.3 as Direct Linear Solver

No. of Data Rows : 1
da1 = -3.42158e-05
da10 = 1.020762e-06
dr1 = 4.440104e-02
dr10 = 4.462787e-02
Reset re-loads circuit *include "corner.spice

Circuit: *include "corner.spice

Doing analysis at TEMP = 125.000000 and TNOM = 27.000000

Using SPARSE 1.3 as Direct Linear Solver

No. of Data Rows : 1
da1 = -7.39937e-05
da10 = 3.993072e-05
dr1 = 4.458103e-02
dr10 = 4.467447e-02
Reset re-loads circuit *include "corner.spice

Circuit: *include "corner.spice

Doing analysis at TEMP = 125.000000 and TNOM = 27.000000

Using SPARSE 1.3 as Direct Linear Solver

No. of Data Rows : 1
da1 = 3.007559e-05
da10 = 1.080360e-05
dr1 = 4.448049e-02
dr10 = 4.471105e-02
Reset re-loads circuit *include "corner.spice

Circuit: *include "corner.spice

Doing analysis at TEMP = 125.000000 and TNOM = 27.000000

Using SPARSE 1.3 as Direct Linear Solver

No. of Data Rows : 1
da1 = -7.08910e-05
da10 = 4.328397e-05
dr1 = 4.449869e-02
dr10 = 4.471731e-02
Reset re-loads circuit *include "corner.spice

Circuit: *include "corner.spice

Doing analysis at TEMP = 125.000000 and TNOM = 27.000000

Using SPARSE 1.3 as Direct Linear Solver

No. of Data Rows : 1
da1 = 1.295649e-04
da10 = 4.375860e-06
dr1 = 4.449259e-02
dr10 = 4.472111e-02
Reset re-loads circuit *include "corner.spice

Circuit: *include "corner.spice

Doing analysis at TEMP = 125.000000 and TNOM = 27.000000

Using SPARSE 1.3 as Direct Linear Solver

No. of Data Rows : 1
da1 = -1.21150e-05
da10 = -3.57485e-05
dr1 = 4.453953e-02
dr10 = 4.460390e-02
Reset re-loads circuit *include "corner.spice

Circuit: *include "corner.spice

Doing analysis at TEMP = 125.000000 and TNOM = 27.000000

Using SPARSE 1.3 as Direct Linear Solver

No. of Data Rows : 1
da1 = -1.21293e-06
da10 = -4.24872e-05
dr1 = 4.445517e-02
dr10 = 4.468264e-02
Reset re-loads circuit *include "corner.spice

Circuit: *include "corner.spice

Doing analysis at TEMP = 125.000000 and TNOM = 27.000000

Using SPARSE 1.3 as Direct Linear Solver

No. of Data Rows : 1
da1 = -3.62210e-05
da10 = -4.39315e-05
dr1 = 4.447831e-02
dr10 = 4.467243e-02
Reset re-loads circuit *include "corner.spice

Circuit: *include "corner.spice

Doing analysis at TEMP = 125.000000 and TNOM = 27.000000

Using SPARSE 1.3 as Direct Linear Solver

No. of Data Rows : 1
da1 = -7.99918e-05
da10 = 3.586118e-05
dr1 = 4.444878e-02
dr10 = 4.466280e-02
Reset re-loads circuit *include "corner.spice

Circuit: *include "corner.spice

Doing analysis at TEMP = 125.000000 and TNOM = 27.000000

Using SPARSE 1.3 as Direct Linear Solver

No. of Data Rows : 1
da1 = 2.391255e-05
da10 = -4.43652e-05
dr1 = 4.443829e-02
dr10 = 4.462591e-02
Reset re-loads circuit *include "corner.spice

Circuit: *include "corner.spice

Doing analysis at TEMP = 125.000000 and TNOM = 27.000000

Using SPARSE 1.3 as Direct Linear Solver

No. of Data Rows : 1
da1 = -6.08336e-05
da10 = -6.05657e-06
dr1 = 4.452724e-02
dr10 = 4.469538e-02
Reset re-loads circuit *include "corner.spice

Circuit: *include "corner.spice

Doing analysis at TEMP = 125.000000 and TNOM = 27.000000

Using SPARSE 1.3 as Direct Linear Solver

No. of Data Rows : 1
da1 = -6.90766e-05
da10 = 5.604754e-05
dr1 = 4.451319e-02
dr10 = 4.455836e-02
Reset re-loads circuit *include "corner.spice

Circuit: *include "corner.spice

Doing analysis at TEMP = 125.000000 and TNOM = 27.000000

Using SPARSE 1.3 as Direct Linear Solver

No. of Data Rows : 1
da1 = 5.739588e-05
da10 = -7.61612e-05
dr1 = 4.445872e-02
dr10 = 4.463506e-02
Reset re-loads circuit *include "corner.spice

Circuit: *include "corner.spice

Doing analysis at TEMP = 125.000000 and TNOM = 27.000000

Using SPARSE 1.3 as Direct Linear Solver
 Reference value :  0.00000e+00
No. of Data Rows : 1
da1 = 4.682388e-05
da10 = -4.68543e-05
dr1 = 4.450184e-02
dr10 = 4.462738e-02
Reset re-loads circuit *include "corner.spice

Circuit: *include "corner.spice

Doing analysis at TEMP = 125.000000 and TNOM = 27.000000

Using SPARSE 1.3 as Direct Linear Solver

No. of Data Rows : 1
da1 = 5.607709e-05
da10 = -1.96859e-05
dr1 = 4.451704e-02
dr10 = 4.466637e-02
Reset re-loads circuit *include "corner.spice

Circuit: *include "corner.spice

Doing analysis at TEMP = 125.000000 and TNOM = 27.000000

Using SPARSE 1.3 as Direct Linear Solver

No. of Data Rows : 1
da1 = -2.92017e-05
da10 = 3.006338e-05
dr1 = 4.442771e-02
dr10 = 4.461129e-02
Reset re-loads circuit *include "corner.spice

Circuit: *include "corner.spice

Doing analysis at TEMP = 125.000000 and TNOM = 27.000000

Using SPARSE 1.3 as Direct Linear Solver

No. of Data Rows : 1
da1 = 9.237683e-05
da10 = 7.230080e-05
dr1 = 4.455787e-02
dr10 = 4.458832e-02
Reset re-loads circuit *include "corner.spice

Circuit: *include "corner.spice

Doing analysis at TEMP = 125.000000 and TNOM = 27.000000

Using SPARSE 1.3 as Direct Linear Solver

No. of Data Rows : 1
da1 = 7.543134e-05
da10 = 6.894495e-05
dr1 = 4.448173e-02
dr10 = 4.466583e-02
Reset re-loads circuit *include "corner.spice

Circuit: *include "corner.spice

Doing analysis at TEMP = 125.000000 and TNOM = 27.000000

Using SPARSE 1.3 as Direct Linear Solver

No. of Data Rows : 1
da1 = -6.21321e-05
da10 = 8.089155e-05
dr1 = 4.454397e-02
dr10 = 4.469269e-02
Reset re-loads circuit *include "corner.spice

Circuit: *include "corner.spice

Doing analysis at TEMP = 125.000000 and TNOM = 27.000000

Using SPARSE 1.3 as Direct Linear Solver

No. of Data Rows : 1
da1 = -2.32766e-06
da10 = -8.57590e-06
dr1 = 4.455986e-02
dr10 = 4.461148e-02
Reset re-loads circuit *include "corner.spice

Circuit: *include "corner.spice

Doing analysis at TEMP = 125.000000 and TNOM = 27.000000

Using SPARSE 1.3 as Direct Linear Solver

No. of Data Rows : 1
da1 = 7.957565e-05
da10 = 2.112281e-05
dr1 = 4.450772e-02
dr10 = 4.471688e-02
Reset re-loads circuit *include "corner.spice

Circuit: *include "corner.spice

Doing analysis at TEMP = 125.000000 and TNOM = 27.000000

Using SPARSE 1.3 as Direct Linear Solver

No. of Data Rows : 1
da1 = -4.88601e-05
da10 = 7.359402e-05
dr1 = 4.452389e-02
dr10 = 4.470161e-02
Reset re-loads circuit *include "corner.spice

Circuit: *include "corner.spice

Doing analysis at TEMP = 125.000000 and TNOM = 27.000000

Using SPARSE 1.3 as Direct Linear Solver

No. of Data Rows : 1
da1 = 1.358933e-05
da10 = -4.38834e-05
dr1 = 4.443509e-02
dr10 = 4.466082e-02
Reset re-loads circuit *include "corner.spice

Circuit: *include "corner.spice

Doing analysis at TEMP = 125.000000 and TNOM = 27.000000

Using SPARSE 1.3 as Direct Linear Solver

No. of Data Rows : 1
da1 = 2.799648e-05
da10 = -3.82893e-05
dr1 = 4.454787e-02
dr10 = 4.463247e-02
Reset re-loads circuit *include "corner.spice

Circuit: *include "corner.spice

Doing analysis at TEMP = 125.000000 and TNOM = 27.000000

Using SPARSE 1.3 as Direct Linear Solver

No. of Data Rows : 1
da1 = 8.166712e-05
da10 = 7.540410e-05
dr1 = 4.449617e-02
dr10 = 4.457850e-02
Reset re-loads circuit *include "corner.spice

Circuit: *include "corner.spice

Doing analysis at TEMP = 125.000000 and TNOM = 27.000000

Using SPARSE 1.3 as Direct Linear Solver

No. of Data Rows : 1
da1 = -7.52959e-05
da10 = -7.38190e-06
dr1 = 4.451374e-02
dr10 = 4.465502e-02
Reset re-loads circuit *include "corner.spice

Circuit: *include "corner.spice

Doing analysis at TEMP = 125.000000 and TNOM = 27.000000

Using SPARSE 1.3 as Direct Linear Solver

No. of Data Rows : 1
da1 = 8.469728e-05
da10 = 6.397865e-05
dr1 = 4.442386e-02
dr10 = 4.462395e-02
Reset re-loads circuit *include "corner.spice

Circuit: *include "corner.spice

Doing analysis at TEMP = 125.000000 and TNOM = 27.000000

Using SPARSE 1.3 as Direct Linear Solver

No. of Data Rows : 1
da1 = -1.44880e-05
da10 = -8.08184e-05
dr1 = 4.457953e-02
dr10 = 4.472588e-02
Reset re-loads circuit *include "corner.spice

Circuit: *include "corner.spice

Doing analysis at TEMP = 125.000000 and TNOM = 27.000000

Using SPARSE 1.3 as Direct Linear Solver

No. of Data Rows : 1
da1 = -1.68758e-05
da10 = -5.44208e-05
dr1 = 4.449982e-02
dr10 = 4.466514e-02
Reset re-loads circuit *include "corner.spice

Circuit: *include "corner.spice

Doing analysis at TEMP = 125.000000 and TNOM = 27.000000

Using SPARSE 1.3 as Direct Linear Solver

No. of Data Rows : 1
da1 = -4.06941e-05
da10 = 1.298444e-05
dr1 = 4.448818e-02
dr10 = 4.471856e-02
Reset re-loads circuit *include "corner.spice

Circuit: *include "corner.spice

Doing analysis at TEMP = 125.000000 and TNOM = 27.000000

Using SPARSE 1.3 as Direct Linear Solver

No. of Data Rows : 1
da1 = 2.630478e-05
da10 = -6.26071e-05
dr1 = 4.444970e-02
dr10 = 4.465011e-02
Reset re-loads circuit *include "corner.spice

Circuit: *include "corner.spice

Doing analysis at TEMP = 125.000000 and TNOM = 27.000000

Using SPARSE 1.3 as Direct Linear Solver

No. of Data Rows : 1
da1 = 1.591137e-05
da10 = -1.93215e-05
dr1 = 4.443234e-02
dr10 = 4.472396e-02
Reset re-loads circuit *include "corner.spice

Circuit: *include "corner.spice

Doing analysis at TEMP = 125.000000 and TNOM = 27.000000

Using SPARSE 1.3 as Direct Linear Solver

No. of Data Rows : 1
da1 = -9.61424e-05
da10 = 4.343351e-05
dr1 = 4.443020e-02
dr10 = 4.466431e-02
Reset re-loads circuit *include "corner.spice

Circuit: *include "corner.spice

Doing analysis at TEMP = 125.000000 and TNOM = 27.000000

Using SPARSE 1.3 as Direct Linear Solver

No. of Data Rows : 1
da1 = 5.562106e-05
da10 = -1.15712e-05
dr1 = 4.455707e-02
dr10 = 4.469347e-02
Reset re-loads circuit *include "corner.spice

Circuit: *include "corner.spice

Doing analysis at TEMP = 125.000000 and TNOM = 27.000000

Using SPARSE 1.3 as Direct Linear Solver

No. of Data Rows : 1
da1 = 2.263281e-05
da10 = -2.87592e-05
dr1 = 4.445910e-02
dr10 = 4.453820e-02
Reset re-loads circuit *include "corner.spice

Circuit: *include "corner.spice

Doing analysis at TEMP = 125.000000 and TNOM = 27.000000

Using SPARSE 1.3 as Direct Linear Solver

No. of Data Rows : 1
da1 = 9.229610e-06
da10 = -1.74882e-05
dr1 = 4.448698e-02
dr10 = 4.471140e-02
Reset re-loads circuit *include "corner.spice

Circuit: *include "corner.spice

Doing analysis at TEMP = 125.000000 and TNOM = 27.000000

Using SPARSE 1.3 as Direct Linear Solver

No. of Data Rows : 1
da1 = 2.669707e-05
da10 = -6.64137e-05
dr1 = 4.442520e-02
dr10 = 4.461255e-02
Reset re-loads circuit *include "corner.spice

Circuit: *include "corner.spice

Doing analysis at TEMP = 125.000000 and TNOM = 27.000000

Using SPARSE 1.3 as Direct Linear Solver

No. of Data Rows : 1
da1 = -1.54337e-05
da10 = -8.02319e-05
dr1 = 4.438719e-02
dr10 = 4.467684e-02
Reset re-loads circuit *include "corner.spice

Circuit: *include "corner.spice

Doing analysis at TEMP = 125.000000 and TNOM = 27.000000

Using SPARSE 1.3 as Direct Linear Solver

No. of Data Rows : 1
da1 = -2.48727e-05
da10 = -1.58661e-05
dr1 = 4.444227e-02
dr10 = 4.471668e-02
Reset re-loads circuit *include "corner.spice

Circuit: *include "corner.spice

Doing analysis at TEMP = 125.000000 and TNOM = 27.000000

Using SPARSE 1.3 as Direct Linear Solver

No. of Data Rows : 1
da1 = -4.02345e-05
da10 = -1.41224e-05
dr1 = 4.450411e-02
dr10 = 4.461126e-02
Reset re-loads circuit *include "corner.spice

Circuit: *include "corner.spice

Doing analysis at TEMP = 125.000000 and TNOM = 27.000000

Using SPARSE 1.3 as Direct Linear Solver

No. of Data Rows : 1
da1 = 7.365375e-05
da10 = 8.054393e-05
dr1 = 4.442737e-02
dr10 = 4.471540e-02
Reset re-loads circuit *include "corner.spice

Circuit: *include "corner.spice

Doing analysis at TEMP = 125.000000 and TNOM = 27.000000

Using SPARSE 1.3 as Direct Linear Solver

No. of Data Rows : 1
da1 = 6.779783e-05
da10 = -1.93713e-05
dr1 = 4.444419e-02
dr10 = 4.462257e-02
Reset re-loads circuit *include "corner.spice

Circuit: *include "corner.spice

Doing analysis at TEMP = 125.000000 and TNOM = 27.000000

Using SPARSE 1.3 as Direct Linear Solver

No. of Data Rows : 1
da1 = 5.107040e-05
da10 = -3.08133e-05
dr1 = 4.451211e-02
dr10 = 4.469271e-02
Reset re-loads circuit *include "corner.spice

Circuit: *include "corner.spice

Doing analysis at TEMP = 125.000000 and TNOM = 27.000000

Using SPARSE 1.3 as Direct Linear Solver

No. of Data Rows : 1
da1 = 2.719495e-06
da10 = -5.05345e-05
dr1 = 4.451726e-02
dr10 = 4.470256e-02
Reset re-loads circuit *include "corner.spice

Circuit: *include "corner.spice

Doing analysis at TEMP = 125.000000 and TNOM = 27.000000

Using SPARSE 1.3 as Direct Linear Solver

No. of Data Rows : 1
da1 = -1.17338e-05
da10 = 1.009080e-05
dr1 = 4.447080e-02
dr10 = 4.460979e-02
Reset re-loads circuit *include "corner.spice

Circuit: *include "corner.spice

Doing analysis at TEMP = 125.000000 and TNOM = 27.000000

Using SPARSE 1.3 as Direct Linear Solver

No. of Data Rows : 1
da1 = -5.33508e-05
da10 = 4.401014e-05
dr1 = 4.456938e-02
dr10 = 4.465110e-02
Reset re-loads circuit *include "corner.spice

Circuit: *include "corner.spice

Doing analysis at TEMP = 125.000000 and TNOM = 27.000000

Using SPARSE 1.3 as Direct Linear Solver

No. of Data Rows : 1
da1 = 6.418364e-05
da10 = 2.320145e-05
dr1 = 4.447957e-02
dr10 = 4.454651e-02
Reset re-loads circuit *include "corner.spice

Circuit: *include "corner.spice

Doing analysis at TEMP = 125.000000 and TNOM = 27.000000

Using SPARSE 1.3 as Direct Linear Solver

No. of Data Rows : 1
da1 = -1.05564e-06
da10 = -2.91928e-05
dr1 = 4.438104e-02
dr10 = 4.463768e-02
Reset re-loads circuit *include "corner.spice

Circuit: *include "corner.spice

Doing analysis at TEMP = 125.000000 and TNOM = 27.000000

Using SPARSE 1.3 as Direct Linear Solver

No. of Data Rows : 1
da1 = 5.721935e-05
da10 = -1.96120e-05
dr1 = 4.450463e-02
dr10 = 4.467668e-02
Reset re-loads circuit *include "corner.spice

Circuit: *include "corner.spice

Doing analysis at TEMP = 125.000000 and TNOM = 27.000000

Using SPARSE 1.3 as Direct Linear Solver

No. of Data Rows : 1
da1 = -8.63900e-05
da10 = -1.57339e-05
dr1 = 4.449000e-02
dr10 = 4.462062e-02
Reset re-loads circuit *include "corner.spice

Circuit: *include "corner.spice

Doing analysis at TEMP = 125.000000 and TNOM = 27.000000

Using SPARSE 1.3 as Direct Linear Solver

No. of Data Rows : 1
da1 = -2.57529e-05
da10 = -9.27487e-05
dr1 = 4.445306e-02
dr10 = 4.466188e-02
Reset re-loads circuit *include "corner.spice

Circuit: *include "corner.spice

Doing analysis at TEMP = 125.000000 and TNOM = 27.000000

Using SPARSE 1.3 as Direct Linear Solver

No. of Data Rows : 1
da1 = -4.18647e-05
da10 = 5.708493e-05
dr1 = 4.448467e-02
dr10 = 4.465445e-02
Reset re-loads circuit *include "corner.spice

Circuit: *include "corner.spice

Doing analysis at TEMP = 125.000000 and TNOM = 27.000000

Using SPARSE 1.3 as Direct Linear Solver

No. of Data Rows : 1
da1 = -1.30500e-05
da10 = -9.28001e-05
dr1 = 4.448119e-02
dr10 = 4.457933e-02
Reset re-loads circuit *include "corner.spice

Circuit: *include "corner.spice

Doing analysis at TEMP = 125.000000 and TNOM = 27.000000

Using SPARSE 1.3 as Direct Linear Solver

No. of Data Rows : 1
da1 = -1.59778e-05
da10 = 1.363442e-05
dr1 = 4.447083e-02
dr10 = 4.469138e-02
Reset re-loads circuit *include "corner.spice

Circuit: *include "corner.spice

Doing analysis at TEMP = 125.000000 and TNOM = 27.000000

Using SPARSE 1.3 as Direct Linear Solver

No. of Data Rows : 1
da1 = 1.451657e-05
da10 = 3.714610e-05
dr1 = 4.451000e-02
dr10 = 4.471649e-02
Reset re-loads circuit *include "corner.spice

Circuit: *include "corner.spice

Doing analysis at TEMP = 125.000000 and TNOM = 27.000000

Using SPARSE 1.3 as Direct Linear Solver

No. of Data Rows : 1
da1 = 1.056717e-04
da10 = -3.57647e-05
dr1 = 4.455873e-02
dr10 = 4.465741e-02
Reset re-loads circuit *include "corner.spice

Circuit: *include "corner.spice

Doing analysis at TEMP = 125.000000 and TNOM = 27.000000

Using SPARSE 1.3 as Direct Linear Solver

No. of Data Rows : 1
da1 = -3.47377e-05
da10 = -8.27800e-05
dr1 = 4.439890e-02
dr10 = 4.465405e-02
Reset re-loads circuit *include "corner.spice

Circuit: *include "corner.spice

Doing analysis at TEMP = 125.000000 and TNOM = 27.000000

Using SPARSE 1.3 as Direct Linear Solver

No. of Data Rows : 1
da1 = 8.185095e-06
da10 = 2.017579e-05
dr1 = 4.453846e-02
dr10 = 4.465073e-02
Reset re-loads circuit *include "corner.spice

Circuit: *include "corner.spice

Doing analysis at TEMP = 125.000000 and TNOM = 27.000000

Using SPARSE 1.3 as Direct Linear Solver

No. of Data Rows : 1
da1 = -2.93208e-05
da10 = 7.123902e-05
dr1 = 4.446311e-02
dr10 = 4.463152e-02
Reset re-loads circuit *include "corner.spice

Circuit: *include "corner.spice

Doing analysis at TEMP = 125.000000 and TNOM = 27.000000

Using SPARSE 1.3 as Direct Linear Solver

No. of Data Rows : 1
da1 = 3.457192e-05
da10 = 1.819080e-05
dr1 = 4.455918e-02
dr10 = 4.466480e-02
Reset re-loads circuit *include "corner.spice

Circuit: *include "corner.spice

Doing analysis at TEMP = 125.000000 and TNOM = 27.000000

Using SPARSE 1.3 as Direct Linear Solver

No. of Data Rows : 1
da1 = -3.99895e-05
da10 = 9.882794e-06
dr1 = 4.450425e-02
dr10 = 4.460000e-02
Reset re-loads circuit *include "corner.spice

Circuit: *include "corner.spice

Doing analysis at TEMP = 125.000000 and TNOM = 27.000000

Using SPARSE 1.3 as Direct Linear Solver

No. of Data Rows : 1
da1 = -6.60244e-05
da10 = 3.858930e-05
dr1 = 4.446805e-02
dr10 = 4.468653e-02
Reset re-loads circuit *include "corner.spice

Circuit: *include "corner.spice

Doing analysis at TEMP = 125.000000 and TNOM = 27.000000

Using SPARSE 1.3 as Direct Linear Solver

No. of Data Rows : 1
da1 = -7.72737e-06
da10 = -9.08634e-05
dr1 = 4.457374e-02
dr10 = 4.458602e-02
Reset re-loads circuit *include "corner.spice

Circuit: *include "corner.spice

Doing analysis at TEMP = 125.000000 and TNOM = 27.000000

Using SPARSE 1.3 as Direct Linear Solver

No. of Data Rows : 1
da1 = -4.17429e-05
da10 = 8.442287e-05
dr1 = 4.447012e-02
dr10 = 4.463535e-02
Reset re-loads circuit *include "corner.spice

Circuit: *include "corner.spice

Doing analysis at TEMP = 125.000000 and TNOM = 27.000000

Using SPARSE 1.3 as Direct Linear Solver

No. of Data Rows : 1
da1 = -2.47456e-05
da10 = 9.548523e-06
dr1 = 4.448273e-02
dr10 = 4.463900e-02
Reset re-loads circuit *include "corner.spice

Circuit: *include "corner.spice

Doing analysis at TEMP = 125.000000 and TNOM = 27.000000

Using SPARSE 1.3 as Direct Linear Solver

No. of Data Rows : 1
da1 = 3.722816e-05
da10 = 1.919912e-05
dr1 = 4.453811e-02
dr10 = 4.476006e-02
Reset re-loads circuit *include "corner.spice

Circuit: *include "corner.spice

Doing analysis at TEMP = 125.000000 and TNOM = 27.000000

Using SPARSE 1.3 as Direct Linear Solver

No. of Data Rows : 1
da1 = -6.78756e-05
da10 = -3.48590e-05
dr1 = 4.455040e-02
dr10 = 4.468944e-02
Reset re-loads circuit *include "corner.spice

Circuit: *include "corner.spice

Doing analysis at TEMP = 125.000000 and TNOM = 27.000000

Using SPARSE 1.3 as Direct Linear Solver

No. of Data Rows : 1
da1 = -2.77883e-05
da10 = -1.35108e-04
dr1 = 4.456176e-02
dr10 = 4.460918e-02
Reset re-loads circuit *include "corner.spice

Circuit: *include "corner.spice

Doing analysis at TEMP = 125.000000 and TNOM = 27.000000

Using SPARSE 1.3 as Direct Linear Solver

No. of Data Rows : 1
da1 = -2.80767e-05
da10 = -2.15676e-05
dr1 = 4.449533e-02
dr10 = 4.473152e-02
Reset re-loads circuit *include "corner.spice

Circuit: *include "corner.spice

Doing analysis at TEMP = 125.000000 and TNOM = 27.000000

Using SPARSE 1.3 as Direct Linear Solver

No. of Data Rows : 1
da1 = -4.94726e-05
da10 = -1.47109e-05
dr1 = 4.443660e-02
dr10 = 4.470510e-02
Reset re-loads circuit *include "corner.spice

Circuit: *include "corner.spice

Doing analysis at TEMP = 125.000000 and TNOM = 27.000000

Using SPARSE 1.3 as Direct Linear Solver

No. of Data Rows : 1
da1 = -5.70275e-05
da10 = 1.254144e-04
dr1 = 4.450415e-02
dr10 = 4.466184e-02
Reset re-loads circuit *include "corner.spice

Circuit: *include "corner.spice

Doing analysis at TEMP = 125.000000 and TNOM = 27.000000

Using SPARSE 1.3 as Direct Linear Solver

No. of Data Rows : 1
da1 = -6.75610e-05
da10 = -1.16896e-05
dr1 = 4.449141e-02
dr10 = 4.470774e-02
Reset re-loads circuit *include "corner.spice

Circuit: *include "corner.spice

Doing analysis at TEMP = 125.000000 and TNOM = 27.000000

Using SPARSE 1.3 as Direct Linear Solver

No. of Data Rows : 1
da1 = -5.34066e-05
da10 = -1.80953e-06
dr1 = 4.454813e-02
dr10 = 4.465782e-02
Reset re-loads circuit *include "corner.spice

Circuit: *include "corner.spice

Doing analysis at TEMP = 125.000000 and TNOM = 27.000000

Using SPARSE 1.3 as Direct Linear Solver

No. of Data Rows : 1
da1 = -3.16134e-05
da10 = 1.509419e-05
dr1 = 4.442238e-02
dr10 = 4.461134e-02
Reset re-loads circuit *include "corner.spice

Circuit: *include "corner.spice

Doing analysis at TEMP = 125.000000 and TNOM = 27.000000

Using SPARSE 1.3 as Direct Linear Solver

No. of Data Rows : 1
da1 = 3.891624e-05
da10 = -2.60352e-05
dr1 = 4.458196e-02
dr10 = 4.471945e-02
Reset re-loads circuit *include "corner.spice

Circuit: *include "corner.spice

Doing analysis at TEMP = 125.000000 and TNOM = 27.000000

Using SPARSE 1.3 as Direct Linear Solver

No. of Data Rows : 1
da1 = -1.32923e-04
da10 = 1.588454e-05
dr1 = 4.452378e-02
dr10 = 4.470379e-02
Reset re-loads circuit *include "corner.spice

Circuit: *include "corner.spice

Doing analysis at TEMP = 125.000000 and TNOM = 27.000000

Using SPARSE 1.3 as Direct Linear Solver

No. of Data Rows : 1
da1 = 1.525378e-05
da10 = -3.08112e-05
dr1 = 4.447058e-02
dr10 = 4.461163e-02
Reset re-loads circuit *include "corner.spice

Circuit: *include "corner.spice

Doing analysis at TEMP = 125.000000 and TNOM = 27.000000

Using SPARSE 1.3 as Direct Linear Solver

No. of Data Rows : 1
da1 = 6.704574e-05
da10 = 7.523877e-06
dr1 = 4.437651e-02
dr10 = 4.461507e-02
Reset re-loads circuit *include "corner.spice

Circuit: *include "corner.spice

Doing analysis at TEMP = 125.000000 and TNOM = 27.000000

Using SPARSE 1.3 as Direct Linear Solver

No. of Data Rows : 1
da1 = -8.24235e-06
da10 = 1.115871e-04
dr1 = 4.453988e-02
dr10 = 4.468057e-02
Reset re-loads circuit *include "corner.spice

Circuit: *include "corner.spice

Doing analysis at TEMP = 125.000000 and TNOM = 27.000000

Using SPARSE 1.3 as Direct Linear Solver

No. of Data Rows : 1
da1 = -7.08883e-05
da10 = 1.118573e-05
dr1 = 4.447319e-02
dr10 = 4.467444e-02
Reset re-loads circuit *include "corner.spice

Circuit: *include "corner.spice

Doing analysis at TEMP = 125.000000 and TNOM = 27.000000

Using SPARSE 1.3 as Direct Linear Solver

No. of Data Rows : 1
da1 = -8.57375e-06
da10 = -6.72538e-05
dr1 = 4.449031e-02
dr10 = 4.461475e-02
Reset re-loads circuit *include "corner.spice

Circuit: *include "corner.spice

Doing analysis at TEMP = 125.000000 and TNOM = 27.000000

Using SPARSE 1.3 as Direct Linear Solver

No. of Data Rows : 1
da1 = -7.20002e-06
da10 = -5.67215e-05
dr1 = 4.441153e-02
dr10 = 4.459699e-02
Reset re-loads circuit *include "corner.spice

Circuit: *include "corner.spice

Doing analysis at TEMP = 125.000000 and TNOM = 27.000000

Using SPARSE 1.3 as Direct Linear Solver

No. of Data Rows : 1
da1 = -7.63356e-05
da10 = -6.75621e-05
dr1 = 4.448622e-02
dr10 = 4.462541e-02
Reset re-loads circuit *include "corner.spice

Circuit: *include "corner.spice

Doing analysis at TEMP = 125.000000 and TNOM = 27.000000

Using SPARSE 1.3 as Direct Linear Solver

No. of Data Rows : 1
da1 = -7.84444e-05
da10 = 1.117452e-04
dr1 = 4.450239e-02
dr10 = 4.463567e-02
Reset re-loads circuit *include "corner.spice

Circuit: *include "corner.spice

Doing analysis at TEMP = 125.000000 and TNOM = 27.000000

Using SPARSE 1.3 as Direct Linear Solver

No. of Data Rows : 1
da1 = 4.945817e-05
da10 = -1.68770e-05
dr1 = 4.443906e-02
dr10 = 4.469292e-02
Reset re-loads circuit *include "corner.spice

Circuit: *include "corner.spice

Doing analysis at TEMP = 125.000000 and TNOM = 27.000000

Using SPARSE 1.3 as Direct Linear Solver

No. of Data Rows : 1
da1 = 2.458371e-05
da10 = 4.092767e-05
dr1 = 4.448076e-02
dr10 = 4.473618e-02
Reset re-loads circuit *include "corner.spice

Circuit: *include "corner.spice

Doing analysis at TEMP = 125.000000 and TNOM = 27.000000

Using SPARSE 1.3 as Direct Linear Solver

No. of Data Rows : 1
da1 = -9.00340e-06
da10 = 3.787345e-05
dr1 = 4.455337e-02
dr10 = 4.472615e-02
Reset re-loads circuit *include "corner.spice

Circuit: *include "corner.spice

Doing analysis at TEMP = 125.000000 and TNOM = 27.000000

Using SPARSE 1.3 as Direct Linear Solver

No. of Data Rows : 1
da1 = -6.88322e-06
da10 = -6.79295e-05
dr1 = 4.451344e-02
dr10 = 4.472316e-02
Reset re-loads circuit *include "corner.spice

Circuit: *include "corner.spice

Doing analysis at TEMP = 125.000000 and TNOM = 27.000000

Using SPARSE 1.3 as Direct Linear Solver

No. of Data Rows : 1
da1 = -4.56817e-05
da10 = 2.306193e-05
dr1 = 4.451896e-02
dr10 = 4.467169e-02
Reset re-loads circuit *include "corner.spice

Circuit: *include "corner.spice

Doing analysis at TEMP = 125.000000 and TNOM = 27.000000

Using SPARSE 1.3 as Direct Linear Solver

No. of Data Rows : 1
da1 = 1.315696e-05
da10 = -1.84056e-05
dr1 = 4.449241e-02
dr10 = 4.464953e-02
ngspice-46 done
