* ====================================================================
* record-id : 20260807-181914-8e74fd6
* testbench : tb_pnp_mismatch.spice
* corner    : bjt_typical
* temp      : 27 C
* supply    : n/a (no supply rail in this device-level testbench)
* pdk       : gf180mcuD (/Users/rwalters/.volare/gf180mcuD)
* ngspice   : ngspice-46 : Circuit level simulation program
* run (UTC) : 2026-08-07T18:19:14Z
* ====================================================================

Note: Compatibility modes selected: hs a


Circuit: *include "corner.spice

Reset re-loads circuit *include "corner.spice

Circuit: *include "corner.spice

Doing analysis at TEMP = 27.000000 and TNOM = 27.000000

Using SPARSE 1.3 as Direct Linear Solver

No. of Data Rows : 1
da1 = 3.934754e-05
da10 = -8.11176e-05
dr1 = 3.324300e-02
dr10 = 3.339373e-02
Reset re-loads circuit *include "corner.spice

Circuit: *include "corner.spice

Doing analysis at TEMP = 27.000000 and TNOM = 27.000000

Using SPARSE 1.3 as Direct Linear Solver

No. of Data Rows : 1
da1 = -5.03109e-05
da10 = -7.46599e-05
dr1 = 3.325215e-02
dr10 = 3.329015e-02
Reset re-loads circuit *include "corner.spice

Circuit: *include "corner.spice

Doing analysis at TEMP = 27.000000 and TNOM = 27.000000

Using SPARSE 1.3 as Direct Linear Solver

No. of Data Rows : 1
da1 = -4.19929e-05
da10 = 2.606125e-05
dr1 = 3.329578e-02
dr10 = 3.333596e-02
Reset re-loads circuit *include "corner.spice

Circuit: *include "corner.spice

Doing analysis at TEMP = 27.000000 and TNOM = 27.000000

Using SPARSE 1.3 as Direct Linear Solver

No. of Data Rows : 1
da1 = -1.15816e-05
da10 = 4.584920e-06
dr1 = 3.330972e-02
dr10 = 3.336267e-02
Reset re-loads circuit *include "corner.spice

Circuit: *include "corner.spice

Doing analysis at TEMP = 27.000000 and TNOM = 27.000000

Using SPARSE 1.3 as Direct Linear Solver

No. of Data Rows : 1
da1 = 4.603464e-05
da10 = -4.52001e-05
dr1 = 3.327479e-02
dr10 = 3.336806e-02
Reset re-loads circuit *include "corner.spice

Circuit: *include "corner.spice

Doing analysis at TEMP = 27.000000 and TNOM = 27.000000

Using SPARSE 1.3 as Direct Linear Solver

No. of Data Rows : 1
da1 = 3.870910e-05
da10 = -6.60974e-06
dr1 = 3.326395e-02
dr10 = 3.335783e-02
Reset re-loads circuit *include "corner.spice

Circuit: *include "corner.spice

Doing analysis at TEMP = 27.000000 and TNOM = 27.000000

Using SPARSE 1.3 as Direct Linear Solver

No. of Data Rows : 1
da1 = -7.65800e-05
da10 = 7.362562e-05
dr1 = 3.326059e-02
dr10 = 3.335637e-02
Reset re-loads circuit *include "corner.spice

Circuit: *include "corner.spice

Doing analysis at TEMP = 27.000000 and TNOM = 27.000000

Using SPARSE 1.3 as Direct Linear Solver

No. of Data Rows : 1
da1 = -9.72188e-06
da10 = -3.23809e-05
dr1 = 3.328204e-02
dr10 = 3.336735e-02
Reset re-loads circuit *include "corner.spice

Circuit: *include "corner.spice

Doing analysis at TEMP = 27.000000 and TNOM = 27.000000

Using SPARSE 1.3 as Direct Linear Solver

No. of Data Rows : 1
da1 = -1.83654e-05
da10 = -1.67234e-05
dr1 = 3.330402e-02
dr10 = 3.334986e-02
Reset re-loads circuit *include "corner.spice

Circuit: *include "corner.spice

Doing analysis at TEMP = 27.000000 and TNOM = 27.000000

Using SPARSE 1.3 as Direct Linear Solver

No. of Data Rows : 1
da1 = 9.009739e-05
da10 = 8.157660e-05
dr1 = 3.326907e-02
dr10 = 3.335075e-02
Reset re-loads circuit *include "corner.spice

Circuit: *include "corner.spice

Doing analysis at TEMP = 27.000000 and TNOM = 27.000000

Using SPARSE 1.3 as Direct Linear Solver

No. of Data Rows : 1
da1 = -4.52717e-07
da10 = -9.21888e-06
dr1 = 3.329996e-02
dr10 = 3.339798e-02
Reset re-loads circuit *include "corner.spice

Circuit: *include "corner.spice

Doing analysis at TEMP = 27.000000 and TNOM = 27.000000

Using SPARSE 1.3 as Direct Linear Solver

No. of Data Rows : 1
da1 = 9.015281e-05
da10 = -6.76369e-05
dr1 = 3.328410e-02
dr10 = 3.341400e-02
Reset re-loads circuit *include "corner.spice

Circuit: *include "corner.spice

Doing analysis at TEMP = 27.000000 and TNOM = 27.000000

Using SPARSE 1.3 as Direct Linear Solver

No. of Data Rows : 1
da1 = -2.82173e-05
da10 = -6.34791e-05
dr1 = 3.321039e-02
dr10 = 3.333227e-02
Reset re-loads circuit *include "corner.spice

Circuit: *include "corner.spice

Doing analysis at TEMP = 27.000000 and TNOM = 27.000000

Using SPARSE 1.3 as Direct Linear Solver

No. of Data Rows : 1
da1 = -3.10269e-05
da10 = -4.98694e-05
dr1 = 3.325946e-02
dr10 = 3.342181e-02
Reset re-loads circuit *include "corner.spice

Circuit: *include "corner.spice

Doing analysis at TEMP = 27.000000 and TNOM = 27.000000

Using SPARSE 1.3 as Direct Linear Solver

No. of Data Rows : 1
da1 = -1.56445e-05
da10 = 6.035065e-05
dr1 = 3.331272e-02
dr10 = 3.340827e-02
Reset re-loads circuit *include "corner.spice

Circuit: *include "corner.spice

Doing analysis at TEMP = 27.000000 and TNOM = 27.000000

Using SPARSE 1.3 as Direct Linear Solver

No. of Data Rows : 1
da1 = 6.190629e-05
da10 = 6.291879e-05
dr1 = 3.323545e-02
dr10 = 3.336888e-02
Reset re-loads circuit *include "corner.spice

Circuit: *include "corner.spice

Doing analysis at TEMP = 27.000000 and TNOM = 27.000000

Using SPARSE 1.3 as Direct Linear Solver

No. of Data Rows : 1
da1 = 6.907255e-05
da10 = -3.18966e-05
dr1 = 3.329570e-02
dr10 = 3.342742e-02
Reset re-loads circuit *include "corner.spice

Circuit: *include "corner.spice

Doing analysis at TEMP = 27.000000 and TNOM = 27.000000

Using SPARSE 1.3 as Direct Linear Solver

No. of Data Rows : 1
da1 = -3.64763e-05
da10 = -3.11761e-05
dr1 = 3.322598e-02
dr10 = 3.339575e-02
Reset re-loads circuit *include "corner.spice

Circuit: *include "corner.spice

Doing analysis at TEMP = 27.000000 and TNOM = 27.000000

Using SPARSE 1.3 as Direct Linear Solver

No. of Data Rows : 1
da1 = 3.512334e-05
da10 = -1.69744e-05
dr1 = 3.326255e-02
dr10 = 3.338741e-02
Reset re-loads circuit *include "corner.spice

Circuit: *include "corner.spice

Doing analysis at TEMP = 27.000000 and TNOM = 27.000000

Using SPARSE 1.3 as Direct Linear Solver

No. of Data Rows : 1
da1 = 1.677561e-05
da10 = 6.503997e-05
dr1 = 3.320788e-02
dr10 = 3.345930e-02
Reset re-loads circuit *include "corner.spice

Circuit: *include "corner.spice

Doing analysis at TEMP = 27.000000 and TNOM = 27.000000

Using SPARSE 1.3 as Direct Linear Solver

No. of Data Rows : 1
da1 = -1.49247e-05
da10 = 4.718168e-05
dr1 = 3.326748e-02
dr10 = 3.336685e-02
Reset re-loads circuit *include "corner.spice

Circuit: *include "corner.spice

Doing analysis at TEMP = 27.000000 and TNOM = 27.000000

Using SPARSE 1.3 as Direct Linear Solver

No. of Data Rows : 1
da1 = -9.33240e-05
da10 = -9.05388e-05
dr1 = 3.325593e-02
dr10 = 3.338821e-02
Reset re-loads circuit *include "corner.spice

Circuit: *include "corner.spice

Doing analysis at TEMP = 27.000000 and TNOM = 27.000000

Using SPARSE 1.3 as Direct Linear Solver

No. of Data Rows : 1
da1 = 4.984007e-05
da10 = 5.281163e-05
dr1 = 3.327557e-02
dr10 = 3.339233e-02
Reset re-loads circuit *include "corner.spice

Circuit: *include "corner.spice

Doing analysis at TEMP = 27.000000 and TNOM = 27.000000

Using SPARSE 1.3 as Direct Linear Solver

No. of Data Rows : 1
da1 = 6.641442e-05
da10 = -6.44306e-05
dr1 = 3.320649e-02
dr10 = 3.343459e-02
Reset re-loads circuit *include "corner.spice

Circuit: *include "corner.spice

Doing analysis at TEMP = 27.000000 and TNOM = 27.000000

Using SPARSE 1.3 as Direct Linear Solver

No. of Data Rows : 1
da1 = 1.201965e-05
da10 = -1.21347e-05
dr1 = 3.330401e-02
dr10 = 3.335201e-02
Reset re-loads circuit *include "corner.spice

Circuit: *include "corner.spice

Doing analysis at TEMP = 27.000000 and TNOM = 27.000000

Using SPARSE 1.3 as Direct Linear Solver

No. of Data Rows : 1
da1 = -7.75848e-05
da10 = 5.676581e-05
dr1 = 3.329704e-02
dr10 = 3.336768e-02
Reset re-loads circuit *include "corner.spice

Circuit: *include "corner.spice

Doing analysis at TEMP = 27.000000 and TNOM = 27.000000

Using SPARSE 1.3 as Direct Linear Solver

No. of Data Rows : 1
da1 = 5.570349e-05
da10 = 1.816681e-05
dr1 = 3.325468e-02
dr10 = 3.335715e-02
Reset re-loads circuit *include "corner.spice

Circuit: *include "corner.spice

Doing analysis at TEMP = 27.000000 and TNOM = 27.000000

Using SPARSE 1.3 as Direct Linear Solver

No. of Data Rows : 1
da1 = 2.539409e-05
da10 = -1.06675e-04
dr1 = 3.332072e-02
dr10 = 3.336094e-02
Reset re-loads circuit *include "corner.spice

Circuit: *include "corner.spice

Doing analysis at TEMP = 27.000000 and TNOM = 27.000000

Using SPARSE 1.3 as Direct Linear Solver

No. of Data Rows : 1
da1 = -1.25137e-05
da10 = 8.218812e-06
dr1 = 3.331008e-02
dr10 = 3.331038e-02
Reset re-loads circuit *include "corner.spice

Circuit: *include "corner.spice

Doing analysis at TEMP = 27.000000 and TNOM = 27.000000

Using SPARSE 1.3 as Direct Linear Solver

No. of Data Rows : 1
da1 = -5.53119e-06
da10 = -4.95837e-07
dr1 = 3.330607e-02
dr10 = 3.343528e-02
Reset re-loads circuit *include "corner.spice

Circuit: *include "corner.spice

Doing analysis at TEMP = 27.000000 and TNOM = 27.000000

Using SPARSE 1.3 as Direct Linear Solver

No. of Data Rows : 1
da1 = -2.64430e-05
da10 = -3.56018e-06
dr1 = 3.325491e-02
dr10 = 3.338878e-02
Reset re-loads circuit *include "corner.spice

Circuit: *include "corner.spice

Doing analysis at TEMP = 27.000000 and TNOM = 27.000000

Using SPARSE 1.3 as Direct Linear Solver

No. of Data Rows : 1
da1 = -6.02009e-05
da10 = -7.43228e-05
dr1 = 3.328925e-02
dr10 = 3.345092e-02
Reset re-loads circuit *include "corner.spice

Circuit: *include "corner.spice

Doing analysis at TEMP = 27.000000 and TNOM = 27.000000

Using SPARSE 1.3 as Direct Linear Solver

No. of Data Rows : 1
da1 = 2.765067e-05
da10 = -4.82349e-05
dr1 = 3.331472e-02
dr10 = 3.341713e-02
Reset re-loads circuit *include "corner.spice

Circuit: *include "corner.spice

Doing analysis at TEMP = 27.000000 and TNOM = 27.000000

Using SPARSE 1.3 as Direct Linear Solver

No. of Data Rows : 1
da1 = 3.102784e-06
da10 = -8.44798e-05
dr1 = 3.323267e-02
dr10 = 3.324891e-02
Reset re-loads circuit *include "corner.spice

Circuit: *include "corner.spice

Doing analysis at TEMP = 27.000000 and TNOM = 27.000000

Using SPARSE 1.3 as Direct Linear Solver

No. of Data Rows : 1
da1 = -4.66413e-05
da10 = 1.032007e-05
dr1 = 3.335524e-02
dr10 = 3.338659e-02
Reset re-loads circuit *include "corner.spice

Circuit: *include "corner.spice

Doing analysis at TEMP = 27.000000 and TNOM = 27.000000

Using SPARSE 1.3 as Direct Linear Solver

No. of Data Rows : 1
da1 = -3.31346e-05
da10 = 8.268911e-05
dr1 = 3.326534e-02
dr10 = 3.335981e-02
Reset re-loads circuit *include "corner.spice

Circuit: *include "corner.spice

Doing analysis at TEMP = 27.000000 and TNOM = 27.000000

Using SPARSE 1.3 as Direct Linear Solver

No. of Data Rows : 1
da1 = 1.009344e-05
da10 = -4.04829e-05
dr1 = 3.335692e-02
dr10 = 3.329329e-02
Reset re-loads circuit *include "corner.spice

Circuit: *include "corner.spice

Doing analysis at TEMP = 27.000000 and TNOM = 27.000000

Using SPARSE 1.3 as Direct Linear Solver

No. of Data Rows : 1
da1 = 5.820100e-05
da10 = -2.97007e-05
dr1 = 3.328768e-02
dr10 = 3.342441e-02
Reset re-loads circuit *include "corner.spice

Circuit: *include "corner.spice

Doing analysis at TEMP = 27.000000 and TNOM = 27.000000

Using SPARSE 1.3 as Direct Linear Solver

No. of Data Rows : 1
da1 = 6.574871e-05
da10 = 6.404176e-05
dr1 = 3.324888e-02
dr10 = 3.340371e-02
Reset re-loads circuit *include "corner.spice

Circuit: *include "corner.spice

Doing analysis at TEMP = 27.000000 and TNOM = 27.000000

Using SPARSE 1.3 as Direct Linear Solver

No. of Data Rows : 1
da1 = -1.65389e-05
da10 = -3.47554e-06
dr1 = 3.327103e-02
dr10 = 3.332880e-02
Reset re-loads circuit *include "corner.spice

Circuit: *include "corner.spice

Doing analysis at TEMP = 27.000000 and TNOM = 27.000000

Using SPARSE 1.3 as Direct Linear Solver

No. of Data Rows : 1
da1 = -1.76491e-05
da10 = -3.82978e-05
dr1 = 3.330283e-02
dr10 = 3.340005e-02
Reset re-loads circuit *include "corner.spice

Circuit: *include "corner.spice

Doing analysis at TEMP = 27.000000 and TNOM = 27.000000

Using SPARSE 1.3 as Direct Linear Solver

No. of Data Rows : 1
da1 = -1.03113e-05
da10 = -2.69546e-05
dr1 = 3.330344e-02
dr10 = 3.333814e-02
Reset re-loads circuit *include "corner.spice

Circuit: *include "corner.spice

Doing analysis at TEMP = 27.000000 and TNOM = 27.000000

Using SPARSE 1.3 as Direct Linear Solver

No. of Data Rows : 1
da1 = -9.53451e-05
da10 = -1.95012e-05
dr1 = 3.330074e-02
dr10 = 3.342499e-02
Reset re-loads circuit *include "corner.spice

Circuit: *include "corner.spice

Doing analysis at TEMP = 27.000000 and TNOM = 27.000000

Using SPARSE 1.3 as Direct Linear Solver

No. of Data Rows : 1
da1 = -1.58074e-05
da10 = 1.607648e-05
dr1 = 3.320583e-02
dr10 = 3.340880e-02
Reset re-loads circuit *include "corner.spice

Circuit: *include "corner.spice

Doing analysis at TEMP = 27.000000 and TNOM = 27.000000

Using SPARSE 1.3 as Direct Linear Solver

No. of Data Rows : 1
da1 = -8.73806e-05
da10 = -3.00864e-05
dr1 = 3.332007e-02
dr10 = 3.336799e-02
Reset re-loads circuit *include "corner.spice

Circuit: *include "corner.spice

Doing analysis at TEMP = 27.000000 and TNOM = 27.000000

Using SPARSE 1.3 as Direct Linear Solver

No. of Data Rows : 1
da1 = 3.520159e-05
da10 = -6.42957e-06
dr1 = 3.334633e-02
dr10 = 3.331422e-02
Reset re-loads circuit *include "corner.spice

Circuit: *include "corner.spice

Doing analysis at TEMP = 27.000000 and TNOM = 27.000000

Using SPARSE 1.3 as Direct Linear Solver

No. of Data Rows : 1
da1 = -3.22918e-05
da10 = -3.24338e-06
dr1 = 3.326618e-02
dr10 = 3.336704e-02
Reset re-loads circuit *include "corner.spice

Circuit: *include "corner.spice

Doing analysis at TEMP = 27.000000 and TNOM = 27.000000

Using SPARSE 1.3 as Direct Linear Solver

No. of Data Rows : 1
da1 = -2.00279e-05
da10 = 3.195666e-05
dr1 = 3.329903e-02
dr10 = 3.337299e-02
Reset re-loads circuit *include "corner.spice

Circuit: *include "corner.spice

Doing analysis at TEMP = 27.000000 and TNOM = 27.000000

Using SPARSE 1.3 as Direct Linear Solver

No. of Data Rows : 1
da1 = 9.460519e-05
da10 = 1.271209e-05
dr1 = 3.332651e-02
dr10 = 3.340562e-02
Reset re-loads circuit *include "corner.spice

Circuit: *include "corner.spice

Doing analysis at TEMP = 27.000000 and TNOM = 27.000000

Using SPARSE 1.3 as Direct Linear Solver

No. of Data Rows : 1
da1 = -1.52257e-05
da10 = -1.37553e-06
dr1 = 3.333899e-02
dr10 = 3.336828e-02
Reset re-loads circuit *include "corner.spice

Circuit: *include "corner.spice

Doing analysis at TEMP = 27.000000 and TNOM = 27.000000

Using SPARSE 1.3 as Direct Linear Solver

No. of Data Rows : 1
da1 = -1.00954e-05
da10 = 1.916754e-05
dr1 = 3.328400e-02
dr10 = 3.343974e-02
Reset re-loads circuit *include "corner.spice

Circuit: *include "corner.spice

Doing analysis at TEMP = 27.000000 and TNOM = 27.000000

Using SPARSE 1.3 as Direct Linear Solver

No. of Data Rows : 1
da1 = 4.298295e-05
da10 = 8.541508e-06
dr1 = 3.327414e-02
dr10 = 3.343119e-02
Reset re-loads circuit *include "corner.spice

Circuit: *include "corner.spice

Doing analysis at TEMP = 27.000000 and TNOM = 27.000000

Using SPARSE 1.3 as Direct Linear Solver

No. of Data Rows : 1
da1 = -3.21963e-05
da10 = 5.658891e-05
dr1 = 3.326864e-02
dr10 = 3.342697e-02
Reset re-loads circuit *include "corner.spice

Circuit: *include "corner.spice

Doing analysis at TEMP = 27.000000 and TNOM = 27.000000

Using SPARSE 1.3 as Direct Linear Solver

No. of Data Rows : 1
da1 = -3.52682e-05
da10 = 1.715151e-04
dr1 = 3.336319e-02
dr10 = 3.338393e-02
Reset re-loads circuit *include "corner.spice

Circuit: *include "corner.spice

Doing analysis at TEMP = 27.000000 and TNOM = 27.000000

Using SPARSE 1.3 as Direct Linear Solver

No. of Data Rows : 1
da1 = -1.79912e-05
da10 = -2.83054e-05
dr1 = 3.323577e-02
dr10 = 3.343124e-02
Reset re-loads circuit *include "corner.spice

Circuit: *include "corner.spice

Doing analysis at TEMP = 27.000000 and TNOM = 27.000000

Using SPARSE 1.3 as Direct Linear Solver

No. of Data Rows : 1
da1 = 5.828275e-05
da10 = -7.25114e-05
dr1 = 3.324409e-02
dr10 = 3.337088e-02
Reset re-loads circuit *include "corner.spice

Circuit: *include "corner.spice

Doing analysis at TEMP = 27.000000 and TNOM = 27.000000

Using SPARSE 1.3 as Direct Linear Solver

No. of Data Rows : 1
da1 = 1.827145e-05
da10 = 7.629317e-07
dr1 = 3.326479e-02
dr10 = 3.341107e-02
Reset re-loads circuit *include "corner.spice

Circuit: *include "corner.spice

Doing analysis at TEMP = 27.000000 and TNOM = 27.000000

Using SPARSE 1.3 as Direct Linear Solver

No. of Data Rows : 1
da1 = -7.30676e-06
da10 = -5.33813e-05
dr1 = 3.326673e-02
dr10 = 3.340326e-02
Reset re-loads circuit *include "corner.spice

Circuit: *include "corner.spice

Doing analysis at TEMP = 27.000000 and TNOM = 27.000000

Using SPARSE 1.3 as Direct Linear Solver

No. of Data Rows : 1
da1 = -1.98252e-05
da10 = 1.604299e-05
dr1 = 3.321813e-02
dr10 = 3.341522e-02
Reset re-loads circuit *include "corner.spice

Circuit: *include "corner.spice

Doing analysis at TEMP = 27.000000 and TNOM = 27.000000

Using SPARSE 1.3 as Direct Linear Solver

No. of Data Rows : 1
da1 = 6.234367e-05
da10 = 1.345051e-05
dr1 = 3.332193e-02
dr10 = 3.336158e-02
Reset re-loads circuit *include "corner.spice

Circuit: *include "corner.spice

Doing analysis at TEMP = 27.000000 and TNOM = 27.000000

Using SPARSE 1.3 as Direct Linear Solver

No. of Data Rows : 1
da1 = 1.959388e-05
da10 = 3.565383e-05
dr1 = 3.334243e-02
dr10 = 3.338766e-02
Reset re-loads circuit *include "corner.spice

Circuit: *include "corner.spice

Doing analysis at TEMP = 27.000000 and TNOM = 27.000000

Using SPARSE 1.3 as Direct Linear Solver

No. of Data Rows : 1
da1 = 5.243147e-06
da10 = -4.19863e-06
dr1 = 3.336654e-02
dr10 = 3.336232e-02
Reset re-loads circuit *include "corner.spice

Circuit: *include "corner.spice

Doing analysis at TEMP = 27.000000 and TNOM = 27.000000

Using SPARSE 1.3 as Direct Linear Solver

No. of Data Rows : 1
da1 = 4.535205e-05
da10 = -7.70159e-05
dr1 = 3.325758e-02
dr10 = 3.330891e-02
Reset re-loads circuit *include "corner.spice

Circuit: *include "corner.spice

Doing analysis at TEMP = 27.000000 and TNOM = 27.000000

Using SPARSE 1.3 as Direct Linear Solver

No. of Data Rows : 1
da1 = 4.988092e-05
da10 = -7.17277e-05
dr1 = 3.327293e-02
dr10 = 3.329056e-02
Reset re-loads circuit *include "corner.spice

Circuit: *include "corner.spice

Doing analysis at TEMP = 27.000000 and TNOM = 27.000000

Using SPARSE 1.3 as Direct Linear Solver

No. of Data Rows : 1
da1 = -4.02688e-06
da10 = -2.03207e-05
dr1 = 3.325953e-02
dr10 = 3.341231e-02
Reset re-loads circuit *include "corner.spice

Circuit: *include "corner.spice

Doing analysis at TEMP = 27.000000 and TNOM = 27.000000

Using SPARSE 1.3 as Direct Linear Solver

No. of Data Rows : 1
da1 = 6.001744e-05
da10 = 7.593688e-05
dr1 = 3.318684e-02
dr10 = 3.338767e-02
Reset re-loads circuit *include "corner.spice

Circuit: *include "corner.spice

Doing analysis at TEMP = 27.000000 and TNOM = 27.000000

Using SPARSE 1.3 as Direct Linear Solver

No. of Data Rows : 1
da1 = -6.38684e-05
da10 = 2.238257e-05
dr1 = 3.330917e-02
dr10 = 3.346741e-02
Reset re-loads circuit *include "corner.spice

Circuit: *include "corner.spice

Doing analysis at TEMP = 27.000000 and TNOM = 27.000000

Using SPARSE 1.3 as Direct Linear Solver

No. of Data Rows : 1
da1 = 1.786471e-05
da10 = -5.38513e-05
dr1 = 3.325188e-02
dr10 = 3.344953e-02
Reset re-loads circuit *include "corner.spice

Circuit: *include "corner.spice

Doing analysis at TEMP = 27.000000 and TNOM = 27.000000

Using SPARSE 1.3 as Direct Linear Solver

No. of Data Rows : 1
da1 = -5.17911e-05
da10 = -4.83478e-05
dr1 = 3.331399e-02
dr10 = 3.333265e-02
Reset re-loads circuit *include "corner.spice

Circuit: *include "corner.spice

Doing analysis at TEMP = 27.000000 and TNOM = 27.000000

Using SPARSE 1.3 as Direct Linear Solver

No. of Data Rows : 1
da1 = -1.29937e-05
da10 = 2.647548e-05
dr1 = 3.324072e-02
dr10 = 3.341038e-02
Reset re-loads circuit *include "corner.spice

Circuit: *include "corner.spice

Doing analysis at TEMP = 27.000000 and TNOM = 27.000000

Using SPARSE 1.3 as Direct Linear Solver

No. of Data Rows : 1
da1 = -1.55296e-05
da10 = 3.023859e-05
dr1 = 3.327911e-02
dr10 = 3.339312e-02
Reset re-loads circuit *include "corner.spice

Circuit: *include "corner.spice

Doing analysis at TEMP = 27.000000 and TNOM = 27.000000

Using SPARSE 1.3 as Direct Linear Solver

No. of Data Rows : 1
da1 = -2.02798e-05
da10 = -3.79388e-06
dr1 = 3.328621e-02
dr10 = 3.343083e-02
Reset re-loads circuit *include "corner.spice

Circuit: *include "corner.spice

Doing analysis at TEMP = 27.000000 and TNOM = 27.000000

Using SPARSE 1.3 as Direct Linear Solver

No. of Data Rows : 1
da1 = 8.171216e-05
da10 = 1.169382e-05
dr1 = 3.321372e-02
dr10 = 3.337544e-02
Reset re-loads circuit *include "corner.spice

Circuit: *include "corner.spice

Doing analysis at TEMP = 27.000000 and TNOM = 27.000000

Using SPARSE 1.3 as Direct Linear Solver

No. of Data Rows : 1
da1 = 5.999859e-05
da10 = 2.137523e-05
dr1 = 3.327737e-02
dr10 = 3.329032e-02
Reset re-loads circuit *include "corner.spice

Circuit: *include "corner.spice

Doing analysis at TEMP = 27.000000 and TNOM = 27.000000

Using SPARSE 1.3 as Direct Linear Solver

No. of Data Rows : 1
da1 = -6.72962e-05
da10 = 1.461734e-05
dr1 = 3.330586e-02
dr10 = 3.338314e-02
Reset re-loads circuit *include "corner.spice

Circuit: *include "corner.spice

Doing analysis at TEMP = 27.000000 and TNOM = 27.000000

Using SPARSE 1.3 as Direct Linear Solver

No. of Data Rows : 1
da1 = -1.96581e-05
da10 = -4.69990e-05
dr1 = 3.326429e-02
dr10 = 3.344292e-02
Reset re-loads circuit *include "corner.spice

Circuit: *include "corner.spice

Doing analysis at TEMP = 27.000000 and TNOM = 27.000000

Using SPARSE 1.3 as Direct Linear Solver

No. of Data Rows : 1
da1 = 1.012365e-04
da10 = 2.719867e-05
dr1 = 3.318363e-02
dr10 = 3.338198e-02
Reset re-loads circuit *include "corner.spice

Circuit: *include "corner.spice

Doing analysis at TEMP = 27.000000 and TNOM = 27.000000

Using SPARSE 1.3 as Direct Linear Solver

No. of Data Rows : 1
da1 = 5.342341e-05
da10 = 3.737355e-05
dr1 = 3.322401e-02
dr10 = 3.338453e-02
Reset re-loads circuit *include "corner.spice

Circuit: *include "corner.spice

Doing analysis at TEMP = 27.000000 and TNOM = 27.000000

Using SPARSE 1.3 as Direct Linear Solver

No. of Data Rows : 1
da1 = -5.27714e-05
da10 = 9.316784e-07
dr1 = 3.327438e-02
dr10 = 3.334917e-02
Reset re-loads circuit *include "corner.spice

Circuit: *include "corner.spice

Doing analysis at TEMP = 27.000000 and TNOM = 27.000000

Using SPARSE 1.3 as Direct Linear Solver

No. of Data Rows : 1
da1 = -4.63602e-05
da10 = -1.05490e-07
dr1 = 3.328040e-02
dr10 = 3.331156e-02
Reset re-loads circuit *include "corner.spice

Circuit: *include "corner.spice

Doing analysis at TEMP = 27.000000 and TNOM = 27.000000

Using SPARSE 1.3 as Direct Linear Solver

No. of Data Rows : 1
da1 = 9.190271e-05
da10 = -7.71156e-05
dr1 = 3.331967e-02
dr10 = 3.342889e-02
Reset re-loads circuit *include "corner.spice

Circuit: *include "corner.spice

Doing analysis at TEMP = 27.000000 and TNOM = 27.000000

Using SPARSE 1.3 as Direct Linear Solver

No. of Data Rows : 1
da1 = 3.196335e-06
da10 = -3.78749e-06
dr1 = 3.329638e-02
dr10 = 3.338719e-02
Reset re-loads circuit *include "corner.spice

Circuit: *include "corner.spice

Doing analysis at TEMP = 27.000000 and TNOM = 27.000000

Using SPARSE 1.3 as Direct Linear Solver

No. of Data Rows : 1
da1 = -1.01606e-04
da10 = -7.50742e-05
dr1 = 3.325773e-02
dr10 = 3.327666e-02
Reset re-loads circuit *include "corner.spice

Circuit: *include "corner.spice

Doing analysis at TEMP = 27.000000 and TNOM = 27.000000

Using SPARSE 1.3 as Direct Linear Solver

No. of Data Rows : 1
da1 = -5.35597e-05
da10 = 1.898130e-05
dr1 = 3.333419e-02
dr10 = 3.336527e-02
Reset re-loads circuit *include "corner.spice

Circuit: *include "corner.spice

Doing analysis at TEMP = 27.000000 and TNOM = 27.000000

Using SPARSE 1.3 as Direct Linear Solver

No. of Data Rows : 1
da1 = 2.193681e-06
da10 = -3.22932e-05
dr1 = 3.334358e-02
dr10 = 3.337917e-02
Reset re-loads circuit *include "corner.spice

Circuit: *include "corner.spice

Doing analysis at TEMP = 27.000000 and TNOM = 27.000000

Using SPARSE 1.3 as Direct Linear Solver

No. of Data Rows : 1
da1 = 4.018507e-05
da10 = 3.597628e-05
dr1 = 3.333894e-02
dr10 = 3.334542e-02
Reset re-loads circuit *include "corner.spice

Circuit: *include "corner.spice

Doing analysis at TEMP = 27.000000 and TNOM = 27.000000

Using SPARSE 1.3 as Direct Linear Solver

No. of Data Rows : 1
da1 = -5.36329e-05
da10 = -6.76849e-06
dr1 = 3.330905e-02
dr10 = 3.342192e-02
Reset re-loads circuit *include "corner.spice

Circuit: *include "corner.spice

Doing analysis at TEMP = 27.000000 and TNOM = 27.000000

Using SPARSE 1.3 as Direct Linear Solver

No. of Data Rows : 1
da1 = -3.58931e-06
da10 = -2.44765e-05
dr1 = 3.328006e-02
dr10 = 3.336239e-02
Reset re-loads circuit *include "corner.spice

Circuit: *include "corner.spice

Doing analysis at TEMP = 27.000000 and TNOM = 27.000000

Using SPARSE 1.3 as Direct Linear Solver

No. of Data Rows : 1
da1 = 4.444841e-05
da10 = 2.856483e-05
dr1 = 3.335538e-02
dr10 = 3.339333e-02
Reset re-loads circuit *include "corner.spice

Circuit: *include "corner.spice

Doing analysis at TEMP = 27.000000 and TNOM = 27.000000

Using SPARSE 1.3 as Direct Linear Solver

No. of Data Rows : 1
da1 = 2.361102e-05
da10 = 4.922410e-05
dr1 = 3.326318e-02
dr10 = 3.329752e-02
Reset re-loads circuit *include "corner.spice

Circuit: *include "corner.spice

Doing analysis at TEMP = 27.000000 and TNOM = 27.000000

Using SPARSE 1.3 as Direct Linear Solver

No. of Data Rows : 1
da1 = 5.404637e-05
da10 = -2.11739e-05
dr1 = 3.332581e-02
dr10 = 3.341080e-02
Reset re-loads circuit *include "corner.spice

Circuit: *include "corner.spice

Doing analysis at TEMP = 27.000000 and TNOM = 27.000000

Using SPARSE 1.3 as Direct Linear Solver

No. of Data Rows : 1
da1 = 2.310595e-07
da10 = 2.363563e-05
dr1 = 3.322394e-02
dr10 = 3.343218e-02
Reset re-loads circuit *include "corner.spice

Circuit: *include "corner.spice

Doing analysis at TEMP = 27.000000 and TNOM = 27.000000

Using SPARSE 1.3 as Direct Linear Solver

No. of Data Rows : 1
da1 = -1.82519e-05
da10 = 4.307022e-05
dr1 = 3.327449e-02
dr10 = 3.325780e-02
Reset re-loads circuit *include "corner.spice

Circuit: *include "corner.spice

Doing analysis at TEMP = 27.000000 and TNOM = 27.000000

Using SPARSE 1.3 as Direct Linear Solver

No. of Data Rows : 1
da1 = 4.117332e-05
da10 = -8.17951e-05
dr1 = 3.332040e-02
dr10 = 3.334903e-02
Reset re-loads circuit *include "corner.spice

Circuit: *include "corner.spice

Doing analysis at TEMP = 27.000000 and TNOM = 27.000000

Using SPARSE 1.3 as Direct Linear Solver

No. of Data Rows : 1
da1 = 6.351437e-05
da10 = -3.88722e-05
dr1 = 3.325621e-02
dr10 = 3.329851e-02
Reset re-loads circuit *include "corner.spice

Circuit: *include "corner.spice

Doing analysis at TEMP = 27.000000 and TNOM = 27.000000

Using SPARSE 1.3 as Direct Linear Solver
 Reference value :  0.00000e+00
No. of Data Rows : 1
da1 = -2.99433e-05
da10 = -4.16657e-05
dr1 = 3.332589e-02
dr10 = 3.334853e-02
Reset re-loads circuit *include "corner.spice

Circuit: *include "corner.spice

Doing analysis at TEMP = 27.000000 and TNOM = 27.000000

Using SPARSE 1.3 as Direct Linear Solver

No. of Data Rows : 1
da1 = 1.317756e-05
da10 = 5.743152e-05
dr1 = 3.318689e-02
dr10 = 3.337601e-02
Reset re-loads circuit *include "corner.spice

Circuit: *include "corner.spice

Doing analysis at TEMP = 27.000000 and TNOM = 27.000000

Using SPARSE 1.3 as Direct Linear Solver

No. of Data Rows : 1
da1 = -1.24782e-06
da10 = 7.951326e-05
dr1 = 3.329104e-02
dr10 = 3.328624e-02
Reset re-loads circuit *include "corner.spice

Circuit: *include "corner.spice

Doing analysis at TEMP = 27.000000 and TNOM = 27.000000

Using SPARSE 1.3 as Direct Linear Solver

No. of Data Rows : 1
da1 = 7.312261e-06
da10 = 2.947127e-05
dr1 = 3.330746e-02
dr10 = 3.332158e-02
Reset re-loads circuit *include "corner.spice

Circuit: *include "corner.spice

Doing analysis at TEMP = 27.000000 and TNOM = 27.000000

Using SPARSE 1.3 as Direct Linear Solver

No. of Data Rows : 1
da1 = -8.90564e-05
da10 = -9.90114e-05
dr1 = 3.328119e-02
dr10 = 3.330293e-02
Reset re-loads circuit *include "corner.spice

Circuit: *include "corner.spice

Doing analysis at TEMP = 27.000000 and TNOM = 27.000000

Using SPARSE 1.3 as Direct Linear Solver

No. of Data Rows : 1
da1 = -2.38277e-05
da10 = -4.38014e-05
dr1 = 3.326052e-02
dr10 = 3.331508e-02
Reset re-loads circuit *include "corner.spice

Circuit: *include "corner.spice

Doing analysis at TEMP = 27.000000 and TNOM = 27.000000

Using SPARSE 1.3 as Direct Linear Solver

No. of Data Rows : 1
da1 = -4.69272e-07
da10 = -9.69921e-06
dr1 = 3.329661e-02
dr10 = 3.344160e-02
Reset re-loads circuit *include "corner.spice

Circuit: *include "corner.spice

Doing analysis at TEMP = 27.000000 and TNOM = 27.000000

Using SPARSE 1.3 as Direct Linear Solver

No. of Data Rows : 1
da1 = 5.381196e-05
da10 = 3.522464e-06
dr1 = 3.330781e-02
dr10 = 3.335757e-02
Reset re-loads circuit *include "corner.spice

Circuit: *include "corner.spice

Doing analysis at TEMP = 27.000000 and TNOM = 27.000000

Using SPARSE 1.3 as Direct Linear Solver

No. of Data Rows : 1
da1 = 9.226541e-05
da10 = 3.003632e-05
dr1 = 3.327331e-02
dr10 = 3.334220e-02
Reset re-loads circuit *include "corner.spice

Circuit: *include "corner.spice

Doing analysis at TEMP = 27.000000 and TNOM = 27.000000

Using SPARSE 1.3 as Direct Linear Solver

No. of Data Rows : 1
da1 = -4.80116e-06
da10 = 2.700736e-06
dr1 = 3.336921e-02
dr10 = 3.336992e-02
Reset re-loads circuit *include "corner.spice

Circuit: *include "corner.spice

Doing analysis at TEMP = 27.000000 and TNOM = 27.000000

Using SPARSE 1.3 as Direct Linear Solver

No. of Data Rows : 1
da1 = -1.97339e-05
da10 = 2.498491e-05
dr1 = 3.331935e-02
dr10 = 3.339372e-02
Reset re-loads circuit *include "corner.spice

Circuit: *include "corner.spice

Doing analysis at TEMP = 27.000000 and TNOM = 27.000000

Using SPARSE 1.3 as Direct Linear Solver

No. of Data Rows : 1
da1 = -7.09203e-05
da10 = 1.924085e-05
dr1 = 3.327290e-02
dr10 = 3.335041e-02
Reset re-loads circuit *include "corner.spice

Circuit: *include "corner.spice

Doing analysis at TEMP = 27.000000 and TNOM = 27.000000

Using SPARSE 1.3 as Direct Linear Solver

No. of Data Rows : 1
da1 = 6.255807e-05
da10 = -4.21703e-05
dr1 = 3.319462e-02
dr10 = 3.332365e-02
Reset re-loads circuit *include "corner.spice

Circuit: *include "corner.spice

Doing analysis at TEMP = 27.000000 and TNOM = 27.000000

Using SPARSE 1.3 as Direct Linear Solver

No. of Data Rows : 1
da1 = 2.034957e-05
da10 = -2.24924e-05
dr1 = 3.325587e-02
dr10 = 3.345667e-02
Reset re-loads circuit *include "corner.spice

Circuit: *include "corner.spice

Doing analysis at TEMP = 27.000000 and TNOM = 27.000000

Using SPARSE 1.3 as Direct Linear Solver

No. of Data Rows : 1
da1 = 4.505113e-05
da10 = -3.00259e-05
dr1 = 3.332183e-02
dr10 = 3.336014e-02
Reset re-loads circuit *include "corner.spice

Circuit: *include "corner.spice

Doing analysis at TEMP = 27.000000 and TNOM = 27.000000

Using SPARSE 1.3 as Direct Linear Solver

No. of Data Rows : 1
da1 = 1.042465e-05
da10 = -3.46753e-06
dr1 = 3.330182e-02
dr10 = 3.339081e-02
Reset re-loads circuit *include "corner.spice

Circuit: *include "corner.spice

Doing analysis at TEMP = 27.000000 and TNOM = 27.000000

Using SPARSE 1.3 as Direct Linear Solver

No. of Data Rows : 1
da1 = -1.38197e-05
da10 = -1.10615e-05
dr1 = 3.323575e-02
dr10 = 3.338911e-02
Reset re-loads circuit *include "corner.spice

Circuit: *include "corner.spice

Doing analysis at TEMP = 27.000000 and TNOM = 27.000000

Using SPARSE 1.3 as Direct Linear Solver

No. of Data Rows : 1
da1 = 8.754344e-05
da10 = 1.341425e-05
dr1 = 3.324169e-02
dr10 = 3.344781e-02
Reset re-loads circuit *include "corner.spice

Circuit: *include "corner.spice

Doing analysis at TEMP = 27.000000 and TNOM = 27.000000

Using SPARSE 1.3 as Direct Linear Solver

No. of Data Rows : 1
da1 = 2.767198e-05
da10 = 3.162947e-06
dr1 = 3.324906e-02
dr10 = 3.337862e-02
Reset re-loads circuit *include "corner.spice

Circuit: *include "corner.spice

Doing analysis at TEMP = 27.000000 and TNOM = 27.000000

Using SPARSE 1.3 as Direct Linear Solver

No. of Data Rows : 1
da1 = -6.30209e-05
da10 = -1.63727e-05
dr1 = 3.327688e-02
dr10 = 3.337437e-02
Reset re-loads circuit *include "corner.spice

Circuit: *include "corner.spice

Doing analysis at TEMP = 27.000000 and TNOM = 27.000000

Using SPARSE 1.3 as Direct Linear Solver

No. of Data Rows : 1
da1 = -3.60229e-05
da10 = -7.43492e-06
dr1 = 3.330164e-02
dr10 = 3.336626e-02
Reset re-loads circuit *include "corner.spice

Circuit: *include "corner.spice

Doing analysis at TEMP = 27.000000 and TNOM = 27.000000

Using SPARSE 1.3 as Direct Linear Solver

No. of Data Rows : 1
da1 = 8.806577e-05
da10 = 1.353306e-05
dr1 = 3.323842e-02
dr10 = 3.335013e-02
Reset re-loads circuit *include "corner.spice

Circuit: *include "corner.spice

Doing analysis at TEMP = 27.000000 and TNOM = 27.000000

Using SPARSE 1.3 as Direct Linear Solver

No. of Data Rows : 1
da1 = -1.94314e-05
da10 = 6.326827e-05
dr1 = 3.332346e-02
dr10 = 3.332314e-02
Reset re-loads circuit *include "corner.spice

Circuit: *include "corner.spice

Doing analysis at TEMP = 27.000000 and TNOM = 27.000000

Using SPARSE 1.3 as Direct Linear Solver

No. of Data Rows : 1
da1 = 5.057202e-05
da10 = -2.95734e-05
dr1 = 3.328421e-02
dr10 = 3.342180e-02
Reset re-loads circuit *include "corner.spice

Circuit: *include "corner.spice

Doing analysis at TEMP = 27.000000 and TNOM = 27.000000

Using SPARSE 1.3 as Direct Linear Solver

No. of Data Rows : 1
da1 = 1.681833e-05
da10 = -6.82491e-05
dr1 = 3.329870e-02
dr10 = 3.340128e-02
Reset re-loads circuit *include "corner.spice

Circuit: *include "corner.spice

Doing analysis at TEMP = 27.000000 and TNOM = 27.000000

Using SPARSE 1.3 as Direct Linear Solver

No. of Data Rows : 1
da1 = -5.27104e-05
da10 = -3.44082e-05
dr1 = 3.324941e-02
dr10 = 3.330936e-02
Reset re-loads circuit *include "corner.spice

Circuit: *include "corner.spice

Doing analysis at TEMP = 27.000000 and TNOM = 27.000000

Using SPARSE 1.3 as Direct Linear Solver

No. of Data Rows : 1
da1 = -1.30601e-05
da10 = 5.320027e-05
dr1 = 3.329263e-02
dr10 = 3.341372e-02
Reset re-loads circuit *include "corner.spice

Circuit: *include "corner.spice

Doing analysis at TEMP = 27.000000 and TNOM = 27.000000

Using SPARSE 1.3 as Direct Linear Solver

No. of Data Rows : 1
da1 = -9.68153e-05
da10 = -5.19131e-05
dr1 = 3.333154e-02
dr10 = 3.337679e-02
Reset re-loads circuit *include "corner.spice

Circuit: *include "corner.spice

Doing analysis at TEMP = 27.000000 and TNOM = 27.000000

Using SPARSE 1.3 as Direct Linear Solver

No. of Data Rows : 1
da1 = -5.41442e-05
da10 = -2.73343e-06
dr1 = 3.321376e-02
dr10 = 3.340174e-02
Reset re-loads circuit *include "corner.spice

Circuit: *include "corner.spice

Doing analysis at TEMP = 27.000000 and TNOM = 27.000000

Using SPARSE 1.3 as Direct Linear Solver

No. of Data Rows : 1
da1 = 9.794564e-05
da10 = -9.06111e-06
dr1 = 3.322180e-02
dr10 = 3.337650e-02
Reset re-loads circuit *include "corner.spice

Circuit: *include "corner.spice

Doing analysis at TEMP = 27.000000 and TNOM = 27.000000

Using SPARSE 1.3 as Direct Linear Solver

No. of Data Rows : 1
da1 = 7.688417e-05
da10 = 6.211868e-05
dr1 = 3.331854e-02
dr10 = 3.341207e-02
Reset re-loads circuit *include "corner.spice

Circuit: *include "corner.spice

Doing analysis at TEMP = 27.000000 and TNOM = 27.000000

Using SPARSE 1.3 as Direct Linear Solver

No. of Data Rows : 1
da1 = -4.52346e-05
da10 = 2.170522e-05
dr1 = 3.319353e-02
dr10 = 3.334562e-02
Reset re-loads circuit *include "corner.spice

Circuit: *include "corner.spice

Doing analysis at TEMP = 27.000000 and TNOM = 27.000000

Using SPARSE 1.3 as Direct Linear Solver

No. of Data Rows : 1
da1 = 2.475744e-06
da10 = 1.521307e-05
dr1 = 3.324197e-02
dr10 = 3.335782e-02
Reset re-loads circuit *include "corner.spice

Circuit: *include "corner.spice

Doing analysis at TEMP = 27.000000 and TNOM = 27.000000

Using SPARSE 1.3 as Direct Linear Solver

No. of Data Rows : 1
da1 = -5.75859e-05
da10 = 7.499884e-05
dr1 = 3.330129e-02
dr10 = 3.339692e-02
Reset re-loads circuit *include "corner.spice

Circuit: *include "corner.spice

Doing analysis at TEMP = 27.000000 and TNOM = 27.000000

Using SPARSE 1.3 as Direct Linear Solver

No. of Data Rows : 1
da1 = 2.493806e-05
da10 = 1.297520e-05
dr1 = 3.325468e-02
dr10 = 3.338133e-02
Reset re-loads circuit *include "corner.spice

Circuit: *include "corner.spice

Doing analysis at TEMP = 27.000000 and TNOM = 27.000000

Using SPARSE 1.3 as Direct Linear Solver

No. of Data Rows : 1
da1 = -7.06530e-05
da10 = 3.634400e-05
dr1 = 3.329170e-02
dr10 = 3.345934e-02
Reset re-loads circuit *include "corner.spice

Circuit: *include "corner.spice

Doing analysis at TEMP = 27.000000 and TNOM = 27.000000

Using SPARSE 1.3 as Direct Linear Solver

No. of Data Rows : 1
da1 = 7.881946e-05
da10 = 1.148568e-04
dr1 = 3.326912e-02
dr10 = 3.334801e-02
Reset re-loads circuit *include "corner.spice

Circuit: *include "corner.spice

Doing analysis at TEMP = 27.000000 and TNOM = 27.000000

Using SPARSE 1.3 as Direct Linear Solver

No. of Data Rows : 1
da1 = -3.95205e-05
da10 = -1.17958e-05
dr1 = 3.327526e-02
dr10 = 3.341537e-02
Reset re-loads circuit *include "corner.spice

Circuit: *include "corner.spice

Doing analysis at TEMP = 27.000000 and TNOM = 27.000000

Using SPARSE 1.3 as Direct Linear Solver

No. of Data Rows : 1
da1 = 6.439844e-05
da10 = -2.67595e-05
dr1 = 3.331239e-02
dr10 = 3.338648e-02
Reset re-loads circuit *include "corner.spice

Circuit: *include "corner.spice

Doing analysis at TEMP = 27.000000 and TNOM = 27.000000

Using SPARSE 1.3 as Direct Linear Solver

No. of Data Rows : 1
da1 = 5.809043e-05
da10 = 1.380374e-05
dr1 = 3.323010e-02
dr10 = 3.344421e-02
Reset re-loads circuit *include "corner.spice

Circuit: *include "corner.spice

Doing analysis at TEMP = 27.000000 and TNOM = 27.000000

Using SPARSE 1.3 as Direct Linear Solver

No. of Data Rows : 1
da1 = 4.281361e-05
da10 = -8.96465e-05
dr1 = 3.328045e-02
dr10 = 3.342121e-02
Reset re-loads circuit *include "corner.spice

Circuit: *include "corner.spice

Doing analysis at TEMP = 27.000000 and TNOM = 27.000000

Using SPARSE 1.3 as Direct Linear Solver

No. of Data Rows : 1
da1 = -6.18978e-05
da10 = 4.950436e-05
dr1 = 3.328205e-02
dr10 = 3.335975e-02
Reset re-loads circuit *include "corner.spice

Circuit: *include "corner.spice

Doing analysis at TEMP = 27.000000 and TNOM = 27.000000

Using SPARSE 1.3 as Direct Linear Solver

No. of Data Rows : 1
da1 = -5.31967e-05
da10 = -4.88716e-06
dr1 = 3.329116e-02
dr10 = 3.336972e-02
Reset re-loads circuit *include "corner.spice

Circuit: *include "corner.spice

Doing analysis at TEMP = 27.000000 and TNOM = 27.000000

Using SPARSE 1.3 as Direct Linear Solver

No. of Data Rows : 1
da1 = 8.764138e-06
da10 = -6.99725e-05
dr1 = 3.330386e-02
dr10 = 3.335653e-02
Reset re-loads circuit *include "corner.spice

Circuit: *include "corner.spice

Doing analysis at TEMP = 27.000000 and TNOM = 27.000000

Using SPARSE 1.3 as Direct Linear Solver

No. of Data Rows : 1
da1 = 4.783632e-05
da10 = -1.09633e-05
dr1 = 3.333190e-02
dr10 = 3.335317e-02
Reset re-loads circuit *include "corner.spice

Circuit: *include "corner.spice

Doing analysis at TEMP = 27.000000 and TNOM = 27.000000

Using SPARSE 1.3 as Direct Linear Solver

No. of Data Rows : 1
da1 = -2.28637e-05
da10 = -3.44780e-05
dr1 = 3.328123e-02
dr10 = 3.331926e-02
Reset re-loads circuit *include "corner.spice

Circuit: *include "corner.spice

Doing analysis at TEMP = 27.000000 and TNOM = 27.000000

Using SPARSE 1.3 as Direct Linear Solver

No. of Data Rows : 1
da1 = -2.61348e-06
da10 = -2.45247e-05
dr1 = 3.338002e-02
dr10 = 3.330236e-02
Reset re-loads circuit *include "corner.spice

Circuit: *include "corner.spice

Doing analysis at TEMP = 27.000000 and TNOM = 27.000000

Using SPARSE 1.3 as Direct Linear Solver

No. of Data Rows : 1
da1 = -7.80526e-06
da10 = 1.566855e-05
dr1 = 3.326434e-02
dr10 = 3.328752e-02
Reset re-loads circuit *include "corner.spice

Circuit: *include "corner.spice

Doing analysis at TEMP = 27.000000 and TNOM = 27.000000

Using SPARSE 1.3 as Direct Linear Solver

No. of Data Rows : 1
da1 = -5.09818e-06
da10 = -5.61481e-05
dr1 = 3.324510e-02
dr10 = 3.342124e-02
Reset re-loads circuit *include "corner.spice

Circuit: *include "corner.spice

Doing analysis at TEMP = 27.000000 and TNOM = 27.000000

Using SPARSE 1.3 as Direct Linear Solver

No. of Data Rows : 1
da1 = -1.30772e-05
da10 = -1.25340e-05
dr1 = 3.322753e-02
dr10 = 3.334113e-02
Reset re-loads circuit *include "corner.spice

Circuit: *include "corner.spice

Doing analysis at TEMP = 27.000000 and TNOM = 27.000000

Using SPARSE 1.3 as Direct Linear Solver

No. of Data Rows : 1
da1 = -2.96070e-06
da10 = -3.39552e-05
dr1 = 3.320981e-02
dr10 = 3.336619e-02
Reset re-loads circuit *include "corner.spice

Circuit: *include "corner.spice

Doing analysis at TEMP = 27.000000 and TNOM = 27.000000

Using SPARSE 1.3 as Direct Linear Solver

No. of Data Rows : 1
da1 = 5.147808e-05
da10 = -1.00309e-04
dr1 = 3.324660e-02
dr10 = 3.335463e-02
Reset re-loads circuit *include "corner.spice

Circuit: *include "corner.spice

Doing analysis at TEMP = 27.000000 and TNOM = 27.000000

Using SPARSE 1.3 as Direct Linear Solver

No. of Data Rows : 1
da1 = -1.03139e-05
da10 = 4.451741e-05
dr1 = 3.315428e-02
dr10 = 3.339038e-02
Reset re-loads circuit *include "corner.spice

Circuit: *include "corner.spice

Doing analysis at TEMP = 27.000000 and TNOM = 27.000000

Using SPARSE 1.3 as Direct Linear Solver

No. of Data Rows : 1
da1 = 2.555506e-05
da10 = 1.932454e-05
dr1 = 3.326354e-02
dr10 = 3.338281e-02
Reset re-loads circuit *include "corner.spice

Circuit: *include "corner.spice

Doing analysis at TEMP = 27.000000 and TNOM = 27.000000

Using SPARSE 1.3 as Direct Linear Solver

No. of Data Rows : 1
da1 = -3.71892e-06
da10 = 2.717040e-05
dr1 = 3.326317e-02
dr10 = 3.331191e-02
Reset re-loads circuit *include "corner.spice

Circuit: *include "corner.spice

Doing analysis at TEMP = 27.000000 and TNOM = 27.000000

Using SPARSE 1.3 as Direct Linear Solver

No. of Data Rows : 1
da1 = 9.570940e-06
da10 = 2.483899e-05
dr1 = 3.331249e-02
dr10 = 3.332191e-02
Reset re-loads circuit *include "corner.spice

Circuit: *include "corner.spice

Doing analysis at TEMP = 27.000000 and TNOM = 27.000000

Using SPARSE 1.3 as Direct Linear Solver

No. of Data Rows : 1
da1 = 1.152835e-05
da10 = -2.59160e-05
dr1 = 3.327624e-02
dr10 = 3.333570e-02
Reset re-loads circuit *include "corner.spice

Circuit: *include "corner.spice

Doing analysis at TEMP = 27.000000 and TNOM = 27.000000

Using SPARSE 1.3 as Direct Linear Solver

No. of Data Rows : 1
da1 = 2.837859e-06
da10 = -1.59442e-06
dr1 = 3.326135e-02
dr10 = 3.336097e-02
Reset re-loads circuit *include "corner.spice

Circuit: *include "corner.spice

Doing analysis at TEMP = 27.000000 and TNOM = 27.000000

Using SPARSE 1.3 as Direct Linear Solver

No. of Data Rows : 1
da1 = -6.31814e-05
da10 = 6.469882e-05
dr1 = 3.324814e-02
dr10 = 3.330313e-02
Reset re-loads circuit *include "corner.spice

Circuit: *include "corner.spice

Doing analysis at TEMP = 27.000000 and TNOM = 27.000000

Using SPARSE 1.3 as Direct Linear Solver

No. of Data Rows : 1
da1 = 1.058759e-05
da10 = -8.76769e-05
dr1 = 3.328659e-02
dr10 = 3.337223e-02
Reset re-loads circuit *include "corner.spice

Circuit: *include "corner.spice

Doing analysis at TEMP = 27.000000 and TNOM = 27.000000

Using SPARSE 1.3 as Direct Linear Solver

No. of Data Rows : 1
da1 = 1.923557e-05
da10 = -4.64579e-05
dr1 = 3.324485e-02
dr10 = 3.334192e-02
Reset re-loads circuit *include "corner.spice

Circuit: *include "corner.spice

Doing analysis at TEMP = 27.000000 and TNOM = 27.000000

Using SPARSE 1.3 as Direct Linear Solver

No. of Data Rows : 1
da1 = -2.35176e-05
da10 = 2.599899e-05
dr1 = 3.323940e-02
dr10 = 3.340051e-02
Reset re-loads circuit *include "corner.spice

Circuit: *include "corner.spice

Doing analysis at TEMP = 27.000000 and TNOM = 27.000000

Using SPARSE 1.3 as Direct Linear Solver

No. of Data Rows : 1
da1 = -5.20535e-05
da10 = 7.479480e-06
dr1 = 3.325381e-02
dr10 = 3.342220e-02
Reset re-loads circuit *include "corner.spice

Circuit: *include "corner.spice

Doing analysis at TEMP = 27.000000 and TNOM = 27.000000

Using SPARSE 1.3 as Direct Linear Solver

No. of Data Rows : 1
da1 = 5.986994e-06
da10 = 3.854342e-05
dr1 = 3.324881e-02
dr10 = 3.341024e-02
Reset re-loads circuit *include "corner.spice

Circuit: *include "corner.spice

Doing analysis at TEMP = 27.000000 and TNOM = 27.000000

Using SPARSE 1.3 as Direct Linear Solver

No. of Data Rows : 1
da1 = 1.663873e-05
da10 = 3.745344e-05
dr1 = 3.325708e-02
dr10 = 3.337519e-02
Reset re-loads circuit *include "corner.spice

Circuit: *include "corner.spice

Doing analysis at TEMP = 27.000000 and TNOM = 27.000000

Using SPARSE 1.3 as Direct Linear Solver

No. of Data Rows : 1
da1 = 6.791488e-05
da10 = 5.429578e-05
dr1 = 3.333651e-02
dr10 = 3.332361e-02
Reset re-loads circuit *include "corner.spice

Circuit: *include "corner.spice

Doing analysis at TEMP = 27.000000 and TNOM = 27.000000

Using SPARSE 1.3 as Direct Linear Solver

No. of Data Rows : 1
da1 = -5.94451e-05
da10 = 7.509823e-05
dr1 = 3.329475e-02
dr10 = 3.336981e-02
Reset re-loads circuit *include "corner.spice

Circuit: *include "corner.spice

Doing analysis at TEMP = 27.000000 and TNOM = 27.000000

Using SPARSE 1.3 as Direct Linear Solver

No. of Data Rows : 1
da1 = -9.81052e-06
da10 = 3.299258e-05
dr1 = 3.326272e-02
dr10 = 3.349180e-02
Reset re-loads circuit *include "corner.spice

Circuit: *include "corner.spice

Doing analysis at TEMP = 27.000000 and TNOM = 27.000000

Using SPARSE 1.3 as Direct Linear Solver

No. of Data Rows : 1
da1 = -2.15968e-05
da10 = 2.664669e-05
dr1 = 3.328498e-02
dr10 = 3.340535e-02
Reset re-loads circuit *include "corner.spice

Circuit: *include "corner.spice

Doing analysis at TEMP = 27.000000 and TNOM = 27.000000

Using SPARSE 1.3 as Direct Linear Solver

No. of Data Rows : 1
da1 = 9.032121e-06
da10 = -1.46760e-06
dr1 = 3.317726e-02
dr10 = 3.342271e-02
Reset re-loads circuit *include "corner.spice

Circuit: *include "corner.spice

Doing analysis at TEMP = 27.000000 and TNOM = 27.000000

Using SPARSE 1.3 as Direct Linear Solver

No. of Data Rows : 1
da1 = -3.89785e-05
da10 = -4.13692e-05
dr1 = 3.328629e-02
dr10 = 3.337000e-02
Reset re-loads circuit *include "corner.spice

Circuit: *include "corner.spice

Doing analysis at TEMP = 27.000000 and TNOM = 27.000000

Using SPARSE 1.3 as Direct Linear Solver

No. of Data Rows : 1
da1 = -6.61220e-06
da10 = 5.254536e-05
dr1 = 3.326267e-02
dr10 = 3.336082e-02
Reset re-loads circuit *include "corner.spice

Circuit: *include "corner.spice

Doing analysis at TEMP = 27.000000 and TNOM = 27.000000

Using SPARSE 1.3 as Direct Linear Solver

No. of Data Rows : 1
da1 = 8.354584e-05
da10 = 4.762578e-06
dr1 = 3.329254e-02
dr10 = 3.341608e-02
Reset re-loads circuit *include "corner.spice

Circuit: *include "corner.spice

Doing analysis at TEMP = 27.000000 and TNOM = 27.000000

Using SPARSE 1.3 as Direct Linear Solver

No. of Data Rows : 1
da1 = 4.270736e-05
da10 = 5.022488e-05
dr1 = 3.333518e-02
dr10 = 3.345555e-02
Reset re-loads circuit *include "corner.spice

Circuit: *include "corner.spice

Doing analysis at TEMP = 27.000000 and TNOM = 27.000000

Using SPARSE 1.3 as Direct Linear Solver

No. of Data Rows : 1
da1 = -1.94243e-05
da10 = -2.73069e-05
dr1 = 3.329450e-02
dr10 = 3.337527e-02
Reset re-loads circuit *include "corner.spice

Circuit: *include "corner.spice

Doing analysis at TEMP = 27.000000 and TNOM = 27.000000

Using SPARSE 1.3 as Direct Linear Solver

No. of Data Rows : 1
da1 = -4.00968e-09
da10 = -4.14699e-05
dr1 = 3.323178e-02
dr10 = 3.330290e-02
Reset re-loads circuit *include "corner.spice

Circuit: *include "corner.spice

Doing analysis at TEMP = 27.000000 and TNOM = 27.000000

Using SPARSE 1.3 as Direct Linear Solver

No. of Data Rows : 1
da1 = 6.520613e-05
da10 = 1.859043e-05
dr1 = 3.328912e-02
dr10 = 3.339377e-02
Reset re-loads circuit *include "corner.spice

Circuit: *include "corner.spice

Doing analysis at TEMP = 27.000000 and TNOM = 27.000000

Using SPARSE 1.3 as Direct Linear Solver

No. of Data Rows : 1
da1 = -3.25942e-05
da10 = 4.342432e-05
dr1 = 3.334082e-02
dr10 = 3.341157e-02
Reset re-loads circuit *include "corner.spice

Circuit: *include "corner.spice

Doing analysis at TEMP = 27.000000 and TNOM = 27.000000

Using SPARSE 1.3 as Direct Linear Solver

No. of Data Rows : 1
da1 = -3.91922e-05
da10 = -7.31008e-05
dr1 = 3.319897e-02
dr10 = 3.335650e-02
Reset re-loads circuit *include "corner.spice

Circuit: *include "corner.spice

Doing analysis at TEMP = 27.000000 and TNOM = 27.000000

Using SPARSE 1.3 as Direct Linear Solver

No. of Data Rows : 1
da1 = 5.401609e-05
da10 = -3.14093e-05
dr1 = 3.323865e-02
dr10 = 3.339133e-02
Reset re-loads circuit *include "corner.spice

Circuit: *include "corner.spice

Doing analysis at TEMP = 27.000000 and TNOM = 27.000000

Using SPARSE 1.3 as Direct Linear Solver

No. of Data Rows : 1
da1 = 5.934170e-05
da10 = -8.12935e-05
dr1 = 3.333417e-02
dr10 = 3.331727e-02
Reset re-loads circuit *include "corner.spice

Circuit: *include "corner.spice

Doing analysis at TEMP = 27.000000 and TNOM = 27.000000

Using SPARSE 1.3 as Direct Linear Solver

No. of Data Rows : 1
da1 = 2.616105e-06
da10 = 3.482199e-05
dr1 = 3.327776e-02
dr10 = 3.341102e-02
Reset re-loads circuit *include "corner.spice

Circuit: *include "corner.spice

Doing analysis at TEMP = 27.000000 and TNOM = 27.000000

Using SPARSE 1.3 as Direct Linear Solver

No. of Data Rows : 1
da1 = 4.972326e-06
da10 = -3.05329e-05
dr1 = 3.325241e-02
dr10 = 3.333259e-02
Reset re-loads circuit *include "corner.spice

Circuit: *include "corner.spice

Doing analysis at TEMP = 27.000000 and TNOM = 27.000000

Using SPARSE 1.3 as Direct Linear Solver

No. of Data Rows : 1
da1 = 3.448028e-05
da10 = 4.608463e-06
dr1 = 3.327182e-02
dr10 = 3.334416e-02
Reset re-loads circuit *include "corner.spice

Circuit: *include "corner.spice

Doing analysis at TEMP = 27.000000 and TNOM = 27.000000

Using SPARSE 1.3 as Direct Linear Solver

No. of Data Rows : 1
da1 = 1.329234e-04
da10 = 2.743817e-06
dr1 = 3.331271e-02
dr10 = 3.338122e-02
Reset re-loads circuit *include "corner.spice

Circuit: *include "corner.spice

Doing analysis at TEMP = 27.000000 and TNOM = 27.000000

Using SPARSE 1.3 as Direct Linear Solver

No. of Data Rows : 1
da1 = 2.766945e-05
da10 = 7.953786e-06
dr1 = 3.325153e-02
dr10 = 3.338184e-02
Reset re-loads circuit *include "corner.spice

Circuit: *include "corner.spice

Doing analysis at TEMP = 27.000000 and TNOM = 27.000000

Using SPARSE 1.3 as Direct Linear Solver

No. of Data Rows : 1
da1 = -6.68126e-05
da10 = -3.79694e-05
dr1 = 3.328920e-02
dr10 = 3.338833e-02
Reset re-loads circuit *include "corner.spice

Circuit: *include "corner.spice

Doing analysis at TEMP = 27.000000 and TNOM = 27.000000

Using SPARSE 1.3 as Direct Linear Solver

No. of Data Rows : 1
da1 = -1.38503e-05
da10 = -5.12900e-05
dr1 = 3.325572e-02
dr10 = 3.336065e-02
Reset re-loads circuit *include "corner.spice

Circuit: *include "corner.spice

Doing analysis at TEMP = 27.000000 and TNOM = 27.000000

Using SPARSE 1.3 as Direct Linear Solver

No. of Data Rows : 1
da1 = 6.308336e-05
da10 = -5.71846e-05
dr1 = 3.336481e-02
dr10 = 3.337607e-02
Reset re-loads circuit *include "corner.spice

Circuit: *include "corner.spice

Doing analysis at TEMP = 27.000000 and TNOM = 27.000000

Using SPARSE 1.3 as Direct Linear Solver

No. of Data Rows : 1
da1 = 9.922561e-06
da10 = 4.548424e-06
dr1 = 3.334393e-02
dr10 = 3.341727e-02
Reset re-loads circuit *include "corner.spice

Circuit: *include "corner.spice

Doing analysis at TEMP = 27.000000 and TNOM = 27.000000

Using SPARSE 1.3 as Direct Linear Solver

No. of Data Rows : 1
da1 = -2.42902e-05
da10 = 6.282377e-06
dr1 = 3.320070e-02
dr10 = 3.331820e-02
Reset re-loads circuit *include "corner.spice

Circuit: *include "corner.spice

Doing analysis at TEMP = 27.000000 and TNOM = 27.000000

Using SPARSE 1.3 as Direct Linear Solver

No. of Data Rows : 1
da1 = 2.217727e-05
da10 = -2.81322e-05
dr1 = 3.325870e-02
dr10 = 3.337641e-02
Reset re-loads circuit *include "corner.spice

Circuit: *include "corner.spice

Doing analysis at TEMP = 27.000000 and TNOM = 27.000000

Using SPARSE 1.3 as Direct Linear Solver

No. of Data Rows : 1
da1 = -2.39835e-05
da10 = 7.625504e-05
dr1 = 3.327507e-02
dr10 = 3.330450e-02
Reset re-loads circuit *include "corner.spice

Circuit: *include "corner.spice

Doing analysis at TEMP = 27.000000 and TNOM = 27.000000

Using SPARSE 1.3 as Direct Linear Solver

No. of Data Rows : 1
da1 = -3.53799e-05
da10 = 4.039519e-05
dr1 = 3.321604e-02
dr10 = 3.336743e-02
Reset re-loads circuit *include "corner.spice

Circuit: *include "corner.spice

Doing analysis at TEMP = 27.000000 and TNOM = 27.000000

Using SPARSE 1.3 as Direct Linear Solver

No. of Data Rows : 1
da1 = -7.55594e-05
da10 = 3.078975e-05
dr1 = 3.328939e-02
dr10 = 3.335376e-02
Reset re-loads circuit *include "corner.spice

Circuit: *include "corner.spice

Doing analysis at TEMP = 27.000000 and TNOM = 27.000000

Using SPARSE 1.3 as Direct Linear Solver

No. of Data Rows : 1
da1 = 2.474443e-05
da10 = 2.489087e-05
dr1 = 3.323754e-02
dr10 = 3.338290e-02
Reset re-loads circuit *include "corner.spice

Circuit: *include "corner.spice

Doing analysis at TEMP = 27.000000 and TNOM = 27.000000

Using SPARSE 1.3 as Direct Linear Solver

No. of Data Rows : 1
da1 = 3.024114e-05
da10 = -6.69107e-05
dr1 = 3.322148e-02
dr10 = 3.337521e-02
Reset re-loads circuit *include "corner.spice

Circuit: *include "corner.spice

Doing analysis at TEMP = 27.000000 and TNOM = 27.000000

Using SPARSE 1.3 as Direct Linear Solver

No. of Data Rows : 1
da1 = -4.55810e-05
da10 = -2.46351e-05
dr1 = 3.325782e-02
dr10 = 3.337481e-02
Reset re-loads circuit *include "corner.spice

Circuit: *include "corner.spice

Doing analysis at TEMP = 27.000000 and TNOM = 27.000000

Using SPARSE 1.3 as Direct Linear Solver

No. of Data Rows : 1
da1 = 1.648660e-05
da10 = -5.06642e-05
dr1 = 3.323462e-02
dr10 = 3.338778e-02
Reset re-loads circuit *include "corner.spice

Circuit: *include "corner.spice

Doing analysis at TEMP = 27.000000 and TNOM = 27.000000

Using SPARSE 1.3 as Direct Linear Solver

No. of Data Rows : 1
da1 = 4.589966e-06
da10 = -2.94776e-05
dr1 = 3.324202e-02
dr10 = 3.334329e-02
Reset re-loads circuit *include "corner.spice

Circuit: *include "corner.spice

Doing analysis at TEMP = 27.000000 and TNOM = 27.000000

Using SPARSE 1.3 as Direct Linear Solver

No. of Data Rows : 1
da1 = 2.526665e-05
da10 = -4.09379e-06
dr1 = 3.325723e-02
dr10 = 3.335385e-02
Reset re-loads circuit *include "corner.spice

Circuit: *include "corner.spice

Doing analysis at TEMP = 27.000000 and TNOM = 27.000000

Using SPARSE 1.3 as Direct Linear Solver

No. of Data Rows : 1
da1 = 1.691180e-05
da10 = -1.83121e-05
dr1 = 3.337596e-02
dr10 = 3.338974e-02
Reset re-loads circuit *include "corner.spice

Circuit: *include "corner.spice

Doing analysis at TEMP = 27.000000 and TNOM = 27.000000

Using SPARSE 1.3 as Direct Linear Solver

No. of Data Rows : 1
da1 = 1.947622e-05
da10 = -8.76238e-05
dr1 = 3.335448e-02
dr10 = 3.328486e-02
Reset re-loads circuit *include "corner.spice

Circuit: *include "corner.spice

Doing analysis at TEMP = 27.000000 and TNOM = 27.000000

Using SPARSE 1.3 as Direct Linear Solver

No. of Data Rows : 1
da1 = -2.94702e-06
da10 = -2.63645e-05
dr1 = 3.333775e-02
dr10 = 3.340668e-02
Reset re-loads circuit *include "corner.spice

Circuit: *include "corner.spice

Doing analysis at TEMP = 27.000000 and TNOM = 27.000000

Using SPARSE 1.3 as Direct Linear Solver

No. of Data Rows : 1
da1 = 1.583302e-05
da10 = 2.288147e-05
dr1 = 3.324968e-02
dr10 = 3.337637e-02
Reset re-loads circuit *include "corner.spice

Circuit: *include "corner.spice

Doing analysis at TEMP = 27.000000 and TNOM = 27.000000

Using SPARSE 1.3 as Direct Linear Solver

No. of Data Rows : 1
da1 = -5.59030e-05
da10 = 5.227163e-05
dr1 = 3.324230e-02
dr10 = 3.332538e-02
Reset re-loads circuit *include "corner.spice

Circuit: *include "corner.spice

Doing analysis at TEMP = 27.000000 and TNOM = 27.000000

Using SPARSE 1.3 as Direct Linear Solver

No. of Data Rows : 1
da1 = 2.456689e-05
da10 = 9.716889e-07
dr1 = 3.323784e-02
dr10 = 3.341132e-02
Reset re-loads circuit *include "corner.spice

Circuit: *include "corner.spice

Doing analysis at TEMP = 27.000000 and TNOM = 27.000000

Using SPARSE 1.3 as Direct Linear Solver

No. of Data Rows : 1
da1 = -6.03083e-05
da10 = 7.673534e-05
dr1 = 3.330696e-02
dr10 = 3.341499e-02
Reset re-loads circuit *include "corner.spice

Circuit: *include "corner.spice

Doing analysis at TEMP = 27.000000 and TNOM = 27.000000

Using SPARSE 1.3 as Direct Linear Solver

No. of Data Rows : 1
da1 = -6.61254e-07
da10 = 1.933463e-06
dr1 = 3.330243e-02
dr10 = 3.339053e-02
Reset re-loads circuit *include "corner.spice

Circuit: *include "corner.spice

Doing analysis at TEMP = 27.000000 and TNOM = 27.000000

Using SPARSE 1.3 as Direct Linear Solver

No. of Data Rows : 1
da1 = -8.45812e-05
da10 = -1.04432e-04
dr1 = 3.324690e-02
dr10 = 3.336669e-02
Reset re-loads circuit *include "corner.spice

Circuit: *include "corner.spice

Doing analysis at TEMP = 27.000000 and TNOM = 27.000000

Using SPARSE 1.3 as Direct Linear Solver

No. of Data Rows : 1
da1 = 3.924635e-05
da10 = 1.330091e-05
dr1 = 3.327502e-02
dr10 = 3.340528e-02
Reset re-loads circuit *include "corner.spice

Circuit: *include "corner.spice

Doing analysis at TEMP = 27.000000 and TNOM = 27.000000

Using SPARSE 1.3 as Direct Linear Solver

No. of Data Rows : 1
da1 = 3.129168e-05
da10 = -3.41075e-06
dr1 = 3.325644e-02
dr10 = 3.333328e-02
Reset re-loads circuit *include "corner.spice

Circuit: *include "corner.spice

Doing analysis at TEMP = 27.000000 and TNOM = 27.000000

Using SPARSE 1.3 as Direct Linear Solver

No. of Data Rows : 1
da1 = 1.083566e-05
da10 = -2.73181e-05
dr1 = 3.330660e-02
dr10 = 3.336788e-02
Reset re-loads circuit *include "corner.spice

Circuit: *include "corner.spice

Doing analysis at TEMP = 27.000000 and TNOM = 27.000000

Using SPARSE 1.3 as Direct Linear Solver

No. of Data Rows : 1
da1 = -1.60857e-05
da10 = 1.516942e-05
dr1 = 3.321073e-02
dr10 = 3.331915e-02
Reset re-loads circuit *include "corner.spice

Circuit: *include "corner.spice

Doing analysis at TEMP = 27.000000 and TNOM = 27.000000

Using SPARSE 1.3 as Direct Linear Solver

No. of Data Rows : 1
da1 = 2.875444e-05
da10 = 1.626402e-05
dr1 = 3.323427e-02
dr10 = 3.339851e-02
Reset re-loads circuit *include "corner.spice

Circuit: *include "corner.spice

Doing analysis at TEMP = 27.000000 and TNOM = 27.000000

Using SPARSE 1.3 as Direct Linear Solver

No. of Data Rows : 1
da1 = -3.74404e-05
da10 = 2.577955e-06
dr1 = 3.319462e-02
dr10 = 3.334287e-02
Reset re-loads circuit *include "corner.spice

Circuit: *include "corner.spice

Doing analysis at TEMP = 27.000000 and TNOM = 27.000000

Using SPARSE 1.3 as Direct Linear Solver

No. of Data Rows : 1
da1 = -6.65485e-05
da10 = 3.623585e-05
dr1 = 3.334698e-02
dr10 = 3.337596e-02
Reset re-loads circuit *include "corner.spice

Circuit: *include "corner.spice

Doing analysis at TEMP = 27.000000 and TNOM = 27.000000

Using SPARSE 1.3 as Direct Linear Solver

No. of Data Rows : 1
da1 = 3.578962e-05
da10 = 7.204352e-06
dr1 = 3.325762e-02
dr10 = 3.342116e-02
Reset re-loads circuit *include "corner.spice

Circuit: *include "corner.spice

Doing analysis at TEMP = 27.000000 and TNOM = 27.000000

Using SPARSE 1.3 as Direct Linear Solver

No. of Data Rows : 1
da1 = -6.68904e-05
da10 = 4.383345e-05
dr1 = 3.328245e-02
dr10 = 3.341370e-02
Reset re-loads circuit *include "corner.spice

Circuit: *include "corner.spice

Doing analysis at TEMP = 27.000000 and TNOM = 27.000000

Using SPARSE 1.3 as Direct Linear Solver

No. of Data Rows : 1
da1 = 1.137621e-04
da10 = 7.450341e-06
dr1 = 3.327941e-02
dr10 = 3.343636e-02
Reset re-loads circuit *include "corner.spice

Circuit: *include "corner.spice

Doing analysis at TEMP = 27.000000 and TNOM = 27.000000

Using SPARSE 1.3 as Direct Linear Solver

No. of Data Rows : 1
da1 = -1.85598e-05
da10 = -2.77472e-05
dr1 = 3.332220e-02
dr10 = 3.332145e-02
Reset re-loads circuit *include "corner.spice

Circuit: *include "corner.spice

Doing analysis at TEMP = 27.000000 and TNOM = 27.000000

Using SPARSE 1.3 as Direct Linear Solver

No. of Data Rows : 1
da1 = -4.12090e-06
da10 = -4.30564e-05
dr1 = 3.325191e-02
dr10 = 3.338737e-02
Reset re-loads circuit *include "corner.spice

Circuit: *include "corner.spice

Doing analysis at TEMP = 27.000000 and TNOM = 27.000000

Using SPARSE 1.3 as Direct Linear Solver

No. of Data Rows : 1
da1 = -3.31350e-05
da10 = -3.90168e-05
dr1 = 3.326765e-02
dr10 = 3.337876e-02
Reset re-loads circuit *include "corner.spice

Circuit: *include "corner.spice

Doing analysis at TEMP = 27.000000 and TNOM = 27.000000

Using SPARSE 1.3 as Direct Linear Solver

No. of Data Rows : 1
da1 = -6.88769e-05
da10 = 3.178761e-05
dr1 = 3.324372e-02
dr10 = 3.338055e-02
Reset re-loads circuit *include "corner.spice

Circuit: *include "corner.spice

Doing analysis at TEMP = 27.000000 and TNOM = 27.000000

Using SPARSE 1.3 as Direct Linear Solver

No. of Data Rows : 1
da1 = 2.133715e-05
da10 = -3.55065e-05
dr1 = 3.322944e-02
dr10 = 3.334168e-02
Reset re-loads circuit *include "corner.spice

Circuit: *include "corner.spice

Doing analysis at TEMP = 27.000000 and TNOM = 27.000000

Using SPARSE 1.3 as Direct Linear Solver

No. of Data Rows : 1
da1 = -5.86322e-05
da10 = -4.66707e-06
dr1 = 3.330806e-02
dr10 = 3.340763e-02
Reset re-loads circuit *include "corner.spice

Circuit: *include "corner.spice

Doing analysis at TEMP = 27.000000 and TNOM = 27.000000

Using SPARSE 1.3 as Direct Linear Solver

No. of Data Rows : 1
da1 = -5.94771e-05
da10 = 5.414552e-05
dr1 = 3.330043e-02
dr10 = 3.329072e-02
Reset re-loads circuit *include "corner.spice

Circuit: *include "corner.spice

Doing analysis at TEMP = 27.000000 and TNOM = 27.000000

Using SPARSE 1.3 as Direct Linear Solver

No. of Data Rows : 1
da1 = 5.294432e-05
da10 = -6.78759e-05
dr1 = 3.325297e-02
dr10 = 3.334441e-02
Reset re-loads circuit *include "corner.spice

Circuit: *include "corner.spice

Doing analysis at TEMP = 27.000000 and TNOM = 27.000000

Using SPARSE 1.3 as Direct Linear Solver

No. of Data Rows : 1
da1 = 4.121213e-05
da10 = -3.57390e-05
dr1 = 3.328242e-02
dr10 = 3.333548e-02
Reset re-loads circuit *include "corner.spice

Circuit: *include "corner.spice

Doing analysis at TEMP = 27.000000 and TNOM = 27.000000

Using SPARSE 1.3 as Direct Linear Solver

No. of Data Rows : 1
da1 = 4.772812e-05
da10 = -1.73734e-05
dr1 = 3.329464e-02
dr10 = 3.338500e-02
Reset re-loads circuit *include "corner.spice

Circuit: *include "corner.spice

Doing analysis at TEMP = 27.000000 and TNOM = 27.000000

Using SPARSE 1.3 as Direct Linear Solver

No. of Data Rows : 1
da1 = -2.17984e-05
da10 = 2.555062e-05
dr1 = 3.322046e-02
dr10 = 3.332778e-02
Reset re-loads circuit *include "corner.spice

Circuit: *include "corner.spice

Doing analysis at TEMP = 27.000000 and TNOM = 27.000000

Using SPARSE 1.3 as Direct Linear Solver

No. of Data Rows : 1
da1 = 8.283530e-05
da10 = 6.444757e-05
dr1 = 3.334063e-02
dr10 = 3.331165e-02
Reset re-loads circuit *include "corner.spice

Circuit: *include "corner.spice

Doing analysis at TEMP = 27.000000 and TNOM = 27.000000

Using SPARSE 1.3 as Direct Linear Solver

No. of Data Rows : 1
da1 = 6.836230e-05
da10 = 6.888343e-05
dr1 = 3.327487e-02
dr10 = 3.337917e-02
Reset re-loads circuit *include "corner.spice

Circuit: *include "corner.spice

Doing analysis at TEMP = 27.000000 and TNOM = 27.000000

Using SPARSE 1.3 as Direct Linear Solver

No. of Data Rows : 1
da1 = -6.42941e-05
da10 = 7.122353e-05
dr1 = 3.331944e-02
dr10 = 3.340059e-02
Reset re-loads circuit *include "corner.spice

Circuit: *include "corner.spice

Doing analysis at TEMP = 27.000000 and TNOM = 27.000000

Using SPARSE 1.3 as Direct Linear Solver

No. of Data Rows : 1
da1 = 2.381890e-06
da10 = 4.084138e-07
dr1 = 3.334118e-02
dr10 = 3.333016e-02
Reset re-loads circuit *include "corner.spice

Circuit: *include "corner.spice

Doing analysis at TEMP = 27.000000 and TNOM = 27.000000

Using SPARSE 1.3 as Direct Linear Solver
 Reference value :  0.00000e+00
No. of Data Rows : 1
da1 = 6.834659e-05
da10 = 2.043775e-05
dr1 = 3.329043e-02
dr10 = 3.341817e-02
Reset re-loads circuit *include "corner.spice

Circuit: *include "corner.spice

Doing analysis at TEMP = 27.000000 and TNOM = 27.000000

Using SPARSE 1.3 as Direct Linear Solver

No. of Data Rows : 1
da1 = -4.73089e-05
da10 = 6.399488e-05
dr1 = 3.330674e-02
dr10 = 3.340723e-02
Reset re-loads circuit *include "corner.spice

Circuit: *include "corner.spice

Doing analysis at TEMP = 27.000000 and TNOM = 27.000000

Using SPARSE 1.3 as Direct Linear Solver

No. of Data Rows : 1
da1 = 1.794981e-05
da10 = -3.82234e-05
dr1 = 3.322983e-02
dr10 = 3.337930e-02
Reset re-loads circuit *include "corner.spice

Circuit: *include "corner.spice

Doing analysis at TEMP = 27.000000 and TNOM = 27.000000

Using SPARSE 1.3 as Direct Linear Solver

No. of Data Rows : 1
da1 = 2.502096e-05
da10 = -3.37136e-05
dr1 = 3.332789e-02
dr10 = 3.334143e-02
Reset re-loads circuit *include "corner.spice

Circuit: *include "corner.spice

Doing analysis at TEMP = 27.000000 and TNOM = 27.000000

Using SPARSE 1.3 as Direct Linear Solver

No. of Data Rows : 1
da1 = 7.537342e-05
da10 = 7.057828e-05
dr1 = 3.328383e-02
dr10 = 3.330557e-02
Reset re-loads circuit *include "corner.spice

Circuit: *include "corner.spice

Doing analysis at TEMP = 27.000000 and TNOM = 27.000000

Using SPARSE 1.3 as Direct Linear Solver

No. of Data Rows : 1
da1 = -7.47143e-05
da10 = -1.22978e-05
dr1 = 3.330427e-02
dr10 = 3.337285e-02
Reset re-loads circuit *include "corner.spice

Circuit: *include "corner.spice

Doing analysis at TEMP = 27.000000 and TNOM = 27.000000

Using SPARSE 1.3 as Direct Linear Solver

No. of Data Rows : 1
da1 = 7.793583e-05
da10 = 6.142016e-05
dr1 = 3.321394e-02
dr10 = 3.334958e-02
Reset re-loads circuit *include "corner.spice

Circuit: *include "corner.spice

Doing analysis at TEMP = 27.000000 and TNOM = 27.000000

Using SPARSE 1.3 as Direct Linear Solver

No. of Data Rows : 1
da1 = -1.26049e-05
da10 = -7.33249e-05
dr1 = 3.335266e-02
dr10 = 3.343327e-02
Reset re-loads circuit *include "corner.spice

Circuit: *include "corner.spice

Doing analysis at TEMP = 27.000000 and TNOM = 27.000000

Using SPARSE 1.3 as Direct Linear Solver

No. of Data Rows : 1
da1 = -1.11840e-05
da10 = -5.17717e-05
dr1 = 3.328236e-02
dr10 = 3.337424e-02
Reset re-loads circuit *include "corner.spice

Circuit: *include "corner.spice

Doing analysis at TEMP = 27.000000 and TNOM = 27.000000

Using SPARSE 1.3 as Direct Linear Solver

No. of Data Rows : 1
da1 = -3.44291e-05
da10 = 6.833708e-06
dr1 = 3.327831e-02
dr10 = 3.341178e-02
Reset re-loads circuit *include "corner.spice

Circuit: *include "corner.spice

Doing analysis at TEMP = 27.000000 and TNOM = 27.000000

Using SPARSE 1.3 as Direct Linear Solver

No. of Data Rows : 1
da1 = 2.849796e-05
da10 = -5.30363e-05
dr1 = 3.324419e-02
dr10 = 3.336948e-02
Reset re-loads circuit *include "corner.spice

Circuit: *include "corner.spice

Doing analysis at TEMP = 27.000000 and TNOM = 27.000000

Using SPARSE 1.3 as Direct Linear Solver

No. of Data Rows : 1
da1 = 1.355107e-05
da10 = -2.45926e-05
dr1 = 3.322524e-02
dr10 = 3.342623e-02
Reset re-loads circuit *include "corner.spice

Circuit: *include "corner.spice

Doing analysis at TEMP = 27.000000 and TNOM = 27.000000

Using SPARSE 1.3 as Direct Linear Solver

No. of Data Rows : 1
da1 = -8.77793e-05
da10 = 4.211295e-05
dr1 = 3.322962e-02
dr10 = 3.337883e-02
Reset re-loads circuit *include "corner.spice

Circuit: *include "corner.spice

Doing analysis at TEMP = 27.000000 and TNOM = 27.000000

Using SPARSE 1.3 as Direct Linear Solver

No. of Data Rows : 1
da1 = 5.229271e-05
da10 = -9.87519e-06
dr1 = 3.333889e-02
dr10 = 3.339962e-02
Reset re-loads circuit *include "corner.spice

Circuit: *include "corner.spice

Doing analysis at TEMP = 27.000000 and TNOM = 27.000000

Using SPARSE 1.3 as Direct Linear Solver

No. of Data Rows : 1
da1 = 1.853237e-05
da10 = -2.38743e-05
dr1 = 3.325113e-02
dr10 = 3.326396e-02
Reset re-loads circuit *include "corner.spice

Circuit: *include "corner.spice

Doing analysis at TEMP = 27.000000 and TNOM = 27.000000

Using SPARSE 1.3 as Direct Linear Solver

No. of Data Rows : 1
da1 = 1.292223e-05
da10 = -1.39102e-05
dr1 = 3.327518e-02
dr10 = 3.341633e-02
Reset re-loads circuit *include "corner.spice

Circuit: *include "corner.spice

Doing analysis at TEMP = 27.000000 and TNOM = 27.000000

Using SPARSE 1.3 as Direct Linear Solver

No. of Data Rows : 1
da1 = 2.560122e-05
da10 = -6.71577e-05
dr1 = 3.321854e-02
dr10 = 3.333546e-02
Reset re-loads circuit *include "corner.spice

Circuit: *include "corner.spice

Doing analysis at TEMP = 27.000000 and TNOM = 27.000000

Using SPARSE 1.3 as Direct Linear Solver

No. of Data Rows : 1
da1 = -1.33419e-05
da10 = -7.43757e-05
dr1 = 3.318518e-02
dr10 = 3.339055e-02
Reset re-loads circuit *include "corner.spice

Circuit: *include "corner.spice

Doing analysis at TEMP = 27.000000 and TNOM = 27.000000

Using SPARSE 1.3 as Direct Linear Solver

No. of Data Rows : 1
da1 = -2.34192e-05
da10 = -1.84845e-05
dr1 = 3.323484e-02
dr10 = 3.342210e-02
Reset re-loads circuit *include "corner.spice

Circuit: *include "corner.spice

Doing analysis at TEMP = 27.000000 and TNOM = 27.000000

Using SPARSE 1.3 as Direct Linear Solver

No. of Data Rows : 1
da1 = -4.00054e-05
da10 = -1.15224e-05
dr1 = 3.328360e-02
dr10 = 3.333092e-02
Reset re-loads circuit *include "corner.spice

Circuit: *include "corner.spice

Doing analysis at TEMP = 27.000000 and TNOM = 27.000000

Using SPARSE 1.3 as Direct Linear Solver

No. of Data Rows : 1
da1 = 6.885725e-05
da10 = 8.274509e-05
dr1 = 3.322821e-02
dr10 = 3.342381e-02
Reset re-loads circuit *include "corner.spice

Circuit: *include "corner.spice

Doing analysis at TEMP = 27.000000 and TNOM = 27.000000

Using SPARSE 1.3 as Direct Linear Solver

No. of Data Rows : 1
da1 = 6.312205e-05
da10 = -2.32008e-05
dr1 = 3.323787e-02
dr10 = 3.334331e-02
Reset re-loads circuit *include "corner.spice

Circuit: *include "corner.spice

Doing analysis at TEMP = 27.000000 and TNOM = 27.000000

Using SPARSE 1.3 as Direct Linear Solver

No. of Data Rows : 1
da1 = 4.027396e-05
da10 = -3.05257e-05
dr1 = 3.329561e-02
dr10 = 3.340139e-02
Reset re-loads circuit *include "corner.spice

Circuit: *include "corner.spice

Doing analysis at TEMP = 27.000000 and TNOM = 27.000000

Using SPARSE 1.3 as Direct Linear Solver

No. of Data Rows : 1
da1 = 8.927214e-07
da10 = -4.92134e-05
dr1 = 3.329766e-02
dr10 = 3.341268e-02
Reset re-loads circuit *include "corner.spice

Circuit: *include "corner.spice

Doing analysis at TEMP = 27.000000 and TNOM = 27.000000

Using SPARSE 1.3 as Direct Linear Solver

No. of Data Rows : 1
da1 = -1.94408e-05
da10 = 7.070552e-06
dr1 = 3.325703e-02
dr10 = 3.333485e-02
Reset re-loads circuit *include "corner.spice

Circuit: *include "corner.spice

Doing analysis at TEMP = 27.000000 and TNOM = 27.000000

Using SPARSE 1.3 as Direct Linear Solver

No. of Data Rows : 1
da1 = -5.28074e-05
da10 = 5.165569e-05
dr1 = 3.334425e-02
dr10 = 3.336549e-02
Reset re-loads circuit *include "corner.spice

Circuit: *include "corner.spice

Doing analysis at TEMP = 27.000000 and TNOM = 27.000000

Using SPARSE 1.3 as Direct Linear Solver

No. of Data Rows : 1
da1 = 6.343564e-05
da10 = 2.255916e-05
dr1 = 3.326074e-02
dr10 = 3.327716e-02
Reset re-loads circuit *include "corner.spice

Circuit: *include "corner.spice

Doing analysis at TEMP = 27.000000 and TNOM = 27.000000

Using SPARSE 1.3 as Direct Linear Solver

No. of Data Rows : 1
da1 = 3.810286e-06
da10 = -2.47487e-05
dr1 = 3.318196e-02
dr10 = 3.335101e-02
Reset re-loads circuit *include "corner.spice

Circuit: *include "corner.spice

Doing analysis at TEMP = 27.000000 and TNOM = 27.000000

Using SPARSE 1.3 as Direct Linear Solver

No. of Data Rows : 1
da1 = 4.416452e-05
da10 = -2.03869e-05
dr1 = 3.329252e-02
dr10 = 3.337598e-02
Reset re-loads circuit *include "corner.spice

Circuit: *include "corner.spice

Doing analysis at TEMP = 27.000000 and TNOM = 27.000000

Using SPARSE 1.3 as Direct Linear Solver

No. of Data Rows : 1
da1 = -8.79597e-05
da10 = -1.34998e-05
dr1 = 3.326888e-02
dr10 = 3.333610e-02
Reset re-loads circuit *include "corner.spice

Circuit: *include "corner.spice

Doing analysis at TEMP = 27.000000 and TNOM = 27.000000

Using SPARSE 1.3 as Direct Linear Solver

No. of Data Rows : 1
da1 = -1.52411e-05
da10 = -9.37461e-05
dr1 = 3.324378e-02
dr10 = 3.337874e-02
Reset re-loads circuit *include "corner.spice

Circuit: *include "corner.spice

Doing analysis at TEMP = 27.000000 and TNOM = 27.000000

Using SPARSE 1.3 as Direct Linear Solver

No. of Data Rows : 1
da1 = -4.50776e-05
da10 = 4.911040e-05
dr1 = 3.326598e-02
dr10 = 3.337222e-02
Reset re-loads circuit *include "corner.spice

Circuit: *include "corner.spice

Doing analysis at TEMP = 27.000000 and TNOM = 27.000000

Using SPARSE 1.3 as Direct Linear Solver

No. of Data Rows : 1
da1 = -7.65948e-06
da10 = -8.37058e-05
dr1 = 3.327488e-02
dr10 = 3.330674e-02
Reset re-loads circuit *include "corner.spice

Circuit: *include "corner.spice

Doing analysis at TEMP = 27.000000 and TNOM = 27.000000

Using SPARSE 1.3 as Direct Linear Solver

No. of Data Rows : 1
da1 = -1.27809e-05
da10 = 6.480298e-06
dr1 = 3.325863e-02
dr10 = 3.340103e-02
Reset re-loads circuit *include "corner.spice

Circuit: *include "corner.spice

Doing analysis at TEMP = 27.000000 and TNOM = 27.000000

Using SPARSE 1.3 as Direct Linear Solver

No. of Data Rows : 1
da1 = 9.180039e-06
da10 = 3.151543e-05
dr1 = 3.329302e-02
dr10 = 3.342658e-02
Reset re-loads circuit *include "corner.spice

Circuit: *include "corner.spice

Doing analysis at TEMP = 27.000000 and TNOM = 27.000000

Using SPARSE 1.3 as Direct Linear Solver

No. of Data Rows : 1
da1 = 9.491327e-05
da10 = -2.78688e-05
dr1 = 3.333387e-02
dr10 = 3.336648e-02
Reset re-loads circuit *include "corner.spice

Circuit: *include "corner.spice

Doing analysis at TEMP = 27.000000 and TNOM = 27.000000

Using SPARSE 1.3 as Direct Linear Solver

No. of Data Rows : 1
da1 = -3.57475e-05
da10 = -7.53932e-05
dr1 = 3.320091e-02
dr10 = 3.336802e-02
Reset re-loads circuit *include "corner.spice

Circuit: *include "corner.spice

Doing analysis at TEMP = 27.000000 and TNOM = 27.000000

Using SPARSE 1.3 as Direct Linear Solver

No. of Data Rows : 1
da1 = 5.405119e-06
da10 = 1.903210e-05
dr1 = 3.332161e-02
dr10 = 3.336507e-02
Reset re-loads circuit *include "corner.spice

Circuit: *include "corner.spice

Doing analysis at TEMP = 27.000000 and TNOM = 27.000000

Using SPARSE 1.3 as Direct Linear Solver

No. of Data Rows : 1
da1 = -1.84155e-05
da10 = 6.289683e-05
dr1 = 3.325198e-02
dr10 = 3.334783e-02
Reset re-loads circuit *include "corner.spice

Circuit: *include "corner.spice

Doing analysis at TEMP = 27.000000 and TNOM = 27.000000

Using SPARSE 1.3 as Direct Linear Solver

No. of Data Rows : 1
da1 = 3.719166e-05
da10 = 1.327017e-05
dr1 = 3.333233e-02
dr10 = 3.338219e-02
Reset re-loads circuit *include "corner.spice

Circuit: *include "corner.spice

Doing analysis at TEMP = 27.000000 and TNOM = 27.000000

Using SPARSE 1.3 as Direct Linear Solver

No. of Data Rows : 1
da1 = -3.83023e-05
da10 = 1.808662e-06
dr1 = 3.329202e-02
dr10 = 3.331446e-02
Reset re-loads circuit *include "corner.spice

Circuit: *include "corner.spice

Doing analysis at TEMP = 27.000000 and TNOM = 27.000000

Using SPARSE 1.3 as Direct Linear Solver

No. of Data Rows : 1
da1 = -5.63229e-05
da10 = 3.223825e-05
dr1 = 3.325783e-02
dr10 = 3.340059e-02
Reset re-loads circuit *include "corner.spice

Circuit: *include "corner.spice

Doing analysis at TEMP = 27.000000 and TNOM = 27.000000

Using SPARSE 1.3 as Direct Linear Solver

No. of Data Rows : 1
da1 = -6.51207e-06
da10 = -8.51925e-05
dr1 = 3.335308e-02
dr10 = 3.330941e-02
Reset re-loads circuit *include "corner.spice

Circuit: *include "corner.spice

Doing analysis at TEMP = 27.000000 and TNOM = 27.000000

Using SPARSE 1.3 as Direct Linear Solver

No. of Data Rows : 1
da1 = -2.98063e-05
da10 = 7.490908e-05
dr1 = 3.325428e-02
dr10 = 3.335195e-02
Reset re-loads circuit *include "corner.spice

Circuit: *include "corner.spice

Doing analysis at TEMP = 27.000000 and TNOM = 27.000000

Using SPARSE 1.3 as Direct Linear Solver

No. of Data Rows : 1
da1 = -1.88979e-05
da10 = 8.744515e-06
dr1 = 3.327453e-02
dr10 = 3.334987e-02
Reset re-loads circuit *include "corner.spice

Circuit: *include "corner.spice

Doing analysis at TEMP = 27.000000 and TNOM = 27.000000

Using SPARSE 1.3 as Direct Linear Solver

No. of Data Rows : 1
da1 = 3.873979e-05
da10 = 1.899869e-05
dr1 = 3.331685e-02
dr10 = 3.345581e-02
Reset re-loads circuit *include "corner.spice

Circuit: *include "corner.spice

Doing analysis at TEMP = 27.000000 and TNOM = 27.000000

Using SPARSE 1.3 as Direct Linear Solver

No. of Data Rows : 1
da1 = -5.34153e-05
da10 = -2.73623e-05
dr1 = 3.333469e-02
dr10 = 3.340525e-02
Reset re-loads circuit *include "corner.spice

Circuit: *include "corner.spice

Doing analysis at TEMP = 27.000000 and TNOM = 27.000000

Using SPARSE 1.3 as Direct Linear Solver

No. of Data Rows : 1
da1 = -3.56851e-05
da10 = -1.23899e-04
dr1 = 3.335010e-02
dr10 = 3.333316e-02
Reset re-loads circuit *include "corner.spice

Circuit: *include "corner.spice

Doing analysis at TEMP = 27.000000 and TNOM = 27.000000

Using SPARSE 1.3 as Direct Linear Solver

No. of Data Rows : 1
da1 = -2.75275e-05
da10 = -7.87435e-06
dr1 = 3.328247e-02
dr10 = 3.342907e-02
Reset re-loads circuit *include "corner.spice

Circuit: *include "corner.spice

Doing analysis at TEMP = 27.000000 and TNOM = 27.000000

Using SPARSE 1.3 as Direct Linear Solver

No. of Data Rows : 1
da1 = -4.40599e-05
da10 = -1.66410e-05
dr1 = 3.322388e-02
dr10 = 3.341263e-02
Reset re-loads circuit *include "corner.spice

Circuit: *include "corner.spice

Doing analysis at TEMP = 27.000000 and TNOM = 27.000000

Using SPARSE 1.3 as Direct Linear Solver

No. of Data Rows : 1
da1 = -5.38634e-05
da10 = 1.163026e-04
dr1 = 3.328243e-02
dr10 = 3.337487e-02
Reset re-loads circuit *include "corner.spice

Circuit: *include "corner.spice

Doing analysis at TEMP = 27.000000 and TNOM = 27.000000

Using SPARSE 1.3 as Direct Linear Solver

No. of Data Rows : 1
da1 = -6.57639e-05
da10 = -1.05201e-05
dr1 = 3.327587e-02
dr10 = 3.341067e-02
Reset re-loads circuit *include "corner.spice

Circuit: *include "corner.spice

Doing analysis at TEMP = 27.000000 and TNOM = 27.000000

Using SPARSE 1.3 as Direct Linear Solver

No. of Data Rows : 1
da1 = -4.93831e-05
da10 = -1.99357e-06
dr1 = 3.332780e-02
dr10 = 3.336582e-02
Reset re-loads circuit *include "corner.spice

Circuit: *include "corner.spice

Doing analysis at TEMP = 27.000000 and TNOM = 27.000000

Using SPARSE 1.3 as Direct Linear Solver

No. of Data Rows : 1
da1 = -3.90515e-05
da10 = 1.030999e-05
dr1 = 3.321359e-02
dr10 = 3.333377e-02
Reset re-loads circuit *include "corner.spice

Circuit: *include "corner.spice

Doing analysis at TEMP = 27.000000 and TNOM = 27.000000

Using SPARSE 1.3 as Direct Linear Solver

No. of Data Rows : 1
da1 = 3.290439e-05
da10 = -2.50344e-05
dr1 = 3.335657e-02
dr10 = 3.341757e-02
Reset re-loads circuit *include "corner.spice

Circuit: *include "corner.spice

Doing analysis at TEMP = 27.000000 and TNOM = 27.000000

Using SPARSE 1.3 as Direct Linear Solver

No. of Data Rows : 1
da1 = -1.18770e-04
da10 = 9.780722e-06
dr1 = 3.330856e-02
dr10 = 3.340041e-02
Reset re-loads circuit *include "corner.spice

Circuit: *include "corner.spice

Doing analysis at TEMP = 27.000000 and TNOM = 27.000000

Using SPARSE 1.3 as Direct Linear Solver

No. of Data Rows : 1
da1 = 1.038582e-05
da10 = -3.12587e-05
dr1 = 3.325660e-02
dr10 = 3.332428e-02
Reset re-loads circuit *include "corner.spice

Circuit: *include "corner.spice

Doing analysis at TEMP = 27.000000 and TNOM = 27.000000

Using SPARSE 1.3 as Direct Linear Solver

No. of Data Rows : 1
da1 = 5.591892e-05
da10 = 1.177011e-05
dr1 = 3.317913e-02
dr10 = 3.332780e-02
Reset re-loads circuit *include "corner.spice

Circuit: *include "corner.spice

Doing analysis at TEMP = 27.000000 and TNOM = 27.000000

Using SPARSE 1.3 as Direct Linear Solver

No. of Data Rows : 1
da1 = 1.011549e-06
da10 = 9.712016e-05
dr1 = 3.331664e-02
dr10 = 3.338978e-02
Reset re-loads circuit *include "corner.spice

Circuit: *include "corner.spice

Doing analysis at TEMP = 27.000000 and TNOM = 27.000000

Using SPARSE 1.3 as Direct Linear Solver

No. of Data Rows : 1
da1 = -6.73095e-05
da10 = 1.086117e-05
dr1 = 3.326096e-02
dr10 = 3.337860e-02
Reset re-loads circuit *include "corner.spice

Circuit: *include "corner.spice

Doing analysis at TEMP = 27.000000 and TNOM = 27.000000

Using SPARSE 1.3 as Direct Linear Solver

No. of Data Rows : 1
da1 = -1.00331e-05
da10 = -6.67760e-05
dr1 = 3.327640e-02
dr10 = 3.333205e-02
Reset re-loads circuit *include "corner.spice

Circuit: *include "corner.spice

Doing analysis at TEMP = 27.000000 and TNOM = 27.000000

Using SPARSE 1.3 as Direct Linear Solver

No. of Data Rows : 1
da1 = -4.86695e-06
da10 = -4.82468e-05
dr1 = 3.321032e-02
dr10 = 3.332134e-02
Reset re-loads circuit *include "corner.spice

Circuit: *include "corner.spice

Doing analysis at TEMP = 27.000000 and TNOM = 27.000000

Using SPARSE 1.3 as Direct Linear Solver

No. of Data Rows : 1
da1 = -6.72584e-05
da10 = -5.51995e-05
dr1 = 3.326800e-02
dr10 = 3.334465e-02
Reset re-loads circuit *include "corner.spice

Circuit: *include "corner.spice

Doing analysis at TEMP = 27.000000 and TNOM = 27.000000

Using SPARSE 1.3 as Direct Linear Solver

No. of Data Rows : 1
da1 = -7.78499e-05
da10 = 9.160891e-05
dr1 = 3.328307e-02
dr10 = 3.335225e-02
Reset re-loads circuit *include "corner.spice

Circuit: *include "corner.spice

Doing analysis at TEMP = 27.000000 and TNOM = 27.000000

Using SPARSE 1.3 as Direct Linear Solver

No. of Data Rows : 1
da1 = 4.522497e-05
da10 = -1.34740e-05
dr1 = 3.323001e-02
dr10 = 3.339645e-02
Reset re-loads circuit *include "corner.spice

Circuit: *include "corner.spice

Doing analysis at TEMP = 27.000000 and TNOM = 27.000000

Using SPARSE 1.3 as Direct Linear Solver

No. of Data Rows : 1
da1 = 2.859333e-05
da10 = 3.750701e-05
dr1 = 3.326535e-02
dr10 = 3.343422e-02
Reset re-loads circuit *include "corner.spice

Circuit: *include "corner.spice

Doing analysis at TEMP = 27.000000 and TNOM = 27.000000

Using SPARSE 1.3 as Direct Linear Solver

No. of Data Rows : 1
da1 = -5.85581e-06
da10 = 3.159709e-05
dr1 = 3.332490e-02
dr10 = 3.342789e-02
Reset re-loads circuit *include "corner.spice

Circuit: *include "corner.spice

Doing analysis at TEMP = 27.000000 and TNOM = 27.000000

Using SPARSE 1.3 as Direct Linear Solver

No. of Data Rows : 1
da1 = -1.28669e-05
da10 = -6.58435e-05
dr1 = 3.329293e-02
dr10 = 3.342743e-02
Reset re-loads circuit *include "corner.spice

Circuit: *include "corner.spice

Doing analysis at TEMP = 27.000000 and TNOM = 27.000000

Using SPARSE 1.3 as Direct Linear Solver

No. of Data Rows : 1
da1 = -3.40024e-05
da10 = 2.129662e-05
dr1 = 3.329581e-02
dr10 = 3.338221e-02
Reset re-loads circuit *include "corner.spice

Circuit: *include "corner.spice

Doing analysis at TEMP = 27.000000 and TNOM = 27.000000

Using SPARSE 1.3 as Direct Linear Solver

No. of Data Rows : 1
da1 = 1.904706e-05
da10 = -1.63991e-05
dr1 = 3.328111e-02
dr10 = 3.336216e-02
ngspice-46 done
