
Note: Compatibility modes selected: hs a


Circuit: * core-mirror-sensitivity @ bjt_ss_125c_3.30v -- generated by sim/harness, do not edit

Doing analysis at TEMP = 125.000000 and TNOM = 27.000000

Using SPARSE 1.3 as Direct Linear Solver
 Reference value : -2.00000e-03
No. of Data Rows : 2
Doing analysis at TEMP = 125.000000 and TNOM = 27.000000

Using SPARSE 1.3 as Direct Linear Solver
 Reference value : -2.00000e-03
No. of Data Rows : 2
Doing analysis at TEMP = 125.000000 and TNOM = 27.000000

Using SPARSE 1.3 as Direct Linear Solver
 Reference value : -2.00000e-03
No. of Data Rows : 2
Doing analysis at TEMP = 125.000000 and TNOM = 27.000000

Using SPARSE 1.3 as Direct Linear Solver
 Reference value : -2.00000e-03
No. of Data Rows : 2
Doing analysis at TEMP = 125.000000 and TNOM = 27.000000

Using SPARSE 1.3 as Direct Linear Solver
 Reference value : -2.00000e-03
No. of Data Rows : 2
Doing analysis at TEMP = 125.000000 and TNOM = 27.000000

Using SPARSE 1.3 as Direct Linear Solver
 Reference value :  0.00000e+00
No. of Data Rows : 1
m_dvref_dvos_m_servo = 8.7625170240e+00
m_dvref_dvos_m_vref = -4.926877851e+00
m_dvref_dvos_m_ibias = -8.034558785e-05
m_dvref_dvos_mc_vref = -2.394694511e-02
m_dvref_dvos_m_sns1 = -3.835945309e+00
m_dvref_dvos_m_sum = -3.864809247e-04
m_margin_m1_mv = 1.4069229751e+02
m_margin_mc1_mv = 2.1944418222e+03
m_margin_m4_mv = 1.4067689970e+02
m_margin_mc4_mv = 2.1029092377e+03
m_margin_mcb_mv = 8.7500864910e+02
m_v_ibias_op = 6.4205813806e-01
m_amp_tail_ua = 1.6756414653e+00
Note: Simulation executed from .control section 

Warning: m=xx on .subckt line will override multiplier m hierarchy!

Note: Starting dynamic gmin stepping
Note: Dynamic gmin stepping completed
Note: Starting dynamic gmin stepping
Note: Dynamic gmin stepping completed
Note: Starting dynamic gmin stepping
Note: Dynamic gmin stepping completed
Note: Starting dynamic gmin stepping
Note: Dynamic gmin stepping completed
Note: Starting dynamic gmin stepping
Note: Dynamic gmin stepping completed
Note: Starting dynamic gmin stepping
Note: Dynamic gmin stepping completed
Note: Starting dynamic gmin stepping
Note: Dynamic gmin stepping completed
Note: Starting dynamic gmin stepping
Note: Dynamic gmin stepping completed
Note: Starting dynamic gmin stepping
Note: Dynamic gmin stepping completed
Note: Starting dynamic gmin stepping
Note: Dynamic gmin stepping completed
Note: Starting dynamic gmin stepping
Note: Dynamic gmin stepping completed
