
Note: Compatibility modes selected: hs a


Circuit: * core-mirror-sensitivity @ res_ff_27c_3.63v -- generated by sim/harness, do not edit

Doing analysis at TEMP = 27.000000 and TNOM = 27.000000

Using SPARSE 1.3 as Direct Linear Solver
 Reference value :  2.00000e-03
No. of Data Rows : 2
Doing analysis at TEMP = 27.000000 and TNOM = 27.000000

Using SPARSE 1.3 as Direct Linear Solver

No. of Data Rows : 2
Doing analysis at TEMP = 27.000000 and TNOM = 27.000000

Using SPARSE 1.3 as Direct Linear Solver

No. of Data Rows : 2
Doing analysis at TEMP = 27.000000 and TNOM = 27.000000

Using SPARSE 1.3 as Direct Linear Solver

No. of Data Rows : 2
Doing analysis at TEMP = 27.000000 and TNOM = 27.000000

Using SPARSE 1.3 as Direct Linear Solver
 Reference value :  2.00000e-03
No. of Data Rows : 2
Doing analysis at TEMP = 27.000000 and TNOM = 27.000000

Using SPARSE 1.3 as Direct Linear Solver

No. of Data Rows : 1
m_dvref_dvos_m_servo = 8.1028307949e+00
m_dvref_dvos_m_vref = -4.543276397e+00
m_dvref_dvos_m_ibias = -1.642062416e-04
m_dvref_dvos_mc_vref = -1.930463830e-02
m_dvref_dvos_m_sns1 = -3.559805440e+00
m_dvref_dvos_m_sum = -4.152483796e-04
m_margin_m1_mv = 1.3008665267e+02
m_margin_mc1_mv = 2.4519312395e+03
m_margin_m4_mv = 1.3008469119e+02
m_margin_mc4_mv = 2.4386270339e+03
m_margin_mcb_mv = 9.5261352204e+02
m_v_ibias_op = 7.2398015579e-01
m_amp_tail_ua = 1.7949464979e+00
Note: Simulation executed from .control section 

Warning: m=xx on .subckt line will override multiplier m hierarchy!

