
Note: Compatibility modes selected: hs a


Circuit: * core-mirror-sensitivity @ sf_125c_3.30v -- generated by sim/harness, do not edit

Doing analysis at TEMP = 125.000000 and TNOM = 27.000000

Using SPARSE 1.3 as Direct Linear Solver
 Reference value : -2.00000e-03
No. of Data Rows : 2
Doing analysis at TEMP = 125.000000 and TNOM = 27.000000

Using SPARSE 1.3 as Direct Linear Solver
 Reference value :  2.00000e-03
No. of Data Rows : 2
Doing analysis at TEMP = 125.000000 and TNOM = 27.000000

Using SPARSE 1.3 as Direct Linear Solver

No. of Data Rows : 2
Doing analysis at TEMP = 125.000000 and TNOM = 27.000000

Using SPARSE 1.3 as Direct Linear Solver
 Reference value : -2.00000e-03
No. of Data Rows : 2
Doing analysis at TEMP = 125.000000 and TNOM = 27.000000

Using SPARSE 1.3 as Direct Linear Solver
 Reference value :  2.00000e-03
No. of Data Rows : 2
Doing analysis at TEMP = 125.000000 and TNOM = 27.000000

Using SPARSE 1.3 as Direct Linear Solver

No. of Data Rows : 1
m_dvref_dvos_m_servo = 8.9678362683e+00
m_dvref_dvos_m_vref = -5.044100768e+00
m_dvref_dvos_m_ibias = -1.191120845e-04
m_dvref_dvos_mc_vref = -2.533195121e-02
m_dvref_dvos_m_sns1 = -3.924091445e+00
m_dvref_dvos_m_sum = -4.750563237e-04
m_margin_m1_mv = 1.3779353133e+02
m_margin_mc1_mv = 2.2155864534e+03
m_margin_m4_mv = 1.3776253702e+02
m_margin_mc4_mv = 2.0296182142e+03
m_margin_mcb_mv = 7.7548967797e+02
m_v_ibias_op = 7.2419147138e-01
m_amp_tail_ua = 1.1601114423e+00
Note: Simulation executed from .control section 

Warning: m=xx on .subckt line will override multiplier m hierarchy!

Note: Starting dynamic gmin stepping
Note: Dynamic gmin stepping completed
Note: Starting dynamic gmin stepping
Note: Dynamic gmin stepping completed
Note: Starting dynamic gmin stepping
Note: Dynamic gmin stepping completed
Note: Starting dynamic gmin stepping
Note: Dynamic gmin stepping completed
Note: Starting dynamic gmin stepping
Note: Dynamic gmin stepping completed
Note: Starting dynamic gmin stepping
Note: Dynamic gmin stepping completed
Note: Starting dynamic gmin stepping
Note: Dynamic gmin stepping completed
Note: Starting dynamic gmin stepping
Note: Dynamic gmin stepping completed
Note: Starting dynamic gmin stepping
Note: Dynamic gmin stepping completed
Note: Starting dynamic gmin stepping
Note: Dynamic gmin stepping completed
Note: Starting dynamic gmin stepping
Note: Dynamic gmin stepping completed
