
Note: Compatibility modes selected: hs a


Circuit: * psrr-dc @ bjt_ff_125c_3.30v -- generated by sim/harness, do not edit

Doing analysis at TEMP = 125.000000 and TNOM = 27.000000

Using SPARSE 1.3 as Direct Linear Solver
 Reference value :  0.00000e+00
No. of Data Rows : 1
Doing analysis at TEMP = 125.000000 and TNOM = 27.000000

Using SPARSE 1.3 as Direct Linear Solver

No. of Data Rows : 161
     * psrr-dc @ bjt_ff_125c_3.30v -- generated by sim/harness, do not edit
     AC Analysis  Sat Aug  1 13:27:06  2026
--------------------------------------------------------------------------------
Index   frequency       psrr_db         
--------------------------------------------------------------------------------
0	1.0000000000e-01	1.1800344783e+02	
1	1.1220184543e-01	1.1800344712e+02	
2	1.2589254118e-01	1.1800344629e+02	
3	1.4125375446e-01	1.1800344522e+02	
4	1.5848931925e-01	1.1800344387e+02	
5	1.7782794100e-01	1.1800344223e+02	
6	1.9952623150e-01	1.1800344003e+02	
7	2.2387211386e-01	1.1800343738e+02	
8	2.5118864315e-01	1.1800343402e+02	
9	2.8183829313e-01	1.1800342972e+02	
10	3.1622776602e-01	1.1800342439e+02	
11	3.5481338923e-01	1.1800341766e+02	
12	3.9810717055e-01	1.1800340916e+02	
13	4.4668359215e-01	1.1800339851e+02	
14	5.0118723363e-01	1.1800338505e+02	
15	5.6234132519e-01	1.1800336807e+02	
16	6.3095734448e-01	1.1800334680e+02	
17	7.0794578438e-01	1.1800331997e+02	
18	7.9432823472e-01	1.1800328615e+02	
19	8.9125093813e-01	1.1800324360e+02	
20	1.0000000000e+00	1.1800319007e+02	
21	1.1220184543e+00	1.1800312268e+02	
22	1.2589254118e+00	1.1800303779e+02	
23	1.4125375446e+00	1.1800293092e+02	
24	1.5848931925e+00	1.1800279647e+02	
25	1.7782794100e+00	1.1800262714e+02	
26	1.9952623150e+00	1.1800241401e+02	
27	2.2387211386e+00	1.1800214567e+02	
28	2.5118864315e+00	1.1800180793e+02	
29	2.8183829313e+00	1.1800138271e+02	
30	3.1622776602e+00	1.1800084753e+02	
31	3.5481338923e+00	1.1800017381e+02	
32	3.9810717055e+00	1.1799932580e+02	
33	4.4668359215e+00	1.1799825849e+02	
34	5.0118723363e+00	1.1799691519e+02	
35	5.6234132519e+00	1.1799522461e+02	
36	6.3095734448e+00	1.1799309728e+02	
37	7.0794578438e+00	1.1799042063e+02	
38	7.9432823472e+00	1.1798705319e+02	
39	8.9125093813e+00	1.1798281748e+02	
40	1.0000000000e+01	1.1797749097e+02	
41	1.1220184543e+01	1.1797079448e+02	
42	1.2589254118e+01	1.1796237864e+02	
43	1.4125375446e+01	1.1795180670e+02	
44	1.5848931925e+01	1.1792264772e+02	
45	1.7782794100e+01	1.1790605921e+02	
46	1.9952623150e+01	1.1788526464e+02	
47	2.2387211386e+01	1.1785922579e+02	
48	2.5118864315e+01	1.1782666391e+02	
49	2.8183829313e+01	1.1778601284e+02	
50	3.1622776602e+01	1.1772021597e+02	
51	3.5481338923e+01	1.1765751148e+02	
52	3.9810717055e+01	1.1756521007e+02	
53	4.4668359215e+01	1.1746967414e+02	
54	5.0118723363e+01	1.1733843805e+02	

Index   frequency       psrr_db         
--------------------------------------------------------------------------------
55	5.6234132519e+01	1.1718212529e+02	
56	6.3095734448e+01	1.1698354746e+02	
57	7.0794578438e+01	1.1676418816e+02	
58	7.9432823472e+01	1.1649444759e+02	
59	8.9125093813e+01	1.1617197760e+02	
60	1.0000000000e+02	1.1580488786e+02	
61	1.1220184543e+02	1.1537215684e+02	
62	1.2589254118e+02	1.1489250741e+02	
63	1.4125375446e+02	1.1435746838e+02	
64	1.5848931925e+02	1.1375716037e+02	
65	1.7782794100e+02	1.1311004023e+02	
66	1.9952623150e+02	1.1240608795e+02	
67	2.2387211386e+02	1.1166623755e+02	
68	2.5118864315e+02	1.1087495429e+02	
69	2.8183829313e+02	1.1005627923e+02	
70	3.1622776602e+02	1.0920136943e+02	
71	3.5481338923e+02	1.0832103359e+02	
72	3.9810717055e+02	1.0741521943e+02	
73	4.4668359215e+02	1.0649467928e+02	
74	5.0118723363e+02	1.0555645428e+02	
75	5.6234132519e+02	1.0460833244e+02	
76	6.3095734448e+02	1.0364725491e+02	
77	7.0794578438e+02	1.0268025914e+02	
78	7.9432823472e+02	1.0170374793e+02	
79	8.9125093813e+02	1.0072445256e+02	
80	1.0000000000e+03	9.9740199460e+01	
81	1.1220184543e+03	9.8752852761e+01	
82	1.2589254118e+03	9.7761923023e+01	
83	1.4125375446e+03	9.6767950962e+01	
84	1.5848931925e+03	9.5772151019e+01	
85	1.7782794100e+03	9.4774249597e+01	
86	1.9952623150e+03	9.3774434648e+01	
87	2.2387211386e+03	9.2772683585e+01	
88	2.5118864315e+03	9.1768975603e+01	
89	2.8183829313e+03	9.0762947676e+01	
90	3.1622776602e+03	8.9754691848e+01	
91	3.5481338923e+03	8.8743374388e+01	
92	3.9810717055e+03	8.7728654717e+01	
93	4.4668359215e+03	8.6709496400e+01	
94	5.0118723363e+03	8.5685170425e+01	
95	5.6234132519e+03	8.4654860762e+01	
96	6.3095734448e+03	8.3616851616e+01	
97	7.0794578438e+03	8.2569228048e+01	
98	7.9432823472e+03	8.1510124215e+01	
99	8.9125093813e+03	8.0437244099e+01	
100	1.0000000000e+04	7.9347459368e+01	
101	1.1220184543e+04	7.8238393170e+01	
102	1.2589254118e+04	7.7105607525e+01	
103	1.4125375446e+04	7.5945745171e+01	
104	1.5848931925e+04	7.4754754912e+01	
105	1.7782794100e+04	7.3529061172e+01	
106	1.9952623150e+04	7.2265055597e+01	
107	2.2387211386e+04	7.0959313472e+01	
108	2.5118864315e+04	6.9610193699e+01	
109	2.8183829313e+04	6.8216703055e+01	
110	3.1622776602e+04	6.6779946691e+01	
111	3.5481338923e+04	6.5302269141e+01	
112	3.9810717055e+04	6.3788118119e+01	

Index   frequency       psrr_db         
--------------------------------------------------------------------------------
113	4.4668359215e+04	6.2243636377e+01	
114	5.0118723363e+04	6.0676820449e+01	
115	5.6234132519e+04	5.9096334483e+01	
116	6.3095734448e+04	5.7511913756e+01	
117	7.0794578438e+04	5.5933545552e+01	
118	7.9432823472e+04	5.4370735942e+01	
119	8.9125093813e+04	5.2832280609e+01	
120	1.0000000000e+05	5.1325853930e+01	
121	1.1220184543e+05	4.9857181201e+01	
122	1.2589254118e+05	4.8430451658e+01	
123	1.4125375446e+05	4.7047620026e+01	
124	1.5848931925e+05	4.5708894580e+01	
125	1.7782794100e+05	4.4412770830e+01	
126	1.9952623150e+05	4.3156596487e+01	
127	2.2387211386e+05	4.1936935514e+01	
128	2.5118864315e+05	4.0750147478e+01	
129	2.8183829313e+05	3.9592983199e+01	
130	3.1622776602e+05	3.8463333793e+01	
131	3.5481338923e+05	3.7361194591e+01	
132	3.9810717055e+05	3.6290126439e+01	
133	4.4668359215e+05	3.5259484576e+01	
134	5.0118723363e+05	3.4287742275e+01	
135	5.6234132519e+05	3.3406835897e+01	
136	6.3095734448e+05	3.2666027452e+01	
137	7.0794578438e+05	3.2130477167e+01	
138	7.9432823472e+05	3.1865841871e+01	
139	8.9125093813e+05	3.1903274658e+01	
140	1.0000000000e+06	3.2197084406e+01	
141	1.1220184543e+06	3.2605957512e+01	
142	1.2589254118e+06	3.2922175691e+01	
143	1.4125375446e+06	3.2950116648e+01	
144	1.5848931925e+06	3.2597851367e+01	
145	1.7782794100e+06	3.1904373327e+01	
146	1.9952623150e+06	3.0979219721e+01	
147	2.2387211386e+06	2.9929203074e+01	
148	2.5118864315e+06	2.8827690767e+01	
149	2.8183829313e+06	2.7716455247e+01	
150	3.1622776602e+06	2.6616409268e+01	
151	3.5481338923e+06	2.5536553249e+01	
152	3.9810717055e+06	2.4479493358e+01	
153	4.4668359215e+06	2.3444507321e+01	
154	5.0118723363e+06	2.2429228864e+01	
155	5.6234132519e+06	2.1430634226e+01	
156	6.3095734448e+06	2.0445689452e+01	
157	7.0794578438e+06	1.9471814651e+01	
158	7.9432823472e+06	1.8507223371e+01	
159	8.9125093813e+06	1.7551146033e+01	
160	1.0000000000e+07	1.6603936868e+01	
m_psrr_1hz_db = 1.1800319007e+02
m_psrr_1khz_db = 9.9740199460e+01
m_psrr_10hz_db = 1.1797749097e+02
m_psrr_100hz_db = 1.1580488786e+02
m_psrr_10khz_db = 7.9347459368e+01
m_psrr_100khz_db = 5.1325853930e+01
m_psrr_1mhz_db = 3.2197084406e+01
m_vref_op = 1.2357300044e+00
m_f_dc_hz = 1.0000000000e+00
m_f_band_edge_hz = 1.0000000000e+03
Note: Simulation executed from .control section 

Warning: m=xx on .subckt line will override multiplier m hierarchy!

Warning : IC on non-existent node - xdut.xx1.casc, ignored
   Please check line .ic v(xdut.fb)=1.0 v(xdut.sns1)=0.6 v(xdut.sns2)=0.6 v(vref)=1.2 v(xdut.ibias)=0.6 v(xdut.xx1.casc)=1.8

Note: Starting dynamic gmin stepping
Note: Dynamic gmin stepping completed
Note: Starting dynamic gmin stepping
Note: Dynamic gmin stepping completed
