
Note: Compatibility modes selected: hs a


Circuit: * psrr-dc @ ff_125c_3.30v -- generated by sim/harness, do not edit

Doing analysis at TEMP = 125.000000 and TNOM = 27.000000

Using SPARSE 1.3 as Direct Linear Solver
 Reference value :  0.00000e+00
No. of Data Rows : 1
Doing analysis at TEMP = 125.000000 and TNOM = 27.000000

Using SPARSE 1.3 as Direct Linear Solver

No. of Data Rows : 161
       * psrr-dc @ ff_125c_3.30v -- generated by sim/harness, do not edit
       AC Analysis  Sat Aug  1 13:26:18  2026
--------------------------------------------------------------------------------
Index   frequency       psrr_db         
--------------------------------------------------------------------------------
0	1.0000000000e-01	1.0720475353e+02	
1	1.1220184543e-01	1.0720475352e+02	
2	1.2589254118e-01	1.0720475351e+02	
3	1.4125375446e-01	1.0720475350e+02	
4	1.5848931925e-01	1.0720475348e+02	
5	1.7782794100e-01	1.0720475345e+02	
6	1.9952623150e-01	1.0720475341e+02	
7	2.2387211386e-01	1.0720475339e+02	
8	2.5118864315e-01	1.0720475333e+02	
9	2.8183829313e-01	1.0720475327e+02	
10	3.1622776602e-01	1.0720475320e+02	
11	3.5481338923e-01	1.0720475310e+02	
12	3.9810717055e-01	1.0720475297e+02	
13	4.4668359215e-01	1.0720475283e+02	
14	5.0118723363e-01	1.0720475262e+02	
15	5.6234132519e-01	1.0720475238e+02	
16	6.3095734448e-01	1.0720475208e+02	
17	7.0794578438e-01	1.0720475170e+02	
18	7.9432823472e-01	1.0720475121e+02	
19	8.9125093813e-01	1.0720475059e+02	
20	1.0000000000e+00	1.0720474981e+02	
21	1.1220184543e+00	1.0720474884e+02	
22	1.2589254118e+00	1.0720474763e+02	
23	1.4125375446e+00	1.0720474609e+02	
24	1.5848931925e+00	1.0720474415e+02	
25	1.7782794100e+00	1.0720474171e+02	
26	1.9952623150e+00	1.0720473865e+02	
27	2.2387211386e+00	1.0720473477e+02	
28	2.5118864315e+00	1.0720472991e+02	
29	2.8183829313e+00	1.0720472377e+02	
30	3.1622776602e+00	1.0720471607e+02	
31	3.5481338923e+00	1.0720470635e+02	
32	3.9810717055e+00	1.0720469412e+02	
33	4.4668359215e+00	1.0720467873e+02	
34	5.0118723363e+00	1.0720465936e+02	
35	5.6234132519e+00	1.0720463496e+02	
36	6.3095734448e+00	1.0720460424e+02	
37	7.0794578438e+00	1.0720456558e+02	
38	7.9432823472e+00	1.0720451690e+02	
39	8.9125093813e+00	1.0720445562e+02	
40	1.0000000000e+01	1.0720437847e+02	
41	1.1220184543e+01	1.0720428135e+02	
42	1.2589254118e+01	1.0720415908e+02	
43	1.4125375446e+01	1.0720400516e+02	
44	1.5848931925e+01	1.0720381135e+02	
45	1.7782794100e+01	1.0720356741e+02	
46	1.9952623150e+01	1.0720326029e+02	
47	2.2387211386e+01	1.0719988339e+02	
48	2.5118864315e+01	1.0719939720e+02	
49	2.8183829313e+01	1.0719878515e+02	
50	3.1622776602e+01	1.0719801465e+02	
51	3.5481338923e+01	1.0719405862e+02	
52	3.9810717055e+01	1.0719283894e+02	
53	4.4668359215e+01	1.0718832159e+02	
54	5.0118723363e+01	1.0718639101e+02	

Index   frequency       psrr_db         
--------------------------------------------------------------------------------
55	5.6234132519e+01	1.0718098470e+02	
56	6.3095734448e+01	1.0717198672e+02	
57	7.0794578438e+01	1.0716518378e+02	
58	7.9432823472e+01	1.0715444192e+02	
59	8.9125093813e+01	1.0714248334e+02	
60	1.0000000000e+02	1.0712605817e+02	
61	1.1220184543e+02	1.0710481546e+02	
62	1.2589254118e+02	1.0707832310e+02	
63	1.4125375446e+02	1.0704893280e+02	
64	1.5848931925e+02	1.0700733722e+02	
65	1.7782794100e+02	1.0695855673e+02	
66	1.9952623150e+02	1.0689604928e+02	
67	2.2387211386e+02	1.0681890719e+02	
68	2.5118864315e+02	1.0672338731e+02	
69	2.8183829313e+02	1.0660973778e+02	
70	3.1622776602e+02	1.0646905887e+02	
71	3.5481338923e+02	1.0629700167e+02	
72	3.9810717055e+02	1.0608868053e+02	
73	4.4668359215e+02	1.0584023095e+02	
74	5.0118723363e+02	1.0554794402e+02	
75	5.6234132519e+02	1.0521059085e+02	
76	6.3095734448e+02	1.0481623535e+02	
77	7.0794578438e+02	1.0435722467e+02	
78	7.9432823472e+02	1.0384828115e+02	
79	8.9125093813e+02	1.0327358172e+02	
80	1.0000000000e+03	1.0265382888e+02	
81	1.1220184543e+03	1.0197693298e+02	
82	1.2589254118e+03	1.0125533890e+02	
83	1.4125375446e+03	1.0048726913e+02	
84	1.5848931925e+03	9.9677654219e+01	
85	1.7782794100e+03	9.8838134181e+01	
86	1.9952623150e+03	9.7967194873e+01	
87	2.2387211386e+03	9.7071843850e+01	
88	2.5118864315e+03	9.6154086615e+01	
89	2.8183829313e+03	9.5218268025e+01	
90	3.1622776602e+03	9.4266662299e+01	
91	3.5481338923e+03	9.3302535159e+01	
92	3.9810717055e+03	9.2326199460e+01	
93	4.4668359215e+03	9.1339015977e+01	
94	5.0118723363e+03	9.0341733761e+01	
95	5.6234132519e+03	8.9334504135e+01	
96	6.3095734448e+03	8.8316922130e+01	
97	7.0794578438e+03	8.7288460014e+01	
98	7.9432823472e+03	8.6247404860e+01	
99	8.9125093813e+03	8.5192687191e+01	
100	1.0000000000e+04	8.4121945296e+01	
101	1.1220184543e+04	8.3032727510e+01	
102	1.2589254118e+04	8.1921700981e+01	
103	1.4125375446e+04	8.0785546064e+01	
104	1.5848931925e+04	7.9620266097e+01	
105	1.7782794100e+04	7.8422021048e+01	
106	1.9952623150e+04	7.7186243525e+01	
107	2.2387211386e+04	7.5909587552e+01	
108	2.5118864315e+04	7.4588096361e+01	
109	2.8183829313e+04	7.3218680404e+01	
110	3.1622776602e+04	7.1799664627e+01	
111	3.5481338923e+04	7.0330180202e+01	
112	3.9810717055e+04	6.8811088763e+01	

Index   frequency       psrr_db         
--------------------------------------------------------------------------------
113	4.4668359215e+04	6.7244961281e+01	
114	5.0118723363e+04	6.5635609561e+01	
115	5.6234132519e+04	6.3988633229e+01	
116	6.3095734448e+04	6.2310478153e+01	
117	7.0794578438e+04	6.0608974335e+01	
118	7.9432823472e+04	5.8892417610e+01	
119	8.9125093813e+04	5.7169590290e+01	
120	1.0000000000e+05	5.5449418379e+01	
121	1.1220184543e+05	5.3741043894e+01	
122	1.2589254118e+05	5.2053214912e+01	
123	1.4125375446e+05	5.0394279101e+01	
124	1.5848931925e+05	4.8771940860e+01	
125	1.7782794100e+05	4.7192745230e+01	
126	1.9952623150e+05	4.5662145407e+01	
127	2.2387211386e+05	4.4184079219e+01	
128	2.5118864315e+05	4.2761129447e+01	
129	2.8183829313e+05	4.1394628118e+01	
130	3.1622776602e+05	4.0085161730e+01	
131	3.5481338923e+05	3.8833307136e+01	
132	3.9810717055e+05	3.7640805182e+01	
133	4.4668359215e+05	3.6512099059e+01	
134	5.0118723363e+05	3.5456458363e+01	
135	5.6234132519e+05	3.4490668529e+01	
136	6.3095734448e+05	3.3641879094e+01	
137	7.0794578438e+05	3.2949292593e+01	
138	7.9432823472e+05	3.2461538665e+01	
139	8.9125093813e+05	3.2225488437e+01	
140	1.0000000000e+06	3.2264618048e+01	
141	1.1220184543e+06	3.2552875146e+01	
142	1.2589254118e+06	3.2996567784e+01	
143	1.4125375446e+06	3.3435548626e+01	
144	1.5848931925e+06	3.3675241918e+01	
145	1.7782794100e+06	3.3559104214e+01	
146	1.9952623150e+06	3.3045818770e+01	
147	2.2387211386e+06	3.2212192097e+01	
148	2.5118864315e+06	3.1180908645e+01	
149	2.8183829313e+06	3.0055919396e+01	
150	3.1622776602e+06	2.8903454266e+01	
151	3.5481338923e+06	2.7759153574e+01	
152	3.9810717055e+06	2.6639604102e+01	
153	4.4668359215e+06	2.5550700702e+01	
154	5.0118723363e+06	2.4492518995e+01	
155	5.6234132519e+06	2.3461997252e+01	
156	6.3095734448e+06	2.2454501368e+01	
157	7.0794578438e+06	2.1464877764e+01	
158	7.9432823472e+06	2.0488258366e+01	
159	8.9125093813e+06	1.9520692025e+01	
160	1.0000000000e+07	1.8559591204e+01	
m_psrr_1hz_db = 1.0720474981e+02
m_psrr_1khz_db = 1.0265382888e+02
m_psrr_10hz_db = 1.0720437847e+02
m_psrr_100hz_db = 1.0712605817e+02
m_psrr_10khz_db = 8.4121945296e+01
m_psrr_100khz_db = 5.5449418379e+01
m_psrr_1mhz_db = 3.2264618048e+01
m_vref_op = 1.2475488308e+00
m_f_dc_hz = 1.0000000000e+00
m_f_band_edge_hz = 1.0000000000e+03
Note: Simulation executed from .control section 

Warning: m=xx on .subckt line will override multiplier m hierarchy!

Warning : IC on non-existent node - xdut.xx1.casc, ignored
   Please check line .ic v(xdut.fb)=1.0 v(xdut.sns1)=0.6 v(xdut.sns2)=0.6 v(vref)=1.2 v(xdut.ibias)=0.6 v(xdut.xx1.casc)=1.8

Note: Starting dynamic gmin stepping
Note: Dynamic gmin stepping completed
Note: Starting dynamic gmin stepping
Note: Dynamic gmin stepping completed
