
Note: Compatibility modes selected: hs a


Circuit: * psrr-dc @ ff_125c_2.97v -- generated by sim/harness, do not edit

Doing analysis at TEMP = 125.000000 and TNOM = 27.000000

Using SPARSE 1.3 as Direct Linear Solver
 Reference value :  0.00000e+00
No. of Data Rows : 1
Doing analysis at TEMP = 125.000000 and TNOM = 27.000000

Using SPARSE 1.3 as Direct Linear Solver

No. of Data Rows : 161
       * psrr-dc @ ff_125c_2.97v -- generated by sim/harness, do not edit
       AC Analysis  Sat Aug  1 13:26:14  2026
--------------------------------------------------------------------------------
Index   frequency       psrr_db         
--------------------------------------------------------------------------------
0	1.0000000000e-01	1.0546651104e+02	
1	1.1220184543e-01	1.0546651104e+02	
2	1.2589254118e-01	1.0546651102e+02	
3	1.4125375446e-01	1.0546651102e+02	
4	1.5848931925e-01	1.0546651100e+02	
5	1.7782794100e-01	1.0546651098e+02	
6	1.9952623150e-01	1.0546651096e+02	
7	2.2387211386e-01	1.0546651094e+02	
8	2.5118864315e-01	1.0546651090e+02	
9	2.8183829313e-01	1.0546651086e+02	
10	3.1622776602e-01	1.0546651080e+02	
11	3.5481338923e-01	1.0546651073e+02	
12	3.9810717055e-01	1.0546651065e+02	
13	4.4668359215e-01	1.0546651054e+02	
14	5.0118723363e-01	1.0546651038e+02	
15	5.6234132519e-01	1.0546651022e+02	
16	6.3095734448e-01	1.0546650999e+02	
17	7.0794578438e-01	1.0546650970e+02	
18	7.9432823472e-01	1.0546650935e+02	
19	8.9125093813e-01	1.0546650892e+02	
20	1.0000000000e+00	1.0546650834e+02	
21	1.1220184543e+00	1.0546650764e+02	
22	1.2589254118e+00	1.0546650676e+02	
23	1.4125375446e+00	1.0546650563e+02	
24	1.5848931925e+00	1.0546650422e+02	
25	1.7782794100e+00	1.0546650246e+02	
26	1.9952623150e+00	1.0546650022e+02	
27	2.2387211386e+00	1.0546649742e+02	
28	2.5118864315e+00	1.0546649388e+02	
29	2.8183829313e+00	1.0546648943e+02	
30	3.1622776602e+00	1.0546648382e+02	
31	3.5481338923e+00	1.0546647676e+02	
32	3.9810717055e+00	1.0546646788e+02	
33	4.4668359215e+00	1.0546645670e+02	
34	5.0118723363e+00	1.0546644263e+02	
35	5.6234132519e+00	1.0546642490e+02	
36	6.3095734448e+00	1.0546640258e+02	
37	7.0794578438e+00	1.0546637450e+02	
38	7.9432823472e+00	1.0546633913e+02	
39	8.9125093813e+00	1.0546629460e+02	
40	1.0000000000e+01	1.0546623855e+02	
41	1.1220184543e+01	1.0546616799e+02	
42	1.2589254118e+01	1.0546607916e+02	
43	1.4125375446e+01	1.0546596733e+02	
44	1.5848931925e+01	1.0546582653e+02	
45	1.7782794100e+01	1.0546564930e+02	
46	1.9952623150e+01	1.0546542615e+02	
47	2.2387211386e+01	1.0546514525e+02	
48	2.5118864315e+01	1.0546234352e+02	
49	2.8183829313e+01	1.0546189872e+02	
50	3.1622776602e+01	1.0546133877e+02	
51	3.5481338923e+01	1.0545818809e+02	
52	3.9810717055e+01	1.0545730148e+02	
53	4.4668359215e+01	1.0545374215e+02	
54	5.0118723363e+01	1.0545233834e+02	

Index   frequency       psrr_db         
--------------------------------------------------------------------------------
55	5.6234132519e+01	1.0544813161e+02	
56	6.3095734448e+01	1.0544347222e+02	
57	7.0794578438e+01	1.0543094737e+02	
58	7.9432823472e+01	1.0542744136e+02	
59	8.9125093813e+01	1.0541818226e+02	
60	1.0000000000e+02	1.0540538910e+02	
61	1.1220184543e+02	1.0538879984e+02	
62	1.2589254118e+02	1.0537048471e+02	
63	1.4125375446e+02	1.0534523971e+02	
64	1.5848931925e+02	1.0531261037e+02	
65	1.7782794100e+02	1.0527438605e+02	
66	1.9952623150e+02	1.0522518685e+02	
67	2.2387211386e+02	1.0516427474e+02	
68	2.5118864315e+02	1.0509076632e+02	
69	2.8183829313e+02	1.0499811429e+02	
70	3.1622776602e+02	1.0488545885e+02	
71	3.5481338923e+02	1.0474664566e+02	
72	3.9810717055e+02	1.0458110031e+02	
73	4.4668359215e+02	1.0437302993e+02	
74	5.0118723363e+02	1.0413216785e+02	
75	5.6234132519e+02	1.0384885725e+02	
76	6.3095734448e+02	1.0351162062e+02	
77	7.0794578438e+02	1.0311927982e+02	
78	7.9432823472e+02	1.0266940112e+02	
79	8.9125093813e+02	1.0215825130e+02	
80	1.0000000000e+03	1.0160159782e+02	
81	1.1220184543e+03	1.0098588088e+02	
82	1.2589254118e+03	1.0031509433e+02	
83	1.4125375446e+03	9.9594709878e+01	
84	1.5848931925e+03	9.8828448854e+01	
85	1.7782794100e+03	9.8026483320e+01	
86	1.9952623150e+03	9.7186468097e+01	
87	2.2387211386e+03	9.6318698355e+01	
88	2.5118864315e+03	9.5423862504e+01	
89	2.8183829313e+03	9.4507660125e+01	
90	3.1622776602e+03	9.3571996544e+01	
91	3.5481338923e+03	9.2621323334e+01	
92	3.9810717055e+03	9.1656154058e+01	
93	4.4668359215e+03	9.0678403417e+01	
94	5.0118723363e+03	8.9689387736e+01	
95	5.6234132519e+03	8.8689461051e+01	
96	6.3095734448e+03	8.7678592805e+01	
97	7.0794578438e+03	8.6656544569e+01	
98	7.9432823472e+03	8.5622095691e+01	
99	8.9125093813e+03	8.4574192128e+01	
100	1.0000000000e+04	8.3510579112e+01	
101	1.1220184543e+04	8.2429154586e+01	
102	1.2589254118e+04	8.1327019217e+01	
103	1.4125375446e+04	8.0200481646e+01	
104	1.5848931925e+04	7.9046000552e+01	
105	1.7782794100e+04	7.7859627736e+01	
106	1.9952623150e+04	7.6637336993e+01	
107	2.2387211386e+04	7.5374304864e+01	
108	2.5118864315e+04	7.4067285979e+01	
109	2.8183829313e+04	7.2713012644e+01	
110	3.1622776602e+04	7.1309195858e+01	
111	3.5481338923e+04	6.9854639330e+01	
112	3.9810717055e+04	6.8350181599e+01	

Index   frequency       psrr_db         
--------------------------------------------------------------------------------
113	4.4668359215e+04	6.6797732638e+01	
114	5.0118723363e+04	6.5201003671e+01	
115	5.6234132519e+04	6.3565383947e+01	
116	6.3095734448e+04	6.1897243594e+01	
117	7.0794578438e+04	6.0204534938e+01	
118	7.9432823472e+04	5.8495485162e+01	
119	8.9125093813e+04	5.6778968999e+01	
120	1.0000000000e+05	5.5064000503e+01	
121	1.1220184543e+05	5.3359868239e+01	
122	1.2589254118e+05	5.1675411601e+01	
123	1.4125375446e+05	5.0019116504e+01	
124	1.5848931925e+05	4.8398745751e+01	
125	1.7782794100e+05	4.6820959009e+01	
126	1.9952623150e+05	4.5291269211e+01	
127	2.2387211386e+05	4.3813671990e+01	
128	2.5118864315e+05	4.2390801534e+01	
129	2.8183829313e+05	4.1024003560e+01	
130	3.1622776602e+05	3.9713895142e+01	
131	3.5481338923e+05	3.8461064806e+01	
132	3.9810717055e+05	3.7267262747e+01	
133	4.4668359215e+05	3.6136951624e+01	
134	5.0118723363e+05	3.5079428027e+01	
135	5.6234132519e+05	3.4111525285e+01	
136	6.3095734448e+05	3.3260482112e+01	
137	7.0794578438e+05	3.2565630152e+01	
138	7.9432823472e+05	3.2075772559e+01	
139	8.9125093813e+05	3.1837999391e+01	
140	1.0000000000e+06	3.1876075162e+01	
141	1.1220184543e+06	3.2164441885e+01	
142	1.2589254118e+06	3.2610301555e+01	
143	1.4125375446e+06	3.3054726016e+01	
144	1.5848931925e+06	3.3303780037e+01	
145	1.7782794100e+06	3.3199567733e+01	
146	1.9952623150e+06	3.2697634444e+01	
147	2.2387211386e+06	3.1872269662e+01	
148	2.5118864315e+06	3.0845679193e+01	
149	2.8183829313e+06	2.9722618222e+01	
150	3.1622776602e+06	2.8570323992e+01	
151	3.5481338923e+06	2.7425204370e+01	
152	3.9810717055e+06	2.6304350143e+01	
153	4.4668359215e+06	2.5213983347e+01	
154	5.0118723363e+06	2.4154408448e+01	
155	5.6234132519e+06	2.3122744051e+01	
156	6.3095734448e+06	2.2114511526e+01	
157	7.0794578438e+06	2.1124697138e+01	
158	7.9432823472e+06	2.0148557463e+01	
159	8.9125093813e+06	1.9182246250e+01	
160	1.0000000000e+07	1.8223255974e+01	
m_psrr_1hz_db = 1.0546650834e+02
m_psrr_1khz_db = 1.0160159782e+02
m_psrr_10hz_db = 1.0546623855e+02
m_psrr_100hz_db = 1.0540538910e+02
m_psrr_10khz_db = 8.3510579112e+01
m_psrr_100khz_db = 5.5064000503e+01
m_psrr_1mhz_db = 3.1876075162e+01
m_vref_op = 1.2475472093e+00
m_f_dc_hz = 1.0000000000e+00
m_f_band_edge_hz = 1.0000000000e+03
Note: Simulation executed from .control section 

Warning: m=xx on .subckt line will override multiplier m hierarchy!

Warning : IC on non-existent node - xdut.xx1.casc, ignored
   Please check line .ic v(xdut.fb)=1.0 v(xdut.sns1)=0.6 v(xdut.sns2)=0.6 v(vref)=1.2 v(xdut.ibias)=0.6 v(xdut.xx1.casc)=1.8

Note: Starting dynamic gmin stepping
Note: Dynamic gmin stepping completed
Note: Starting dynamic gmin stepping
Note: Dynamic gmin stepping completed
