
Note: Compatibility modes selected: hs a


Circuit: * psrr-dc @ ff_27c_3.63v -- generated by sim/harness, do not edit

Doing analysis at TEMP = 27.000000 and TNOM = 27.000000

Using SPARSE 1.3 as Direct Linear Solver
 Reference value :  0.00000e+00
No. of Data Rows : 1
Doing analysis at TEMP = 27.000000 and TNOM = 27.000000

Using SPARSE 1.3 as Direct Linear Solver

No. of Data Rows : 161
       * psrr-dc @ ff_27c_3.63v -- generated by sim/harness, do not edit
       AC Analysis  Sat Aug  1 13:26:17  2026
--------------------------------------------------------------------------------
Index   frequency       psrr_db         
--------------------------------------------------------------------------------
0	1.0000000000e-01	1.0003773322e+02	
1	1.1220184543e-01	1.0003773322e+02	
2	1.2589254118e-01	1.0003773320e+02	
3	1.4125375446e-01	1.0003773319e+02	
4	1.5848931925e-01	1.0003773318e+02	
5	1.7782794100e-01	1.0003773315e+02	
6	1.9952623150e-01	1.0003773313e+02	
7	2.2387211386e-01	1.0003773310e+02	
8	2.5118864315e-01	1.0003773306e+02	
9	2.8183829313e-01	1.0003773301e+02	
10	3.1622776602e-01	1.0003773294e+02	
11	3.5481338923e-01	1.0003773286e+02	
12	3.9810717055e-01	1.0003773276e+02	
13	4.4668359215e-01	1.0003773263e+02	
14	5.0118723363e-01	1.0003773247e+02	
15	5.6234132519e-01	1.0003773226e+02	
16	6.3095734448e-01	1.0003773201e+02	
17	7.0794578438e-01	1.0003773168e+02	
18	7.9432823472e-01	1.0003773128e+02	
19	8.9125093813e-01	1.0003773077e+02	
20	1.0000000000e+00	1.0003773013e+02	
21	1.1220184543e+00	1.0003772932e+02	
22	1.2589254118e+00	1.0003772830e+02	
23	1.4125375446e+00	1.0003772701e+02	
24	1.5848931925e+00	1.0003772540e+02	
25	1.7782794100e+00	1.0003772336e+02	
26	1.9952623150e+00	1.0003772080e+02	
27	2.2387211386e+00	1.0003894079e+02	
28	2.5118864315e+00	1.0003893673e+02	
29	2.8183829313e+00	1.0003893163e+02	
30	3.1622776602e+00	1.0003892519e+02	
31	3.5481338923e+00	1.0003891708e+02	
32	3.9810717055e+00	1.0003890688e+02	
33	4.4668359215e+00	1.0003889405e+02	
34	5.0118723363e+00	1.0003887787e+02	
35	5.6234132519e+00	1.0003885752e+02	
36	6.3095734448e+00	1.0003883190e+02	
37	7.0794578438e+00	1.0003879965e+02	
38	7.9432823472e+00	1.0003875904e+02	
39	8.9125093813e+00	1.0003870792e+02	
40	1.0000000000e+01	1.0003864357e+02	
41	1.1220184543e+01	1.0003856255e+02	
42	1.2589254118e+01	1.0003846056e+02	
43	1.4125375446e+01	1.0003833217e+02	
44	1.5848931925e+01	1.0003817053e+02	
45	1.7782794100e+01	1.0003796705e+02	
46	1.9952623150e+01	1.0003771089e+02	
47	2.2387211386e+01	1.0003738842e+02	
48	2.5118864315e+01	1.0003698249e+02	
49	2.8183829313e+01	1.0003769440e+02	
50	3.1622776602e+01	1.0003705104e+02	
51	3.5481338923e+01	1.0003624122e+02	
52	3.9810717055e+01	1.0003644445e+02	
53	4.4668359215e+01	1.0003516122e+02	
54	5.0118723363e+01	1.0003476833e+02	

Index   frequency       psrr_db         
--------------------------------------------------------------------------------
55	5.6234132519e+01	1.0003395733e+02	
56	6.3095734448e+01	1.0003262024e+02	
57	7.0794578438e+01	1.0003062131e+02	
58	7.9432823472e+01	1.0002901065e+02	
59	8.9125093813e+01	1.0002635198e+02	
60	1.0000000000e+02	1.0002359503e+02	
61	1.1220184543e+02	1.0001918045e+02	
62	1.2589254118e+02	1.0001511753e+02	
63	1.4125375446e+02	1.0000843457e+02	
64	1.5848931925e+02	1.0000089133e+02	
65	1.7782794100e+02	9.9991640517e+01	
66	1.9952623150e+02	9.9979623438e+01	
67	2.2387211386e+02	9.9964724492e+01	
68	2.5118864315e+02	9.9944691689e+01	
69	2.8183829313e+02	9.9919872702e+01	
70	3.1622776602e+02	9.9891861013e+01	
71	3.5481338923e+02	9.9855078107e+01	
72	3.9810717055e+02	9.9809135483e+01	
73	4.4668359215e+02	9.9752100498e+01	
74	5.0118723363e+02	9.9678096975e+01	
75	5.6234132519e+02	9.9590170642e+01	
76	6.3095734448e+02	9.9479605075e+01	
77	7.0794578438e+02	9.9346940188e+01	
78	7.9432823472e+02	9.9183572936e+01	
79	8.9125093813e+02	9.8992389810e+01	
80	1.0000000000e+03	9.8759008252e+01	
81	1.1220184543e+03	9.8478654473e+01	
82	1.2589254118e+03	9.8149627205e+01	
83	1.4125375446e+03	9.7769624622e+01	
84	1.5848931925e+03	9.7335367056e+01	
85	1.7782794100e+03	9.6841955904e+01	
86	1.9952623150e+03	9.6291452545e+01	
87	2.2387211386e+03	9.5684267182e+01	
88	2.5118864315e+03	9.5022111348e+01	
89	2.8183829313e+03	9.4308675323e+01	
90	3.1622776602e+03	9.3547885793e+01	
91	3.5481338923e+03	9.2745993616e+01	
92	3.9810717055e+03	9.1908472902e+01	
93	4.4668359215e+03	9.1036479986e+01	
94	5.0118723363e+03	9.0135189028e+01	
95	5.6234132519e+03	8.9209337249e+01	
96	6.3095734448e+03	8.8259957478e+01	
97	7.0794578438e+03	8.7289885298e+01	
98	7.9432823472e+03	8.6299651662e+01	
99	8.9125093813e+03	8.5290367106e+01	
100	1.0000000000e+04	8.4261468188e+01	
101	1.1220184543e+04	8.3212461150e+01	
102	1.2589254118e+04	8.2141938666e+01	
103	1.4125375446e+04	8.1047266805e+01	
104	1.5848931925e+04	7.9926285277e+01	
105	1.7782794100e+04	7.8775637240e+01	
106	1.9952623150e+04	7.7591636015e+01	
107	2.2387211386e+04	7.6371325042e+01	
108	2.5118864315e+04	7.5110310575e+01	
109	2.8183829313e+04	7.3805413785e+01	
110	3.1622776602e+04	7.2453854136e+01	
111	3.5481338923e+04	7.1052933804e+01	
112	3.9810717055e+04	6.9601846006e+01	

Index   frequency       psrr_db         
--------------------------------------------------------------------------------
113	4.4668359215e+04	6.8100780189e+01	
114	5.0118723363e+04	6.6551417029e+01	
115	5.6234132519e+04	6.4957187096e+01	
116	6.3095734448e+04	6.3323157516e+01	
117	7.0794578438e+04	6.1655512714e+01	
118	7.9432823472e+04	5.9961475129e+01	
119	8.9125093813e+04	5.8249283898e+01	
120	1.0000000000e+05	5.6527499496e+01	
121	1.1220184543e+05	5.4805187430e+01	
122	1.2589254118e+05	5.3091396695e+01	
123	1.4125375446e+05	5.1395134329e+01	
124	1.5848931925e+05	4.9725056213e+01	
125	1.7782794100e+05	4.8089182453e+01	
126	1.9952623150e+05	4.6494781786e+01	
127	2.2387211386e+05	4.4947945891e+01	
128	2.5118864315e+05	4.3453601815e+01	
129	2.8183829313e+05	4.2015335298e+01	
130	3.1622776602e+05	4.0635701709e+01	
131	3.5481338923e+05	3.9316710201e+01	
132	3.9810717055e+05	3.8060736403e+01	
133	4.4668359215e+05	3.6871939135e+01	
134	5.0118723363e+05	3.5758268665e+01	
135	5.6234132519e+05	3.4734168059e+01	
136	6.3095734448e+05	3.3823750934e+01	
137	7.0794578438e+05	3.3063444140e+01	
138	7.9432823472e+05	3.2501482292e+01	
139	8.9125093813e+05	3.2189852527e+01	
140	1.0000000000e+06	3.2165350027e+01	
141	1.1220184543e+06	3.2423181823e+01	
142	1.2589254118e+06	3.2894630970e+01	
143	1.4125375446e+06	3.3439601682e+01	
144	1.5848931925e+06	3.3861995705e+01	
145	1.7782794100e+06	3.3964423451e+01	
146	1.9952623150e+06	3.3639721207e+01	
147	2.2387211386e+06	3.2922525274e+01	
148	2.5118864315e+06	3.1937747712e+01	
149	2.8183829313e+06	3.0813244591e+01	
150	3.1622776602e+06	2.9637621894e+01	
151	3.5481338923e+06	2.8460778083e+01	
152	3.9810717055e+06	2.7307124754e+01	
153	4.4668359215e+06	2.6186661756e+01	
154	5.0118723363e+06	2.5101581181e+01	
155	5.6234132519e+06	2.4049772330e+01	
156	6.3095734448e+06	2.3026720077e+01	
157	7.0794578438e+06	2.2026719042e+01	
158	7.9432823472e+06	2.1043831914e+01	
159	8.9125093813e+06	2.0072716805e+01	
160	1.0000000000e+07	1.9109300246e+01	
m_psrr_1hz_db = 1.0003773013e+02
m_psrr_1khz_db = 9.8759008252e+01
m_psrr_10hz_db = 1.0003864357e+02
m_psrr_100hz_db = 1.0002359503e+02
m_psrr_10khz_db = 8.4261468188e+01
m_psrr_100khz_db = 5.6527499496e+01
m_psrr_1mhz_db = 3.2165350027e+01
m_vref_op = 1.2362605817e+00
m_f_dc_hz = 1.0000000000e+00
m_f_band_edge_hz = 1.0000000000e+03
Note: Simulation executed from .control section 

Warning: m=xx on .subckt line will override multiplier m hierarchy!

Warning : IC on non-existent node - xdut.xx1.casc, ignored
   Please check line .ic v(xdut.fb)=1.0 v(xdut.sns1)=0.6 v(xdut.sns2)=0.6 v(vref)=1.2 v(xdut.ibias)=0.6 v(xdut.xx1.casc)=1.8

Note: Starting dynamic gmin stepping
Note: Dynamic gmin stepping completed
Note: Starting dynamic gmin stepping
Note: Dynamic gmin stepping completed
