
Note: Compatibility modes selected: hs a


Circuit: * psrr-dc @ bjt_ss_-40c_3.63v -- generated by sim/harness, do not edit

Doing analysis at TEMP = -40.000000 and TNOM = 27.000000

Using SPARSE 1.3 as Direct Linear Solver
 Reference value :  0.00000e+00
No. of Data Rows : 1
Doing analysis at TEMP = -40.000000 and TNOM = 27.000000

Using SPARSE 1.3 as Direct Linear Solver
 Reference value :  1.00000e-01
No. of Data Rows : 161
     * psrr-dc @ bjt_ss_-40c_3.63v -- generated by sim/harness, do not edit
     AC Analysis  Sat Aug  1 07:33:43  2026
--------------------------------------------------------------------------------
Index   frequency       psrr_db         
--------------------------------------------------------------------------------
0	1.0000000000e-01	9.4638250550e+01	
1	1.1220184543e-01	9.4638250546e+01	
2	1.2589254118e-01	9.4638250540e+01	
3	1.4125375446e-01	9.4638250537e+01	
4	1.5848931925e-01	9.4638250522e+01	
5	1.7782794100e-01	9.4638250510e+01	
6	1.9952623150e-01	9.4638250494e+01	
7	2.2387211386e-01	9.4638250477e+01	
8	2.5118864315e-01	9.4638250451e+01	
9	2.8183829313e-01	9.4638250422e+01	
10	3.1622776602e-01	9.4638250385e+01	
11	3.5481338923e-01	9.4638250337e+01	
12	3.9810717055e-01	9.4638250278e+01	
13	4.4668359215e-01	9.4638250202e+01	
14	5.0118723363e-01	9.4638250104e+01	
15	5.6234132519e-01	9.4638249985e+01	
16	6.3095734448e-01	9.4638249832e+01	
17	7.0794578438e-01	9.4638249642e+01	
18	7.9432823472e-01	9.4638249401e+01	
19	8.9125093813e-01	9.4638249099e+01	
20	1.0000000000e+00	9.4638248719e+01	
21	1.1220184543e+00	9.4638248238e+01	
22	1.2589254118e+00	9.4638247632e+01	
23	1.4125375446e+00	9.4638246873e+01	
24	1.5848931925e+00	9.4638245915e+01	
25	1.7782794100e+00	9.4638244711e+01	
26	1.9952623150e+00	9.4638243194e+01	
27	2.2387211386e+00	9.4638241281e+01	
28	2.5118864315e+00	9.4638238880e+01	
29	2.8183829313e+00	9.4638235853e+01	
30	3.1622776602e+00	9.4638232042e+01	
31	3.5481338923e+00	9.4638227243e+01	
32	3.9810717055e+00	9.4638221206e+01	
33	4.4668359215e+00	9.4638213597e+01	
34	5.0118723363e+00	9.4638204032e+01	
35	5.6234132519e+00	9.4638191977e+01	
36	6.3095734448e+00	9.4638176810e+01	
37	7.0794578438e+00	9.4638157711e+01	
38	7.9432823472e+00	9.4638133667e+01	
39	8.9125093813e+00	9.4638103401e+01	
40	1.0000000000e+01	9.4638065294e+01	
41	1.1220184543e+01	9.4638017322e+01	
42	1.2589254118e+01	9.4637956930e+01	
43	1.4125375446e+01	9.4637880902e+01	
44	1.5848931925e+01	9.4637785193e+01	
45	1.7782794100e+01	9.4637664698e+01	
46	1.9952623150e+01	9.4638313964e+01	
47	2.2387211386e+01	9.4638122983e+01	
48	2.5118864315e+01	9.4637882560e+01	
49	2.8183829313e+01	9.4637579904e+01	
50	3.1622776602e+01	9.4637198908e+01	
51	3.5481338923e+01	9.4637520124e+01	
52	3.9810717055e+01	9.4636916313e+01	
53	4.4668359215e+01	9.4636956984e+01	
54	5.0118723363e+01	9.4636000163e+01	

Index   frequency       psrr_db         
--------------------------------------------------------------------------------
55	5.6234132519e+01	9.4635596362e+01	
56	6.3095734448e+01	9.4634880803e+01	
57	7.0794578438e+01	9.4634573234e+01	
58	7.9432823472e+01	9.4632971470e+01	
59	8.9125093813e+01	9.4632348421e+01	
60	1.0000000000e+02	9.4630143237e+01	
61	1.1220184543e+02	9.4628553208e+01	
62	1.2589254118e+02	9.4625724868e+01	
63	1.4125375446e+02	9.4622936582e+01	
64	1.5848931925e+02	9.4618987302e+01	
65	1.7782794100e+02	9.4614169942e+01	
66	1.9952623150e+02	9.4607849919e+01	
67	2.2387211386e+02	9.4599629813e+01	
68	2.5118864315e+02	9.4590099355e+01	
69	2.8183829313e+02	9.4577608389e+01	
70	3.1622776602e+02	9.4561384935e+01	
71	3.5481338923e+02	9.4541837091e+01	
72	3.9810717055e+02	9.4516912235e+01	
73	4.4668359215e+02	9.4484366556e+01	
74	5.0118723363e+02	9.4445866632e+01	
75	5.6234132519e+02	9.4397116353e+01	
76	6.3095734448e+02	9.4336955273e+01	
77	7.0794578438e+02	9.4267286216e+01	
78	7.9432823472e+02	9.4175026222e+01	
79	8.9125093813e+02	9.4061974565e+01	
80	1.0000000000e+03	9.3922150460e+01	
81	1.1220184543e+03	9.3752333838e+01	
82	1.2589254118e+03	9.3551461800e+01	
83	1.4125375446e+03	9.3308001966e+01	
84	1.5848931925e+03	9.3022522234e+01	
85	1.7782794100e+03	9.2683184165e+01	
86	1.9952623150e+03	9.2292768914e+01	
87	2.2387211386e+03	9.1845964882e+01	
88	2.5118864315e+03	9.1339349503e+01	
89	2.8183829313e+03	9.0776315431e+01	
90	3.1622776602e+03	9.0153945453e+01	
91	3.5481338923e+03	8.9478295484e+01	
92	3.9810717055e+03	8.8749361466e+01	
93	4.4668359215e+03	8.7974270211e+01	
94	5.0118723363e+03	8.7154596211e+01	
95	5.6234132519e+03	8.6297138210e+01	
96	6.3095734448e+03	8.5403454187e+01	
97	7.0794578438e+03	8.4477518761e+01	
98	7.9432823472e+03	8.3522429706e+01	
99	8.9125093813e+03	8.2538955658e+01	
100	1.0000000000e+04	8.1528188818e+01	
101	1.1220184543e+04	8.0490299162e+01	
102	1.2589254118e+04	7.9424469510e+01	
103	1.4125375446e+04	7.8329595141e+01	
104	1.5848931925e+04	7.7203349995e+01	
105	1.7782794100e+04	7.6043524430e+01	
106	1.9952623150e+04	7.4847358218e+01	
107	2.2387211386e+04	7.3611924689e+01	
108	2.5118864315e+04	7.2333955746e+01	
109	2.8183829313e+04	7.1010881863e+01	
110	3.1622776602e+04	6.9640924967e+01	
111	3.5481338923e+04	6.8222602501e+01	
112	3.9810717055e+04	6.6756333179e+01	

Index   frequency       psrr_db         
--------------------------------------------------------------------------------
113	4.4668359215e+04	6.5243489717e+01	
114	5.0118723363e+04	6.3687464936e+01	
115	5.6234132519e+04	6.2093166437e+01	
116	6.3095734448e+04	6.0466889890e+01	
117	7.0794578438e+04	5.8816378132e+01	
118	7.9432823472e+04	5.7150354525e+01	
119	8.9125093813e+04	5.5477974095e+01	
120	1.0000000000e+05	5.3808993908e+01	
121	1.1220184543e+05	5.2152879141e+01	
122	1.2589254118e+05	5.0519034656e+01	
123	1.4125375446e+05	4.8916019036e+01	
124	1.5848931925e+05	4.7351450207e+01	
125	1.7782794100e+05	4.5831595472e+01	
126	1.9952623150e+05	4.4361183941e+01	
127	2.2387211386e+05	4.2943385733e+01	
128	2.5118864315e+05	4.1579797291e+01	
129	2.8183829313e+05	4.0270815232e+01	
130	3.1622776602e+05	3.9016193717e+01	
131	3.5481338923e+05	3.7815827697e+01	
132	3.9810717055e+05	3.6670908300e+01	
133	4.4668359215e+05	3.5585446374e+01	
134	5.0118723363e+05	3.4568367311e+01	
135	5.6234132519e+05	3.3636214360e+01	
136	6.3095734448e+05	3.2816117370e+01	
137	7.0794578438e+05	3.2147703859e+01	
138	7.9432823472e+05	3.1680702426e+01	
139	8.9125093813e+05	3.1463519863e+01	
140	1.0000000000e+06	3.1520201732e+01	
141	1.1220184543e+06	3.1821499936e+01	
142	1.2589254118e+06	3.2264047608e+01	
143	1.4125375446e+06	3.2672713760e+01	
144	1.5848931925e+06	3.2842573261e+01	
145	1.7782794100e+06	3.2626354327e+01	
146	1.9952623150e+06	3.2010350581e+01	
147	2.2387211386e+06	3.1094774756e+01	
148	2.5118864315e+06	3.0008194419e+01	
149	2.8183829313e+06	2.8849205168e+01	
150	3.1622776602e+06	2.7676689058e+01	
151	3.5481338923e+06	2.6520843765e+01	
152	3.9810717055e+06	2.5395057373e+01	
153	4.4668359215e+06	2.4303568999e+01	
154	5.0118723363e+06	2.3245634607e+01	
155	5.6234132519e+06	2.2217735300e+01	
156	6.3095734448e+06	2.1214903546e+01	
157	7.0794578438e+06	2.0231715023e+01	
158	7.9432823472e+06	1.9263137630e+01	
159	8.9125093813e+06	1.8305242313e+01	
160	1.0000000000e+07	1.7355715256e+01	
m_psrr_1hz_db = 9.4638248719e+01
m_psrr_1khz_db = 9.3922150460e+01
m_psrr_10hz_db = 9.4638065294e+01
m_psrr_100hz_db = 9.4630143237e+01
m_psrr_10khz_db = 8.1528188818e+01
m_psrr_100khz_db = 5.3808993908e+01
m_psrr_1mhz_db = 3.1520201732e+01
m_vref_op = 1.2279029874e+00
m_f_dc_hz = 1.0000000000e+00
m_f_band_edge_hz = 1.0000000000e+03
Note: Simulation executed from .control section 

Warning: m=xx on .subckt line will override multiplier m hierarchy!

Warning : IC on non-existent node - xdut.xx1.casc, ignored
   Please check line .ic v(xdut.fb)=1.0 v(xdut.sns1)=0.6 v(xdut.sns2)=0.6 v(vref)=1.2 v(xdut.ibias)=0.6 v(xdut.xx1.casc)=1.8

Note: Starting dynamic gmin stepping
Note: Dynamic gmin stepping completed
Note: Starting dynamic gmin stepping
Note: Dynamic gmin stepping completed
