
Note: Compatibility modes selected: hs a


Circuit: * psrr-dc @ bjt_ss_125c_3.63v -- generated by sim/harness, do not edit

Doing analysis at TEMP = 125.000000 and TNOM = 27.000000

Using SPARSE 1.3 as Direct Linear Solver
 Reference value :  0.00000e+00
No. of Data Rows : 1
Doing analysis at TEMP = 125.000000 and TNOM = 27.000000

Using SPARSE 1.3 as Direct Linear Solver
 Reference value :  1.00000e-01
No. of Data Rows : 161
     * psrr-dc @ bjt_ss_125c_3.63v -- generated by sim/harness, do not edit
     AC Analysis  Sat Aug  1 07:33:50  2026
--------------------------------------------------------------------------------
Index   frequency       psrr_db         
--------------------------------------------------------------------------------
0	1.0000000000e-01	9.3646337860e+01	
1	1.1220184543e-01	9.3646337854e+01	
2	1.2589254118e-01	9.3646337844e+01	
3	1.4125375446e-01	9.3646337840e+01	
4	1.5848931925e-01	9.3646337823e+01	
5	1.7782794100e-01	9.3646337808e+01	
6	1.9952623150e-01	9.3646337787e+01	
7	2.2387211386e-01	9.3646337764e+01	
8	2.5118864315e-01	9.3646337732e+01	
9	2.8183829313e-01	9.3646337695e+01	
10	3.1622776602e-01	9.3646337646e+01	
11	3.5481338923e-01	9.3646337581e+01	
12	3.9810717055e-01	9.3646337507e+01	
13	4.4668359215e-01	9.3646337409e+01	
14	5.0118723363e-01	9.3646337285e+01	
15	5.6234132519e-01	9.3646337130e+01	
16	6.3095734448e-01	9.3646336937e+01	
17	7.0794578438e-01	9.3646336691e+01	
18	7.9432823472e-01	9.3646336381e+01	
19	8.9125093813e-01	9.3646335991e+01	
20	1.0000000000e+00	9.3646335503e+01	
21	1.1220184543e+00	9.3646334882e+01	
22	1.2589254118e+00	9.3646334111e+01	
23	1.4125375446e+00	9.3646333130e+01	
24	1.5848931925e+00	9.3646331901e+01	
25	1.7782794100e+00	9.3646330353e+01	
26	1.9952623150e+00	9.3646328403e+01	
27	2.2387211386e+00	9.3646325948e+01	
28	2.5118864315e+00	9.3646322862e+01	
29	2.8183829313e+00	9.3646318970e+01	
30	3.1622776602e+00	9.3646314070e+01	
31	3.5481338923e+00	9.3647217983e+01	
32	3.9810717055e+00	9.3647210220e+01	
33	4.4668359215e+00	9.3647200450e+01	
34	5.0118723363e+00	9.3647188145e+01	
35	5.6234132519e+00	9.3647172657e+01	
36	6.3095734448e+00	9.3647153158e+01	
37	7.0794578438e+00	9.3647128608e+01	
38	7.9432823472e+00	9.3647097706e+01	
39	8.9125093813e+00	9.3647058797e+01	
40	1.0000000000e+01	9.3647009819e+01	
41	1.1220184543e+01	9.3646948161e+01	
42	1.2589254118e+01	9.3646870535e+01	
43	1.4125375446e+01	9.3646772815e+01	
44	1.5848931925e+01	9.3646649791e+01	
45	1.7782794100e+01	9.3646494919e+01	
46	1.9952623150e+01	9.3646299953e+01	
47	2.2387211386e+01	9.3646054517e+01	
48	2.5118864315e+01	9.3645745543e+01	
49	2.8183829313e+01	9.3646266505e+01	
50	3.1622776602e+01	9.3645776817e+01	
51	3.5481338923e+01	9.3645160400e+01	
52	3.9810717055e+01	9.3645294213e+01	
53	4.4668359215e+01	9.3645227094e+01	
54	5.0118723363e+01	9.3643997424e+01	

Index   frequency       psrr_db         
--------------------------------------------------------------------------------
55	5.6234132519e+01	9.3643359163e+01	
56	6.3095734448e+01	9.3643229643e+01	
57	7.0794578438e+01	9.3641686534e+01	
58	7.9432823472e+01	9.3640418087e+01	
59	8.9125093813e+01	9.3639259809e+01	
60	1.0000000000e+02	9.3637096548e+01	
61	1.1220184543e+02	9.3634577281e+01	
62	1.2589254118e+02	9.3630468305e+01	
63	1.4125375446e+02	9.3627080694e+01	
64	1.5848931925e+02	9.3622084084e+01	
65	1.7782794100e+02	9.3615737223e+01	
66	1.9952623150e+02	9.3608130750e+01	
67	2.2387211386e+02	9.3596442397e+01	
68	2.5118864315e+02	9.3586598569e+01	
69	2.8183829313e+02	9.3572038191e+01	
70	3.1622776602e+02	9.3551670184e+01	
71	3.5481338923e+02	9.3527911860e+01	
72	3.9810717055e+02	9.3498522665e+01	
73	4.4668359215e+02	9.3460521802e+01	
74	5.0118723363e+02	9.3413948617e+01	
75	5.6234132519e+02	9.3354640908e+01	
76	6.3095734448e+02	9.3282232194e+01	
77	7.0794578438e+02	9.3190864204e+01	
78	7.9432823472e+02	9.3084686306e+01	
79	8.9125093813e+02	9.2953808642e+01	
80	1.0000000000e+03	9.2786301880e+01	
81	1.1220184543e+03	9.2588474612e+01	
82	1.2589254118e+03	9.2350843033e+01	
83	1.4125375446e+03	9.2071170678e+01	
84	1.5848931925e+03	9.1738882089e+01	
85	1.7782794100e+03	9.1355828811e+01	
86	1.9952623150e+03	9.0916614798e+01	
87	2.2387211386e+03	9.0420031128e+01	
88	2.5118864315e+03	8.9863204027e+01	
89	2.8183829313e+03	8.9249654808e+01	
90	3.1622776602e+03	8.8582314159e+01	
91	3.5481338923e+03	8.7860895700e+01	
92	3.9810717055e+03	8.7093525222e+01	
93	4.4668359215e+03	8.6280044607e+01	
94	5.0118723363e+03	8.5428432511e+01	
95	5.6234132519e+03	8.4541555638e+01	
96	6.3095734448e+03	8.3621008096e+01	
97	7.0794578438e+03	8.2672352469e+01	
98	7.9432823472e+03	8.1694403490e+01	
99	8.9125093813e+03	8.0689872572e+01	
100	1.0000000000e+04	7.9657914673e+01	
101	1.1220184543e+04	7.8598680862e+01	
102	1.2589254118e+04	7.7510181255e+01	
103	1.4125375446e+04	7.6390106150e+01	
104	1.5848931925e+04	7.5235764179e+01	
105	1.7782794100e+04	7.4044853928e+01	
106	1.9952623150e+04	7.2813791684e+01	
107	2.2387211386e+04	7.1540042805e+01	
108	2.5118864315e+04	7.0221120338e+01	
109	2.8183829313e+04	6.8856179037e+01	
110	3.1622776602e+04	6.7444972618e+01	
111	3.5481338923e+04	6.5989728928e+01	
112	3.9810717055e+04	6.4493332998e+01	

Index   frequency       psrr_db         
--------------------------------------------------------------------------------
113	4.4668359215e+04	6.2961427488e+01	
114	5.0118723363e+04	6.1400761702e+01	
115	5.6234132519e+04	5.9819736057e+01	
116	6.3095734448e+04	5.8227653074e+01	
117	7.0794578438e+04	5.6634392902e+01	
118	7.9432823472e+04	5.5049949022e+01	
119	8.9125093813e+04	5.3483765268e+01	
120	1.0000000000e+05	5.1944488368e+01	
121	1.1220184543e+05	5.0439206642e+01	
122	1.2589254118e+05	4.8973519778e+01	
123	1.4125375446e+05	4.7551015786e+01	
124	1.5848931925e+05	4.6173400133e+01	
125	1.7782794100e+05	4.4840448723e+01	
126	1.9952623150e+05	4.3550552858e+01	
127	2.2387211386e+05	4.2300992351e+01	
128	2.5118864315e+05	4.1088516941e+01	
129	2.8183829313e+05	3.9909979526e+01	
130	3.1622776602e+05	3.8763078074e+01	
131	3.5481338923e+05	3.7647341676e+01	
132	3.9810717055e+05	3.6565498498e+01	
133	4.4668359215e+05	3.5525555242e+01	
134	5.0118723363e+05	3.4543859671e+01	
135	5.6234132519e+05	3.3649179181e+01	
136	6.3095734448e+05	3.2886663307e+01	
137	7.0794578438e+05	3.2317752160e+01	
138	7.9432823472e+05	3.2008197006e+01	
139	8.9125093813e+05	3.1997331597e+01	
140	1.0000000000e+06	3.2256062419e+01	
141	1.1220184543e+06	3.2660811586e+01	
142	1.2589254118e+06	3.3010858286e+01	
143	1.4125375446e+06	3.3098227505e+01	
144	1.5848931925e+06	3.2805106902e+01	
145	1.7782794100e+06	3.2150939286e+01	
146	1.9952623150e+06	3.1242614287e+01	
147	2.2387211386e+06	3.0194104141e+01	
148	2.5118864315e+06	2.9086524997e+01	
149	2.8183829313e+06	2.7966728233e+01	
150	3.1622776602e+06	2.6858299503e+01	
151	3.5481338923e+06	2.5771442114e+01	
152	3.9810717055e+06	2.4709175629e+01	
153	4.4668359215e+06	2.3670769602e+01	
154	5.0118723363e+06	2.2653612701e+01	
155	5.6234132519e+06	2.1654299569e+01	
156	6.3095734448e+06	2.0669349060e+01	
157	7.0794578438e+06	1.9695727822e+01	
158	7.9432823472e+06	1.8731242463e+01	
159	8.9125093813e+06	1.7774800450e+01	
160	1.0000000000e+07	1.6826540070e+01	
m_psrr_1hz_db = 9.3646335503e+01
m_psrr_1khz_db = 9.2786301880e+01
m_psrr_10hz_db = 9.3647009819e+01
m_psrr_100hz_db = 9.3637096548e+01
m_psrr_10khz_db = 7.9657914673e+01
m_psrr_100khz_db = 5.1944488368e+01
m_psrr_1mhz_db = 3.2256062419e+01
m_vref_op = 1.2561231720e+00
m_f_dc_hz = 1.0000000000e+00
m_f_band_edge_hz = 1.0000000000e+03
Note: Simulation executed from .control section 

Warning: m=xx on .subckt line will override multiplier m hierarchy!

Warning : IC on non-existent node - xdut.xx1.casc, ignored
   Please check line .ic v(xdut.fb)=1.0 v(xdut.sns1)=0.6 v(xdut.sns2)=0.6 v(vref)=1.2 v(xdut.ibias)=0.6 v(xdut.xx1.casc)=1.8

Note: Starting dynamic gmin stepping
Note: Dynamic gmin stepping completed
Note: Starting dynamic gmin stepping
Note: Dynamic gmin stepping completed
