
Note: Compatibility modes selected: hs a


Circuit: * psrr-dc @ bjt_ss_125c_3.30v -- generated by sim/harness, do not edit

Doing analysis at TEMP = 125.000000 and TNOM = 27.000000

Using SPARSE 1.3 as Direct Linear Solver
 Reference value :  0.00000e+00
No. of Data Rows : 1
Doing analysis at TEMP = 125.000000 and TNOM = 27.000000

Using SPARSE 1.3 as Direct Linear Solver

No. of Data Rows : 161
     * psrr-dc @ bjt_ss_125c_3.30v -- generated by sim/harness, do not edit
     AC Analysis  Sat Aug  1 07:33:44  2026
--------------------------------------------------------------------------------
Index   frequency       psrr_db         
--------------------------------------------------------------------------------
0	1.0000000000e-01	1.1672166724e+02	
1	1.1220184543e-01	1.1672166681e+02	
2	1.2589254118e-01	1.1672166625e+02	
3	1.4125375446e-01	1.1672166559e+02	
4	1.5848931925e-01	1.1672166474e+02	
5	1.7782794100e-01	1.1672166372e+02	
6	1.9952623150e-01	1.1672166241e+02	
7	2.2387211386e-01	1.1672166080e+02	
8	2.5118864315e-01	1.1672165867e+02	
9	2.8183829313e-01	1.1672165608e+02	
10	3.1622776602e-01	1.1672165273e+02	
11	3.5481338923e-01	1.1672164856e+02	
12	3.9810717055e-01	1.1672164331e+02	
13	4.4668359215e-01	1.1672163670e+02	
14	5.0118723363e-01	1.1672162837e+02	
15	5.6234132519e-01	1.1672161791e+02	
16	6.3095734448e-01	1.1672160472e+02	
17	7.0794578438e-01	1.1672158808e+02	
18	7.9432823472e-01	1.1672156722e+02	
19	8.9125093813e-01	1.1672154092e+02	
20	1.0000000000e+00	1.1672150779e+02	
21	1.1220184543e+00	1.1672146612e+02	
22	1.2589254118e+00	1.1672141364e+02	
23	1.4125375446e+00	1.1672134753e+02	
24	1.5848931925e+00	1.1672126432e+02	
25	1.7782794100e+00	1.1672115962e+02	
26	1.9952623150e+00	1.1672102780e+02	
27	2.2387211386e+00	1.1672086181e+02	
28	2.5118864315e+00	1.1672065289e+02	
29	2.8183829313e+00	1.1672038990e+02	
30	3.1622776602e+00	1.1672005880e+02	
31	3.5481338923e+00	1.1671964198e+02	
32	3.9810717055e+00	1.1671911740e+02	
33	4.4668359215e+00	1.1671845700e+02	
34	5.0118723363e+00	1.1671762576e+02	
35	5.6234132519e+00	1.1671657955e+02	
36	6.3095734448e+00	1.1671526271e+02	
37	7.0794578438e+00	1.1671360557e+02	
38	7.9432823472e+00	1.1671152018e+02	
39	8.9125093813e+00	1.1670889625e+02	
40	1.0000000000e+01	1.1670559511e+02	
41	1.1220184543e+01	1.1670144287e+02	
42	1.2589254118e+01	1.1669622098e+02	
43	1.4125375446e+01	1.1668965589e+02	
44	1.5848931925e+01	1.1668140488e+02	
45	1.7782794100e+01	1.1667103944e+02	
46	1.9952623150e+01	1.1665802494e+02	
47	2.2387211386e+01	1.1662899107e+02	
48	2.5118864315e+01	1.1660858326e+02	
49	2.8183829313e+01	1.1658302565e+02	
50	3.1622776602e+01	1.1655106081e+02	
51	3.5481338923e+01	1.1649882491e+02	
52	3.9810717055e+01	1.1644923860e+02	
53	4.4668359215e+01	1.1637562665e+02	
54	5.0118723363e+01	1.1628772821e+02	

Index   frequency       psrr_db         
--------------------------------------------------------------------------------
55	5.6234132519e+01	1.1618250431e+02	
56	6.3095734448e+01	1.1605643650e+02	
57	7.0794578438e+01	1.1589481707e+02	
58	7.9432823472e+01	1.1570484991e+02	
59	8.9125093813e+01	1.1548196898e+02	
60	1.0000000000e+02	1.1520318331e+02	
61	1.1220184543e+02	1.1488465811e+02	
62	1.2589254118e+02	1.1451453843e+02	
63	1.4125375446e+02	1.1409146199e+02	
64	1.5848931925e+02	1.1360866505e+02	
65	1.7782794100e+02	1.1306330203e+02	
66	1.9952623150e+02	1.1246583703e+02	
67	2.2387211386e+02	1.1181600346e+02	
68	2.5118864315e+02	1.1111626289e+02	
69	2.8183829313e+02	1.1036952247e+02	
70	3.1622776602e+02	1.0958199329e+02	
71	3.5481338923e+02	1.0875701453e+02	
72	3.9810717055e+02	1.0790057316e+02	
73	4.4668359215e+02	1.0701998039e+02	
74	5.0118723363e+02	1.0611825716e+02	
75	5.6234132519e+02	1.0519783703e+02	
76	6.3095734448e+02	1.0426015811e+02	
77	7.0794578438e+02	1.0330869390e+02	
78	7.9432823472e+02	1.0234729952e+02	
79	8.9125093813e+02	1.0137919651e+02	
80	1.0000000000e+03	1.0040496699e+02	
81	1.1220184543e+03	9.9424462684e+01	
82	1.2589254118e+03	9.8439944803e+01	
83	1.4125375446e+03	9.7450747573e+01	
84	1.5848931925e+03	9.6459052132e+01	
85	1.7782794100e+03	9.5464001511e+01	
86	1.9952623150e+03	9.4466731036e+01	
87	2.2387211386e+03	9.3466913235e+01	
88	2.5118864315e+03	9.2464640013e+01	
89	2.8183829313e+03	9.1459896743e+01	
90	3.1622776602e+03	9.0452451449e+01	
91	3.5481338923e+03	8.9441694435e+01	
92	3.9810717055e+03	8.8427691604e+01	
93	4.4668359215e+03	8.7408742626e+01	
94	5.0118723363e+03	8.6384666623e+01	
95	5.6234132519e+03	8.5354299648e+01	
96	6.3095734448e+03	8.4316222692e+01	
97	7.0794578438e+03	8.3268340114e+01	
98	7.9432823472e+03	8.2208926490e+01	
99	8.9125093813e+03	8.1135542335e+01	
100	1.0000000000e+04	8.0045215832e+01	
101	1.1220184543e+04	7.8935041730e+01	
102	1.2589254118e+04	7.7800992874e+01	
103	1.4125375446e+04	7.6639231761e+01	
104	1.5848931925e+04	7.5446209193e+01	
105	1.7782794100e+04	7.4217530082e+01	
106	1.9952623150e+04	7.2949808298e+01	
107	2.2387211386e+04	7.1639584831e+01	
108	2.5118864315e+04	7.0284745264e+01	
109	2.8183829313e+04	6.8883798211e+01	
110	3.1622776602e+04	6.7437588975e+01	
111	3.5481338923e+04	6.5948314605e+01	
112	3.9810717055e+04	6.4419786956e+01	

Index   frequency       psrr_db         
--------------------------------------------------------------------------------
113	4.4668359215e+04	6.2857814361e+01	
114	5.0118723363e+04	6.1269798045e+01	
115	5.6234132519e+04	5.9664186484e+01	
116	6.3095734448e+04	5.8050414829e+01	
117	7.0794578438e+04	5.6438347755e+01	
118	7.9432823472e+04	5.4837827105e+01	
119	8.9125093813e+04	5.3257991599e+01	
120	1.0000000000e+05	5.1707259395e+01	
121	1.1220184543e+05	5.0192425741e+01	
122	1.2589254118e+05	4.8718821205e+01	
123	1.4125375446e+05	4.7289769416e+01	
124	1.5848931925e+05	4.5906724789e+01	
125	1.7782794100e+05	4.4569253974e+01	
126	1.9952623150e+05	4.3275564568e+01	
127	2.2387211386e+05	4.2022786409e+01	
128	2.5118864315e+05	4.0807524686e+01	
129	2.8183829313e+05	3.9626527393e+01	
130	3.1622776602e+05	3.8477397514e+01	
131	3.5481338923e+05	3.7359591661e+01	
132	3.9810717055e+05	3.6275778421e+01	
133	4.4668359215e+05	3.5233947781e+01	
134	5.0118723363e+05	3.4250442524e+01	
135	5.6234132519e+05	3.3354062596e+01	
136	6.3095734448e+05	3.2590033022e+01	
137	7.0794578438e+05	3.2019887608e+01	
138	7.9432823472e+05	3.1709521577e+01	
139	8.9125093813e+05	3.1698558636e+01	
140	1.0000000000e+06	3.1958588884e+01	
141	1.1220184543e+06	3.2367282423e+01	
142	1.2589254118e+06	3.2725206969e+01	
143	1.4125375446e+06	3.2824173225e+01	
144	1.5848931925e+06	3.2543720499e+01	
145	1.7782794100e+06	3.1900010664e+01	
146	1.9952623150e+06	3.0998468697e+01	
147	2.2387211386e+06	2.9953483991e+01	
148	2.5118864315e+06	2.8847232421e+01	
149	2.8183829313e+06	2.7727487627e+01	
150	3.1622776602e+06	2.6618451229e+01	
151	3.5481338923e+06	2.5530701221e+01	
152	3.9810717055e+06	2.4467483104e+01	
153	4.4668359215e+06	2.3428210187e+01	
154	5.0118723363e+06	2.2410372375e+01	
155	5.6234132519e+06	2.1410643727e+01	
156	6.3095734448e+06	2.0425610492e+01	
157	7.0794578438e+06	1.9452299226e+01	
158	7.9432823472e+06	1.8488569622e+01	
159	8.9125093813e+06	1.7533377271e+01	
160	1.0000000000e+07	1.6586901492e+01	
m_psrr_1hz_db = 1.1672150779e+02
m_psrr_1khz_db = 1.0040496699e+02
m_psrr_10hz_db = 1.1670559511e+02
m_psrr_100hz_db = 1.1520318331e+02
m_psrr_10khz_db = 8.0045215832e+01
m_psrr_100khz_db = 5.1707259395e+01
m_psrr_1mhz_db = 3.1958588884e+01
m_vref_op = 1.2561248942e+00
m_f_dc_hz = 1.0000000000e+00
m_f_band_edge_hz = 1.0000000000e+03
Note: Simulation executed from .control section 

Warning: m=xx on .subckt line will override multiplier m hierarchy!

Warning : IC on non-existent node - xdut.xx1.casc, ignored
   Please check line .ic v(xdut.fb)=1.0 v(xdut.sns1)=0.6 v(xdut.sns2)=0.6 v(vref)=1.2 v(xdut.ibias)=0.6 v(xdut.xx1.casc)=1.8

Note: Starting dynamic gmin stepping
Note: Dynamic gmin stepping completed
Note: Starting dynamic gmin stepping
Note: Dynamic gmin stepping completed
