
Note: Compatibility modes selected: hs a


Circuit: * psrr-dc @ fs_125c_3.63v -- generated by sim/harness, do not edit

Doing analysis at TEMP = 125.000000 and TNOM = 27.000000

Using SPARSE 1.3 as Direct Linear Solver
 Reference value :  0.00000e+00
No. of Data Rows : 1
Doing analysis at TEMP = 125.000000 and TNOM = 27.000000

Using SPARSE 1.3 as Direct Linear Solver

No. of Data Rows : 161
       * psrr-dc @ fs_125c_3.63v -- generated by sim/harness, do not edit
       AC Analysis  Sat Aug  1 07:32:51  2026
--------------------------------------------------------------------------------
Index   frequency       psrr_db         
--------------------------------------------------------------------------------
0	1.0000000000e-01	9.5371614273e+01	
1	1.1220184543e-01	9.5371614268e+01	
2	1.2589254118e-01	9.5371614260e+01	
3	1.4125375446e-01	9.5371614248e+01	
4	1.5848931925e-01	9.5371614237e+01	
5	1.7782794100e-01	9.5371614221e+01	
6	1.9952623150e-01	9.5371614201e+01	
7	2.2387211386e-01	9.5371614176e+01	
8	2.5118864315e-01	9.5371614148e+01	
9	2.8183829313e-01	9.5371614108e+01	
10	3.1622776602e-01	9.5371614058e+01	
11	3.5481338923e-01	9.5371613996e+01	
12	3.9810717055e-01	9.5371613914e+01	
13	4.4668359215e-01	9.5371613820e+01	
14	5.0118723363e-01	9.5371613695e+01	
15	5.6234132519e-01	9.5371613541e+01	
16	6.3095734448e-01	9.5371613348e+01	
17	7.0794578438e-01	9.5371613098e+01	
18	7.9432823472e-01	9.5371612789e+01	
19	8.9125093813e-01	9.5371612398e+01	
20	1.0000000000e+00	9.5371611909e+01	
21	1.1220184543e+00	9.5371611290e+01	
22	1.2589254118e+00	9.5371610511e+01	
23	1.4125375446e+00	9.5371609528e+01	
24	1.5848931925e+00	9.5371608295e+01	
25	1.7782794100e+00	9.5371606741e+01	
26	1.9952623150e+00	9.5371604786e+01	
27	2.2387211386e+00	9.5371602323e+01	
28	2.5118864315e+00	9.5371599217e+01	
29	2.8183829313e+00	9.5371595320e+01	
30	3.1622776602e+00	9.5371590402e+01	
31	3.5481338923e+00	9.5371584218e+01	
32	3.9810717055e+00	9.5371576428e+01	
33	4.4668359215e+00	9.5371566626e+01	
34	5.0118723363e+00	9.5371554279e+01	
35	5.6234132519e+00	9.5371538741e+01	
36	6.3095734448e+00	9.5371519179e+01	
37	7.0794578438e+00	9.5371494549e+01	
38	7.9432823472e+00	9.5371463547e+01	
39	8.9125093813e+00	9.5371424513e+01	
40	1.0000000000e+01	9.5371375377e+01	
41	1.1220184543e+01	9.5371313512e+01	
42	1.2589254118e+01	9.5371235635e+01	
43	1.4125375446e+01	9.5371137592e+01	
44	1.5848931925e+01	9.5371014167e+01	
45	1.7782794100e+01	9.5370858789e+01	
46	1.9952623150e+01	9.5370663188e+01	
47	2.2387211386e+01	9.5370416949e+01	
48	2.5118864315e+01	9.5371053158e+01	
49	2.8183829313e+01	9.5370662881e+01	
50	3.1622776602e+01	9.5370171592e+01	
51	3.5481338923e+01	9.5370499234e+01	
52	3.9810717055e+01	9.5369720657e+01	
53	4.4668359215e+01	9.5369686560e+01	
54	5.0118723363e+01	9.5368452864e+01	

Index   frequency       psrr_db         
--------------------------------------------------------------------------------
55	5.6234132519e+01	9.5367845739e+01	
56	6.3095734448e+01	9.5367782242e+01	
57	7.0794578438e+01	9.5366267281e+01	
58	7.9432823472e+01	9.5365061072e+01	
59	8.9125093813e+01	9.5363053804e+01	
60	1.0000000000e+02	9.5360983327e+01	
61	1.1220184543e+02	9.5358588810e+01	
62	1.2589254118e+02	9.5355542497e+01	
63	1.4125375446e+02	9.5351432813e+01	
64	1.5848931925e+02	9.5345743489e+01	
65	1.7782794100e+02	9.5339707515e+01	
66	1.9952623150e+02	9.5331567650e+01	
67	2.2387211386e+02	9.5322177636e+01	
68	2.5118864315e+02	9.5309317922e+01	
69	2.8183829313e+02	9.5291861143e+01	
70	3.1622776602e+02	9.5271532428e+01	
71	3.5481338923e+02	9.5246287379e+01	
72	3.9810717055e+02	9.5214858470e+01	
73	4.4668359215e+02	9.5173860234e+01	
74	5.0118723363e+02	9.5124895591e+01	
75	5.6234132519e+02	9.5062534135e+01	
76	6.3095734448e+02	9.4986275894e+01	
77	7.0794578438e+02	9.4891315631e+01	
78	7.9432823472e+02	9.4779857379e+01	
79	8.9125093813e+02	9.4636701422e+01	
80	1.0000000000e+03	9.4465410453e+01	
81	1.1220184543e+03	9.4257412250e+01	
82	1.2589254118e+03	9.4008381741e+01	
83	1.4125375446e+03	9.3716847751e+01	
84	1.5848931925e+03	9.3371470749e+01	
85	1.7782794100e+03	9.2975375690e+01	
86	1.9952623150e+03	9.2519222136e+01	
87	2.2387211386e+03	9.2007749172e+01	
88	2.5118864315e+03	9.1437304361e+01	
89	2.8183829313e+03	9.0808340107e+01	
90	3.1622776602e+03	9.0126614543e+01	
91	3.5481338923e+03	8.9392714913e+01	
92	3.9810717055e+03	8.8613770682e+01	
93	4.4668359215e+03	8.7790224323e+01	
94	5.0118723363e+03	8.6929374307e+01	
95	5.6234132519e+03	8.6034789324e+01	
96	6.3095734448e+03	8.5107578790e+01	
97	7.0794578438e+03	8.4151437411e+01	
98	7.9432823472e+03	8.3168310463e+01	
99	8.9125093813e+03	8.2157713617e+01	
100	1.0000000000e+04	8.1121062387e+01	
101	1.1220184543e+04	8.0056357848e+01	
102	1.2589254118e+04	7.8961841180e+01	
103	1.4125375446e+04	7.7835519848e+01	
104	1.5848931925e+04	7.6674457566e+01	
105	1.7782794100e+04	7.5475466520e+01	
106	1.9952623150e+04	7.4235402694e+01	
107	2.2387211386e+04	7.2950837791e+01	
108	2.5118864315e+04	7.1618989628e+01	
109	2.8183829313e+04	7.0238700667e+01	
110	3.1622776602e+04	6.8809219672e+01	
111	3.5481338923e+04	6.7331366425e+01	
112	3.9810717055e+04	6.5808017866e+01	

Index   frequency       psrr_db         
--------------------------------------------------------------------------------
113	4.4668359215e+04	6.4243530040e+01	
114	5.0118723363e+04	6.2643704025e+01	
115	5.6234132519e+04	6.1016144132e+01	
116	6.3095734448e+04	5.9369128217e+01	
117	7.0794578438e+04	5.7712117955e+01	
118	7.9432823472e+04	5.6054763203e+01	
119	8.9125093813e+04	5.4406662913e+01	
120	1.0000000000e+05	5.2777255770e+01	
121	1.1220184543e+05	5.1175190917e+01	
122	1.2589254118e+05	4.9608115203e+01	
123	1.4125375446e+05	4.8082240736e+01	
124	1.5848931925e+05	4.6602125234e+01	
125	1.7782794100e+05	4.5170583610e+01	
126	1.9952623150e+05	4.3788605466e+01	
127	2.2387211386e+05	4.2455715003e+01	
128	2.5118864315e+05	4.1170325972e+01	
129	2.8183829313e+05	3.9930276024e+01	
130	3.1622776602e+05	3.8733697036e+01	
131	3.5481338923e+05	3.7579947975e+01	
132	3.9810717055e+05	3.6471031005e+01	
133	4.4668359215e+05	3.5413473473e+01	
134	5.0118723363e+05	3.4421041451e+01	
135	5.6234132519e+05	3.3518229328e+01	
136	6.3095734448e+05	3.2743715444e+01	
137	7.0794578438e+05	3.2150934483e+01	
138	7.9432823472e+05	3.1799794869e+01	
139	8.9125093813e+05	3.1733248738e+01	
140	1.0000000000e+06	3.1941108311e+01	
141	1.1220184543e+06	3.2329345788e+01	
142	1.2589254118e+06	3.2719512768e+01	
143	1.4125375446e+06	3.2896580339e+01	
144	1.5848931925e+06	3.2703360364e+01	
145	1.7782794100e+06	3.2118812109e+01	
146	1.9952623150e+06	3.1237885733e+01	
147	2.2387211386e+06	3.0185567045e+01	
148	2.5118864315e+06	2.9058337187e+01	
149	2.8183829313e+06	2.7913963427e+01	
150	3.1622776602e+06	2.6782062835e+01	
151	3.5481338923e+06	2.5675724977e+01	
152	3.9810717055e+06	2.4599116626e+01	
153	4.4668359215e+06	2.3551682633e+01	
154	5.0118723363e+06	2.2530386005e+01	
155	5.6234132519e+06	2.1530996583e+01	
156	6.3095734448e+06	2.0548968302e+01	
157	7.0794578438e+06	1.9580126932e+01	
158	7.9432823472e+06	1.8621219544e+01	
159	8.9125093813e+06	1.7670307991e+01	
160	1.0000000000e+07	1.6726975923e+01	
m_psrr_1hz_db = 9.5371611909e+01
m_psrr_1khz_db = 9.4465410453e+01
m_psrr_10hz_db = 9.5371375377e+01
m_psrr_100hz_db = 9.5360983327e+01
m_psrr_10khz_db = 8.1121062387e+01
m_psrr_100khz_db = 5.2777255770e+01
m_psrr_1mhz_db = 3.1941108311e+01
m_vref_op = 1.2440833191e+00
m_f_dc_hz = 1.0000000000e+00
m_f_band_edge_hz = 1.0000000000e+03
Note: Simulation executed from .control section 

Warning: m=xx on .subckt line will override multiplier m hierarchy!

Warning : IC on non-existent node - xdut.xx1.casc, ignored
   Please check line .ic v(xdut.fb)=1.0 v(xdut.sns1)=0.6 v(xdut.sns2)=0.6 v(vref)=1.2 v(xdut.ibias)=0.6 v(xdut.xx1.casc)=1.8

Note: Starting dynamic gmin stepping
Note: Dynamic gmin stepping completed
Note: Starting dynamic gmin stepping
Note: Dynamic gmin stepping completed
