
Note: Compatibility modes selected: hs a


Circuit: * psrr-dc @ res_ff_125c_3.63v -- generated by sim/harness, do not edit

Doing analysis at TEMP = 125.000000 and TNOM = 27.000000

Using SPARSE 1.3 as Direct Linear Solver
 Reference value :  0.00000e+00
No. of Data Rows : 1
Doing analysis at TEMP = 125.000000 and TNOM = 27.000000

Using SPARSE 1.3 as Direct Linear Solver

No. of Data Rows : 161
     * psrr-dc @ res_ff_125c_3.63v -- generated by sim/harness, do not edit
     AC Analysis  Sat Aug  1 07:33:15  2026
--------------------------------------------------------------------------------
Index   frequency       psrr_db         
--------------------------------------------------------------------------------
0	1.0000000000e-01	1.0081286013e+02	
1	1.1220184543e-01	1.0081286012e+02	
2	1.2589254118e-01	1.0081286010e+02	
3	1.4125375446e-01	1.0081286007e+02	
4	1.5848931925e-01	1.0081286003e+02	
5	1.7782794100e-01	1.0081286000e+02	
6	1.9952623150e-01	1.0081285994e+02	
7	2.2387211386e-01	1.0081285987e+02	
8	2.5118864315e-01	1.0081285979e+02	
9	2.8183829313e-01	1.0081285967e+02	
10	3.1622776602e-01	1.0081285955e+02	
11	3.5481338923e-01	1.0081285937e+02	
12	3.9810717055e-01	1.0081285916e+02	
13	4.4668359215e-01	1.0081285889e+02	
14	5.0118723363e-01	1.0081285855e+02	
15	5.6234132519e-01	1.0081285813e+02	
16	6.3095734448e-01	1.0081285759e+02	
17	7.0794578438e-01	1.0081285692e+02	
18	7.9432823472e-01	1.0081285606e+02	
19	8.9125093813e-01	1.0081285499e+02	
20	1.0000000000e+00	1.0081285365e+02	
21	1.1220184543e+00	1.0081285195e+02	
22	1.2589254118e+00	1.0081284981e+02	
23	1.4125375446e+00	1.0081284712e+02	
24	1.5848931925e+00	1.0081284374e+02	
25	1.7782794100e+00	1.0081283948e+02	
26	1.9952623150e+00	1.0081283411e+02	
27	2.2387211386e+00	1.0081282735e+02	
28	2.5118864315e+00	1.0081281884e+02	
29	2.8183829313e+00	1.0081280814e+02	
30	3.1622776602e+00	1.0081279466e+02	
31	3.5481338923e+00	1.0081277769e+02	
32	3.9810717055e+00	1.0081275632e+02	
33	4.4668359215e+00	1.0081272943e+02	
34	5.0118723363e+00	1.0081269557e+02	
35	5.6234132519e+00	1.0081265295e+02	
36	6.3095734448e+00	1.0081259929e+02	
37	7.0794578438e+00	1.0081253174e+02	
38	7.9432823472e+00	1.0081244669e+02	
39	8.9125093813e+00	1.0081233963e+02	
40	1.0000000000e+01	1.0081220485e+02	
41	1.1220184543e+01	1.0081203517e+02	
42	1.2589254118e+01	1.0081182158e+02	
43	1.4125375446e+01	1.0081155269e+02	
44	1.5848931925e+01	1.0081121420e+02	
45	1.7782794100e+01	1.0081266329e+02	
46	1.9952623150e+01	1.0081212674e+02	
47	2.2387211386e+01	1.0081145135e+02	
48	2.5118864315e+01	1.0081060121e+02	
49	2.8183829313e+01	1.0080953116e+02	
50	3.1622776602e+01	1.0081005849e+02	
51	3.5481338923e+01	1.0080836296e+02	
52	3.9810717055e+01	1.0080810251e+02	
53	4.4668359215e+01	1.0080541677e+02	
54	5.0118723363e+01	1.0080390938e+02	

Index   frequency       psrr_db         
--------------------------------------------------------------------------------
55	5.6234132519e+01	1.0080152800e+02	
56	6.3095734448e+01	1.0079804779e+02	
57	7.0794578438e+01	1.0079505465e+02	
58	7.9432823472e+01	1.0079032296e+02	
59	8.9125093813e+01	1.0078340841e+02	
60	1.0000000000e+02	1.0077561572e+02	
61	1.1220184543e+02	1.0076623944e+02	
62	1.2589254118e+02	1.0075439799e+02	
63	1.4125375446e+02	1.0073899254e+02	
64	1.5848931925e+02	1.0072049563e+02	
65	1.7782794100e+02	1.0069719022e+02	
66	1.9952623150e+02	1.0066695691e+02	
67	2.2387211386e+02	1.0063079925e+02	
68	2.5118864315e+02	1.0058544839e+02	
69	2.8183829313e+02	1.0052606482e+02	
70	3.1622776602e+02	1.0045488758e+02	
71	3.5481338923e+02	1.0036685925e+02	
72	3.9810717055e+02	1.0025668940e+02	
73	4.4668359215e+02	1.0012436971e+02	
74	5.0118723363e+02	9.9959344119e+01	
75	5.6234132519e+02	9.9764479245e+01	
76	6.3095734448e+02	9.9531120599e+01	
77	7.0794578438e+02	9.9252108356e+01	
78	7.9432823472e+02	9.8926498810e+01	
79	8.9125093813e+02	9.8555681568e+01	
80	1.0000000000e+03	9.8120004430e+01	
81	1.1220184543e+03	9.7625679627e+01	
82	1.2589254118e+03	9.7075198213e+01	
83	1.4125375446e+03	9.6469657880e+01	
84	1.5848931925e+03	9.5813419877e+01	
85	1.7782794100e+03	9.5102786575e+01	
86	1.9952623150e+03	9.4348262168e+01	
87	2.2387211386e+03	9.3548067057e+01	
88	2.5118864315e+03	9.2715773463e+01	
89	2.8183829313e+03	9.1850991819e+01	
90	3.1622776602e+03	9.0958903778e+01	
91	3.5481338923e+03	9.0043108836e+01	
92	3.9810717055e+03	8.9105994543e+01	
93	4.4668359215e+03	8.8151838775e+01	
94	5.0118723363e+03	8.7180154532e+01	
95	5.6234132519e+03	8.6195439637e+01	
96	6.3095734448e+03	8.5194918901e+01	
97	7.0794578438e+03	8.4180841718e+01	
98	7.9432823472e+03	8.3152255417e+01	
99	8.9125093813e+03	8.2107931376e+01	
100	1.0000000000e+04	8.1046276074e+01	
101	1.1220184543e+04	7.9965387154e+01	
102	1.2589254118e+04	7.8862246057e+01	
103	1.4125375446e+04	7.7734327480e+01	
104	1.5848931925e+04	7.6577867697e+01	
105	1.7782794100e+04	7.5389472668e+01	
106	1.9952623150e+04	7.4165815919e+01	
107	2.2387211386e+04	7.2903545367e+01	
108	2.5118864315e+04	7.1600266799e+01	
109	2.8183829313e+04	7.0254281538e+01	
110	3.1622776602e+04	6.8865227863e+01	
111	3.5481338923e+04	6.7434133043e+01	
112	3.9810717055e+04	6.5964132421e+01	

Index   frequency       psrr_db         
--------------------------------------------------------------------------------
113	4.4668359215e+04	6.4459779834e+01	
114	5.0118723363e+04	6.2927526527e+01	
115	5.6234132519e+04	6.1375323853e+01	
116	6.3095734448e+04	5.9812327990e+01	
117	7.0794578438e+04	5.8248254486e+01	
118	7.9432823472e+04	5.6692871338e+01	
119	8.9125093813e+04	5.5155589119e+01	
120	1.0000000000e+05	5.3644682000e+01	
121	1.1220184543e+05	5.2167123549e+01	
122	1.2589254118e+05	5.0728108555e+01	
123	1.4125375446e+05	4.9330773139e+01	
124	1.5848931925e+05	4.7976382652e+01	
125	1.7782794100e+05	4.6664306363e+01	
126	1.9952623150e+05	4.5392494726e+01	
127	2.2387211386e+05	4.4157860242e+01	
128	2.5118864315e+05	4.2956748048e+01	
129	2.8183829313e+05	4.1785465426e+01	
130	3.1622776602e+05	4.0640922418e+01	
131	3.5481338923e+05	3.9521359047e+01	
132	3.9810717055e+05	3.8427334822e+01	
133	4.4668359215e+05	3.7363363440e+01	
134	5.0118723363e+05	3.6340288107e+01	
135	5.6234132519e+05	3.5378907767e+01	
136	6.3095734448e+05	3.4514543659e+01	
137	7.0794578438e+05	3.3800596769e+01	
138	7.9432823472e+05	3.3305347436e+01	
139	8.9125093813e+05	3.3092688302e+01	
140	1.0000000000e+06	3.3183140224e+01	
141	1.1220184543e+06	3.3512501025e+01	
142	1.2589254118e+06	3.3921289585e+01	
143	1.4125375446e+06	3.4195566305e+01	
144	1.5848931925e+06	3.4153425119e+01	
145	1.7782794100e+06	3.3729875015e+01	
146	1.9952623150e+06	3.2984095090e+01	
147	2.2387211386e+06	3.2029265679e+01	
148	2.5118864315e+06	3.0966165023e+01	
149	2.8183829313e+06	2.9861030802e+01	
150	3.1622776602e+06	2.8750636118e+01	
151	3.5481338923e+06	2.7653022868e+01	
152	3.9810717055e+06	2.6575696654e+01	
153	4.4668359215e+06	2.5520531512e+01	
154	5.0118723363e+06	2.4486463814e+01	
155	5.6234132519e+06	2.3470972751e+01	
156	6.3095734448e+06	2.2470957955e+01	
157	7.0794578438e+06	2.1483322383e+01	
158	7.9432823472e+06	2.0505397745e+01	
159	8.9125093813e+06	1.9535257570e+01	
160	1.0000000000e+07	1.8571922901e+01	
m_psrr_1hz_db = 1.0081285365e+02
m_psrr_1khz_db = 9.8120004430e+01
m_psrr_10hz_db = 1.0081220485e+02
m_psrr_100hz_db = 1.0077561572e+02
m_psrr_10khz_db = 8.1046276074e+01
m_psrr_100khz_db = 5.3644682000e+01
m_psrr_1mhz_db = 3.3183140224e+01
m_vref_op = 1.2558660298e+00
m_f_dc_hz = 1.0000000000e+00
m_f_band_edge_hz = 1.0000000000e+03
Note: Simulation executed from .control section 

Warning: m=xx on .subckt line will override multiplier m hierarchy!

Warning : IC on non-existent node - xdut.xx1.casc, ignored
   Please check line .ic v(xdut.fb)=1.0 v(xdut.sns1)=0.6 v(xdut.sns2)=0.6 v(vref)=1.2 v(xdut.ibias)=0.6 v(xdut.xx1.casc)=1.8

Note: Starting dynamic gmin stepping
Note: Dynamic gmin stepping completed
Note: Starting dynamic gmin stepping
Note: Dynamic gmin stepping completed
