
Note: Compatibility modes selected: hs a


Circuit: * psrr-dc @ tt_-40c_3.30v -- generated by sim/harness, do not edit

Doing analysis at TEMP = -40.000000 and TNOM = 27.000000

Using SPARSE 1.3 as Direct Linear Solver
 Reference value :  0.00000e+00
No. of Data Rows : 1
Doing analysis at TEMP = -40.000000 and TNOM = 27.000000

Using SPARSE 1.3 as Direct Linear Solver
 Reference value :  1.00000e-01
No. of Data Rows : 161
       * psrr-dc @ tt_-40c_3.30v -- generated by sim/harness, do not edit
       AC Analysis  Sat Aug  1 07:32:13  2026
--------------------------------------------------------------------------------
Index   frequency       psrr_db         
--------------------------------------------------------------------------------
0	1.0000000000e-01	1.4346624076e+02	
1	1.1220184543e-01	1.4346611551e+02	
2	1.2589254118e-01	1.4346595631e+02	
3	1.4125375446e-01	1.4346575650e+02	
4	1.5848931925e-01	1.4346550604e+02	
5	1.7782794100e-01	1.4346518924e+02	
6	1.9952623150e-01	1.4346479053e+02	
7	2.2387211386e-01	1.4346428943e+02	
8	2.5118864315e-01	1.4346365924e+02	
9	2.8183829313e-01	1.4346286468e+02	
10	3.1622776602e-01	1.4346186454e+02	
11	3.5481338923e-01	1.4346060729e+02	
12	3.9810717055e-01	1.4345902318e+02	
13	4.4668359215e-01	1.4345703006e+02	
14	5.0118723363e-01	1.4345452274e+02	
15	5.6234132519e-01	1.4345136852e+02	
16	6.3095734448e-01	1.4344739966e+02	
17	7.0794578438e-01	1.4344240945e+02	
18	7.9432823472e-01	1.4343613615e+02	
19	8.9125093813e-01	1.4342824897e+02	
20	1.0000000000e+00	1.4341834140e+02	
21	1.1220184543e+00	1.4340590081e+02	
22	1.2589254118e+00	1.4339028931e+02	
23	1.4125375446e+00	1.4337071429e+02	
24	1.5848931925e+00	1.4334619607e+02	
25	1.7782794100e+00	1.4331552455e+02	
26	1.9952623150e+00	1.4327721761e+02	
27	2.2387211386e+00	1.4322946688e+02	
28	2.5118864315e+00	1.4317009020e+02	
29	2.8183829313e+00	1.4309647444e+02	
30	3.1622776602e+00	1.4300553814e+02	
31	3.5481338923e+00	1.4289369816e+02	
32	3.9810717055e+00	1.4275687643e+02	
33	4.4668359215e+00	1.4259053906e+02	
34	5.0118723363e+00	1.4238980321e+02	
35	5.6234132519e+00	1.4214960874e+02	
36	6.3095734448e+00	1.4186496612e+02	
37	7.0794578438e+00	1.4153126822e+02	
38	7.9432823472e+00	1.4114463226e+02	
39	8.9125093813e+00	1.4070224007e+02	
40	1.0000000000e+01	1.4020259998e+02	
41	1.1220184543e+01	1.3964570379e+02	
42	1.2589254118e+01	1.3903302046e+02	
43	1.4125375446e+01	1.3836735226e+02	
44	1.5848931925e+01	1.3765256786e+02	
45	1.7782794100e+01	1.3689326644e+02	
46	1.9952623150e+01	1.3609443249e+02	
47	2.2387211386e+01	1.3526112422e+02	
48	2.5118864315e+01	1.3439822515e+02	
49	2.8183829313e+01	1.3353303880e+02	
50	3.1622776602e+01	1.3261993928e+02	
51	3.5481338923e+01	1.3169017852e+02	
52	3.9810717055e+01	1.3075881677e+02	
53	4.4668359215e+01	1.2980194680e+02	
54	5.0118723363e+01	1.2884426650e+02	

Index   frequency       psrr_db         
--------------------------------------------------------------------------------
55	5.6234132519e+01	1.2787656402e+02	
56	6.3095734448e+01	1.2690110402e+02	
57	7.0794578438e+01	1.2591964968e+02	
58	7.9432823472e+01	1.2493680418e+02	
59	8.9125093813e+01	1.2394914996e+02	
60	1.0000000000e+02	1.2295996696e+02	
61	1.1220184543e+02	1.2196894349e+02	
62	1.2589254118e+02	1.2097473146e+02	
63	1.4125375446e+02	1.1997927132e+02	
64	1.5848931925e+02	1.1898346752e+02	
65	1.7782794100e+02	1.1798692606e+02	
66	1.9952623150e+02	1.1698947934e+02	
67	2.2387211386e+02	1.1599132609e+02	
68	2.5118864315e+02	1.1499275971e+02	
69	2.8183829313e+02	1.1399405091e+02	
70	3.1622776602e+02	1.1299512498e+02	
71	3.5481338923e+02	1.1199588634e+02	
72	3.9810717055e+02	1.1099632941e+02	
73	4.4668359215e+02	1.0999646650e+02	
74	5.0118723363e+02	1.0899652396e+02	
75	5.6234132519e+02	1.0799645975e+02	
76	6.3095734448e+02	1.0699643407e+02	
77	7.0794578438e+02	1.0599671193e+02	
78	7.9432823472e+02	1.0499605051e+02	
79	8.9125093813e+02	1.0399534903e+02	
80	1.0000000000e+03	1.0299421204e+02	
81	1.1220184543e+03	1.0199277188e+02	
82	1.2589254118e+03	1.0099153851e+02	
83	1.4125375446e+03	9.9989406590e+01	
84	1.5848931925e+03	9.8986967546e+01	
85	1.7782794100e+03	9.7983644794e+01	
86	1.9952623150e+03	9.6979677280e+01	
87	2.2387211386e+03	9.5974570834e+01	
88	2.5118864315e+03	9.4967793552e+01	
89	2.8183829313e+03	9.3960017807e+01	
90	3.1622776602e+03	9.2949845711e+01	
91	3.5481338923e+03	9.1937487652e+01	
92	3.9810717055e+03	9.0921368879e+01	
93	4.4668359215e+03	8.9901530019e+01	
94	5.0118723363e+03	8.8876927889e+01	
95	5.6234132519e+03	8.7845705863e+01	
96	6.3095734448e+03	8.6807235815e+01	
97	7.0794578438e+03	8.5759679215e+01	
98	7.9432823472e+03	8.4700807739e+01	
99	8.9125093813e+03	8.3628601567e+01	
100	1.0000000000e+04	8.2540192084e+01	
101	1.1220184543e+04	8.1432100279e+01	
102	1.2589254118e+04	8.0301710626e+01	
103	1.4125375446e+04	7.9145230453e+01	
104	1.5848931925e+04	7.7958653414e+01	
105	1.7782794100e+04	7.6738308075e+01	
106	1.9952623150e+04	7.5480361233e+01	
107	2.2387211386e+04	7.4181030602e+01	
108	2.5118864315e+04	7.2837698384e+01	
109	2.8183829313e+04	7.1447844888e+01	
110	3.1622776602e+04	7.0010013662e+01	
111	3.5481338923e+04	6.8524140767e+01	
112	3.9810717055e+04	6.6991691243e+01	

Index   frequency       psrr_db         
--------------------------------------------------------------------------------
113	4.4668359215e+04	6.5415307706e+01	
114	5.0118723363e+04	6.3799322484e+01	
115	5.6234132519e+04	6.2149788555e+01	
116	6.3095734448e+04	6.0473482457e+01	
117	7.0794578438e+04	5.8778597633e+01	
118	7.9432823472e+04	5.7073605958e+01	
119	8.9125093813e+04	5.5367686314e+01	
120	1.0000000000e+05	5.3669948042e+01	
121	1.1220184543e+05	5.1989513393e+01	
122	1.2589254118e+05	5.0335159962e+01	
123	1.4125375446e+05	4.8714965963e+01	
124	1.5848931925e+05	4.7136018397e+01	
125	1.7782794100e+05	4.5604181067e+01	
126	1.9952623150e+05	4.4123834165e+01	
127	2.2387211386e+05	4.2697847507e+01	
128	2.5118864315e+05	4.1327548787e+01	
129	2.8183829313e+05	4.0013143077e+01	
130	3.1622776602e+05	3.8754182159e+01	
131	3.5481338923e+05	3.7550395856e+01	
132	3.9810717055e+05	3.6402809311e+01	
133	4.4668359215e+05	3.5315262609e+01	
134	5.0118723363e+05	3.4296520717e+01	
135	5.6234132519e+05	3.3362957831e+01	
136	6.3095734448e+05	3.2541555519e+01	
137	7.0794578438e+05	3.1871817864e+01	
138	7.9432823472e+05	3.1403433771e+01	
139	8.9125093813e+05	3.1184962513e+01	
140	1.0000000000e+06	3.1241017940e+01	
141	1.1220184543e+06	3.1543648718e+01	
142	1.2589254118e+06	3.1991701773e+01	
143	1.4125375446e+06	3.2412559295e+01	
144	1.5848931925e+06	3.2601875751e+01	
145	1.7782794100e+06	3.2408637935e+01	
146	1.9952623150e+06	3.1812917643e+01	
147	2.2387211386e+06	3.0911200410e+01	
148	2.5118864315e+06	2.9832229368e+01	
149	2.8183829313e+06	2.8676505106e+01	
150	3.1622776602e+06	2.7504720513e+01	
151	3.5481338923e+06	2.6348284732e+01	
152	3.9810717055e+06	2.5221295596e+01	
153	4.4668359215e+06	2.4128390256e+01	
154	5.0118723363e+06	2.3069051723e+01	
155	5.6234132519e+06	2.2039898464e+01	
156	6.3095734448e+06	2.1036052400e+01	
157	7.0794578438e+06	2.0052150889e+01	
158	7.9432823472e+06	1.9083206760e+01	
159	8.9125093813e+06	1.8125324215e+01	
160	1.0000000000e+07	1.7176213413e+01	
m_psrr_1hz_db = 1.4341834140e+02
m_psrr_1khz_db = 1.0299421204e+02
m_psrr_10hz_db = 1.4020259998e+02
m_psrr_100hz_db = 1.2295996696e+02
m_psrr_10khz_db = 8.2540192084e+01
m_psrr_100khz_db = 5.3669948042e+01
m_psrr_1mhz_db = 3.1241017940e+01
m_vref_op = 1.2221250342e+00
m_f_dc_hz = 1.0000000000e+00
m_f_band_edge_hz = 1.0000000000e+03
Note: Simulation executed from .control section 

Warning: m=xx on .subckt line will override multiplier m hierarchy!

Warning : IC on non-existent node - xdut.xx1.casc, ignored
   Please check line .ic v(xdut.fb)=1.0 v(xdut.sns1)=0.6 v(xdut.sns2)=0.6 v(vref)=1.2 v(xdut.ibias)=0.6 v(xdut.xx1.casc)=1.8

Note: Starting dynamic gmin stepping
Note: Dynamic gmin stepping completed
Note: Starting dynamic gmin stepping
Note: Dynamic gmin stepping completed
