
Note: Compatibility modes selected: hs a


Circuit: * psrr-dc @ tt_125c_3.63v -- generated by sim/harness, do not edit

Doing analysis at TEMP = 125.000000 and TNOM = 27.000000

Using SPARSE 1.3 as Direct Linear Solver
 Reference value :  0.00000e+00
No. of Data Rows : 1
Doing analysis at TEMP = 125.000000 and TNOM = 27.000000

Using SPARSE 1.3 as Direct Linear Solver

No. of Data Rows : 161
       * psrr-dc @ tt_125c_3.63v -- generated by sim/harness, do not edit
       AC Analysis  Sat Aug  1 07:32:19  2026
--------------------------------------------------------------------------------
Index   frequency       psrr_db         
--------------------------------------------------------------------------------
0	1.0000000000e-01	9.2589138129e+01	
1	1.1220184543e-01	9.2589138124e+01	
2	1.2589254118e-01	9.2589138118e+01	
3	1.4125375446e-01	9.2589138108e+01	
4	1.5848931925e-01	9.2589138098e+01	
5	1.7782794100e-01	9.2589138082e+01	
6	1.9952623150e-01	9.2589138067e+01	
7	2.2387211386e-01	9.2589138043e+01	
8	2.5118864315e-01	9.2589138014e+01	
9	2.8183829313e-01	9.2589137979e+01	
10	3.1622776602e-01	9.2589137936e+01	
11	3.5481338923e-01	9.2589137879e+01	
12	3.9810717055e-01	9.2589137809e+01	
13	4.4668359215e-01	9.2589137719e+01	
14	5.0118723363e-01	9.2589137608e+01	
15	5.6234132519e-01	9.2589137469e+01	
16	6.3095734448e-01	9.2589137289e+01	
17	7.0794578438e-01	9.2589137069e+01	
18	7.9432823472e-01	9.2589136786e+01	
19	8.9125093813e-01	9.2589136432e+01	
20	1.0000000000e+00	9.2589135987e+01	
21	1.1220184543e+00	9.2589135427e+01	
22	1.2589254118e+00	9.2589134724e+01	
23	1.4125375446e+00	9.2589133837e+01	
24	1.5848931925e+00	9.2589132721e+01	
25	1.7782794100e+00	9.2589131312e+01	
26	1.9952623150e+00	9.2589129541e+01	
27	2.2387211386e+00	9.2589127313e+01	
28	2.5118864315e+00	9.2589124505e+01	
29	2.8183829313e+00	9.2589120973e+01	
30	3.1622776602e+00	9.2589116525e+01	
31	3.5481338923e+00	9.2589110924e+01	
32	3.9810717055e+00	9.2589103874e+01	
33	4.4668359215e+00	9.2589094999e+01	
34	5.0118723363e+00	9.2589083828e+01	
35	5.6234132519e+00	9.2589069762e+01	
36	6.3095734448e+00	9.2589052053e+01	
37	7.0794578438e+00	9.2589029759e+01	
38	7.9432823472e+00	9.2589001695e+01	
39	8.9125093813e+00	9.2588966362e+01	
40	1.0000000000e+01	9.2588921882e+01	
41	1.1220184543e+01	9.2588865887e+01	
42	1.2589254118e+01	9.2588795394e+01	
43	1.4125375446e+01	9.2588706647e+01	
44	1.5848931925e+01	9.2588594925e+01	
45	1.7782794100e+01	9.2588454279e+01	
46	1.9952623150e+01	9.2588277222e+01	
47	2.2387211386e+01	9.2588054325e+01	
48	2.5118864315e+01	9.2588612979e+01	
49	2.8183829313e+01	9.2588259705e+01	
50	3.1622776602e+01	9.2587814989e+01	
51	3.5481338923e+01	9.2588094336e+01	
52	3.9810717055e+01	9.2587389555e+01	
53	4.4668359215e+01	9.2587341459e+01	
54	5.0118723363e+01	9.2587063653e+01	

Index   frequency       psrr_db         
--------------------------------------------------------------------------------
55	5.6234132519e+01	9.2586496721e+01	
56	6.3095734448e+01	9.2585565915e+01	
57	7.0794578438e+01	9.2585015845e+01	
58	7.9432823472e+01	9.2583889242e+01	
59	8.9125093813e+01	9.2582037276e+01	
60	1.0000000000e+02	9.2580948670e+01	
61	1.1220184543e+02	9.2578711088e+01	
62	1.2589254118e+02	9.2575865863e+01	
63	1.4125375446e+02	9.2571203745e+01	
64	1.5848931925e+02	9.2567601449e+01	
65	1.7782794100e+02	9.2561960249e+01	
66	1.9952623150e+02	9.2556044437e+01	
67	2.2387211386e+02	9.2548088279e+01	
68	2.5118864315e+02	9.2537759119e+01	
69	2.8183829313e+02	9.2524013926e+01	
70	3.1622776602e+02	9.2506685774e+01	
71	3.5481338923e+02	9.2486375062e+01	
72	3.9810717055e+02	9.2460224146e+01	
73	4.4668359215e+02	9.2427956663e+01	
74	5.0118723363e+02	9.2388803699e+01	
75	5.6234132519e+02	9.2334931223e+01	
76	6.3095734448e+02	9.2271643260e+01	
77	7.0794578438e+02	9.2192633262e+01	
78	7.9432823472e+02	9.2097156980e+01	
79	8.9125093813e+02	9.1982801072e+01	
80	1.0000000000e+03	9.1835082632e+01	
81	1.1220184543e+03	9.1661043119e+01	
82	1.2589254118e+03	9.1446549488e+01	
83	1.4125375446e+03	9.1195719746e+01	
84	1.5848931925e+03	9.0894592219e+01	
85	1.7782794100e+03	9.0543794809e+01	
86	1.9952623150e+03	9.0139480301e+01	
87	2.2387211386e+03	8.9678239384e+01	
88	2.5118864315e+03	8.9159834130e+01	
89	2.8183829313e+03	8.8580065736e+01	
90	3.1622776602e+03	8.7946425953e+01	
91	3.5481338923e+03	8.7256363380e+01	
92	3.9810717055e+03	8.6516818416e+01	
93	4.4668359215e+03	8.5727870834e+01	
94	5.0118723363e+03	8.4898135303e+01	
95	5.6234132519e+03	8.4029404040e+01	
96	6.3095734448e+03	8.3126222663e+01	
97	7.0794578438e+03	8.2190035744e+01	
98	7.9432823472e+03	8.1223912485e+01	
99	8.9125093813e+03	8.0229075820e+01	
100	1.0000000000e+04	7.9205435155e+01	
101	1.1220184543e+04	7.8153119544e+01	
102	1.2589254118e+04	7.7070970696e+01	
103	1.4125375446e+04	7.5956546383e+01	
104	1.5848931925e+04	7.4807957689e+01	
105	1.7782794100e+04	7.3622439835e+01	
106	1.9952623150e+04	7.2396354896e+01	
107	2.2387211386e+04	7.1128271836e+01	
108	2.5118864315e+04	6.9815471128e+01	
109	2.8183829313e+04	6.8457244114e+01	
110	3.1622776602e+04	6.7053816371e+01	
111	3.5481338923e+04	6.5607120386e+01	
112	3.9810717055e+04	6.4120835311e+01	

Index   frequency       psrr_db         
--------------------------------------------------------------------------------
113	4.4668359215e+04	6.2600567769e+01	
114	5.0118723363e+04	6.1053322730e+01	
115	5.6234132519e+04	5.9487846461e+01	
116	6.3095734448e+04	5.7913406043e+01	
117	7.0794578438e+04	5.6340103027e+01	
118	7.9432823472e+04	5.4777826799e+01	
119	8.9125093813e+04	5.3235860958e+01	
120	1.0000000000e+05	5.1722348912e+01	
121	1.1220184543e+05	5.0243922452e+01	
122	1.2589254118e+05	4.8805516943e+01	
123	1.4125375446e+05	4.7409968463e+01	
124	1.5848931925e+05	4.6058265936e+01	
125	1.7782794100e+05	4.4749555644e+01	
126	1.9952623150e+05	4.3481705890e+01	
127	2.2387211386e+05	4.2251683449e+01	
128	2.5118864315e+05	4.1056041104e+01	
129	2.8183829313e+05	3.9891623809e+01	
130	3.1622776602e+05	3.8756276427e+01	
131	3.5481338923e+05	3.7649806306e+01	
132	3.9810717055e+05	3.6575428468e+01	
133	4.4668359215e+05	3.5541884424e+01	
134	5.0118723363e+05	3.4566683990e+01	
135	5.6234132519e+05	3.3680302749e+01	
136	6.3095734448e+05	3.2930137140e+01	
137	7.0794578438e+05	3.2379721045e+01	
138	7.9432823472e+05	3.2094887002e+01	
139	8.9125093813e+05	3.2110536510e+01	
140	1.0000000000e+06	3.2388044448e+01	
141	1.1220184543e+06	3.2792962604e+01	
142	1.2589254118e+06	3.3119454358e+01	
143	1.4125375446e+06	3.3166350719e+01	
144	1.5848931925e+06	3.2832132447e+01	
145	1.7782794100e+06	3.2149518286e+01	
146	1.9952623150e+06	3.1227856675e+01	
147	2.2387211386e+06	3.0176737917e+01	
148	2.5118864315e+06	2.9072162353e+01	
149	2.8183829313e+06	2.7957498993e+01	
150	3.1622776602e+06	2.6854431289e+01	
151	3.5481338923e+06	2.5772254292e+01	
152	3.9810717055e+06	2.4713623125e+01	
153	4.4668359215e+06	2.3677734472e+01	
154	5.0118723363e+06	2.2662066912e+01	
155	5.6234132519e+06	2.1663397700e+01	
156	6.3095734448e+06	2.0678473993e+01	
157	7.0794578438e+06	1.9704499367e+01	
158	7.9432823472e+06	1.8739493368e+01	
159	8.9125093813e+06	1.7782529483e+01	
160	1.0000000000e+07	1.6833852075e+01	
m_psrr_1hz_db = 9.2589135987e+01
m_psrr_1khz_db = 9.1835082632e+01
m_psrr_10hz_db = 9.2588921882e+01
m_psrr_100hz_db = 9.2580948670e+01
m_psrr_10khz_db = 7.9205435155e+01
m_psrr_100khz_db = 5.1722348912e+01
m_psrr_1mhz_db = 3.2388044448e+01
m_vref_op = 1.2440701994e+00
m_f_dc_hz = 1.0000000000e+00
m_f_band_edge_hz = 1.0000000000e+03
Note: Simulation executed from .control section 

Warning: m=xx on .subckt line will override multiplier m hierarchy!

Warning : IC on non-existent node - xdut.xx1.casc, ignored
   Please check line .ic v(xdut.fb)=1.0 v(xdut.sns1)=0.6 v(xdut.sns2)=0.6 v(vref)=1.2 v(xdut.ibias)=0.6 v(xdut.xx1.casc)=1.8

Note: Starting dynamic gmin stepping
Note: Dynamic gmin stepping completed
Note: Starting dynamic gmin stepping
Note: Dynamic gmin stepping completed
