
Note: Compatibility modes selected: hs a


Circuit: * startup-extracted @ res_ff_125c_3.30v -- generated by sim/harness, do not edit

Doing analysis at TEMP = 125.000000 and TNOM = 27.000000

Using SPARSE 1.3 as Direct Linear Solver

Initial Transient Solution
--------------------------

Node                                   Voltage
----                                   -------
vdd                                          0
xtop.core_e3                      -2.16574e-19
xtop.core_e2                      -1.83557e-18
xtop.sns1                          6.47069e-19
xtop.fb                            1.75918e-17
xtop.ibias                         8.36771e-19
xtop.amp_nd1                        2.6268e-17
xtop.amp_ncasc                    -7.90624e-20
xtop.amp_n1                       -1.34136e-16
xtop.amp_nb1                        6.2178e-19
xtop.amp_n2                       -1.49024e-16
xtop.sns2                         -1.83557e-18
xtop.amp_tail                     -1.45067e-16
xtop.casc                         -1.66919e-19
xtop.startup_det                             0
xtop.amp_pbias                      8.8991e-22
xtop.amp_a3                        8.63209e-20
xtop.amp_a4                       -6.74585e-19
xtop.core_d4                       2.39614e-18
xtop.core_d1                       7.50144e-19
xtop.core_d2                      -2.84817e-18
vref                              -2.16579e-19
xtop.core_d3                        6.0263e-19
xtop.core_tn0                     -2.16578e-19
xtop.xr100.11                     -2.16578e-19
xtop.xr100.21                     -2.16578e-19
xtop.core_trim_u3_0               -2.16578e-19
xtop.xr101.11                     -2.16578e-19
xtop.xr101.21                     -2.16578e-19
xtop.core_trim_u3_1               -2.16578e-19
xtop.xr102.11                     -2.16578e-19
xtop.xr102.21                     -2.16578e-19
xtop.core_trim_u3_2               -2.16578e-19
xtop.xr103.11                     -2.16578e-19
xtop.xr103.21                     -2.16578e-19
xtop.core_trim_u3_3               -2.16578e-19
xtop.xr104.11                     -2.16578e-19
xtop.xr104.21                     -2.16578e-19
xtop.core_trim_u3_4               -2.16578e-19
xtop.xr105.11                     -2.16578e-19
xtop.xr105.21                     -2.16578e-19
xtop.core_trim_u3_5               -2.16578e-19
xtop.xr106.11                     -2.16578e-19
xtop.xr106.21                     -2.16578e-19
xtop.core_trim_u3_6               -2.16578e-19
xtop.xr107.11                     -2.16578e-19
xtop.xr107.21                     -2.16578e-19
xtop.xr108.11                     -2.16578e-19
xtop.xr108.21                     -2.16578e-19
xtop.core_trim_u4_0               -2.16578e-19
xtop.xr109.11                     -2.16578e-19
xtop.xr109.21                     -2.16578e-19
xtop.core_trim_u4_1               -2.16578e-19
xtop.xr110.11                     -2.16578e-19
xtop.xr110.21                     -2.16578e-19
xtop.core_trim_u4_2               -2.16578e-19
xtop.xr111.11                     -2.16578e-19
xtop.xr111.21                     -2.16578e-19
xtop.core_trim_u4_3               -2.16578e-19
xtop.xr112.11                     -2.16578e-19
xtop.xr112.21                     -2.16578e-19
xtop.core_trim_u4_4               -2.16578e-19
xtop.xr113.11                     -2.16578e-19
xtop.xr113.21                     -2.16578e-19
xtop.core_trim_u4_5               -2.16578e-19
xtop.xr114.11                     -2.16578e-19
xtop.xr114.21                     -2.16578e-19
xtop.core_trim_u4_6               -2.16578e-19
xtop.xr115.11                     -2.16578e-19
xtop.xr115.21                     -2.16578e-19
xtop.core_trim_u4_7               -2.16578e-19
xtop.xr116.11                     -2.16578e-19
xtop.xr116.21                     -2.16578e-19
xtop.core_trim_u4_8               -2.16578e-19
xtop.xr117.11                     -2.16578e-19
xtop.xr117.21                     -2.16578e-19
xtop.core_trim_u4_9               -2.16578e-19
xtop.xr118.11                     -2.16578e-19
xtop.xr118.21                     -2.16578e-19
xtop.core_trim_u4_10              -2.16578e-19
xtop.xr119.11                     -2.16578e-19
xtop.xr119.21                     -2.16578e-19
xtop.core_trim_u4_11              -2.16578e-19
xtop.xr120.11                     -2.16578e-19
xtop.xr120.21                     -2.16578e-19
xtop.core_trim_u4_12              -2.16578e-19
xtop.xr121.11                     -2.16578e-19
xtop.xr121.21                     -2.16578e-19
xtop.core_trim_u4_13              -2.16578e-19
xtop.xr122.11                     -2.16578e-19
xtop.xr122.21                     -2.16578e-19
xtop.core_trim_u4_14              -2.16578e-19
xtop.xr123.11                     -2.16578e-19
xtop.xr123.21                     -2.16578e-19
xtop.xr124.11                     -2.16579e-19
xtop.xr124.21                     -2.16579e-19
xtop.core_trim_u5_30              -2.16579e-19
xtop.xr125.11                     -2.16579e-19
xtop.xr125.21                     -2.16579e-19
xtop.core_trim_u5_29              -2.16579e-19
xtop.xr126.11                     -2.16579e-19
xtop.xr126.21                     -2.16579e-19
xtop.core_trim_u5_28              -2.16579e-19
xtop.xr127.11                     -2.16579e-19
xtop.xr127.21                     -2.16579e-19
xtop.core_trim_u5_27              -2.16579e-19
xtop.xr128.11                     -2.16579e-19
xtop.xr128.21                     -2.16579e-19
xtop.core_trim_u5_26              -2.16579e-19
xtop.xr129.11                     -2.16579e-19
xtop.xr129.21                     -2.16579e-19
xtop.core_trim_u5_25              -2.16579e-19
xtop.xr130.11                     -2.16579e-19
xtop.xr130.21                     -2.16579e-19
xtop.core_trim_u5_24              -2.16579e-19
xtop.xr131.11                     -2.16579e-19
xtop.xr131.21                     -2.16579e-19
xtop.core_trim_u5_23              -2.16579e-19
xtop.xr132.11                     -2.16579e-19
xtop.xr132.21                     -2.16579e-19
xtop.core_trim_u5_22              -2.16579e-19
xtop.xr133.11                     -2.16579e-19
xtop.xr133.21                     -2.16579e-19
xtop.core_trim_u5_21              -2.16579e-19
xtop.xr134.11                     -2.16579e-19
xtop.xr134.21                     -2.16579e-19
xtop.core_trim_u5_20              -2.16579e-19
xtop.xr135.11                     -2.16579e-19
xtop.xr135.21                     -2.16579e-19
xtop.core_trim_u5_19              -2.16579e-19
xtop.xr136.11                     -2.16579e-19
xtop.xr136.21                     -2.16579e-19
xtop.core_trim_u5_18              -2.16579e-19
xtop.xr137.11                     -2.16579e-19
xtop.xr137.21                     -2.16579e-19
xtop.core_trim_u5_17              -2.16579e-19
xtop.xr138.11                     -2.16579e-19
xtop.xr138.21                     -2.16579e-19
xtop.core_trim_u5_16              -2.16579e-19
xtop.xr139.11                     -2.16579e-19
xtop.xr139.21                     -2.16579e-19
xtop.core_trim_u5_15              -2.16579e-19
xtop.xr140.11                     -2.16579e-19
xtop.xr140.21                     -2.16579e-19
xtop.core_trim_u5_14              -2.16579e-19
xtop.xr141.11                     -2.16579e-19
xtop.xr141.21                     -2.16579e-19
xtop.core_trim_u5_13              -2.16579e-19
xtop.xr142.11                     -2.16579e-19
xtop.xr142.21                     -2.16579e-19
xtop.core_trim_u5_12              -2.16579e-19
xtop.xr143.11                     -2.16579e-19
xtop.xr143.21                     -2.16579e-19
xtop.core_trim_u5_11              -2.16579e-19
xtop.xr144.11                     -2.16579e-19
xtop.xr144.21                     -2.16578e-19
xtop.core_trim_u5_10              -2.16578e-19
xtop.xr145.11                     -2.16578e-19
xtop.xr145.21                     -2.16578e-19
xtop.core_trim_u5_9               -2.16578e-19
xtop.xr146.11                     -2.16578e-19
xtop.xr146.21                     -2.16578e-19
xtop.core_trim_u5_8               -2.16578e-19
xtop.xr147.11                     -2.16578e-19
xtop.xr147.21                     -2.16578e-19
xtop.core_trim_u5_7               -2.16578e-19
xtop.xr148.11                     -2.16578e-19
xtop.xr148.21                     -2.16578e-19
xtop.core_trim_u5_6               -2.16578e-19
xtop.xr149.11                     -2.16578e-19
xtop.xr149.21                     -2.16578e-19
xtop.core_trim_u5_5               -2.16578e-19
xtop.xr150.11                     -2.16578e-19
xtop.xr150.21                     -2.16578e-19
xtop.core_trim_u5_4               -2.16578e-19
xtop.xr151.11                     -2.16578e-19
xtop.xr151.21                     -2.16578e-19
xtop.core_trim_u5_3               -2.16578e-19
xtop.xr152.11                     -2.16578e-19
xtop.xr152.21                     -2.16578e-19
xtop.core_trim_u5_2               -2.16578e-19
xtop.xr153.11                     -2.16578e-19
xtop.xr153.21                     -2.16578e-19
xtop.core_trim_u5_1               -2.16578e-19
xtop.xr154.11                     -2.16578e-19
xtop.xr154.21                     -2.16578e-19
xtop.core_trim_u5_0               -2.16578e-19
xtop.xr155.11                     -2.16578e-19
xtop.xr155.21                     -2.16578e-19
xtop.xr91.11                      -1.83557e-18
xtop.xr91.21                      -1.83557e-18
xtop.xr92.11                      -2.16578e-19
xtop.xr92.21                      -2.16578e-19
xtop.xr93.11                      -2.16578e-19
xtop.xr93.21                      -2.16578e-19
xtop.core_trim_u1_0               -2.16578e-19
xtop.xr94.11                      -2.16578e-19
xtop.xr94.21                      -2.16578e-19
xtop.xr95.11                      -2.16574e-19
xtop.xr95.21                      -2.16578e-19
xtop.xr96.11                      -2.16578e-19
xtop.xr96.21                      -2.16578e-19
xtop.core_trim_u2_0               -2.16578e-19
xtop.xr97.11                      -2.16578e-19
xtop.xr97.21                      -2.16578e-19
xtop.core_trim_u2_1               -2.16578e-19
xtop.xr98.11                      -2.16578e-19
xtop.xr98.21                      -2.16578e-19
xtop.core_trim_u2_2               -2.16578e-19
xtop.xr99.11                      -2.16578e-19
xtop.xr99.21                      -2.16578e-19
xtop.xr156.11                                0
xtop.xr156.21                                0
xtop.amp_nd1__par                   2.6268e-17
xtop.amp_n2__par                  -1.49024e-16
xtop.fb__par                       1.75918e-17
xtop.amp_tail__par                -1.45067e-16
xtop.amp_a3__par                   8.63209e-20
xtop.amp_a4__par                  -6.74585e-19
xtop.core_d4__par                  2.39614e-18
xtop.core_d1__par                  7.50144e-19
xtop.sns1__par                     6.47069e-19
xtop.core_d2__par                 -2.84817e-18
xtop.sns2__par                    -1.83557e-18
xtop.core_d3__par                   6.0263e-19
xtop.core_e3__par                 -2.16574e-19
xtop.core_e2__par                 -1.83557e-18
xtop.ibias__par                    8.36771e-19
xtop.core_trim_u1_0__par          -2.16578e-19
xtop.core_trim_u2_0__par          -2.16578e-19
xtop.core_trim_u2_1__par          -2.16578e-19
xtop.core_trim_u2_2__par          -2.16578e-19
xtop.casc__par                    -1.66919e-19
xtop.core_trim_u3_0__par          -2.16578e-19
xtop.core_trim_u3_1__par          -2.16578e-19
xtop.core_trim_u3_2__par          -2.16578e-19
xtop.core_trim_u3_3__par          -2.16578e-19
xtop.core_trim_u3_4__par          -2.16578e-19
xtop.core_trim_u3_5__par          -2.16578e-19
xtop.core_trim_u3_6__par          -2.16578e-19
xtop.core_trim_u4_0__par          -2.16578e-19
xtop.core_trim_u4_1__par          -2.16578e-19
xtop.core_trim_u4_2__par          -2.16578e-19
xtop.startup_det__par                        0
xtop.core_trim_u4_3__par          -2.16578e-19
xtop.core_trim_u4_4__par          -2.16578e-19
xtop.core_trim_u4_5__par          -2.16578e-19
xtop.core_trim_u4_6__par          -2.16578e-19
xtop.core_trim_u4_7__par          -2.16578e-19
xtop.core_trim_u4_8__par          -2.16578e-19
xtop.core_trim_u4_9__par          -2.16578e-19
xtop.core_trim_u4_10__par         -2.16578e-19
xtop.core_trim_u4_11__par         -2.16578e-19
xtop.core_trim_u4_12__par         -2.16578e-19
xtop.amp_pbias__par                 8.8991e-22
xtop.core_trim_u4_13__par         -2.16578e-19
xtop.core_trim_u4_14__par         -2.16578e-19
xtop.core_tn0__par                -2.16578e-19
xtop.core_trim_u5_30__par         -2.16579e-19
xtop.core_trim_u5_29__par         -2.16579e-19
xtop.core_trim_u5_28__par         -2.16579e-19
xtop.core_trim_u5_27__par         -2.16579e-19
xtop.core_trim_u5_26__par         -2.16579e-19
xtop.core_trim_u5_25__par         -2.16579e-19
xtop.core_trim_u5_24__par         -2.16579e-19
xtop.amp_nb1__par                   6.2178e-19
xtop.core_trim_u5_23__par         -2.16579e-19
xtop.core_trim_u5_22__par         -2.16579e-19
xtop.core_trim_u5_21__par         -2.16579e-19
xtop.core_trim_u5_20__par         -2.16579e-19
xtop.core_trim_u5_19__par         -2.16579e-19
xtop.core_trim_u5_18__par         -2.16579e-19
xtop.core_trim_u5_17__par         -2.16579e-19
xtop.core_trim_u5_16__par         -2.16579e-19
xtop.core_trim_u5_15__par         -2.16579e-19
xtop.core_trim_u5_14__par         -2.16579e-19
xtop.amp_ncasc__par               -7.90624e-20
xtop.core_trim_u5_13__par         -2.16579e-19
xtop.core_trim_u5_12__par         -2.16579e-19
xtop.core_trim_u5_11__par         -2.16579e-19
xtop.core_trim_u5_10__par         -2.16578e-19
xtop.core_trim_u5_9__par          -2.16578e-19
xtop.core_trim_u5_8__par          -2.16578e-19
xtop.core_trim_u5_7__par          -2.16578e-19
xtop.core_trim_u5_6__par          -2.16578e-19
xtop.core_trim_u5_5__par          -2.16578e-19
xtop.core_trim_u5_4__par          -2.16578e-19
xtop.amp_n1__par                  -1.34136e-16
xtop.core_trim_u5_3__par          -2.16578e-19
xtop.core_trim_u5_2__par          -2.16578e-19
xtop.core_trim_u5_1__par          -2.16578e-19
xtop.core_trim_u5_0__par          -2.16578e-19
xtop.vdd__par                                0
xtop.vref__par                    -2.16579e-19
xtop.vss__par                                0
vsup#branch                        5.60535e-27

 Reference value :  0.00000e+00
 Reference value :  1.37957e-05
 Reference value :  1.67796e-04
 Reference value :  3.20796e-04
 Reference value :  4.83796e-04
 Reference value :  6.38796e-04
 Reference value :  7.96796e-04
 Reference value :  9.40796e-04
 Reference value :  1.08280e-03
 Reference value :  1.21780e-03
 Reference value :  1.35780e-03
 Reference value :  1.50980e-03
 Reference value :  1.67380e-03
 Reference value :  1.82080e-03
 Reference value :  1.95880e-03
 Reference value :  2.09680e-03
 Reference value :  2.23480e-03
 Reference value :  2.39180e-03
 Reference value :  2.55380e-03
 Reference value :  2.71680e-03
 Reference value :  2.88680e-03
No. of Data Rows : 3052
m_startup_time_s = 1.4795721850e-05
m_vref_final_v = 1.3364524834e+00
m_iq_total_final_ua = 4.1283904756e+01
m_det_final_v = 1.8263086874e-02
m_t0_s = 1.0000000000e-06
m_t_settle_s = 1.5795721850e-05
Note: Simulation executed from .control section 

Warning: m=xx on .subckt line will override multiplier m hierarchy!

