
Note: Compatibility modes selected: hs a


Circuit: * startup-extracted @ res_ss_-40c_3.63v -- generated by sim/harness, do not edit

Doing analysis at TEMP = -40.000000 and TNOM = 27.000000

Using SPARSE 1.3 as Direct Linear Solver

Initial Transient Solution
--------------------------

Node                                   Voltage
----                                   -------
vdd                                          0
xtop.core_e3                       4.29362e-51
xtop.core_e2                      -2.70574e-54
xtop.sns1                          2.46537e-56
xtop.fb                            7.08279e-22
xtop.ibias                         4.19944e-60
xtop.amp_nd1                      -3.17388e-18
xtop.amp_ncasc                      1.5393e-22
xtop.amp_n1                       -1.06666e-18
xtop.amp_nb1                       -3.0786e-22
xtop.amp_n2                        1.28759e-22
xtop.sns2                         -2.70574e-54
xtop.amp_tail                      1.35063e-18
xtop.casc                          4.54114e-53
xtop.startup_det                             0
xtop.amp_pbias                     1.01775e-72
xtop.amp_a3                       -2.00994e-21
xtop.amp_a4                        9.40577e-25
xtop.core_d4                      -1.17906e-58
xtop.core_d1                      -4.99921e-56
xtop.core_d2                       4.05611e-53
vref                               4.29362e-51
xtop.core_d3                      -1.00145e-51
xtop.core_tn0                      4.29362e-51
xtop.xr100.11                      4.29362e-51
xtop.xr100.21                      4.29362e-51
xtop.core_trim_u3_0                4.29362e-51
xtop.xr101.11                      4.29362e-51
xtop.xr101.21                      4.29362e-51
xtop.core_trim_u3_1                4.29362e-51
xtop.xr102.11                      4.29362e-51
xtop.xr102.21                      4.29362e-51
xtop.core_trim_u3_2                4.29362e-51
xtop.xr103.11                      4.29362e-51
xtop.xr103.21                      4.29362e-51
xtop.core_trim_u3_3                4.29362e-51
xtop.xr104.11                      4.29362e-51
xtop.xr104.21                      4.29362e-51
xtop.core_trim_u3_4                4.29362e-51
xtop.xr105.11                      4.29362e-51
xtop.xr105.21                      4.29362e-51
xtop.core_trim_u3_5                4.29362e-51
xtop.xr106.11                      4.29362e-51
xtop.xr106.21                      4.29362e-51
xtop.core_trim_u3_6                4.29362e-51
xtop.xr107.11                      4.29362e-51
xtop.xr107.21                      4.29362e-51
xtop.xr108.11                      4.29362e-51
xtop.xr108.21                      4.29362e-51
xtop.core_trim_u4_0                4.29362e-51
xtop.xr109.11                      4.29362e-51
xtop.xr109.21                      4.29362e-51
xtop.core_trim_u4_1                4.29362e-51
xtop.xr110.11                      4.29362e-51
xtop.xr110.21                      4.29362e-51
xtop.core_trim_u4_2                4.29362e-51
xtop.xr111.11                      4.29362e-51
xtop.xr111.21                      4.29362e-51
xtop.core_trim_u4_3                4.29362e-51
xtop.xr112.11                      4.29362e-51
xtop.xr112.21                      4.29362e-51
xtop.core_trim_u4_4                4.29362e-51
xtop.xr113.11                      4.29362e-51
xtop.xr113.21                      4.29362e-51
xtop.core_trim_u4_5                4.29362e-51
xtop.xr114.11                      4.29362e-51
xtop.xr114.21                      4.29362e-51
xtop.core_trim_u4_6                4.29362e-51
xtop.xr115.11                      4.29362e-51
xtop.xr115.21                      4.29362e-51
xtop.core_trim_u4_7                4.29362e-51
xtop.xr116.11                      4.29362e-51
xtop.xr116.21                      4.29362e-51
xtop.core_trim_u4_8                4.29362e-51
xtop.xr117.11                      4.29362e-51
xtop.xr117.21                      4.29362e-51
xtop.core_trim_u4_9                4.29362e-51
xtop.xr118.11                      4.29362e-51
xtop.xr118.21                      4.29362e-51
xtop.core_trim_u4_10               4.29362e-51
xtop.xr119.11                      4.29362e-51
xtop.xr119.21                      4.29362e-51
xtop.core_trim_u4_11               4.29362e-51
xtop.xr120.11                      4.29362e-51
xtop.xr120.21                      4.29362e-51
xtop.core_trim_u4_12               4.29362e-51
xtop.xr121.11                      4.29362e-51
xtop.xr121.21                      4.29362e-51
xtop.core_trim_u4_13               4.29362e-51
xtop.xr122.11                      4.29362e-51
xtop.xr122.21                      4.29362e-51
xtop.core_trim_u4_14               4.29362e-51
xtop.xr123.11                      4.29362e-51
xtop.xr123.21                      4.29362e-51
xtop.xr124.11                      4.29362e-51
xtop.xr124.21                      4.29362e-51
xtop.core_trim_u5_30               4.29362e-51
xtop.xr125.11                      4.29362e-51
xtop.xr125.21                      4.29362e-51
xtop.core_trim_u5_29               4.29362e-51
xtop.xr126.11                      4.29362e-51
xtop.xr126.21                      4.29362e-51
xtop.core_trim_u5_28               4.29362e-51
xtop.xr127.11                      4.29362e-51
xtop.xr127.21                      4.29362e-51
xtop.core_trim_u5_27               4.29362e-51
xtop.xr128.11                      4.29362e-51
xtop.xr128.21                      4.29362e-51
xtop.core_trim_u5_26               4.29362e-51
xtop.xr129.11                      4.29362e-51
xtop.xr129.21                      4.29362e-51
xtop.core_trim_u5_25               4.29362e-51
xtop.xr130.11                      4.29362e-51
xtop.xr130.21                      4.29362e-51
xtop.core_trim_u5_24               4.29362e-51
xtop.xr131.11                      4.29362e-51
xtop.xr131.21                      4.29362e-51
xtop.core_trim_u5_23               4.29362e-51
xtop.xr132.11                      4.29362e-51
xtop.xr132.21                      4.29362e-51
xtop.core_trim_u5_22               4.29362e-51
xtop.xr133.11                      4.29362e-51
xtop.xr133.21                      4.29362e-51
xtop.core_trim_u5_21               4.29362e-51
xtop.xr134.11                      4.29362e-51
xtop.xr134.21                      4.29362e-51
xtop.core_trim_u5_20               4.29362e-51
xtop.xr135.11                      4.29362e-51
xtop.xr135.21                      4.29362e-51
xtop.core_trim_u5_19               4.29362e-51
xtop.xr136.11                      4.29362e-51
xtop.xr136.21                      4.29362e-51
xtop.core_trim_u5_18               4.29362e-51
xtop.xr137.11                      4.29362e-51
xtop.xr137.21                      4.29362e-51
xtop.core_trim_u5_17               4.29362e-51
xtop.xr138.11                      4.29362e-51
xtop.xr138.21                      4.29362e-51
xtop.core_trim_u5_16               4.29362e-51
xtop.xr139.11                      4.29362e-51
xtop.xr139.21                      4.29362e-51
xtop.core_trim_u5_15               4.29362e-51
xtop.xr140.11                      4.29362e-51
xtop.xr140.21                      4.29362e-51
xtop.core_trim_u5_14               4.29362e-51
xtop.xr141.11                      4.29362e-51
xtop.xr141.21                      4.29362e-51
xtop.core_trim_u5_13               4.29362e-51
xtop.xr142.11                      4.29362e-51
xtop.xr142.21                      4.29362e-51
xtop.core_trim_u5_12               4.29362e-51
xtop.xr143.11                      4.29362e-51
xtop.xr143.21                      4.29362e-51
xtop.core_trim_u5_11               4.29362e-51
xtop.xr144.11                      4.29362e-51
xtop.xr144.21                      4.29362e-51
xtop.core_trim_u5_10               4.29362e-51
xtop.xr145.11                      4.29362e-51
xtop.xr145.21                      4.29362e-51
xtop.core_trim_u5_9                4.29362e-51
xtop.xr146.11                      4.29362e-51
xtop.xr146.21                      4.29362e-51
xtop.core_trim_u5_8                4.29362e-51
xtop.xr147.11                      4.29362e-51
xtop.xr147.21                      4.29362e-51
xtop.core_trim_u5_7                4.29362e-51
xtop.xr148.11                      4.29362e-51
xtop.xr148.21                      4.29362e-51
xtop.core_trim_u5_6                4.29362e-51
xtop.xr149.11                      4.29362e-51
xtop.xr149.21                      4.29362e-51
xtop.core_trim_u5_5                4.29362e-51
xtop.xr150.11                      4.29362e-51
xtop.xr150.21                      4.29362e-51
xtop.core_trim_u5_4                4.29362e-51
xtop.xr151.11                      4.29362e-51
xtop.xr151.21                      4.29362e-51
xtop.core_trim_u5_3                4.29362e-51
xtop.xr152.11                      4.29362e-51
xtop.xr152.21                      4.29362e-51
xtop.core_trim_u5_2                4.29362e-51
xtop.xr153.11                      4.29362e-51
xtop.xr153.21                      4.29362e-51
xtop.core_trim_u5_1                4.29362e-51
xtop.xr154.11                      4.29362e-51
xtop.xr154.21                      4.29362e-51
xtop.core_trim_u5_0                4.29362e-51
xtop.xr155.11                      4.29362e-51
xtop.xr155.21                      4.29362e-51
xtop.xr91.11                      -2.70574e-54
xtop.xr91.21                      -2.70574e-54
xtop.xr92.11                       4.29362e-51
xtop.xr92.21                       4.29362e-51
xtop.xr93.11                       4.29362e-51
xtop.xr93.21                       4.29362e-51
xtop.core_trim_u1_0                4.29362e-51
xtop.xr94.11                       4.29362e-51
xtop.xr94.21                       4.29362e-51
xtop.xr95.11                       4.29362e-51
xtop.xr95.21                       4.29362e-51
xtop.xr96.11                       4.29362e-51
xtop.xr96.21                       4.29362e-51
xtop.core_trim_u2_0                4.29362e-51
xtop.xr97.11                       4.29362e-51
xtop.xr97.21                       4.29362e-51
xtop.core_trim_u2_1                4.29362e-51
xtop.xr98.11                       4.29362e-51
xtop.xr98.21                       4.29362e-51
xtop.core_trim_u2_2                4.29362e-51
xtop.xr99.11                       4.29362e-51
xtop.xr99.21                       4.29362e-51
xtop.xr156.11                                0
xtop.xr156.21                                0
xtop.amp_nd1__par                 -3.17388e-18
xtop.amp_n2__par                   1.28759e-22
xtop.fb__par                       7.08279e-22
xtop.amp_tail__par                 1.35063e-18
xtop.amp_a3__par                  -2.00994e-21
xtop.amp_a4__par                   9.40577e-25
xtop.core_d4__par                 -1.17906e-58
xtop.core_d1__par                 -4.99921e-56
xtop.sns1__par                     2.46537e-56
xtop.core_d2__par                  4.05611e-53
xtop.sns2__par                    -2.70574e-54
xtop.core_d3__par                 -1.00145e-51
xtop.core_e3__par                  4.29362e-51
xtop.core_e2__par                 -2.70574e-54
xtop.ibias__par                    4.19944e-60
xtop.core_trim_u1_0__par           4.29362e-51
xtop.core_trim_u2_0__par           4.29362e-51
xtop.core_trim_u2_1__par           4.29362e-51
xtop.core_trim_u2_2__par           4.29362e-51
xtop.casc__par                     4.54114e-53
xtop.core_trim_u3_0__par           4.29362e-51
xtop.core_trim_u3_1__par           4.29362e-51
xtop.core_trim_u3_2__par           4.29362e-51
xtop.core_trim_u3_3__par           4.29362e-51
xtop.core_trim_u3_4__par           4.29362e-51
xtop.core_trim_u3_5__par           4.29362e-51
xtop.core_trim_u3_6__par           4.29362e-51
xtop.core_trim_u4_0__par           4.29362e-51
xtop.core_trim_u4_1__par           4.29362e-51
xtop.core_trim_u4_2__par           4.29362e-51
xtop.startup_det__par                        0
xtop.core_trim_u4_3__par           4.29362e-51
xtop.core_trim_u4_4__par           4.29362e-51
xtop.core_trim_u4_5__par           4.29362e-51
xtop.core_trim_u4_6__par           4.29362e-51
xtop.core_trim_u4_7__par           4.29362e-51
xtop.core_trim_u4_8__par           4.29362e-51
xtop.core_trim_u4_9__par           4.29362e-51
xtop.core_trim_u4_10__par          4.29362e-51
xtop.core_trim_u4_11__par          4.29362e-51
xtop.core_trim_u4_12__par          4.29362e-51
xtop.amp_pbias__par                1.01775e-72
xtop.core_trim_u4_13__par          4.29362e-51
xtop.core_trim_u4_14__par          4.29362e-51
xtop.core_tn0__par                 4.29362e-51
xtop.core_trim_u5_30__par          4.29362e-51
xtop.core_trim_u5_29__par          4.29362e-51
xtop.core_trim_u5_28__par          4.29362e-51
xtop.core_trim_u5_27__par          4.29362e-51
xtop.core_trim_u5_26__par          4.29362e-51
xtop.core_trim_u5_25__par          4.29362e-51
xtop.core_trim_u5_24__par          4.29362e-51
xtop.amp_nb1__par                  -3.0786e-22
xtop.core_trim_u5_23__par          4.29362e-51
xtop.core_trim_u5_22__par          4.29362e-51
xtop.core_trim_u5_21__par          4.29362e-51
xtop.core_trim_u5_20__par          4.29362e-51
xtop.core_trim_u5_19__par          4.29362e-51
xtop.core_trim_u5_18__par          4.29362e-51
xtop.core_trim_u5_17__par          4.29362e-51
xtop.core_trim_u5_16__par          4.29362e-51
xtop.core_trim_u5_15__par          4.29362e-51
xtop.core_trim_u5_14__par          4.29362e-51
xtop.amp_ncasc__par                 1.5393e-22
xtop.core_trim_u5_13__par          4.29362e-51
xtop.core_trim_u5_12__par          4.29362e-51
xtop.core_trim_u5_11__par          4.29362e-51
xtop.core_trim_u5_10__par          4.29362e-51
xtop.core_trim_u5_9__par           4.29362e-51
xtop.core_trim_u5_8__par           4.29362e-51
xtop.core_trim_u5_7__par           4.29362e-51
xtop.core_trim_u5_6__par           4.29362e-51
xtop.core_trim_u5_5__par           4.29362e-51
xtop.core_trim_u5_4__par           4.29362e-51
xtop.amp_n1__par                  -1.06666e-18
xtop.core_trim_u5_3__par           4.29362e-51
xtop.core_trim_u5_2__par           4.29362e-51
xtop.core_trim_u5_1__par           4.29362e-51
xtop.core_trim_u5_0__par           4.29362e-51
xtop.vdd__par                                0
xtop.vref__par                     4.29362e-51
xtop.vss__par                                0
vsup#branch                       -5.95161e-30

 Reference value :  0.00000e+00
 Reference value :  7.49156e-06
 Reference value :  9.94846e-05
 Reference value :  2.75485e-04
 Reference value :  4.34485e-04
 Reference value :  5.79485e-04
 Reference value :  7.49485e-04
 Reference value :  9.21485e-04
 Reference value :  1.07748e-03
 Reference value :  1.23148e-03
 Reference value :  1.39148e-03
 Reference value :  1.56148e-03
 Reference value :  1.71148e-03
 Reference value :  1.86448e-03
 Reference value :  2.02648e-03
 Reference value :  2.19048e-03
 Reference value :  2.35248e-03
 Reference value :  2.51248e-03
 Reference value :  2.65948e-03
 Reference value :  2.80648e-03
 Reference value :  2.94748e-03
No. of Data Rows : 3078
m_startup_time_s = 9.5622073911e-06
m_vref_final_v = 1.2724574281e+00
m_iq_total_final_ua = 1.8746258573e+01
m_det_final_v = 1.3036483207e-02
m_t0_s = 9.6666476232e-07
m_t_settle_s = 1.0528872153e-05
Note: Simulation executed from .control section 

Warning: m=xx on .subckt line will override multiplier m hierarchy!

