
Note: Compatibility modes selected: hs a


Circuit: * startup-extracted @ sf_-40c_3.30v -- generated by sim/harness, do not edit

Doing analysis at TEMP = -40.000000 and TNOM = 27.000000

Using SPARSE 1.3 as Direct Linear Solver

Initial Transient Solution
--------------------------

Node                                   Voltage
----                                   -------
vdd                                          0
xtop.core_e3                      -8.68772e-36
xtop.core_e2                      -6.04945e-36
xtop.sns1                          -1.7944e-33
xtop.fb                           -4.49701e-21
xtop.ibias                           6.878e-23
xtop.amp_nd1                      -2.78067e-21
xtop.amp_ncasc                    -4.85367e-22
xtop.amp_n1                        2.08447e-22
xtop.amp_nb1                        -9.062e-24
xtop.amp_n2                        1.80142e-22
xtop.sns2                         -6.04945e-36
xtop.amp_tail                     -2.05095e-22
xtop.casc                         -1.25296e-23
xtop.startup_det                             0
xtop.amp_pbias                     1.20892e-72
xtop.amp_a3                       -1.32591e-20
xtop.amp_a4                       -2.57033e-20
xtop.core_d4                      -1.37542e-22
xtop.core_d1                       1.31552e-33
xtop.core_d2                        1.4319e-35
vref                              -8.68772e-36
xtop.core_d3                       4.93545e-36
xtop.core_tn0                     -8.68772e-36
xtop.xr100.11                     -8.68772e-36
xtop.xr100.21                     -8.68772e-36
xtop.core_trim_u3_0               -8.68772e-36
xtop.xr101.11                     -8.68772e-36
xtop.xr101.21                     -8.68772e-36
xtop.core_trim_u3_1               -8.68772e-36
xtop.xr102.11                     -8.68772e-36
xtop.xr102.21                     -8.68772e-36
xtop.core_trim_u3_2               -8.68772e-36
xtop.xr103.11                     -8.68772e-36
xtop.xr103.21                     -8.68772e-36
xtop.core_trim_u3_3               -8.68772e-36
xtop.xr104.11                     -8.68772e-36
xtop.xr104.21                     -8.68772e-36
xtop.core_trim_u3_4               -8.68772e-36
xtop.xr105.11                     -8.68772e-36
xtop.xr105.21                     -8.68772e-36
xtop.core_trim_u3_5               -8.68772e-36
xtop.xr106.11                     -8.68772e-36
xtop.xr106.21                     -8.68772e-36
xtop.core_trim_u3_6               -8.68772e-36
xtop.xr107.11                     -8.68772e-36
xtop.xr107.21                     -8.68772e-36
xtop.xr108.11                     -8.68772e-36
xtop.xr108.21                     -8.68772e-36
xtop.core_trim_u4_0               -8.68772e-36
xtop.xr109.11                     -8.68772e-36
xtop.xr109.21                     -8.68772e-36
xtop.core_trim_u4_1               -8.68772e-36
xtop.xr110.11                     -8.68772e-36
xtop.xr110.21                     -8.68772e-36
xtop.core_trim_u4_2               -8.68772e-36
xtop.xr111.11                     -8.68772e-36
xtop.xr111.21                     -8.68772e-36
xtop.core_trim_u4_3               -8.68772e-36
xtop.xr112.11                     -8.68772e-36
xtop.xr112.21                     -8.68772e-36
xtop.core_trim_u4_4               -8.68772e-36
xtop.xr113.11                     -8.68772e-36
xtop.xr113.21                     -8.68772e-36
xtop.core_trim_u4_5               -8.68772e-36
xtop.xr114.11                     -8.68772e-36
xtop.xr114.21                     -8.68772e-36
xtop.core_trim_u4_6               -8.68772e-36
xtop.xr115.11                     -8.68772e-36
xtop.xr115.21                     -8.68772e-36
xtop.core_trim_u4_7               -8.68772e-36
xtop.xr116.11                     -8.68772e-36
xtop.xr116.21                     -8.68772e-36
xtop.core_trim_u4_8               -8.68772e-36
xtop.xr117.11                     -8.68772e-36
xtop.xr117.21                     -8.68772e-36
xtop.core_trim_u4_9               -8.68772e-36
xtop.xr118.11                     -8.68772e-36
xtop.xr118.21                     -8.68772e-36
xtop.core_trim_u4_10              -8.68772e-36
xtop.xr119.11                     -8.68772e-36
xtop.xr119.21                     -8.68772e-36
xtop.core_trim_u4_11              -8.68772e-36
xtop.xr120.11                     -8.68772e-36
xtop.xr120.21                     -8.68772e-36
xtop.core_trim_u4_12              -8.68772e-36
xtop.xr121.11                     -8.68772e-36
xtop.xr121.21                     -8.68772e-36
xtop.core_trim_u4_13              -8.68772e-36
xtop.xr122.11                     -8.68772e-36
xtop.xr122.21                     -8.68772e-36
xtop.core_trim_u4_14              -8.68772e-36
xtop.xr123.11                     -8.68772e-36
xtop.xr123.21                     -8.68772e-36
xtop.xr124.11                     -8.68772e-36
xtop.xr124.21                     -8.68772e-36
xtop.core_trim_u5_30              -8.68772e-36
xtop.xr125.11                     -8.68772e-36
xtop.xr125.21                     -8.68772e-36
xtop.core_trim_u5_29              -8.68772e-36
xtop.xr126.11                     -8.68772e-36
xtop.xr126.21                     -8.68772e-36
xtop.core_trim_u5_28              -8.68772e-36
xtop.xr127.11                     -8.68772e-36
xtop.xr127.21                     -8.68772e-36
xtop.core_trim_u5_27              -8.68772e-36
xtop.xr128.11                     -8.68772e-36
xtop.xr128.21                     -8.68772e-36
xtop.core_trim_u5_26              -8.68772e-36
xtop.xr129.11                     -8.68772e-36
xtop.xr129.21                     -8.68772e-36
xtop.core_trim_u5_25              -8.68772e-36
xtop.xr130.11                     -8.68772e-36
xtop.xr130.21                     -8.68772e-36
xtop.core_trim_u5_24              -8.68772e-36
xtop.xr131.11                     -8.68772e-36
xtop.xr131.21                     -8.68772e-36
xtop.core_trim_u5_23              -8.68772e-36
xtop.xr132.11                     -8.68772e-36
xtop.xr132.21                     -8.68772e-36
xtop.core_trim_u5_22              -8.68772e-36
xtop.xr133.11                     -8.68772e-36
xtop.xr133.21                     -8.68772e-36
xtop.core_trim_u5_21              -8.68772e-36
xtop.xr134.11                     -8.68772e-36
xtop.xr134.21                     -8.68772e-36
xtop.core_trim_u5_20              -8.68772e-36
xtop.xr135.11                     -8.68772e-36
xtop.xr135.21                     -8.68772e-36
xtop.core_trim_u5_19              -8.68772e-36
xtop.xr136.11                     -8.68772e-36
xtop.xr136.21                     -8.68772e-36
xtop.core_trim_u5_18              -8.68772e-36
xtop.xr137.11                     -8.68772e-36
xtop.xr137.21                     -8.68772e-36
xtop.core_trim_u5_17              -8.68772e-36
xtop.xr138.11                     -8.68772e-36
xtop.xr138.21                     -8.68772e-36
xtop.core_trim_u5_16              -8.68772e-36
xtop.xr139.11                     -8.68772e-36
xtop.xr139.21                     -8.68772e-36
xtop.core_trim_u5_15              -8.68772e-36
xtop.xr140.11                     -8.68772e-36
xtop.xr140.21                     -8.68772e-36
xtop.core_trim_u5_14              -8.68772e-36
xtop.xr141.11                     -8.68772e-36
xtop.xr141.21                     -8.68772e-36
xtop.core_trim_u5_13              -8.68772e-36
xtop.xr142.11                     -8.68772e-36
xtop.xr142.21                     -8.68772e-36
xtop.core_trim_u5_12              -8.68772e-36
xtop.xr143.11                     -8.68772e-36
xtop.xr143.21                     -8.68772e-36
xtop.core_trim_u5_11              -8.68772e-36
xtop.xr144.11                     -8.68772e-36
xtop.xr144.21                     -8.68772e-36
xtop.core_trim_u5_10              -8.68772e-36
xtop.xr145.11                     -8.68772e-36
xtop.xr145.21                     -8.68772e-36
xtop.core_trim_u5_9               -8.68772e-36
xtop.xr146.11                     -8.68772e-36
xtop.xr146.21                     -8.68772e-36
xtop.core_trim_u5_8               -8.68772e-36
xtop.xr147.11                     -8.68772e-36
xtop.xr147.21                     -8.68772e-36
xtop.core_trim_u5_7               -8.68772e-36
xtop.xr148.11                     -8.68772e-36
xtop.xr148.21                     -8.68772e-36
xtop.core_trim_u5_6               -8.68772e-36
xtop.xr149.11                     -8.68772e-36
xtop.xr149.21                     -8.68772e-36
xtop.core_trim_u5_5               -8.68772e-36
xtop.xr150.11                     -8.68772e-36
xtop.xr150.21                     -8.68772e-36
xtop.core_trim_u5_4               -8.68772e-36
xtop.xr151.11                     -8.68772e-36
xtop.xr151.21                     -8.68772e-36
xtop.core_trim_u5_3               -8.68772e-36
xtop.xr152.11                     -8.68772e-36
xtop.xr152.21                     -8.68772e-36
xtop.core_trim_u5_2               -8.68772e-36
xtop.xr153.11                     -8.68772e-36
xtop.xr153.21                     -8.68772e-36
xtop.core_trim_u5_1               -8.68772e-36
xtop.xr154.11                     -8.68772e-36
xtop.xr154.21                     -8.68772e-36
xtop.core_trim_u5_0               -8.68772e-36
xtop.xr155.11                     -8.68772e-36
xtop.xr155.21                     -8.68772e-36
xtop.xr91.11                      -6.04945e-36
xtop.xr91.21                      -6.04945e-36
xtop.xr92.11                      -8.68772e-36
xtop.xr92.21                      -8.68772e-36
xtop.xr93.11                      -8.68772e-36
xtop.xr93.21                      -8.68772e-36
xtop.core_trim_u1_0               -8.68772e-36
xtop.xr94.11                      -8.68772e-36
xtop.xr94.21                      -8.68772e-36
xtop.xr95.11                      -8.68772e-36
xtop.xr95.21                      -8.68772e-36
xtop.xr96.11                      -8.68772e-36
xtop.xr96.21                      -8.68772e-36
xtop.core_trim_u2_0               -8.68772e-36
xtop.xr97.11                      -8.68772e-36
xtop.xr97.21                      -8.68772e-36
xtop.core_trim_u2_1               -8.68772e-36
xtop.xr98.11                      -8.68772e-36
xtop.xr98.21                      -8.68772e-36
xtop.core_trim_u2_2               -8.68772e-36
xtop.xr99.11                      -8.68772e-36
xtop.xr99.21                      -8.68772e-36
xtop.xr156.11                                0
xtop.xr156.21                                0
xtop.amp_nd1__par                 -2.78067e-21
xtop.amp_n2__par                   1.80142e-22
xtop.fb__par                      -4.49701e-21
xtop.amp_tail__par                -2.05095e-22
xtop.amp_a3__par                  -1.32591e-20
xtop.amp_a4__par                  -2.57033e-20
xtop.core_d4__par                 -1.37542e-22
xtop.core_d1__par                  1.31552e-33
xtop.sns1__par                     -1.7944e-33
xtop.core_d2__par                   1.4319e-35
xtop.sns2__par                    -6.04945e-36
xtop.core_d3__par                  4.93545e-36
xtop.core_e3__par                 -8.68772e-36
xtop.core_e2__par                 -6.04945e-36
xtop.ibias__par                      6.878e-23
xtop.core_trim_u1_0__par          -8.68772e-36
xtop.core_trim_u2_0__par          -8.68772e-36
xtop.core_trim_u2_1__par          -8.68772e-36
xtop.core_trim_u2_2__par          -8.68772e-36
xtop.casc__par                    -1.25296e-23
xtop.core_trim_u3_0__par          -8.68772e-36
xtop.core_trim_u3_1__par          -8.68772e-36
xtop.core_trim_u3_2__par          -8.68772e-36
xtop.core_trim_u3_3__par          -8.68772e-36
xtop.core_trim_u3_4__par          -8.68772e-36
xtop.core_trim_u3_5__par          -8.68772e-36
xtop.core_trim_u3_6__par          -8.68772e-36
xtop.core_trim_u4_0__par          -8.68772e-36
xtop.core_trim_u4_1__par          -8.68772e-36
xtop.core_trim_u4_2__par          -8.68772e-36
xtop.startup_det__par                        0
xtop.core_trim_u4_3__par          -8.68772e-36
xtop.core_trim_u4_4__par          -8.68772e-36
xtop.core_trim_u4_5__par          -8.68772e-36
xtop.core_trim_u4_6__par          -8.68772e-36
xtop.core_trim_u4_7__par          -8.68772e-36
xtop.core_trim_u4_8__par          -8.68772e-36
xtop.core_trim_u4_9__par          -8.68772e-36
xtop.core_trim_u4_10__par         -8.68772e-36
xtop.core_trim_u4_11__par         -8.68772e-36
xtop.core_trim_u4_12__par         -8.68772e-36
xtop.amp_pbias__par                1.20892e-72
xtop.core_trim_u4_13__par         -8.68772e-36
xtop.core_trim_u4_14__par         -8.68772e-36
xtop.core_tn0__par                -8.68772e-36
xtop.core_trim_u5_30__par         -8.68772e-36
xtop.core_trim_u5_29__par         -8.68772e-36
xtop.core_trim_u5_28__par         -8.68772e-36
xtop.core_trim_u5_27__par         -8.68772e-36
xtop.core_trim_u5_26__par         -8.68772e-36
xtop.core_trim_u5_25__par         -8.68772e-36
xtop.core_trim_u5_24__par         -8.68772e-36
xtop.amp_nb1__par                   -9.062e-24
xtop.core_trim_u5_23__par         -8.68772e-36
xtop.core_trim_u5_22__par         -8.68772e-36
xtop.core_trim_u5_21__par         -8.68772e-36
xtop.core_trim_u5_20__par         -8.68772e-36
xtop.core_trim_u5_19__par         -8.68772e-36
xtop.core_trim_u5_18__par         -8.68772e-36
xtop.core_trim_u5_17__par         -8.68772e-36
xtop.core_trim_u5_16__par         -8.68772e-36
xtop.core_trim_u5_15__par         -8.68772e-36
xtop.core_trim_u5_14__par         -8.68772e-36
xtop.amp_ncasc__par               -4.85367e-22
xtop.core_trim_u5_13__par         -8.68772e-36
xtop.core_trim_u5_12__par         -8.68772e-36
xtop.core_trim_u5_11__par         -8.68772e-36
xtop.core_trim_u5_10__par         -8.68772e-36
xtop.core_trim_u5_9__par          -8.68772e-36
xtop.core_trim_u5_8__par          -8.68772e-36
xtop.core_trim_u5_7__par          -8.68772e-36
xtop.core_trim_u5_6__par          -8.68772e-36
xtop.core_trim_u5_5__par          -8.68772e-36
xtop.core_trim_u5_4__par          -8.68772e-36
xtop.amp_n1__par                   2.08447e-22
xtop.core_trim_u5_3__par          -8.68772e-36
xtop.core_trim_u5_2__par          -8.68772e-36
xtop.core_trim_u5_1__par          -8.68772e-36
xtop.core_trim_u5_0__par          -8.68772e-36
xtop.vdd__par                                0
xtop.vref__par                    -8.68772e-36
xtop.vss__par                                0
vsup#branch                        1.93065e-32

 Reference value :  0.00000e+00
 Reference value :  6.94262e-06
 Reference value :  1.04032e-04
 Reference value :  2.65032e-04
 Reference value :  4.22032e-04
 Reference value :  5.81032e-04
 Reference value :  7.50032e-04
 Reference value :  9.05032e-04
 Reference value :  1.06503e-03
 Reference value :  1.27603e-03
 Reference value :  1.45503e-03
 Reference value :  1.61203e-03
 Reference value :  1.75503e-03
 Reference value :  1.89303e-03
 Reference value :  2.02703e-03
 Reference value :  2.16203e-03
 Reference value :  2.29903e-03
 Reference value :  2.43703e-03
 Reference value :  2.57403e-03
 Reference value :  2.71103e-03
 Reference value :  2.84703e-03
No. of Data Rows : 3080
m_startup_time_s = 8.6627722125e-06
m_vref_final_v = 1.2773023583e+00
m_iq_total_final_ua = 2.0633411173e+01
m_det_final_v = 1.2635852360e-02
m_t0_s = 1.0000000000e-06
m_t_settle_s = 9.6627722125e-06
Note: Simulation executed from .control section 

Warning: m=xx on .subckt line will override multiplier m hierarchy!

