
Note: Compatibility modes selected: hs a


Circuit: * startup-extracted @ ss_27c_3.63v -- generated by sim/harness, do not edit

Doing analysis at TEMP = 27.000000 and TNOM = 27.000000

Using SPARSE 1.3 as Direct Linear Solver

Initial Transient Solution
--------------------------

Node                                   Voltage
----                                   -------
vdd                                          0
xtop.core_e3                      -7.24227e-26
xtop.core_e2                      -1.16048e-15
xtop.sns1                         -1.76627e-22
xtop.fb                            3.68159e-16
xtop.ibias                        -2.60582e-25
xtop.amp_nd1                       1.48002e-14
xtop.amp_ncasc                     7.66553e-60
xtop.amp_n1                       -1.20131e-13
xtop.amp_nb1                      -1.24403e-59
xtop.amp_n2                        3.48423e-14
xtop.sns2                         -1.16048e-15
xtop.amp_tail                      4.50278e-14
xtop.casc                         -7.18598e-26
xtop.startup_det                  2.13032e-214
xtop.amp_pbias                    -8.41317e-33
xtop.amp_a3                        2.46312e-18
xtop.amp_a4                         7.8148e-20
xtop.core_d4                      -1.89345e-27
xtop.core_d1                       5.98871e-22
xtop.core_d2                       3.45424e-15
vref                              -7.24227e-26
xtop.core_d3                      -9.02266e-27
xtop.core_tn0                     -7.24227e-26
xtop.xr100.11                     -7.24227e-26
xtop.xr100.21                     -7.24227e-26
xtop.core_trim_u3_0               -7.24227e-26
xtop.xr101.11                     -7.24227e-26
xtop.xr101.21                     -7.24227e-26
xtop.core_trim_u3_1               -7.24227e-26
xtop.xr102.11                     -7.24227e-26
xtop.xr102.21                     -7.24227e-26
xtop.core_trim_u3_2               -7.24227e-26
xtop.xr103.11                     -7.24227e-26
xtop.xr103.21                     -7.24227e-26
xtop.core_trim_u3_3               -7.24227e-26
xtop.xr104.11                     -7.24227e-26
xtop.xr104.21                     -7.24227e-26
xtop.core_trim_u3_4               -7.24227e-26
xtop.xr105.11                     -7.24227e-26
xtop.xr105.21                     -7.24227e-26
xtop.core_trim_u3_5               -7.24227e-26
xtop.xr106.11                     -7.24227e-26
xtop.xr106.21                     -7.24227e-26
xtop.core_trim_u3_6               -7.24227e-26
xtop.xr107.11                     -7.24227e-26
xtop.xr107.21                     -7.24227e-26
xtop.xr108.11                     -7.24227e-26
xtop.xr108.21                     -7.24227e-26
xtop.core_trim_u4_0               -7.24227e-26
xtop.xr109.11                     -7.24227e-26
xtop.xr109.21                     -7.24227e-26
xtop.core_trim_u4_1               -7.24227e-26
xtop.xr110.11                     -7.24227e-26
xtop.xr110.21                     -7.24227e-26
xtop.core_trim_u4_2               -7.24227e-26
xtop.xr111.11                     -7.24227e-26
xtop.xr111.21                     -7.24227e-26
xtop.core_trim_u4_3               -7.24227e-26
xtop.xr112.11                     -7.24227e-26
xtop.xr112.21                     -7.24227e-26
xtop.core_trim_u4_4               -7.24227e-26
xtop.xr113.11                     -7.24227e-26
xtop.xr113.21                     -7.24227e-26
xtop.core_trim_u4_5               -7.24227e-26
xtop.xr114.11                     -7.24227e-26
xtop.xr114.21                     -7.24227e-26
xtop.core_trim_u4_6               -7.24227e-26
xtop.xr115.11                     -7.24227e-26
xtop.xr115.21                     -7.24227e-26
xtop.core_trim_u4_7               -7.24227e-26
xtop.xr116.11                     -7.24227e-26
xtop.xr116.21                     -7.24227e-26
xtop.core_trim_u4_8               -7.24227e-26
xtop.xr117.11                     -7.24227e-26
xtop.xr117.21                     -7.24227e-26
xtop.core_trim_u4_9               -7.24227e-26
xtop.xr118.11                     -7.24227e-26
xtop.xr118.21                     -7.24227e-26
xtop.core_trim_u4_10              -7.24227e-26
xtop.xr119.11                     -7.24227e-26
xtop.xr119.21                     -7.24227e-26
xtop.core_trim_u4_11              -7.24227e-26
xtop.xr120.11                     -7.24227e-26
xtop.xr120.21                     -7.24227e-26
xtop.core_trim_u4_12              -7.24227e-26
xtop.xr121.11                     -7.24227e-26
xtop.xr121.21                     -7.24227e-26
xtop.core_trim_u4_13              -7.24227e-26
xtop.xr122.11                     -7.24227e-26
xtop.xr122.21                     -7.24227e-26
xtop.core_trim_u4_14              -7.24227e-26
xtop.xr123.11                     -7.24227e-26
xtop.xr123.21                     -7.24227e-26
xtop.xr124.11                     -7.24227e-26
xtop.xr124.21                     -7.24227e-26
xtop.core_trim_u5_30              -7.24227e-26
xtop.xr125.11                     -7.24227e-26
xtop.xr125.21                     -7.24227e-26
xtop.core_trim_u5_29              -7.24227e-26
xtop.xr126.11                     -7.24227e-26
xtop.xr126.21                     -7.24227e-26
xtop.core_trim_u5_28              -7.24227e-26
xtop.xr127.11                     -7.24227e-26
xtop.xr127.21                     -7.24227e-26
xtop.core_trim_u5_27              -7.24227e-26
xtop.xr128.11                     -7.24227e-26
xtop.xr128.21                     -7.24227e-26
xtop.core_trim_u5_26              -7.24227e-26
xtop.xr129.11                     -7.24227e-26
xtop.xr129.21                     -7.24227e-26
xtop.core_trim_u5_25              -7.24227e-26
xtop.xr130.11                     -7.24227e-26
xtop.xr130.21                     -7.24227e-26
xtop.core_trim_u5_24              -7.24227e-26
xtop.xr131.11                     -7.24227e-26
xtop.xr131.21                     -7.24227e-26
xtop.core_trim_u5_23              -7.24227e-26
xtop.xr132.11                     -7.24227e-26
xtop.xr132.21                     -7.24227e-26
xtop.core_trim_u5_22              -7.24227e-26
xtop.xr133.11                     -7.24227e-26
xtop.xr133.21                     -7.24227e-26
xtop.core_trim_u5_21              -7.24227e-26
xtop.xr134.11                     -7.24227e-26
xtop.xr134.21                     -7.24227e-26
xtop.core_trim_u5_20              -7.24227e-26
xtop.xr135.11                     -7.24227e-26
xtop.xr135.21                     -7.24227e-26
xtop.core_trim_u5_19              -7.24227e-26
xtop.xr136.11                     -7.24227e-26
xtop.xr136.21                     -7.24227e-26
xtop.core_trim_u5_18              -7.24227e-26
xtop.xr137.11                     -7.24227e-26
xtop.xr137.21                     -7.24227e-26
xtop.core_trim_u5_17              -7.24227e-26
xtop.xr138.11                     -7.24227e-26
xtop.xr138.21                     -7.24227e-26
xtop.core_trim_u5_16              -7.24227e-26
xtop.xr139.11                     -7.24227e-26
xtop.xr139.21                     -7.24227e-26
xtop.core_trim_u5_15              -7.24227e-26
xtop.xr140.11                     -7.24227e-26
xtop.xr140.21                     -7.24227e-26
xtop.core_trim_u5_14              -7.24227e-26
xtop.xr141.11                     -7.24227e-26
xtop.xr141.21                     -7.24227e-26
xtop.core_trim_u5_13              -7.24227e-26
xtop.xr142.11                     -7.24227e-26
xtop.xr142.21                     -7.24227e-26
xtop.core_trim_u5_12              -7.24227e-26
xtop.xr143.11                     -7.24227e-26
xtop.xr143.21                     -7.24227e-26
xtop.core_trim_u5_11              -7.24227e-26
xtop.xr144.11                     -7.24227e-26
xtop.xr144.21                     -7.24227e-26
xtop.core_trim_u5_10              -7.24227e-26
xtop.xr145.11                     -7.24227e-26
xtop.xr145.21                     -7.24227e-26
xtop.core_trim_u5_9               -7.24227e-26
xtop.xr146.11                     -7.24227e-26
xtop.xr146.21                     -7.24227e-26
xtop.core_trim_u5_8               -7.24227e-26
xtop.xr147.11                     -7.24227e-26
xtop.xr147.21                     -7.24227e-26
xtop.core_trim_u5_7               -7.24227e-26
xtop.xr148.11                     -7.24227e-26
xtop.xr148.21                     -7.24227e-26
xtop.core_trim_u5_6               -7.24227e-26
xtop.xr149.11                     -7.24227e-26
xtop.xr149.21                     -7.24227e-26
xtop.core_trim_u5_5               -7.24227e-26
xtop.xr150.11                     -7.24227e-26
xtop.xr150.21                     -7.24227e-26
xtop.core_trim_u5_4               -7.24227e-26
xtop.xr151.11                     -7.24227e-26
xtop.xr151.21                     -7.24227e-26
xtop.core_trim_u5_3               -7.24227e-26
xtop.xr152.11                     -7.24227e-26
xtop.xr152.21                     -7.24227e-26
xtop.core_trim_u5_2               -7.24227e-26
xtop.xr153.11                     -7.24227e-26
xtop.xr153.21                     -7.24227e-26
xtop.core_trim_u5_1               -7.24227e-26
xtop.xr154.11                     -7.24227e-26
xtop.xr154.21                     -7.24227e-26
xtop.core_trim_u5_0               -7.24227e-26
xtop.xr155.11                     -7.24227e-26
xtop.xr155.21                     -7.24227e-26
xtop.xr91.11                      -1.16048e-15
xtop.xr91.21                      -1.16048e-15
xtop.xr92.11                      -7.24227e-26
xtop.xr92.21                      -7.24227e-26
xtop.xr93.11                      -7.24227e-26
xtop.xr93.21                      -7.24227e-26
xtop.core_trim_u1_0               -7.24227e-26
xtop.xr94.11                      -7.24227e-26
xtop.xr94.21                      -7.24227e-26
xtop.xr95.11                      -7.24227e-26
xtop.xr95.21                      -7.24227e-26
xtop.xr96.11                      -7.24227e-26
xtop.xr96.21                      -7.24227e-26
xtop.core_trim_u2_0               -7.24227e-26
xtop.xr97.11                      -7.24227e-26
xtop.xr97.21                      -7.24227e-26
xtop.core_trim_u2_1               -7.24227e-26
xtop.xr98.11                      -7.24227e-26
xtop.xr98.21                      -7.24227e-26
xtop.core_trim_u2_2               -7.24227e-26
xtop.xr99.11                      -7.24227e-26
xtop.xr99.21                      -7.24227e-26
xtop.xr156.11                     2.13032e-214
xtop.xr156.21                    -1.98801e-224
xtop.amp_nd1__par                  1.48002e-14
xtop.amp_n2__par                   3.48423e-14
xtop.fb__par                       3.68159e-16
xtop.amp_tail__par                 4.50278e-14
xtop.amp_a3__par                   2.46312e-18
xtop.amp_a4__par                    7.8148e-20
xtop.core_d4__par                 -1.89345e-27
xtop.core_d1__par                  5.98871e-22
xtop.sns1__par                    -1.76627e-22
xtop.core_d2__par                  3.45424e-15
xtop.sns2__par                    -1.16048e-15
xtop.core_d3__par                 -9.02266e-27
xtop.core_e3__par                 -7.24227e-26
xtop.core_e2__par                 -1.16048e-15
xtop.ibias__par                   -2.60582e-25
xtop.core_trim_u1_0__par          -7.24227e-26
xtop.core_trim_u2_0__par          -7.24227e-26
xtop.core_trim_u2_1__par          -7.24227e-26
xtop.core_trim_u2_2__par          -7.24227e-26
xtop.casc__par                    -7.18598e-26
xtop.core_trim_u3_0__par          -7.24227e-26
xtop.core_trim_u3_1__par          -7.24227e-26
xtop.core_trim_u3_2__par          -7.24227e-26
xtop.core_trim_u3_3__par          -7.24227e-26
xtop.core_trim_u3_4__par          -7.24227e-26
xtop.core_trim_u3_5__par          -7.24227e-26
xtop.core_trim_u3_6__par          -7.24227e-26
xtop.core_trim_u4_0__par          -7.24227e-26
xtop.core_trim_u4_1__par          -7.24227e-26
xtop.core_trim_u4_2__par          -7.24227e-26
xtop.startup_det__par             2.13032e-214
xtop.core_trim_u4_3__par          -7.24227e-26
xtop.core_trim_u4_4__par          -7.24227e-26
xtop.core_trim_u4_5__par          -7.24227e-26
xtop.core_trim_u4_6__par          -7.24227e-26
xtop.core_trim_u4_7__par          -7.24227e-26
xtop.core_trim_u4_8__par          -7.24227e-26
xtop.core_trim_u4_9__par          -7.24227e-26
xtop.core_trim_u4_10__par         -7.24227e-26
xtop.core_trim_u4_11__par         -7.24227e-26
xtop.core_trim_u4_12__par         -7.24227e-26
xtop.amp_pbias__par               -8.41317e-33
xtop.core_trim_u4_13__par         -7.24227e-26
xtop.core_trim_u4_14__par         -7.24227e-26
xtop.core_tn0__par                -7.24227e-26
xtop.core_trim_u5_30__par         -7.24227e-26
xtop.core_trim_u5_29__par         -7.24227e-26
xtop.core_trim_u5_28__par         -7.24227e-26
xtop.core_trim_u5_27__par         -7.24227e-26
xtop.core_trim_u5_26__par         -7.24227e-26
xtop.core_trim_u5_25__par         -7.24227e-26
xtop.core_trim_u5_24__par         -7.24227e-26
xtop.amp_nb1__par                 -1.24403e-59
xtop.core_trim_u5_23__par         -7.24227e-26
xtop.core_trim_u5_22__par         -7.24227e-26
xtop.core_trim_u5_21__par         -7.24227e-26
xtop.core_trim_u5_20__par         -7.24227e-26
xtop.core_trim_u5_19__par         -7.24227e-26
xtop.core_trim_u5_18__par         -7.24227e-26
xtop.core_trim_u5_17__par         -7.24227e-26
xtop.core_trim_u5_16__par         -7.24227e-26
xtop.core_trim_u5_15__par         -7.24227e-26
xtop.core_trim_u5_14__par         -7.24227e-26
xtop.amp_ncasc__par                7.66553e-60
xtop.core_trim_u5_13__par         -7.24227e-26
xtop.core_trim_u5_12__par         -7.24227e-26
xtop.core_trim_u5_11__par         -7.24227e-26
xtop.core_trim_u5_10__par         -7.24227e-26
xtop.core_trim_u5_9__par          -7.24227e-26
xtop.core_trim_u5_8__par          -7.24227e-26
xtop.core_trim_u5_7__par          -7.24227e-26
xtop.core_trim_u5_6__par          -7.24227e-26
xtop.core_trim_u5_5__par          -7.24227e-26
xtop.core_trim_u5_4__par          -7.24227e-26
xtop.amp_n1__par                  -1.20131e-13
xtop.core_trim_u5_3__par          -7.24227e-26
xtop.core_trim_u5_2__par          -7.24227e-26
xtop.core_trim_u5_1__par          -7.24227e-26
xtop.core_trim_u5_0__par          -7.24227e-26
xtop.vdd__par                                0
xtop.vref__par                    -7.24227e-26
xtop.vss__par                                0
vsup#branch                        3.65001e-26

 Reference value :  0.00000e+00
 Reference value :  8.52184e-06
 Reference value :  7.95703e-05
 Reference value :  2.15570e-04
 Reference value :  3.54570e-04
 Reference value :  5.01570e-04
 Reference value :  6.52570e-04
 Reference value :  7.89570e-04
 Reference value :  9.30570e-04
 Reference value :  1.06757e-03
 Reference value :  1.20057e-03
 Reference value :  1.33457e-03
 Reference value :  1.47657e-03
 Reference value :  1.64957e-03
 Reference value :  1.86757e-03
 Reference value :  1.99557e-03
 Reference value :  2.13257e-03
 Reference value :  2.29057e-03
 Reference value :  2.45457e-03
 Reference value :  2.62057e-03
 Reference value :  2.76957e-03
 Reference value :  2.93857e-03
No. of Data Rows : 3070
m_startup_time_s = 1.3570320522e-05
m_vref_final_v = 1.3020705766e+00
m_iq_total_final_ua = 2.2558424246e+01
m_det_final_v = 1.5259910607e-02
m_t0_s = 1.0000000000e-06
m_t_settle_s = 1.4570320522e-05
Note: Simulation executed from .control section 

Warning: m=xx on .subckt line will override multiplier m hierarchy!

