
Note: Compatibility modes selected: hs a


Circuit: * startup-extracted @ tt_-40c_3.30v -- generated by sim/harness, do not edit

Doing analysis at TEMP = -40.000000 and TNOM = 27.000000

Using SPARSE 1.3 as Direct Linear Solver

Initial Transient Solution
--------------------------

Node                                   Voltage
----                                   -------
vdd                                          0
xtop.core_e3                      -3.91298e-25
xtop.core_e2                       2.52736e-28
xtop.sns1                          3.68045e-28
xtop.fb                             6.5459e-17
xtop.ibias                         8.82197e-31
xtop.amp_nd1                       8.23097e-17
xtop.amp_ncasc                      1.5393e-22
xtop.amp_n1                        2.43085e-15
xtop.amp_nb1                       -3.0786e-22
xtop.amp_n2                        2.43099e-15
xtop.sns2                          2.52736e-28
xtop.amp_tail                     -2.96864e-15
xtop.casc                          1.89474e-28
xtop.startup_det                  4.35465e-220
xtop.amp_pbias                    -2.38946e-37
xtop.amp_a3                       -9.29545e-21
xtop.amp_a4                       -9.87862e-21
xtop.core_d4                       -4.2219e-28
xtop.core_d1                      -1.26813e-27
xtop.core_d2                       3.52184e-27
vref                              -3.91298e-25
xtop.core_d3                      -1.51331e-24
xtop.core_tn0                     -3.91298e-25
xtop.xr100.11                     -3.91298e-25
xtop.xr100.21                     -3.91298e-25
xtop.core_trim_u3_0               -3.91298e-25
xtop.xr101.11                     -3.91298e-25
xtop.xr101.21                     -3.91298e-25
xtop.core_trim_u3_1               -3.91298e-25
xtop.xr102.11                     -3.91298e-25
xtop.xr102.21                     -3.91298e-25
xtop.core_trim_u3_2               -3.91298e-25
xtop.xr103.11                     -3.91298e-25
xtop.xr103.21                     -3.91298e-25
xtop.core_trim_u3_3               -3.91298e-25
xtop.xr104.11                     -3.91298e-25
xtop.xr104.21                     -3.91298e-25
xtop.core_trim_u3_4               -3.91298e-25
xtop.xr105.11                     -3.91298e-25
xtop.xr105.21                     -3.91298e-25
xtop.core_trim_u3_5               -3.91298e-25
xtop.xr106.11                     -3.91298e-25
xtop.xr106.21                     -3.91298e-25
xtop.core_trim_u3_6               -3.91298e-25
xtop.xr107.11                     -3.91298e-25
xtop.xr107.21                     -3.91298e-25
xtop.xr108.11                     -3.91298e-25
xtop.xr108.21                     -3.91298e-25
xtop.core_trim_u4_0               -3.91298e-25
xtop.xr109.11                     -3.91298e-25
xtop.xr109.21                     -3.91298e-25
xtop.core_trim_u4_1               -3.91298e-25
xtop.xr110.11                     -3.91298e-25
xtop.xr110.21                     -3.91298e-25
xtop.core_trim_u4_2               -3.91298e-25
xtop.xr111.11                     -3.91298e-25
xtop.xr111.21                     -3.91298e-25
xtop.core_trim_u4_3               -3.91298e-25
xtop.xr112.11                     -3.91298e-25
xtop.xr112.21                     -3.91298e-25
xtop.core_trim_u4_4               -3.91298e-25
xtop.xr113.11                     -3.91298e-25
xtop.xr113.21                     -3.91298e-25
xtop.core_trim_u4_5               -3.91298e-25
xtop.xr114.11                     -3.91298e-25
xtop.xr114.21                     -3.91298e-25
xtop.core_trim_u4_6               -3.91298e-25
xtop.xr115.11                     -3.91298e-25
xtop.xr115.21                     -3.91298e-25
xtop.core_trim_u4_7               -3.91298e-25
xtop.xr116.11                     -3.91298e-25
xtop.xr116.21                     -3.91298e-25
xtop.core_trim_u4_8               -3.91298e-25
xtop.xr117.11                     -3.91298e-25
xtop.xr117.21                     -3.91298e-25
xtop.core_trim_u4_9               -3.91298e-25
xtop.xr118.11                     -3.91298e-25
xtop.xr118.21                     -3.91298e-25
xtop.core_trim_u4_10              -3.91298e-25
xtop.xr119.11                     -3.91298e-25
xtop.xr119.21                     -3.91298e-25
xtop.core_trim_u4_11              -3.91298e-25
xtop.xr120.11                     -3.91298e-25
xtop.xr120.21                     -3.91298e-25
xtop.core_trim_u4_12              -3.91298e-25
xtop.xr121.11                     -3.91298e-25
xtop.xr121.21                     -3.91298e-25
xtop.core_trim_u4_13              -3.91298e-25
xtop.xr122.11                     -3.91298e-25
xtop.xr122.21                     -3.91298e-25
xtop.core_trim_u4_14              -3.91298e-25
xtop.xr123.11                     -3.91298e-25
xtop.xr123.21                     -3.91298e-25
xtop.xr124.11                     -3.91298e-25
xtop.xr124.21                     -3.91298e-25
xtop.core_trim_u5_30              -3.91298e-25
xtop.xr125.11                     -3.91298e-25
xtop.xr125.21                     -3.91298e-25
xtop.core_trim_u5_29              -3.91298e-25
xtop.xr126.11                     -3.91298e-25
xtop.xr126.21                     -3.91298e-25
xtop.core_trim_u5_28              -3.91298e-25
xtop.xr127.11                     -3.91298e-25
xtop.xr127.21                     -3.91298e-25
xtop.core_trim_u5_27              -3.91298e-25
xtop.xr128.11                     -3.91298e-25
xtop.xr128.21                     -3.91298e-25
xtop.core_trim_u5_26              -3.91298e-25
xtop.xr129.11                     -3.91298e-25
xtop.xr129.21                     -3.91298e-25
xtop.core_trim_u5_25              -3.91298e-25
xtop.xr130.11                     -3.91298e-25
xtop.xr130.21                     -3.91298e-25
xtop.core_trim_u5_24              -3.91298e-25
xtop.xr131.11                     -3.91298e-25
xtop.xr131.21                     -3.91298e-25
xtop.core_trim_u5_23              -3.91298e-25
xtop.xr132.11                     -3.91298e-25
xtop.xr132.21                     -3.91298e-25
xtop.core_trim_u5_22              -3.91298e-25
xtop.xr133.11                     -3.91298e-25
xtop.xr133.21                     -3.91298e-25
xtop.core_trim_u5_21              -3.91298e-25
xtop.xr134.11                     -3.91298e-25
xtop.xr134.21                     -3.91298e-25
xtop.core_trim_u5_20              -3.91298e-25
xtop.xr135.11                     -3.91298e-25
xtop.xr135.21                     -3.91298e-25
xtop.core_trim_u5_19              -3.91298e-25
xtop.xr136.11                     -3.91298e-25
xtop.xr136.21                     -3.91298e-25
xtop.core_trim_u5_18              -3.91298e-25
xtop.xr137.11                     -3.91298e-25
xtop.xr137.21                     -3.91298e-25
xtop.core_trim_u5_17              -3.91298e-25
xtop.xr138.11                     -3.91298e-25
xtop.xr138.21                     -3.91298e-25
xtop.core_trim_u5_16              -3.91298e-25
xtop.xr139.11                     -3.91298e-25
xtop.xr139.21                     -3.91298e-25
xtop.core_trim_u5_15              -3.91298e-25
xtop.xr140.11                     -3.91298e-25
xtop.xr140.21                     -3.91298e-25
xtop.core_trim_u5_14              -3.91298e-25
xtop.xr141.11                     -3.91298e-25
xtop.xr141.21                     -3.91298e-25
xtop.core_trim_u5_13              -3.91298e-25
xtop.xr142.11                     -3.91298e-25
xtop.xr142.21                     -3.91298e-25
xtop.core_trim_u5_12              -3.91298e-25
xtop.xr143.11                     -3.91298e-25
xtop.xr143.21                     -3.91298e-25
xtop.core_trim_u5_11              -3.91298e-25
xtop.xr144.11                     -3.91298e-25
xtop.xr144.21                     -3.91298e-25
xtop.core_trim_u5_10              -3.91298e-25
xtop.xr145.11                     -3.91298e-25
xtop.xr145.21                     -3.91298e-25
xtop.core_trim_u5_9               -3.91298e-25
xtop.xr146.11                     -3.91298e-25
xtop.xr146.21                     -3.91298e-25
xtop.core_trim_u5_8               -3.91298e-25
xtop.xr147.11                     -3.91298e-25
xtop.xr147.21                     -3.91298e-25
xtop.core_trim_u5_7               -3.91298e-25
xtop.xr148.11                     -3.91298e-25
xtop.xr148.21                     -3.91298e-25
xtop.core_trim_u5_6               -3.91298e-25
xtop.xr149.11                     -3.91298e-25
xtop.xr149.21                     -3.91298e-25
xtop.core_trim_u5_5               -3.91298e-25
xtop.xr150.11                     -3.91298e-25
xtop.xr150.21                     -3.91298e-25
xtop.core_trim_u5_4               -3.91298e-25
xtop.xr151.11                     -3.91298e-25
xtop.xr151.21                     -3.91298e-25
xtop.core_trim_u5_3               -3.91298e-25
xtop.xr152.11                     -3.91298e-25
xtop.xr152.21                     -3.91298e-25
xtop.core_trim_u5_2               -3.91298e-25
xtop.xr153.11                     -3.91298e-25
xtop.xr153.21                     -3.91298e-25
xtop.core_trim_u5_1               -3.91298e-25
xtop.xr154.11                     -3.91298e-25
xtop.xr154.21                     -3.91298e-25
xtop.core_trim_u5_0               -3.91298e-25
xtop.xr155.11                     -3.91298e-25
xtop.xr155.21                     -3.91298e-25
xtop.xr91.11                       2.52736e-28
xtop.xr91.21                       2.52736e-28
xtop.xr92.11                      -3.91298e-25
xtop.xr92.21                      -3.91298e-25
xtop.xr93.11                      -3.91298e-25
xtop.xr93.21                      -3.91298e-25
xtop.core_trim_u1_0               -3.91298e-25
xtop.xr94.11                      -3.91298e-25
xtop.xr94.21                      -3.91298e-25
xtop.xr95.11                      -3.91298e-25
xtop.xr95.21                      -3.91298e-25
xtop.xr96.11                      -3.91298e-25
xtop.xr96.21                      -3.91298e-25
xtop.core_trim_u2_0               -3.91298e-25
xtop.xr97.11                      -3.91298e-25
xtop.xr97.21                      -3.91298e-25
xtop.core_trim_u2_1               -3.91298e-25
xtop.xr98.11                      -3.91298e-25
xtop.xr98.21                      -3.91298e-25
xtop.core_trim_u2_2               -3.91298e-25
xtop.xr99.11                      -3.91298e-25
xtop.xr99.21                      -3.91298e-25
xtop.xr156.11                     4.35465e-220
xtop.xr156.21                    -6.40735e-230
xtop.amp_nd1__par                  8.23097e-17
xtop.amp_n2__par                   2.43099e-15
xtop.fb__par                        6.5459e-17
xtop.amp_tail__par                -2.96864e-15
xtop.amp_a3__par                  -9.29545e-21
xtop.amp_a4__par                  -9.87862e-21
xtop.core_d4__par                  -4.2219e-28
xtop.core_d1__par                 -1.26813e-27
xtop.sns1__par                     3.68045e-28
xtop.core_d2__par                  3.52184e-27
xtop.sns2__par                     2.52736e-28
xtop.core_d3__par                 -1.51331e-24
xtop.core_e3__par                 -3.91298e-25
xtop.core_e2__par                  2.52736e-28
xtop.ibias__par                    8.82197e-31
xtop.core_trim_u1_0__par          -3.91298e-25
xtop.core_trim_u2_0__par          -3.91298e-25
xtop.core_trim_u2_1__par          -3.91298e-25
xtop.core_trim_u2_2__par          -3.91298e-25
xtop.casc__par                     1.89474e-28
xtop.core_trim_u3_0__par          -3.91298e-25
xtop.core_trim_u3_1__par          -3.91298e-25
xtop.core_trim_u3_2__par          -3.91298e-25
xtop.core_trim_u3_3__par          -3.91298e-25
xtop.core_trim_u3_4__par          -3.91298e-25
xtop.core_trim_u3_5__par          -3.91298e-25
xtop.core_trim_u3_6__par          -3.91298e-25
xtop.core_trim_u4_0__par          -3.91298e-25
xtop.core_trim_u4_1__par          -3.91298e-25
xtop.core_trim_u4_2__par          -3.91298e-25
xtop.startup_det__par             4.35465e-220
xtop.core_trim_u4_3__par          -3.91298e-25
xtop.core_trim_u4_4__par          -3.91298e-25
xtop.core_trim_u4_5__par          -3.91298e-25
xtop.core_trim_u4_6__par          -3.91298e-25
xtop.core_trim_u4_7__par          -3.91298e-25
xtop.core_trim_u4_8__par          -3.91298e-25
xtop.core_trim_u4_9__par          -3.91298e-25
xtop.core_trim_u4_10__par         -3.91298e-25
xtop.core_trim_u4_11__par         -3.91298e-25
xtop.core_trim_u4_12__par         -3.91298e-25
xtop.amp_pbias__par               -2.38946e-37
xtop.core_trim_u4_13__par         -3.91298e-25
xtop.core_trim_u4_14__par         -3.91298e-25
xtop.core_tn0__par                -3.91298e-25
xtop.core_trim_u5_30__par         -3.91298e-25
xtop.core_trim_u5_29__par         -3.91298e-25
xtop.core_trim_u5_28__par         -3.91298e-25
xtop.core_trim_u5_27__par         -3.91298e-25
xtop.core_trim_u5_26__par         -3.91298e-25
xtop.core_trim_u5_25__par         -3.91298e-25
xtop.core_trim_u5_24__par         -3.91298e-25
xtop.amp_nb1__par                  -3.0786e-22
xtop.core_trim_u5_23__par         -3.91298e-25
xtop.core_trim_u5_22__par         -3.91298e-25
xtop.core_trim_u5_21__par         -3.91298e-25
xtop.core_trim_u5_20__par         -3.91298e-25
xtop.core_trim_u5_19__par         -3.91298e-25
xtop.core_trim_u5_18__par         -3.91298e-25
xtop.core_trim_u5_17__par         -3.91298e-25
xtop.core_trim_u5_16__par         -3.91298e-25
xtop.core_trim_u5_15__par         -3.91298e-25
xtop.core_trim_u5_14__par         -3.91298e-25
xtop.amp_ncasc__par                 1.5393e-22
xtop.core_trim_u5_13__par         -3.91298e-25
xtop.core_trim_u5_12__par         -3.91298e-25
xtop.core_trim_u5_11__par         -3.91298e-25
xtop.core_trim_u5_10__par         -3.91298e-25
xtop.core_trim_u5_9__par          -3.91298e-25
xtop.core_trim_u5_8__par          -3.91298e-25
xtop.core_trim_u5_7__par          -3.91298e-25
xtop.core_trim_u5_6__par          -3.91298e-25
xtop.core_trim_u5_5__par          -3.91298e-25
xtop.core_trim_u5_4__par          -3.91298e-25
xtop.amp_n1__par                   2.43085e-15
xtop.core_trim_u5_3__par          -3.91298e-25
xtop.core_trim_u5_2__par          -3.91298e-25
xtop.core_trim_u5_1__par          -3.91298e-25
xtop.core_trim_u5_0__par          -3.91298e-25
xtop.vdd__par                                0
xtop.vref__par                    -3.91298e-25
xtop.vss__par                                0
vsup#branch                        2.96219e-28

 Reference value :  0.00000e+00
 Reference value :  7.79609e-06
 Reference value :  9.10547e-05
 Reference value :  2.55055e-04
 Reference value :  4.01055e-04
 Reference value :  5.45055e-04
 Reference value :  6.93055e-04
 Reference value :  8.42055e-04
 Reference value :  9.94055e-04
 Reference value :  1.15105e-03
 Reference value :  1.29905e-03
 Reference value :  1.44005e-03
 Reference value :  1.59405e-03
 Reference value :  1.72805e-03
 Reference value :  1.86105e-03
 Reference value :  1.99205e-03
 Reference value :  2.12905e-03
 Reference value :  2.26305e-03
 Reference value :  2.40105e-03
 Reference value :  2.53705e-03
 Reference value :  2.68005e-03
 Reference value :  2.82305e-03
 Reference value :  2.96205e-03
No. of Data Rows : 3080
m_startup_time_s = 8.1792584828e-06
m_vref_final_v = 1.2770923040e+00
m_iq_total_final_ua = 2.1980608273e+01
m_det_final_v = 1.2485115017e-02
m_t0_s = 9.3867458798e-07
m_t_settle_s = 9.1179330708e-06
Note: Simulation executed from .control section 

Warning: m=xx on .subckt line will override multiplier m hierarchy!

