
Note: Compatibility modes selected: hs a


Circuit: * startup-extracted @ tt_125c_2.97v -- generated by sim/harness, do not edit

Doing analysis at TEMP = 125.000000 and TNOM = 27.000000

Using SPARSE 1.3 as Direct Linear Solver

Initial Transient Solution
--------------------------

Node                                   Voltage
----                                   -------
vdd                                          0
xtop.core_e3                       5.88863e-63
xtop.core_e2                      -4.08609e-52
xtop.sns1                          5.42562e-45
xtop.fb                             3.3614e-33
xtop.ibias                         1.33706e-77
xtop.amp_nd1                       3.52232e-33
xtop.amp_ncasc                     4.44087e-82
xtop.amp_n1                        3.62733e-33
xtop.amp_nb1                      -6.84642e-82
xtop.amp_n2                        3.59921e-33
xtop.sns2                         -4.08609e-52
xtop.amp_tail                     -1.00677e-32
xtop.casc                         -2.71284e-72
xtop.startup_det                  -3.76568e-86
xtop.amp_pbias                    -6.14287e-96
xtop.amp_a3                        1.56338e-34
xtop.amp_a4                        1.55626e-34
xtop.core_d4                      -7.15157e-80
xtop.core_d1                       5.12729e-45
xtop.core_d2                      -1.50631e-52
vref                               5.88864e-63
xtop.core_d3                       5.26964e-63
xtop.core_tn0                      5.88864e-63
xtop.xr100.11                      5.88864e-63
xtop.xr100.21                      5.88864e-63
xtop.core_trim_u3_0                5.88864e-63
xtop.xr101.11                      5.88864e-63
xtop.xr101.21                      5.88864e-63
xtop.core_trim_u3_1                5.88864e-63
xtop.xr102.11                      5.88864e-63
xtop.xr102.21                      5.88864e-63
xtop.core_trim_u3_2                5.88864e-63
xtop.xr103.11                      5.88864e-63
xtop.xr103.21                      5.88864e-63
xtop.core_trim_u3_3                5.88864e-63
xtop.xr104.11                      5.88864e-63
xtop.xr104.21                      5.88864e-63
xtop.core_trim_u3_4                5.88864e-63
xtop.xr105.11                      5.88864e-63
xtop.xr105.21                      5.88864e-63
xtop.core_trim_u3_5                5.88864e-63
xtop.xr106.11                      5.88864e-63
xtop.xr106.21                      5.88864e-63
xtop.core_trim_u3_6                5.88864e-63
xtop.xr107.11                      5.88864e-63
xtop.xr107.21                      5.88864e-63
xtop.xr108.11                      5.88864e-63
xtop.xr108.21                      5.88864e-63
xtop.core_trim_u4_0                5.88864e-63
xtop.xr109.11                      5.88864e-63
xtop.xr109.21                      5.88864e-63
xtop.core_trim_u4_1                5.88864e-63
xtop.xr110.11                      5.88864e-63
xtop.xr110.21                      5.88864e-63
xtop.core_trim_u4_2                5.88864e-63
xtop.xr111.11                      5.88864e-63
xtop.xr111.21                      5.88864e-63
xtop.core_trim_u4_3                5.88864e-63
xtop.xr112.11                      5.88864e-63
xtop.xr112.21                      5.88864e-63
xtop.core_trim_u4_4                5.88864e-63
xtop.xr113.11                      5.88864e-63
xtop.xr113.21                      5.88864e-63
xtop.core_trim_u4_5                5.88864e-63
xtop.xr114.11                      5.88864e-63
xtop.xr114.21                      5.88864e-63
xtop.core_trim_u4_6                5.88864e-63
xtop.xr115.11                      5.88864e-63
xtop.xr115.21                      5.88864e-63
xtop.core_trim_u4_7                5.88864e-63
xtop.xr116.11                      5.88864e-63
xtop.xr116.21                      5.88864e-63
xtop.core_trim_u4_8                5.88864e-63
xtop.xr117.11                      5.88864e-63
xtop.xr117.21                      5.88864e-63
xtop.core_trim_u4_9                5.88864e-63
xtop.xr118.11                      5.88864e-63
xtop.xr118.21                      5.88864e-63
xtop.core_trim_u4_10               5.88864e-63
xtop.xr119.11                      5.88864e-63
xtop.xr119.21                      5.88864e-63
xtop.core_trim_u4_11               5.88864e-63
xtop.xr120.11                      5.88864e-63
xtop.xr120.21                      5.88864e-63
xtop.core_trim_u4_12               5.88864e-63
xtop.xr121.11                      5.88864e-63
xtop.xr121.21                      5.88864e-63
xtop.core_trim_u4_13               5.88864e-63
xtop.xr122.11                      5.88864e-63
xtop.xr122.21                      5.88864e-63
xtop.core_trim_u4_14               5.88864e-63
xtop.xr123.11                      5.88864e-63
xtop.xr123.21                      5.88864e-63
xtop.xr124.11                      5.88864e-63
xtop.xr124.21                      5.88864e-63
xtop.core_trim_u5_30               5.88864e-63
xtop.xr125.11                      5.88864e-63
xtop.xr125.21                      5.88864e-63
xtop.core_trim_u5_29               5.88864e-63
xtop.xr126.11                      5.88864e-63
xtop.xr126.21                      5.88864e-63
xtop.core_trim_u5_28               5.88864e-63
xtop.xr127.11                      5.88864e-63
xtop.xr127.21                      5.88864e-63
xtop.core_trim_u5_27               5.88864e-63
xtop.xr128.11                      5.88864e-63
xtop.xr128.21                      5.88864e-63
xtop.core_trim_u5_26               5.88864e-63
xtop.xr129.11                      5.88864e-63
xtop.xr129.21                      5.88864e-63
xtop.core_trim_u5_25               5.88864e-63
xtop.xr130.11                      5.88864e-63
xtop.xr130.21                      5.88864e-63
xtop.core_trim_u5_24               5.88864e-63
xtop.xr131.11                      5.88864e-63
xtop.xr131.21                      5.88864e-63
xtop.core_trim_u5_23               5.88864e-63
xtop.xr132.11                      5.88864e-63
xtop.xr132.21                      5.88864e-63
xtop.core_trim_u5_22               5.88864e-63
xtop.xr133.11                      5.88864e-63
xtop.xr133.21                      5.88864e-63
xtop.core_trim_u5_21               5.88864e-63
xtop.xr134.11                      5.88864e-63
xtop.xr134.21                      5.88864e-63
xtop.core_trim_u5_20               5.88864e-63
xtop.xr135.11                      5.88864e-63
xtop.xr135.21                      5.88864e-63
xtop.core_trim_u5_19               5.88864e-63
xtop.xr136.11                      5.88864e-63
xtop.xr136.21                      5.88864e-63
xtop.core_trim_u5_18               5.88864e-63
xtop.xr137.11                      5.88864e-63
xtop.xr137.21                      5.88864e-63
xtop.core_trim_u5_17               5.88864e-63
xtop.xr138.11                      5.88864e-63
xtop.xr138.21                      5.88864e-63
xtop.core_trim_u5_16               5.88864e-63
xtop.xr139.11                      5.88864e-63
xtop.xr139.21                      5.88864e-63
xtop.core_trim_u5_15               5.88864e-63
xtop.xr140.11                      5.88864e-63
xtop.xr140.21                      5.88864e-63
xtop.core_trim_u5_14               5.88864e-63
xtop.xr141.11                      5.88864e-63
xtop.xr141.21                      5.88864e-63
xtop.core_trim_u5_13               5.88864e-63
xtop.xr142.11                      5.88864e-63
xtop.xr142.21                      5.88864e-63
xtop.core_trim_u5_12               5.88864e-63
xtop.xr143.11                      5.88864e-63
xtop.xr143.21                      5.88864e-63
xtop.core_trim_u5_11               5.88864e-63
xtop.xr144.11                      5.88864e-63
xtop.xr144.21                      5.88864e-63
xtop.core_trim_u5_10               5.88864e-63
xtop.xr145.11                      5.88864e-63
xtop.xr145.21                      5.88864e-63
xtop.core_trim_u5_9                5.88864e-63
xtop.xr146.11                      5.88864e-63
xtop.xr146.21                      5.88864e-63
xtop.core_trim_u5_8                5.88864e-63
xtop.xr147.11                      5.88864e-63
xtop.xr147.21                      5.88864e-63
xtop.core_trim_u5_7                5.88864e-63
xtop.xr148.11                      5.88864e-63
xtop.xr148.21                      5.88864e-63
xtop.core_trim_u5_6                5.88864e-63
xtop.xr149.11                      5.88864e-63
xtop.xr149.21                      5.88864e-63
xtop.core_trim_u5_5                5.88864e-63
xtop.xr150.11                      5.88864e-63
xtop.xr150.21                      5.88864e-63
xtop.core_trim_u5_4                5.88864e-63
xtop.xr151.11                      5.88864e-63
xtop.xr151.21                      5.88864e-63
xtop.core_trim_u5_3                5.88864e-63
xtop.xr152.11                      5.88864e-63
xtop.xr152.21                      5.88864e-63
xtop.core_trim_u5_2                5.88864e-63
xtop.xr153.11                      5.88864e-63
xtop.xr153.21                      5.88864e-63
xtop.core_trim_u5_1                5.88864e-63
xtop.xr154.11                      5.88864e-63
xtop.xr154.21                      5.88864e-63
xtop.core_trim_u5_0                5.88864e-63
xtop.xr155.11                      5.88864e-63
xtop.xr155.21                      5.88864e-63
xtop.xr91.11                      -4.08609e-52
xtop.xr91.21                      -4.08609e-52
xtop.xr92.11                       5.88864e-63
xtop.xr92.21                       5.88864e-63
xtop.xr93.11                       5.88864e-63
xtop.xr93.21                       5.88864e-63
xtop.core_trim_u1_0                5.88864e-63
xtop.xr94.11                       5.88864e-63
xtop.xr94.21                       5.88864e-63
xtop.xr95.11                       5.88863e-63
xtop.xr95.21                       5.88864e-63
xtop.xr96.11                       5.88864e-63
xtop.xr96.21                       5.88864e-63
xtop.core_trim_u2_0                5.88864e-63
xtop.xr97.11                       5.88864e-63
xtop.xr97.21                       5.88864e-63
xtop.core_trim_u2_1                5.88864e-63
xtop.xr98.11                       5.88864e-63
xtop.xr98.21                       5.88864e-63
xtop.core_trim_u2_2                5.88864e-63
xtop.xr99.11                       5.88864e-63
xtop.xr99.21                       5.88864e-63
xtop.xr156.11                     -3.76562e-86
xtop.xr156.21                     -5.62519e-91
xtop.amp_nd1__par                  3.52232e-33
xtop.amp_n2__par                   3.59921e-33
xtop.fb__par                        3.3614e-33
xtop.amp_tail__par                -1.00677e-32
xtop.amp_a3__par                   1.56338e-34
xtop.amp_a4__par                   1.55626e-34
xtop.core_d4__par                 -7.15157e-80
xtop.core_d1__par                  5.12729e-45
xtop.sns1__par                     5.42562e-45
xtop.core_d2__par                 -1.50631e-52
xtop.sns2__par                    -4.08609e-52
xtop.core_d3__par                  5.26964e-63
xtop.core_e3__par                  5.88863e-63
xtop.core_e2__par                 -4.08609e-52
xtop.ibias__par                    1.33706e-77
xtop.core_trim_u1_0__par           5.88864e-63
xtop.core_trim_u2_0__par           5.88864e-63
xtop.core_trim_u2_1__par           5.88864e-63
xtop.core_trim_u2_2__par           5.88864e-63
xtop.casc__par                    -2.71284e-72
xtop.core_trim_u3_0__par           5.88864e-63
xtop.core_trim_u3_1__par           5.88864e-63
xtop.core_trim_u3_2__par           5.88864e-63
xtop.core_trim_u3_3__par           5.88864e-63
xtop.core_trim_u3_4__par           5.88864e-63
xtop.core_trim_u3_5__par           5.88864e-63
xtop.core_trim_u3_6__par           5.88864e-63
xtop.core_trim_u4_0__par           5.88864e-63
xtop.core_trim_u4_1__par           5.88864e-63
xtop.core_trim_u4_2__par           5.88864e-63
xtop.startup_det__par             -3.76568e-86
xtop.core_trim_u4_3__par           5.88864e-63
xtop.core_trim_u4_4__par           5.88864e-63
xtop.core_trim_u4_5__par           5.88864e-63
xtop.core_trim_u4_6__par           5.88864e-63
xtop.core_trim_u4_7__par           5.88864e-63
xtop.core_trim_u4_8__par           5.88864e-63
xtop.core_trim_u4_9__par           5.88864e-63
xtop.core_trim_u4_10__par          5.88864e-63
xtop.core_trim_u4_11__par          5.88864e-63
xtop.core_trim_u4_12__par          5.88864e-63
xtop.amp_pbias__par               -6.14287e-96
xtop.core_trim_u4_13__par          5.88864e-63
xtop.core_trim_u4_14__par          5.88864e-63
xtop.core_tn0__par                 5.88864e-63
xtop.core_trim_u5_30__par          5.88864e-63
xtop.core_trim_u5_29__par          5.88864e-63
xtop.core_trim_u5_28__par          5.88864e-63
xtop.core_trim_u5_27__par          5.88864e-63
xtop.core_trim_u5_26__par          5.88864e-63
xtop.core_trim_u5_25__par          5.88864e-63
xtop.core_trim_u5_24__par          5.88864e-63
xtop.amp_nb1__par                 -6.84642e-82
xtop.core_trim_u5_23__par          5.88864e-63
xtop.core_trim_u5_22__par          5.88864e-63
xtop.core_trim_u5_21__par          5.88864e-63
xtop.core_trim_u5_20__par          5.88864e-63
xtop.core_trim_u5_19__par          5.88864e-63
xtop.core_trim_u5_18__par          5.88864e-63
xtop.core_trim_u5_17__par          5.88864e-63
xtop.core_trim_u5_16__par          5.88864e-63
xtop.core_trim_u5_15__par          5.88864e-63
xtop.core_trim_u5_14__par          5.88864e-63
xtop.amp_ncasc__par                4.44087e-82
xtop.core_trim_u5_13__par          5.88864e-63
xtop.core_trim_u5_12__par          5.88864e-63
xtop.core_trim_u5_11__par          5.88864e-63
xtop.core_trim_u5_10__par          5.88864e-63
xtop.core_trim_u5_9__par           5.88864e-63
xtop.core_trim_u5_8__par           5.88864e-63
xtop.core_trim_u5_7__par           5.88864e-63
xtop.core_trim_u5_6__par           5.88864e-63
xtop.core_trim_u5_5__par           5.88864e-63
xtop.core_trim_u5_4__par           5.88864e-63
xtop.amp_n1__par                   3.62733e-33
xtop.core_trim_u5_3__par           5.88864e-63
xtop.core_trim_u5_2__par           5.88864e-63
xtop.core_trim_u5_1__par           5.88864e-63
xtop.core_trim_u5_0__par           5.88864e-63
xtop.vdd__par                                0
xtop.vref__par                     5.88864e-63
xtop.vss__par                                0
vsup#branch                        4.86424e-44

 Reference value :  0.00000e+00
 Reference value :  1.01750e-05
 Reference value :  1.12582e-04
 Reference value :  2.58582e-04
 Reference value :  4.06582e-04
 Reference value :  5.58582e-04
 Reference value :  7.15582e-04
 Reference value :  8.73582e-04
 Reference value :  1.02558e-03
 Reference value :  1.17358e-03
 Reference value :  1.30558e-03
 Reference value :  1.44658e-03
 Reference value :  1.58458e-03
 Reference value :  1.72258e-03
 Reference value :  1.85758e-03
 Reference value :  1.99858e-03
 Reference value :  2.13758e-03
 Reference value :  2.27758e-03
 Reference value :  2.42658e-03
 Reference value :  2.56058e-03
 Reference value :  2.69958e-03
 Reference value :  2.83258e-03
 Reference value :  2.96658e-03
No. of Data Rows : 3060
m_startup_time_s = 1.3121139753e-05
m_vref_final_v = 1.3259133679e+00
m_iq_total_final_ua = 3.3098512933e+01
m_det_final_v = 1.5054927482e-02
m_t0_s = 1.0000000000e-06
m_t_settle_s = 1.4121139753e-05
Note: Simulation executed from .control section 

Warning: m=xx on .subckt line will override multiplier m hierarchy!

Note: Starting dynamic gmin stepping
Note: Dynamic gmin stepping completed
