
Note: Compatibility modes selected: hs a


Circuit: * startup @ bjt_ff_27c_3.30v -- generated by sim/harness, do not edit

Doing analysis at TEMP = 27.000000 and TNOM = 27.000000

Using SPARSE 1.3 as Direct Linear Solver

Initial Transient Solution
--------------------------

Node                                   Voltage
----                                   -------
vdd                                          0
xtop.xx1.d1                        6.59009e-26
xtop.fb                            1.81666e-19
xtop.sns1                         -4.24858e-26
xtop.casc                         -1.64352e-28
xtop.xx1.d2                        2.56288e-22
xtop.sns2                         -1.65437e-22
xtop.xx1.e2                       -1.65437e-22
xtop.xx1.xr2.11                   -1.65437e-22
xtop.xx1.xr2.21                   -1.65437e-22
xtop.xx1.d3                       -1.44525e-16
vref                               4.21232e-16
xtop.xx1.e3                        4.21232e-16
xtop.xx1.xr1.11                    4.21232e-16
xtop.xx1.xr1.21                    4.21232e-16
xtop.xx1.d4                       -1.13977e-31
xtop.ibias                         6.30393e-30
xtop.xx2.a3                        2.74906e-22
xtop.xx2.nd1                      -1.88079e-20
xtop.xx2.a4                       -8.22752e-22
xtop.xx2.pbias                    -7.0701e-100
xtop.xx2.ncasc                    -3.30364e-37
xtop.xx2.n1                       -7.71054e-20
xtop.xx2.n2                        7.82269e-19
xtop.xx2.tail                     -5.67001e-19
xtop.xx2.nb1                       5.32893e-37
xtop.vdd_su                                  0
xtop.xx3.det                                 0
xtop.xx3.xrpu.11                             0
xtop.xx3.xrpu.21                             0
v.xtop.vsu_sense#branch                      0
vsup#branch                        -3.5911e-28

 Reference value :  3.12197e-04
 Reference value :  1.97120e-03
No. of Data Rows : 3072
m_startup_time_s = 1.3196767850e-05
m_vref_final_v = 1.1868154815e+00
m_iq_total_final_ua = 2.1436773800e+01
m_iq_startup_branch_final_ua = 1.6202753056e+00
m_det_final_v = 1.6774651956e-02
m_t0_s = 1.0000000000e-06
m_t_settle_s = 1.4196767850e-05
Note: Simulation executed from .control section 

Warning: m=xx on .subckt line will override multiplier m hierarchy!

