
Note: Compatibility modes selected: hs a


Circuit: * startup @ res_ss_-40c_3.63v -- generated by sim/harness, do not edit

Doing analysis at TEMP = -40.000000 and TNOM = 27.000000

Using SPARSE 1.3 as Direct Linear Solver

Initial Transient Solution
--------------------------

Node                                   Voltage
----                                   -------
vdd                                          0
xtop.xx1.d1                        2.06128e-20
xtop.fb                            8.07143e-20
xtop.sns1                          3.31591e-21
xtop.casc                          4.61361e-37
xtop.xx1.d2                        1.14932e-23
xtop.sns2                          1.13506e-23
xtop.xx1.e2                        1.13506e-23
xtop.xx1.xr2.11                    1.13506e-23
xtop.xx1.xr2.21                    1.13506e-23
xtop.xx1.d3                        5.25012e-20
vref                              -2.53559e-20
xtop.xx1.e3                       -2.53559e-20
xtop.xx1.xr1.11                   -2.53559e-20
xtop.xx1.xr1.21                   -2.53559e-20
xtop.xx1.d4                       -3.12233e-35
xtop.ibias                         2.23043e-37
xtop.xx2.a3                        3.09905e-23
xtop.xx2.nd1                      -6.89979e-21
xtop.xx2.a4                        5.35556e-21
xtop.xx2.pbias                    -1.29492e-34
xtop.xx2.ncasc                    -1.53935e-22
xtop.xx2.n1                         2.8483e-18
xtop.xx2.n2                        1.40737e-18
xtop.xx2.tail                     -3.02174e-18
xtop.xx2.nb1                       3.07858e-22
xtop.vdd_su                                  0
xtop.xx3.det                      1.07366e-132
xtop.xx3.xrpu.11                  1.07366e-132
xtop.xx3.xrpu.21                 -7.91618e-143
v.xtop.vsu_sense#branch           1.07734e-144
vsup#branch                        1.18346e-31

 Reference value :  6.60396e-04
 Reference value :  2.70640e-03
No. of Data Rows : 3095
m_startup_time_s = 1.2482208612e-05
m_vref_final_v = 1.1865662615e+00
m_iq_total_final_ua = 1.6018211019e+01
m_iq_startup_branch_final_ua = 1.3844733215e+00
m_det_final_v = 1.5529510721e-02
m_t0_s = 9.1374646411e-07
m_t_settle_s = 1.3395955076e-05
Note: Simulation executed from .control section 

Warning: m=xx on .subckt line will override multiplier m hierarchy!

