
Note: Compatibility modes selected: hs a


Circuit: * startup @ tt_27c_3.63v -- generated by sim/harness, do not edit

Doing analysis at TEMP = 27.000000 and TNOM = 27.000000

Using SPARSE 1.3 as Direct Linear Solver

Initial Transient Solution
--------------------------

Node                                   Voltage
----                                   -------
vdd                                          0
xtop.xx1.d1                        6.53878e-27
xtop.fb                           -1.32106e-18
xtop.sns1                         -4.21123e-27
xtop.casc                          4.37159e-26
xtop.xx1.d2                        -8.5851e-18
xtop.sns2                           2.8714e-17
xtop.xx1.e2                         2.8714e-17
xtop.xx1.xr2.11                     2.8714e-17
xtop.xx1.xr2.21                     2.8714e-17
xtop.xx1.d3                         1.0815e-28
vref                              -6.91298e-29
xtop.xx1.e3                       -6.91298e-29
xtop.xx1.xr1.11                   -6.91298e-29
xtop.xx1.xr1.21                   -6.91298e-29
xtop.xx1.d4                       -2.87304e-30
xtop.ibias                         1.60061e-28
xtop.xx2.a3                        9.88691e-21
xtop.xx2.nd1                       2.31661e-18
xtop.xx2.a4                       -3.21398e-20
xtop.xx2.pbias                    -2.37134e-38
xtop.xx2.ncasc                    -3.89809e-32
xtop.xx2.n1                       -3.96885e-19
xtop.xx2.n2                        2.64359e-18
xtop.xx2.tail                     -1.65302e-18
xtop.xx2.nb1                       6.28782e-32
xtop.vdd_su                                  0
xtop.xx3.det                                 0
xtop.xx3.xrpu.11                             0
xtop.xx3.xrpu.21                             0
v.xtop.vsu_sense#branch                      0
vsup#branch                       -2.28114e-29

 Reference value :  6.31784e-04
 Reference value :  3.00000e-03
No. of Data Rows : 3073
m_startup_time_s = 1.1784139645e-05
m_vref_final_v = 1.1924777299e+00
m_iq_total_final_ua = 2.3010599912e+01
m_iq_startup_branch_final_ua = 1.7821883223e+00
m_det_final_v = 1.8684160925e-02
m_t0_s = 1.0000000000e-06
m_t_settle_s = 1.2784139645e-05
Note: Simulation executed from .control section 

Warning: m=xx on .subckt line will override multiplier m hierarchy!

