
Note: Compatibility modes selected: hs a


Circuit: * startup-slow-ramp @ bjt_ss_125c_2.97v -- generated by sim/harness, do not edit

Doing analysis at TEMP = 125.000000 and TNOM = 27.000000

Using SPARSE 1.3 as Direct Linear Solver

Initial Transient Solution
--------------------------

Node                                   Voltage
----                                   -------
vdd                                          0
xtop.xx1.d1                        -1.2776e-53
xtop.fb                           -4.56709e-36
xtop.sns1                         -1.72032e-53
xtop.casc                          6.01929e-72
xtop.xx1.d2                       -1.02577e-53
xtop.sns2                         -1.64244e-53
xtop.xx1.e2                       -1.64244e-53
xtop.xx1.xr2.11                   -1.64244e-53
xtop.xx1.xr2.21                   -1.64244e-53
xtop.xx1.d3                       -8.36066e-54
vref                               -1.1198e-53
xtop.xx1.e3                        -1.1198e-53
xtop.xx1.xr1.11                    -1.1198e-53
xtop.xx1.xr1.21                    -1.1198e-53
xtop.xx1.d4                       -1.11199e-77
xtop.ibias                         1.49559e-75
xtop.xx2.a3                       -2.68881e-37
xtop.xx2.nd1                      -4.62202e-36
xtop.xx2.a4                       -3.41957e-37
xtop.xx2.pbias                    -2.87384e-99
xtop.xx2.ncasc                     5.09391e-80
xtop.xx2.n1                       -4.65273e-36
xtop.xx2.n2                       -4.65767e-36
xtop.xx2.tail                      1.21094e-35
xtop.xx2.nb1                      -8.25484e-80
xtop.vdd_su                                  0
xtop.xx3.det                      -2.18369e-81
xtop.xx3.xrpu.11                  -2.18366e-81
xtop.xx3.xrpu.21                  -3.17096e-86
v.xtop.vsu_sense#branch            1.15513e-87
vsup#branch                       -1.15221e-47

 Reference value :  0.00000e+00
 Reference value :  1.93500e-03
 Reference value :  3.84500e-03
No. of Data Rows : 2514
m_startup_time_s = -3.716648694e-04
m_vref_final_v = 1.2036427667e+00
m_iq_total_final_ua = 2.6743742175e+01
m_iq_startup_branch_final_ua = 1.5619039002e+00
m_det_final_v = 1.7326176511e-02
m_t0_s = 9.0056684574e-04
m_t_settle_s = 5.2890197637e-04
Note: Simulation executed from .control section 

Warning: m=xx on .subckt line will override multiplier m hierarchy!

Note: Starting dynamic gmin stepping
Note: Dynamic gmin stepping completed
