
Note: Compatibility modes selected: hs a


Circuit: * startup-slow-ramp @ bjt_ff_125c_3.30v -- generated by sim/harness, do not edit

Doing analysis at TEMP = 125.000000 and TNOM = 27.000000

Using SPARSE 1.3 as Direct Linear Solver

Initial Transient Solution
--------------------------

Node                                   Voltage
----                                   -------
vdd                                          0
xtop.xx1.d1                        4.14893e-53
xtop.fb                            5.64481e-35
xtop.sns1                          6.03318e-53
xtop.casc                          6.06688e-72
xtop.xx1.d2                        5.38251e-52
xtop.sns2                           9.2809e-52
xtop.xx1.e2                         9.2809e-52
xtop.xx1.xr2.11                     9.2809e-52
xtop.xx1.xr2.21                     9.2809e-52
xtop.xx1.d3                        3.50991e-55
vref                               5.06127e-55
xtop.xx1.e3                        5.06128e-55
xtop.xx1.xr1.11                    5.06128e-55
xtop.xx1.xr1.21                    5.06127e-55
xtop.xx1.d4                       -1.13006e-77
xtop.ibias                          1.5199e-75
xtop.xx2.a3                        3.19454e-36
xtop.xx2.nd1                       5.51402e-35
xtop.xx2.a4                        4.22927e-36
xtop.xx2.pbias                    -3.14132e-99
xtop.xx2.ncasc                     5.09388e-80
xtop.xx2.n1                        5.55057e-35
xtop.xx2.n2                        5.75692e-35
xtop.xx2.tail                     -1.47415e-34
xtop.xx2.nb1                      -8.25479e-80
xtop.vdd_su                                  0
xtop.xx3.det                      -2.18282e-81
xtop.xx3.xrpu.11                  -2.18279e-81
xtop.xx3.xrpu.21                   -3.1697e-86
v.xtop.vsu_sense#branch            1.15467e-87
vsup#branch                        1.40089e-46

 Reference value :  0.00000e+00
 Reference value :  1.72100e-03
 Reference value :  3.56300e-03
No. of Data Rows : 2514
m_startup_time_s = -4.036804300e-04
m_vref_final_v = 1.1832341109e+00
m_iq_total_final_ua = 2.6865772670e+01
m_iq_startup_branch_final_ua = 1.7353618893e+00
m_det_final_v = 1.9415564416e-02
m_t0_s = 9.0124194505e-04
m_t_settle_s = 4.9756151508e-04
Note: Simulation executed from .control section 

Warning: m=xx on .subckt line will override multiplier m hierarchy!

Note: Starting dynamic gmin stepping
Note: Dynamic gmin stepping completed
