
Note: Compatibility modes selected: hs a


Circuit: * startup-slow-ramp @ fs_125c_2.97v -- generated by sim/harness, do not edit

Doing analysis at TEMP = 125.000000 and TNOM = 27.000000

Using SPARSE 1.3 as Direct Linear Solver

Initial Transient Solution
--------------------------

Node                                   Voltage
----                                   -------
vdd                                          0
xtop.xx1.d1                        6.56338e-51
xtop.fb                           -2.47445e-31
xtop.sns1                         -6.73053e-51
xtop.casc                          2.52153e-70
xtop.xx1.d2                        2.04929e-51
xtop.sns2                         -3.35163e-51
xtop.xx1.e2                       -3.35163e-51
xtop.xx1.xr2.11                   -3.35163e-51
xtop.xx1.xr2.21                   -3.35163e-51
xtop.xx1.d3                        -1.3785e-52
vref                                6.6681e-53
xtop.xx1.e3                         6.6681e-53
xtop.xx1.xr1.11                     6.6681e-53
xtop.xx1.xr1.21                     6.6681e-53
xtop.xx1.d4                       -4.97023e-19
xtop.ibias                        -7.50305e-18
xtop.xx2.a3                       -9.92006e-34
xtop.xx2.nd1                      -2.50474e-31
xtop.xx2.a4                        -2.0788e-33
xtop.xx2.pbias                     7.09809e-98
xtop.xx2.ncasc                     4.01882e-71
xtop.xx2.n1                       -2.50784e-31
xtop.xx2.n2                       -2.48471e-31
xtop.xx2.tail                       6.9356e-31
xtop.xx2.nb1                      -6.40247e-71
xtop.vdd_su                                  0
xtop.xx3.det                     -3.46013e-169
xtop.xx3.xrpu.11                 -3.46008e-169
xtop.xx3.xrpu.21                 -5.02421e-174
v.xtop.vsu_sense#branch           1.83023e-175
vsup#branch                       -1.40472e-28

 Reference value :  0.00000e+00
 Reference value :  2.55100e-03
 Reference value :  4.49500e-03
No. of Data Rows : 2512
m_startup_time_s = -3.720000000e-04
m_vref_final_v = 1.1916130452e+00
m_iq_total_final_ua = 2.6863737923e+01
m_iq_startup_branch_final_ua = 1.5620018015e+00
m_det_final_v = 1.7141100738e-02
m_t0_s = 9.0139355390e-04
m_t_settle_s = 5.2939355390e-04
Note: Simulation executed from .control section 

Warning: m=xx on .subckt line will override multiplier m hierarchy!

Note: Starting dynamic gmin stepping
Note: Dynamic gmin stepping completed
