
Note: Compatibility modes selected: hs a


Circuit: * startup-slow-ramp @ res_ss_125c_2.97v -- generated by sim/harness, do not edit

Doing analysis at TEMP = 125.000000 and TNOM = 27.000000

Using SPARSE 1.3 as Direct Linear Solver

Initial Transient Solution
--------------------------

Node                                   Voltage
----                                   -------
vdd                                          0
xtop.xx1.d1                       -1.16953e-19
xtop.fb                            3.42095e-18
xtop.sns1                         -3.15867e-18
xtop.casc                          3.66983e-32
xtop.xx1.d2                        5.73446e-19
xtop.sns2                          1.24988e-18
xtop.xx1.e2                        1.24988e-18
xtop.xx1.xr2.11                    1.24988e-18
xtop.xx1.xr2.21                    1.24988e-18
xtop.xx1.d3                         1.2409e-18
vref                               1.27449e-18
xtop.xx1.e3                        1.27448e-18
xtop.xx1.xr1.11                    1.27448e-18
xtop.xx1.xr1.21                    1.27449e-18
xtop.xx1.d4                       -2.42387e-19
xtop.ibias                         -1.9418e-18
xtop.xx2.a3                       -7.50302e-19
xtop.xx2.nd1                       6.29805e-19
xtop.xx2.a4                        1.16736e-18
xtop.xx2.pbias                     5.23089e-71
xtop.xx2.ncasc                    -2.70799e-19
xtop.xx2.n1                       -5.45401e-18
xtop.xx2.n2                       -8.82053e-18
xtop.xx2.tail                     -8.60006e-18
xtop.xx2.nb1                       6.62879e-19
xtop.vdd_su                                  0
xtop.xx3.det                                 0
xtop.xx3.xrpu.11                             0
xtop.xx3.xrpu.21                             0
v.xtop.vsu_sense#branch                      0
vsup#branch                        1.01389e-28

 Reference value :  0.00000e+00
 Reference value :  1.88300e-03
 Reference value :  3.87500e-03
No. of Data Rows : 2513
m_startup_time_s = -3.398238017e-04
m_vref_final_v = 1.1858347023e+00
m_iq_total_final_ua = 2.2327255838e+01
m_iq_startup_branch_final_ua = 1.3020453101e+00
m_det_final_v = 1.6299843716e-02
m_t0_s = 9.0041677572e-04
m_t_settle_s = 5.6059297398e-04
Note: Simulation executed from .control section 

Warning: m=xx on .subckt line will override multiplier m hierarchy!

