
Note: Compatibility modes selected: hs a


Circuit: * startup-slow-ramp @ sf_-40c_3.63v -- generated by sim/harness, do not edit

Doing analysis at TEMP = -40.000000 and TNOM = 27.000000

Using SPARSE 1.3 as Direct Linear Solver

Initial Transient Solution
--------------------------

Node                                   Voltage
----                                   -------
vdd                                          0
xtop.xx1.d1                       -4.50101e-23
xtop.fb                             6.0765e-20
xtop.sns1                          1.10792e-23
xtop.casc                          1.25284e-23
xtop.xx1.d2                       -2.82385e-44
xtop.sns2                         -1.89099e-44
xtop.xx1.e2                       -1.89099e-44
xtop.xx1.xr2.11                   -1.89099e-44
xtop.xx1.xr2.21                   -1.89099e-44
xtop.xx1.d3                        4.48901e-26
vref                              -1.41016e-27
xtop.xx1.e3                       -1.41016e-27
xtop.xx1.xr1.11                   -1.41016e-27
xtop.xx1.xr1.21                   -1.41016e-27
xtop.xx1.d4                        1.37556e-22
xtop.ibias                        -6.87696e-23
xtop.xx2.a3                       -1.40993e-21
xtop.xx2.nd1                        4.2413e-18
xtop.xx2.a4                        6.29903e-21
xtop.xx2.pbias                   -8.87626e-191
xtop.xx2.ncasc                   -1.78688e-172
xtop.xx2.n1                       -1.35358e-16
xtop.xx2.n2                        1.70379e-17
xtop.xx2.tail                      7.56209e-17
xtop.xx2.nb1                      6.28528e-174
xtop.vdd_su                                  0
xtop.xx3.det                                 0
xtop.xx3.xrpu.11                             0
xtop.xx3.xrpu.21                             0
v.xtop.vsu_sense#branch                      0
vsup#branch                        4.30687e-30

 Reference value :  2.22560e-04
 Reference value :  2.08300e-03
 Reference value :  4.01700e-03
No. of Data Rows : 2521
m_startup_time_s = -5.300000000e-04
m_vref_final_v = 1.1897156190e+00
m_iq_total_final_ua = 1.6399791326e+01
m_iq_startup_branch_final_ua = 1.6608237715e+00
m_det_final_v = 1.6672824248e-02
m_t0_s = 9.0162146889e-04
m_t_settle_s = 3.7162146889e-04
Note: Simulation executed from .control section 

Warning: m=xx on .subckt line will override multiplier m hierarchy!

