
Note: Compatibility modes selected: hs a


Circuit: * psrr-dc @ bjt_ff_125c_3.30v -- generated by sim/harness, do not edit

Doing analysis at TEMP = 125.000000 and TNOM = 27.000000

Using SPARSE 1.3 as Direct Linear Solver
 Reference value :  0.00000e+00
No. of Data Rows : 1
Doing analysis at TEMP = 125.000000 and TNOM = 27.000000

Using SPARSE 1.3 as Direct Linear Solver
 Reference value :  1.00000e-01
No. of Data Rows : 161
     * psrr-dc @ bjt_ff_125c_3.30v -- generated by sim/harness, do not edit
     AC Analysis  Sat Aug  1 21:54:26  2026
--------------------------------------------------------------------------------
Index   frequency       psrr_db         
--------------------------------------------------------------------------------
0	1.0000000000e-01	9.9784305790e+01	
1	1.1220184543e-01	9.9784305737e+01	
2	1.2589254118e-01	9.9784305684e+01	
3	1.4125375446e-01	9.9784305607e+01	
4	1.5848931925e-01	9.9784305508e+01	
5	1.7782794100e-01	9.9784305374e+01	
6	1.9952623150e-01	9.9784305225e+01	
7	2.2387211386e-01	9.9784305032e+01	
8	2.5118864315e-01	9.9784304789e+01	
9	2.8183829313e-01	9.9784304474e+01	
10	3.1622776602e-01	9.9784304098e+01	
11	3.5481338923e-01	9.9784303609e+01	
12	3.9810717055e-01	9.9784302988e+01	
13	4.4668359215e-01	9.9784302219e+01	
14	5.0118723363e-01	9.9784301240e+01	
15	5.6234132519e-01	9.9784300017e+01	
16	6.3095734448e-01	9.9784298474e+01	
17	7.0794578438e-01	9.9784296533e+01	
18	7.9432823472e-01	9.9784294086e+01	
19	8.9125093813e-01	9.9784291010e+01	
20	1.0000000000e+00	9.9784287125e+01	
21	1.1220184543e+00	9.9784282251e+01	
22	1.2589254118e+00	9.9784276108e+01	
23	1.4125375446e+00	9.9784268372e+01	
24	1.5848931925e+00	9.9784258630e+01	
25	1.7782794100e+00	9.9784246376e+01	
26	1.9952623150e+00	9.9784230946e+01	
27	2.2387211386e+00	9.9784211512e+01	
28	2.5118864315e+00	9.9784187053e+01	
29	2.8183829313e+00	9.9784156268e+01	
30	3.1622776602e+00	9.9784117504e+01	
31	3.5481338923e+00	9.9784068699e+01	
32	3.9810717055e+00	9.9784007265e+01	
33	4.4668359215e+00	9.9783929930e+01	
34	5.0118723363e+00	9.9783832564e+01	
35	5.6234132519e+00	9.9783710000e+01	
36	6.3095734448e+00	9.9783555697e+01	
37	7.0794578438e+00	9.9783361449e+01	
38	7.9432823472e+00	9.9783116918e+01	
39	8.9125093813e+00	9.9782809088e+01	
40	1.0000000000e+01	9.9782421577e+01	
41	1.1220184543e+01	9.9781933784e+01	
42	1.2589254118e+01	9.9784583410e+01	
43	1.4125375446e+01	9.9783810036e+01	
44	1.5848931925e+01	9.9782836607e+01	
45	1.7782794100e+01	9.9781611416e+01	
46	1.9952623150e+01	9.9780069456e+01	
47	2.2387211386e+01	9.9778128973e+01	
48	2.5118864315e+01	9.9775687194e+01	
49	2.8183829313e+01	9.9775872511e+01	
50	3.1622776602e+01	9.9772005361e+01	
51	3.5481338923e+01	9.9770394852e+01	
52	3.9810717055e+01	9.9764275067e+01	
53	4.4668359215e+01	9.9759828275e+01	
54	5.0118723363e+01	9.9753397047e+01	

Index   frequency       psrr_db         
--------------------------------------------------------------------------------
55	5.6234132519e+01	9.9744476237e+01	
56	6.3095734448e+01	9.9735663918e+01	
57	7.0794578438e+01	9.9722927638e+01	
58	7.9432823472e+01	9.9705285356e+01	
59	8.9125093813e+01	9.9687908266e+01	
60	1.0000000000e+02	9.9659664311e+01	
61	1.1220184543e+02	9.9628218932e+01	
62	1.2589254118e+02	9.9591156608e+01	
63	1.4125375446e+02	9.9542431270e+01	
64	1.5848931925e+02	9.9484688448e+01	
65	1.7782794100e+02	9.9407526433e+01	
66	1.9952623150e+02	9.9309041479e+01	
67	2.2387211386e+02	9.9193495778e+01	
68	2.5118864315e+02	9.9050744286e+01	
69	2.8183829313e+02	9.8879537536e+01	
70	3.1622776602e+02	9.8678189330e+01	
71	3.5481338923e+02	9.8429779051e+01	
72	3.9810717055e+02	9.8142602660e+01	
73	4.4668359215e+02	9.7796541811e+01	
74	5.0118723363e+02	9.7402083732e+01	
75	5.6234132519e+02	9.6954093350e+01	
76	6.3095734448e+02	9.6455702371e+01	
77	7.0794578438e+02	9.5890281412e+01	
78	7.9432823472e+02	9.5272062540e+01	
79	8.9125093813e+02	9.4597906212e+01	
80	1.0000000000e+03	9.3873195891e+01	
81	1.1220184543e+03	9.3110185397e+01	
82	1.2589254118e+03	9.2304604321e+01	
83	1.4125375446e+03	9.1466032688e+01	
84	1.5848931925e+03	9.0595413369e+01	
85	1.7782794100e+03	8.9701460110e+01	
86	1.9952623150e+03	8.8785890688e+01	
87	2.2387211386e+03	8.7852216491e+01	
88	2.5118864315e+03	8.6902211596e+01	
89	2.8183829313e+03	8.5938950518e+01	
90	3.1622776602e+03	8.4965837225e+01	
91	3.5481338923e+03	8.3980916510e+01	
92	3.9810717055e+03	8.2987754479e+01	
93	4.4668359215e+03	8.1983546415e+01	
94	5.0118723363e+03	8.0970859993e+01	
95	5.6234132519e+03	7.9947553938e+01	
96	6.3095734448e+03	7.8914054122e+01	
97	7.0794578438e+03	7.7868198373e+01	
98	7.9432823472e+03	7.6808186699e+01	
99	8.9125093813e+03	7.5732274235e+01	
100	1.0000000000e+04	7.4637957129e+01	
101	1.1220184543e+04	7.3521777384e+01	
102	1.2589254118e+04	7.2380365745e+01	
103	1.4125375446e+04	7.1210935732e+01	
104	1.5848931925e+04	7.0009247342e+01	
105	1.7782794100e+04	6.8771355878e+01	
106	1.9952623150e+04	6.7494704737e+01	
107	2.2387211386e+04	6.6175973294e+01	
108	2.5118864315e+04	6.4813990234e+01	
109	2.8183829313e+04	6.3408382900e+01	
110	3.1622776602e+04	6.1960743015e+01	
111	3.5481338923e+04	6.0474395668e+01	
112	3.9810717055e+04	5.8954811389e+01	

Index   frequency       psrr_db         
--------------------------------------------------------------------------------
113	4.4668359215e+04	5.7408778387e+01	
114	5.0118723363e+04	5.5845135202e+01	
115	5.6234132519e+04	5.4273182470e+01	
116	6.3095734448e+04	5.2702891247e+01	
117	7.0794578438e+04	5.1144342276e+01	
118	7.9432823472e+04	4.9606998358e+01	
119	8.9125093813e+04	4.8099095972e+01	
120	1.0000000000e+05	4.6627715539e+01	
121	1.1220184543e+05	4.5197852853e+01	
122	1.2589254118e+05	4.3812836594e+01	
123	1.4125375446e+05	4.2474163033e+01	
124	1.5848931925e+05	4.1181698245e+01	
125	1.7782794100e+05	3.9934336514e+01	
126	1.9952623150e+05	3.8730312509e+01	
127	2.2387211386e+05	3.7568166626e+01	
128	2.5118864315e+05	3.6447558308e+01	
129	2.8183829313e+05	3.5370551774e+01	
130	3.1622776602e+05	3.4343264957e+01	
131	3.5481338923e+05	3.3378284018e+01	
132	3.9810717055e+05	3.2497732556e+01	
133	4.4668359215e+05	3.1736520255e+01	
134	5.0118723363e+05	3.1143491477e+01	
135	5.6234132519e+05	3.0775899000e+01	
136	6.3095734448e+05	3.0681348458e+01	
137	7.0794578438e+05	3.0867034115e+01	
138	7.9432823472e+05	3.1268258601e+01	
139	8.9125093813e+05	3.1735674473e+01	
140	1.0000000000e+06	3.2059455580e+01	
141	1.1220184543e+06	3.2045158671e+01	
142	1.2589254118e+06	3.1613403758e+01	
143	1.4125375446e+06	3.0827411680e+01	
144	1.5848931925e+06	2.9818488224e+01	
145	1.7782794100e+06	2.8704132762e+01	
146	1.9952623150e+06	2.7559808862e+01	
147	2.2387211386e+06	2.6425650538e+01	
148	2.5118864315e+06	2.5319982812e+01	
149	2.8183829313e+06	2.4249275574e+01	
150	3.1622776602e+06	2.3213930534e+01	
151	3.5481338923e+06	2.2211429715e+01	
152	3.9810717055e+06	2.1238127998e+01	
153	4.4668359215e+06	2.0290389417e+01	
154	5.0118723363e+06	1.9365382213e+01	
155	5.6234132519e+06	1.8461638002e+01	
156	6.3095734448e+06	1.7579373660e+01	
157	7.0794578438e+06	1.6720574598e+01	
158	7.9432823472e+06	1.5888833272e+01	
159	8.9125093813e+06	1.5088971559e+01	
160	1.0000000000e+07	1.4326510156e+01	
m_psrr_1hz_db = 9.9784287125e+01
m_psrr_1khz_db = 9.3873195891e+01
m_psrr_10hz_db = 9.9782421577e+01
m_psrr_100hz_db = 9.9659664311e+01
m_psrr_10khz_db = 7.4637957129e+01
m_psrr_100khz_db = 4.6627715539e+01
m_psrr_1mhz_db = 3.2059455580e+01
m_vref_op = 1.2106637779e+00
m_f_dc_hz = 1.0000000000e+00
m_f_band_edge_hz = 1.0000000000e+03
Note: Simulation executed from .control section 

Warning: m=xx on .subckt line will override multiplier m hierarchy!

Warning : IC on non-existent node - xdut.xx1.casc, ignored
   Please check line .ic v(xdut.fb)=1.0 v(xdut.sns1)=0.6 v(xdut.sns2)=0.6 v(vref)=1.2 v(xdut.ibias)=0.6 v(xdut.xx1.casc)=1.8

Note: Starting dynamic gmin stepping
Note: Dynamic gmin stepping completed
Note: Starting dynamic gmin stepping
Note: Dynamic gmin stepping completed
