
Note: Compatibility modes selected: hs a


Circuit: * psrr-dc @ bjt_ff_-40c_3.30v -- generated by sim/harness, do not edit

Doing analysis at TEMP = -40.000000 and TNOM = 27.000000

Using SPARSE 1.3 as Direct Linear Solver
 Reference value :  0.00000e+00
No. of Data Rows : 1
Doing analysis at TEMP = -40.000000 and TNOM = 27.000000

Using SPARSE 1.3 as Direct Linear Solver

No. of Data Rows : 161
     * psrr-dc @ bjt_ff_-40c_3.30v -- generated by sim/harness, do not edit
     AC Analysis  Sat Aug  1 21:54:11  2026
--------------------------------------------------------------------------------
Index   frequency       psrr_db         
--------------------------------------------------------------------------------
0	1.0000000000e-01	1.1067940621e+02	
1	1.1220184543e-01	1.1067940592e+02	
2	1.2589254118e-01	1.1067940549e+02	
3	1.4125375446e-01	1.1067940503e+02	
4	1.5848931925e-01	1.1067940438e+02	
5	1.7782794100e-01	1.1067940361e+02	
6	1.9952623150e-01	1.1067940261e+02	
7	2.2387211386e-01	1.1067940136e+02	
8	2.5118864315e-01	1.1067939978e+02	
9	2.8183829313e-01	1.1067939780e+02	
10	3.1622776602e-01	1.1067939530e+02	
11	3.5481338923e-01	1.1067939216e+02	
12	3.9810717055e-01	1.1067938819e+02	
13	4.4668359215e-01	1.1067938323e+02	
14	5.0118723363e-01	1.1067937696e+02	
15	5.6234132519e-01	1.1067936905e+02	
16	6.3095734448e-01	1.1067935913e+02	
17	7.0794578438e-01	1.1067934659e+02	
18	7.9432823472e-01	1.1067933089e+02	
19	8.9125093813e-01	1.1067931105e+02	
20	1.0000000000e+00	1.1067928608e+02	
21	1.1220184543e+00	1.1067925468e+02	
22	1.2589254118e+00	1.1067921512e+02	
23	1.4125375446e+00	1.1067916535e+02	
24	1.5848931925e+00	1.1067910262e+02	
25	1.7782794100e+00	1.1067902370e+02	
26	1.9952623150e+00	1.1067892438e+02	
27	2.2387211386e+00	1.1067879931e+02	
28	2.5118864315e+00	1.1067864187e+02	
29	2.8183829313e+00	1.1067844364e+02	
30	3.1622776602e+00	1.1067819414e+02	
31	3.5481338923e+00	1.1067788003e+02	
32	3.9810717055e+00	1.1067748468e+02	
33	4.4668359215e+00	1.1067698693e+02	
34	5.0118723363e+00	1.1067636043e+02	
35	5.6234132519e+00	1.1067557184e+02	
36	6.3095734448e+00	1.1067457927e+02	
37	7.0794578438e+00	1.1067332997e+02	
38	7.9432823472e+00	1.1067175774e+02	
39	8.9125093813e+00	1.1066977922e+02	
40	1.0000000000e+01	1.1066728967e+02	
41	1.1220184543e+01	1.1066415751e+02	
42	1.2589254118e+01	1.1066021756e+02	
43	1.4125375446e+01	1.1065526246e+02	
44	1.5848931925e+01	1.1064903231e+02	
45	1.7782794100e+01	1.1064120159e+02	
46	1.9952623150e+01	1.1064044787e+02	
47	2.2387211386e+01	1.1062806929e+02	
48	2.5118864315e+01	1.1061253506e+02	
49	2.8183829313e+01	1.1059305652e+02	
50	3.1622776602e+01	1.1057761233e+02	
51	3.5481338923e+01	1.1054702838e+02	
52	3.9810717055e+01	1.1051765976e+02	
53	4.4668359215e+01	1.1046994473e+02	
54	5.0118723363e+01	1.1041924596e+02	

Index   frequency       psrr_db         
--------------------------------------------------------------------------------
55	5.6234132519e+01	1.1035404399e+02	
56	6.3095734448e+01	1.1027952792e+02	
57	7.0794578438e+01	1.1017507433e+02	
58	7.9432823472e+01	1.1006089278e+02	
59	8.9125093813e+01	1.0990760398e+02	
60	1.0000000000e+02	1.0973294893e+02	
61	1.1220184543e+02	1.0951532251e+02	
62	1.2589254118e+02	1.0926238903e+02	
63	1.4125375446e+02	1.0896014962e+02	
64	1.5848931925e+02	1.0860552991e+02	
65	1.7782794100e+02	1.0820345179e+02	
66	1.9952623150e+02	1.0773986481e+02	
67	2.2387211386e+02	1.0721624086e+02	
68	2.5118864315e+02	1.0663430862e+02	
69	2.8183829313e+02	1.0600100930e+02	
70	3.1622776602e+02	1.0531166342e+02	
71	3.5481338923e+02	1.0458203574e+02	
72	3.9810717055e+02	1.0380551721e+02	
73	4.4668359215e+02	1.0299559383e+02	
74	5.0118723363e+02	1.0215098572e+02	
75	5.6234132519e+02	1.0128097701e+02	
76	6.3095734448e+02	1.0038459665e+02	
77	7.0794578438e+02	9.9465509275e+01	
78	7.9432823472e+02	9.8533146382e+01	
79	8.9125093813e+02	9.7585854593e+01	
80	1.0000000000e+03	9.6630723558e+01	
81	1.1220184543e+03	9.5663468973e+01	
82	1.2589254118e+03	9.4690795604e+01	
83	1.4125375446e+03	9.3709425790e+01	
84	1.5848931925e+03	9.2725026296e+01	
85	1.7782794100e+03	9.1735536781e+01	
86	1.9952623150e+03	9.0742903993e+01	
87	2.2387211386e+03	8.9746016032e+01	
88	2.5118864315e+03	8.8745556868e+01	
89	2.8183829313e+03	8.7742052784e+01	
90	3.1622776602e+03	8.6734775561e+01	
91	3.5481338923e+03	8.5723800199e+01	
92	3.9810717055e+03	8.4708281966e+01	
93	4.4668359215e+03	8.3687646680e+01	
94	5.0118723363e+03	8.2661510431e+01	
95	5.6234132519e+03	8.1628195439e+01	
96	6.3095734448e+03	8.0586018634e+01	
97	7.0794578438e+03	7.9534066352e+01	
98	7.9432823472e+03	7.8469943747e+01	
99	8.9125093813e+03	7.7391711552e+01	
100	1.0000000000e+04	7.6297145008e+01	
101	1.1220184543e+04	7.5182999216e+01	
102	1.2589254118e+04	7.4046913072e+01	
103	1.4125375446e+04	7.2885195626e+01	
104	1.5848931925e+04	7.1694350115e+01	
105	1.7782794100e+04	7.0471131023e+01	
106	1.9952623150e+04	6.9211882566e+01	
107	2.2387211386e+04	6.7912868117e+01	
108	2.5118864315e+04	6.6571144465e+01	
109	2.8183829313e+04	6.5184758801e+01	
110	3.1622776602e+04	6.3751880374e+01	
111	3.5481338923e+04	6.2273415468e+01	
112	3.9810717055e+04	6.0751067415e+01	

Index   frequency       psrr_db         
--------------------------------------------------------------------------------
113	4.4668359215e+04	5.9188771186e+01	
114	5.0118723363e+04	5.7591961773e+01	
115	5.6234132519e+04	5.5967822953e+01	
116	6.3095734448e+04	5.4324734812e+01	
117	7.0794578438e+04	5.2671966390e+01	
118	7.9432823472e+04	5.1019431812e+01	
119	8.9125093813e+04	4.9377386840e+01	
120	1.0000000000e+05	4.7755820986e+01	
121	1.1220184543e+05	4.6164369463e+01	
122	1.2589254118e+05	4.4611893116e+01	
123	1.4125375446e+05	4.3106172519e+01	
124	1.5848931925e+05	4.1653576559e+01	
125	1.7782794100e+05	4.0259047964e+01	
126	1.9952623150e+05	3.8926064370e+01	
127	2.2387211386e+05	3.7656971549e+01	
128	2.5118864315e+05	3.6453508515e+01	
129	2.8183829313e+05	3.5317745516e+01	
130	3.1622776602e+05	3.4253306220e+01	
131	3.5481338923e+05	3.3267140615e+01	
132	3.9810717055e+05	3.2371742047e+01	
133	4.4668359215e+05	3.1587588140e+01	
134	5.0118723363e+05	3.0944994353e+01	
135	5.6234132519e+05	3.0483465498e+01	
136	6.3095734448e+05	3.0245493532e+01	
137	7.0794578438e+05	3.0262308919e+01	
138	7.9432823472e+05	3.0532503885e+01	
139	8.9125093813e+05	3.0999362643e+01	
140	1.0000000000e+06	3.1534780746e+01	
141	1.1220184543e+06	3.1943091125e+01	
142	1.2589254118e+06	3.2014059731e+01	
143	1.4125375446e+06	3.1631290266e+01	
144	1.5848931925e+06	3.0839667931e+01	
145	1.7782794100e+06	2.9784321664e+01	
146	1.9952623150e+06	2.8606916475e+01	
147	2.2387211386e+06	2.7400394266e+01	
148	2.5118864315e+06	2.6213655413e+01	
149	2.8183829313e+06	2.5068234217e+01	
150	3.1622776602e+06	2.3970948749e+01	
151	3.5481338923e+06	2.2921136679e+01	
152	3.9810717055e+06	2.1914511690e+01	
153	4.4668359215e+06	2.0945359317e+01	
154	5.0118723363e+06	2.0007978616e+01	
155	5.6234132519e+06	1.9097743600e+01	
156	6.3095734448e+06	1.8211853778e+01	
157	7.0794578438e+06	1.7349762974e+01	
158	7.9432823472e+06	1.6513250332e+01	
159	8.9125093813e+06	1.5706141421e+01	
160	1.0000000000e+07	1.4933727938e+01	
m_psrr_1hz_db = 1.1067928608e+02
m_psrr_1khz_db = 9.6630723558e+01
m_psrr_10hz_db = 1.1066728967e+02
m_psrr_100hz_db = 1.0973294893e+02
m_psrr_10khz_db = 7.6297145008e+01
m_psrr_100khz_db = 4.7755820986e+01
m_psrr_1mhz_db = 3.1534780746e+01
m_vref_op = 1.2033977943e+00
m_f_dc_hz = 1.0000000000e+00
m_f_band_edge_hz = 1.0000000000e+03
Note: Simulation executed from .control section 

Warning: m=xx on .subckt line will override multiplier m hierarchy!

Warning : IC on non-existent node - xdut.xx1.casc, ignored
   Please check line .ic v(xdut.fb)=1.0 v(xdut.sns1)=0.6 v(xdut.sns2)=0.6 v(vref)=1.2 v(xdut.ibias)=0.6 v(xdut.xx1.casc)=1.8

Note: Starting dynamic gmin stepping
Note: Dynamic gmin stepping completed
Note: Starting dynamic gmin stepping
Note: Dynamic gmin stepping completed
