
Note: Compatibility modes selected: hs a


Circuit: * psrr-dc @ ff_-40c_2.97v -- generated by sim/harness, do not edit

Doing analysis at TEMP = -40.000000 and TNOM = 27.000000

Using SPARSE 1.3 as Direct Linear Solver
 Reference value :  0.00000e+00
No. of Data Rows : 1
Doing analysis at TEMP = -40.000000 and TNOM = 27.000000

Using SPARSE 1.3 as Direct Linear Solver

No. of Data Rows : 161
       * psrr-dc @ ff_-40c_2.97v -- generated by sim/harness, do not edit
       AC Analysis  Sat Aug  1 21:52:21  2026
--------------------------------------------------------------------------------
Index   frequency       psrr_db         
--------------------------------------------------------------------------------
0	1.0000000000e-01	1.1359094258e+02	
1	1.1220184543e-01	1.1359094232e+02	
2	1.2589254118e-01	1.1359094200e+02	
3	1.4125375446e-01	1.1359094162e+02	
4	1.5848931925e-01	1.1359094110e+02	
5	1.7782794100e-01	1.1359094045e+02	
6	1.9952623150e-01	1.1359093961e+02	
7	2.2387211386e-01	1.1359093861e+02	
8	2.5118864315e-01	1.1359093733e+02	
9	2.8183829313e-01	1.1359093569e+02	
10	3.1622776602e-01	1.1359093367e+02	
11	3.5481338923e-01	1.1359093108e+02	
12	3.9810717055e-01	1.1359092788e+02	
13	4.4668359215e-01	1.1359092379e+02	
14	5.0118723363e-01	1.1359091867e+02	
15	5.6234132519e-01	1.1359091223e+02	
16	6.3095734448e-01	1.1359090411e+02	
17	7.0794578438e-01	1.1359089389e+02	
18	7.9432823472e-01	1.1359088103e+02	
19	8.9125093813e-01	1.1359086483e+02	
20	1.0000000000e+00	1.1359084447e+02	
21	1.1220184543e+00	1.1359081879e+02	
22	1.2589254118e+00	1.1359078647e+02	
23	1.4125375446e+00	1.1359074578e+02	
24	1.5848931925e+00	1.1359069460e+02	
25	1.7782794100e+00	1.1359063010e+02	
26	1.9952623150e+00	1.1359054897e+02	
27	2.2387211386e+00	1.1359044682e+02	
28	2.5118864315e+00	1.1359031816e+02	
29	2.8183829313e+00	1.1359015626e+02	
30	3.1622776602e+00	1.1358995243e+02	
31	3.5481338923e+00	1.1358969583e+02	
32	3.9810717055e+00	1.1358937281e+02	
33	4.4668359215e+00	1.1358896620e+02	
34	5.0118723363e+00	1.1358845432e+02	
35	5.6234132519e+00	1.1358781003e+02	
36	6.3095734448e+00	1.1358699902e+02	
37	7.0794578438e+00	1.1358597828e+02	
38	7.9432823472e+00	1.1358469355e+02	
39	8.9125093813e+00	1.1358307668e+02	
40	1.0000000000e+01	1.1357077306e+02	
41	1.1220184543e+01	1.1356821950e+02	
42	1.2589254118e+01	1.1356500692e+02	
43	1.4125375446e+01	1.1356096578e+02	
44	1.5848931925e+01	1.1355588354e+02	
45	1.7782794100e+01	1.1354949367e+02	
46	1.9952623150e+01	1.1354146246e+02	
47	2.2387211386e+01	1.1353137242e+02	
48	2.5118864315e+01	1.1351870255e+02	
49	2.8183829313e+01	1.1349272042e+02	
50	3.1622776602e+01	1.1347283623e+02	
51	3.5481338923e+01	1.1344793011e+02	
52	3.9810717055e+01	1.1340689241e+02	
53	4.4668359215e+01	1.1335830046e+02	
54	5.0118723363e+01	1.1331002994e+02	

Index   frequency       psrr_db         
--------------------------------------------------------------------------------
55	5.6234132519e+01	1.1323100964e+02	
56	6.3095734448e+01	1.1314762626e+02	
57	7.0794578438e+01	1.1303815149e+02	
58	7.9432823472e+01	1.1290869890e+02	
59	8.9125093813e+01	1.1275542285e+02	
60	1.0000000000e+02	1.1255780480e+02	
61	1.1220184543e+02	1.1232912238e+02	
62	1.2589254118e+02	1.1205761334e+02	
63	1.4125375446e+02	1.1172687125e+02	
64	1.5848931925e+02	1.1135610096e+02	
65	1.7782794100e+02	1.1092788022e+02	
66	1.9952623150e+02	1.1044372951e+02	
67	2.2387211386e+02	1.0989939139e+02	
68	2.5118864315e+02	1.0929654019e+02	
69	2.8183829313e+02	1.0864890711e+02	
70	3.1622776602e+02	1.0794228894e+02	
71	3.5481338923e+02	1.0719826502e+02	
72	3.9810717055e+02	1.0640870967e+02	
73	4.4668359215e+02	1.0558117038e+02	
74	5.0118723363e+02	1.0472504753e+02	
75	5.6234132519e+02	1.0384232206e+02	
76	6.3095734448e+02	1.0293375080e+02	
77	7.0794578438e+02	1.0201109170e+02	
78	7.9432823472e+02	1.0107409666e+02	
79	8.9125093813e+02	1.0012485244e+02	
80	1.0000000000e+03	9.9165409077e+01	
81	1.1220184543e+03	9.8195033520e+01	
82	1.2589254118e+03	9.7219892461e+01	
83	1.4125375446e+03	9.6238729787e+01	
84	1.5848931925e+03	9.5252400594e+01	
85	1.7782794100e+03	9.4262268082e+01	
86	1.9952623150e+03	9.3269168384e+01	
87	2.2387211386e+03	9.2272808731e+01	
88	2.5118864315e+03	9.1273332035e+01	
89	2.8183829313e+03	9.0271022859e+01	
90	3.1622776602e+03	8.9265774625e+01	
91	3.5481338923e+03	8.8257228266e+01	
92	3.9810717055e+03	8.7244892910e+01	
93	4.4668359215e+03	8.6228433663e+01	
94	5.0118723363e+03	8.5207097175e+01	
95	5.6234132519e+03	8.4179930225e+01	
96	6.3095734448e+03	8.3145443644e+01	
97	7.0794578438e+03	8.2102514165e+01	
98	7.9432823472e+03	8.1049473557e+01	
99	8.9125093813e+03	7.9984444871e+01	
100	1.0000000000e+04	7.8905186956e+01	
101	1.1220184543e+04	7.7809181128e+01	
102	1.2589254118e+04	7.6693906843e+01	
103	1.4125375446e+04	7.5556246089e+01	
104	1.5848931925e+04	7.4392930653e+01	
105	1.7782794100e+04	7.3200442148e+01	
106	1.9952623150e+04	7.1975357799e+01	
107	2.2387211386e+04	7.0713784326e+01	
108	2.5118864315e+04	6.9412042591e+01	
109	2.8183829313e+04	6.8066542209e+01	
110	3.1622776602e+04	6.6674868376e+01	
111	3.5481338923e+04	6.5235053914e+01	
112	3.9810717055e+04	6.3746824685e+01	

Index   frequency       psrr_db         
--------------------------------------------------------------------------------
113	4.4668359215e+04	6.2211342652e+01	
114	5.0118723363e+04	6.0631255003e+01	
115	5.6234132519e+04	5.9011529827e+01	
116	6.3095734448e+04	5.7357590212e+01	
117	7.0794578438e+04	5.5677144192e+01	
118	7.9432823472e+04	5.3978316298e+01	
119	8.9125093813e+04	5.2270087070e+01	
120	1.0000000000e+05	5.0562016776e+01	
121	1.1220184543e+05	4.8863865463e+01	
122	1.2589254118e+05	4.7185649865e+01	
123	1.4125375446e+05	4.5537245240e+01	
124	1.5848931925e+05	4.3928306080e+01	
125	1.7782794100e+05	4.2367871328e+01	
126	1.9952623150e+05	4.0864304382e+01	
127	2.2387211386e+05	3.9425046979e+01	
128	2.5118864315e+05	3.8056565118e+01	
129	2.8183829313e+05	3.6764737052e+01	
130	3.1622776602e+05	3.5555446527e+01	
131	3.5481338923e+05	3.4435847458e+01	
132	3.9810717055e+05	3.3416113892e+01	
133	4.4668359215e+05	3.2511773261e+01	
134	5.0118723363e+05	3.1746033053e+01	
135	5.6234132519e+05	3.1150903675e+01	
136	6.3095734448e+05	3.0764951092e+01	
137	7.0794578438e+05	3.0625139863e+01	
138	7.9432823472e+05	3.0752011091e+01	
139	8.9125093813e+05	3.1131319580e+01	
140	1.0000000000e+06	3.1697181820e+01	
141	1.1220184543e+06	3.2319889347e+01	
142	1.2589254118e+06	3.2806809704e+01	
143	1.4125375446e+06	3.2946519535e+01	
144	1.5848931925e+06	3.2613492323e+01	
145	1.7782794100e+06	3.1845557044e+01	
146	1.9952623150e+06	3.0791106997e+01	
147	2.2387211386e+06	2.9600523141e+01	
148	2.5118864315e+06	2.8374274183e+01	
149	2.8183829313e+06	2.7165841391e+01	
150	3.1622776602e+06	2.5999121841e+01	
151	3.5481338923e+06	2.4881985185e+01	
152	3.9810717055e+06	2.3814040346e+01	
153	4.4668359215e+06	2.2790748747e+01	
154	5.0118723363e+06	2.1805748683e+01	
155	5.6234132519e+06	2.0852394415e+01	
156	6.3095734448e+06	1.9924917794e+01	
157	7.0794578438e+06	1.9019301612e+01	
158	7.9432823472e+06	1.8133839770e+01	
159	8.9125093813e+06	1.7269341061e+01	
160	1.0000000000e+07	1.6428969698e+01	
m_psrr_1hz_db = 1.1359084447e+02
m_psrr_1khz_db = 9.9165409077e+01
m_psrr_10hz_db = 1.1357077306e+02
m_psrr_100hz_db = 1.1255780480e+02
m_psrr_10khz_db = 7.8905186956e+01
m_psrr_100khz_db = 5.0562016776e+01
m_psrr_1mhz_db = 3.1697181820e+01
m_vref_op = 1.2091208312e+00
m_f_dc_hz = 1.0000000000e+00
m_f_band_edge_hz = 1.0000000000e+03
Note: Simulation executed from .control section 

Warning: m=xx on .subckt line will override multiplier m hierarchy!

Warning : IC on non-existent node - xdut.xx1.casc, ignored
   Please check line .ic v(xdut.fb)=1.0 v(xdut.sns1)=0.6 v(xdut.sns2)=0.6 v(vref)=1.2 v(xdut.ibias)=0.6 v(xdut.xx1.casc)=1.8

Note: Starting dynamic gmin stepping
Note: Dynamic gmin stepping completed
Note: Starting dynamic gmin stepping
Note: Dynamic gmin stepping completed
