
Note: Compatibility modes selected: hs a


Circuit: * psrr-dc @ res_ff_125c_3.30v -- generated by sim/harness, do not edit

Doing analysis at TEMP = 125.000000 and TNOM = 27.000000

Using SPARSE 1.3 as Direct Linear Solver
 Reference value :  0.00000e+00
No. of Data Rows : 1
Doing analysis at TEMP = 125.000000 and TNOM = 27.000000

Using SPARSE 1.3 as Direct Linear Solver
 Reference value :  1.00000e-01
No. of Data Rows : 161
     * psrr-dc @ res_ff_125c_3.30v -- generated by sim/harness, do not edit
     AC Analysis  Sat Aug  1 21:53:52  2026
--------------------------------------------------------------------------------
Index   frequency       psrr_db         
--------------------------------------------------------------------------------
0	1.0000000000e-01	1.0924492519e+02	
1	1.1220184543e-01	1.0924492498e+02	
2	1.2589254118e-01	1.0924492470e+02	
3	1.4125375446e-01	1.0924492437e+02	
4	1.5848931925e-01	1.0924492393e+02	
5	1.7782794100e-01	1.0924492336e+02	
6	1.9952623150e-01	1.0924492266e+02	
7	2.2387211386e-01	1.0924492179e+02	
8	2.5118864315e-01	1.0924492069e+02	
9	2.8183829313e-01	1.0924491931e+02	
10	3.1622776602e-01	1.0924491754e+02	
11	3.5481338923e-01	1.0924491533e+02	
12	3.9810717055e-01	1.0924491257e+02	
13	4.4668359215e-01	1.0924490905e+02	
14	5.0118723363e-01	1.0924490466e+02	
15	5.6234132519e-01	1.0924489912e+02	
16	6.3095734448e-01	1.0924489216e+02	
17	7.0794578438e-01	1.0924488339e+02	
18	7.9432823472e-01	1.0924487231e+02	
19	8.9125093813e-01	1.0924485841e+02	
20	1.0000000000e+00	1.0924484089e+02	
21	1.1220184543e+00	1.0924481886e+02	
22	1.2589254118e+00	1.0924479109e+02	
23	1.4125375446e+00	1.0924475614e+02	
24	1.5848931925e+00	1.0924471215e+02	
25	1.7782794100e+00	1.0924465675e+02	
26	1.9952623150e+00	1.0924458702e+02	
27	2.2387211386e+00	1.0924449924e+02	
28	2.5118864315e+00	1.0924438876e+02	
29	2.8183829313e+00	1.0924424964e+02	
30	3.1622776602e+00	1.0924407452e+02	
31	3.5481338923e+00	1.0924385406e+02	
32	3.9810717055e+00	1.0924357654e+02	
33	4.4668359215e+00	1.0924322718e+02	
34	5.0118723363e+00	1.0924278741e+02	
35	5.6234132519e+00	1.0924223384e+02	
36	6.3095734448e+00	1.0924153703e+02	
37	7.0794578438e+00	1.0924065993e+02	
38	7.9432823472e+00	1.0923955599e+02	
39	8.9125093813e+00	1.0923816660e+02	
40	1.0000000000e+01	1.0924444472e+02	
41	1.1220184543e+01	1.0924224078e+02	
42	1.2589254118e+01	1.0923946771e+02	
43	1.4125375446e+01	1.0923597911e+02	
44	1.5848931925e+01	1.0923159116e+02	
45	1.7782794100e+01	1.0922607324e+02	
46	1.9952623150e+01	1.0921913638e+02	
47	2.2387211386e+01	1.0921041882e+02	
48	2.5118864315e+01	1.0919946846e+02	
49	2.8183829313e+01	1.0919365729e+02	
50	3.1622776602e+01	1.0917638263e+02	
51	3.5481338923e+01	1.0916260959e+02	
52	3.9810717055e+01	1.0913545693e+02	
53	4.4668359215e+01	1.0910929528e+02	
54	5.0118723363e+01	1.0907458075e+02	

Index   frequency       psrr_db         
--------------------------------------------------------------------------------
55	5.6234132519e+01	1.0902928788e+02	
56	6.3095734448e+01	1.0897852934e+02	
57	7.0794578438e+01	1.0890416495e+02	
58	7.9432823472e+01	1.0882501023e+02	
59	8.9125093813e+01	1.0872182798e+02	
60	1.0000000000e+02	1.0858994217e+02	
61	1.1220184543e+02	1.0844425684e+02	
62	1.2589254118e+02	1.0825756900e+02	
63	1.4125375446e+02	1.0803003759e+02	
64	1.5848931925e+02	1.0776636107e+02	
65	1.7782794100e+02	1.0744719584e+02	
66	1.9952623150e+02	1.0708174668e+02	
67	2.2387211386e+02	1.0665532810e+02	
68	2.5118864315e+02	1.0617578043e+02	
69	2.8183829313e+02	1.0564248998e+02	
70	3.1622776602e+02	1.0505334223e+02	
71	3.5481338923e+02	1.0440492518e+02	
72	3.9810717055e+02	1.0370730744e+02	
73	4.4668359215e+02	1.0295825010e+02	
74	5.0118723363e+02	1.0217667457e+02	
75	5.6234132519e+02	1.0135560889e+02	
76	6.3095734448e+02	1.0050215502e+02	
77	7.0794578438e+02	9.9631422103e+01	
78	7.9432823472e+02	9.8723899321e+01	
79	8.9125093813e+02	9.7803756575e+01	
80	1.0000000000e+03	9.6865547450e+01	
81	1.1220184543e+03	9.5917515618e+01	
82	1.2589254118e+03	9.4957484432e+01	
83	1.4125375446e+03	9.3988184939e+01	
84	1.5848931925e+03	9.3012939340e+01	
85	1.7782794100e+03	9.2030870584e+01	
86	1.9952623150e+03	9.1044045506e+01	
87	2.2387211386e+03	9.0052877477e+01	
88	2.5118864315e+03	8.9057071150e+01	
89	2.8183829313e+03	8.8057677017e+01	
90	3.1622776602e+03	8.7054609367e+01	
91	3.5481338923e+03	8.6047538371e+01	
92	3.9810717055e+03	8.5035995559e+01	
93	4.4668359215e+03	8.4019913119e+01	
94	5.0118723363e+03	8.2998753266e+01	
95	5.6234132519e+03	8.1970327785e+01	
96	6.3095734448e+03	8.0934343980e+01	
97	7.0794578438e+03	7.9888993508e+01	
98	7.9432823472e+03	7.8832591684e+01	
99	8.9125093813e+03	7.7762667770e+01	
100	1.0000000000e+04	7.6676966940e+01	
101	1.1220184543e+04	7.5572056593e+01	
102	1.2589254118e+04	7.4444886713e+01	
103	1.4125375446e+04	7.3292466811e+01	
104	1.5848931925e+04	7.2110302227e+01	
105	1.7782794100e+04	7.0894949962e+01	
106	1.9952623150e+04	6.9642697244e+01	
107	2.2387211386e+04	6.8350470976e+01	
108	2.5118864315e+04	6.7015790714e+01	
109	2.8183829313e+04	6.5637696334e+01	
110	3.1622776602e+04	6.4216586110e+01	
111	3.5481338923e+04	6.2754443845e+01	
112	3.9810717055e+04	6.1255595010e+01	

Index   frequency       psrr_db         
--------------------------------------------------------------------------------
113	4.4668359215e+04	5.9725745942e+01	
114	5.0118723363e+04	5.8172649221e+01	
115	5.6234132519e+04	5.6605014764e+01	
116	6.3095734448e+04	5.5032689255e+01	
117	7.0794578438e+04	5.3465502688e+01	
118	7.9432823472e+04	5.1913338085e+01	
119	8.9125093813e+04	5.0385183881e+01	
120	1.0000000000e+05	4.8888740540e+01	
121	1.1220184543e+05	4.7430102900e+01	
122	1.2589254118e+05	4.6013636160e+01	
123	1.4125375446e+05	4.4641681139e+01	
124	1.5848931925e+05	4.3314793347e+01	
125	1.7782794100e+05	4.2032148383e+01	
126	1.9952623150e+05	4.0791867724e+01	
127	2.2387211386e+05	3.9591762277e+01	
128	2.5118864315e+05	3.8430017481e+01	
129	2.8183829313e+05	3.7306171750e+01	
130	3.1622776602e+05	3.6222441986e+01	
131	3.5481338923e+05	3.5185492715e+01	
132	3.9810717055e+05	3.4209125935e+01	
133	4.4668359215e+05	3.3317700625e+01	
134	5.0118723363e+05	3.2549799849e+01	
135	5.6234132519e+05	3.1959378756e+01	
136	6.3095734448e+05	3.1608885005e+01	
137	7.0794578438e+05	3.1547867193e+01	
138	7.9432823472e+05	3.1778312017e+01	
139	8.9125093813e+05	3.2222545757e+01	
140	1.0000000000e+06	3.2715193414e+01	
141	1.1220184543e+06	3.3035894135e+01	
142	1.2589254118e+06	3.2993732229e+01	
143	1.4125375446e+06	3.2525800575e+01	
144	1.5848931925e+06	3.1710505619e+01	
145	1.7782794100e+06	3.0683577456e+01	
146	1.9952623150e+06	2.9559730640e+01	
147	2.2387211386e+06	2.8410387264e+01	
148	2.5118864315e+06	2.7272779477e+01	
149	2.8183829313e+06	2.6163589127e+01	
150	3.1622776602e+06	2.5088461725e+01	
151	3.5481338923e+06	2.4047401676e+01	
152	3.9810717055e+06	2.3037682829e+01	
153	4.4668359215e+06	2.2055490179e+01	
154	5.0118723363e+06	2.1096975975e+01	
155	5.6234132519e+06	2.0159009146e+01	
156	6.3095734448e+06	1.9239720772e+01	
157	7.0794578438e+06	1.8338845558e+01	
158	7.9432823472e+06	1.7457846563e+01	
159	8.9125093813e+06	1.6599818310e+01	
160	1.0000000000e+07	1.5769195645e+01	
m_psrr_1hz_db = 1.0924484089e+02
m_psrr_1khz_db = 9.6865547450e+01
m_psrr_10hz_db = 1.0924444472e+02
m_psrr_100hz_db = 1.0858994217e+02
m_psrr_10khz_db = 7.6676966940e+01
m_psrr_100khz_db = 4.8888740540e+01
m_psrr_1mhz_db = 3.2715193414e+01
m_vref_op = 1.2287528558e+00
m_f_dc_hz = 1.0000000000e+00
m_f_band_edge_hz = 1.0000000000e+03
Note: Simulation executed from .control section 

Warning: m=xx on .subckt line will override multiplier m hierarchy!

Warning : IC on non-existent node - xdut.xx1.casc, ignored
   Please check line .ic v(xdut.fb)=1.0 v(xdut.sns1)=0.6 v(xdut.sns2)=0.6 v(vref)=1.2 v(xdut.ibias)=0.6 v(xdut.xx1.casc)=1.8

Note: Starting dynamic gmin stepping
Note: Dynamic gmin stepping completed
Note: Starting dynamic gmin stepping
Note: Dynamic gmin stepping completed
