
Note: Compatibility modes selected: hs a


Circuit: * psrr-dc @ res_ss_27c_2.97v -- generated by sim/harness, do not edit

Doing analysis at TEMP = 27.000000 and TNOM = 27.000000

Using SPARSE 1.3 as Direct Linear Solver
 Reference value :  0.00000e+00
No. of Data Rows : 1
Doing analysis at TEMP = 27.000000 and TNOM = 27.000000

Using SPARSE 1.3 as Direct Linear Solver
 Reference value :  1.00000e-01
No. of Data Rows : 161
     * psrr-dc @ res_ss_27c_2.97v -- generated by sim/harness, do not edit
     AC Analysis  Sat Aug  1 21:54:01  2026
--------------------------------------------------------------------------------
Index   frequency       psrr_db         
--------------------------------------------------------------------------------
0	1.0000000000e-01	1.1011545049e+02	
1	1.1220184543e-01	1.1011545018e+02	
2	1.2589254118e-01	1.1011544977e+02	
3	1.4125375446e-01	1.1011544928e+02	
4	1.5848931925e-01	1.1011544864e+02	
5	1.7782794100e-01	1.1011544783e+02	
6	1.9952623150e-01	1.1011544682e+02	
7	2.2387211386e-01	1.1011544557e+02	
8	2.5118864315e-01	1.1011544397e+02	
9	2.8183829313e-01	1.1011544196e+02	
10	3.1622776602e-01	1.1011543944e+02	
11	3.5481338923e-01	1.1011543622e+02	
12	3.9810717055e-01	1.1011543222e+02	
13	4.4668359215e-01	1.1011542716e+02	
14	5.0118723363e-01	1.1011542084e+02	
15	5.6234132519e-01	1.1011541281e+02	
16	6.3095734448e-01	1.1011540277e+02	
17	7.0794578438e-01	1.1011539007e+02	
18	7.9432823472e-01	1.1011537409e+02	
19	8.9125093813e-01	1.1011535398e+02	
20	1.0000000000e+00	1.1011532870e+02	
21	1.1220184543e+00	1.1011529685e+02	
22	1.2589254118e+00	1.1011525669e+02	
23	1.4125375446e+00	1.1011520622e+02	
24	1.5848931925e+00	1.1011514264e+02	
25	1.7782794100e+00	1.1011506263e+02	
26	1.9952623150e+00	1.1011496190e+02	
27	2.2387211386e+00	1.1011483508e+02	
28	2.5118864315e+00	1.1011467541e+02	
29	2.8183829313e+00	1.1011447445e+02	
30	3.1622776602e+00	1.1011422142e+02	
31	3.5481338923e+00	1.1011390293e+02	
32	3.9810717055e+00	1.1011350200e+02	
33	4.4668359215e+00	1.1011299730e+02	
34	5.0118723363e+00	1.1011236203e+02	
35	5.6234132519e+00	1.1011156239e+02	
36	6.3095734448e+00	1.1011055586e+02	
37	7.0794578438e+00	1.1010928911e+02	
38	7.9432823472e+00	1.1010769486e+02	
39	8.9125093813e+00	1.1010568860e+02	
40	1.0000000000e+01	1.1010316422e+02	
41	1.1220184543e+01	1.1009998823e+02	
42	1.2589254118e+01	1.1009599315e+02	
43	1.4125375446e+01	1.1009096877e+02	
44	1.5848931925e+01	1.1008465161e+02	
45	1.7782794100e+01	1.1007671157e+02	
46	1.9952623150e+01	1.1006673596e+02	
47	2.2387211386e+01	1.1004379416e+02	
48	2.5118864315e+01	1.1002811549e+02	
49	2.8183829313e+01	1.1000845605e+02	
50	3.1622776602e+01	1.0997358250e+02	
51	3.5481338923e+01	1.0994285341e+02	
52	3.9810717055e+01	1.0989440956e+02	
53	4.4668359215e+01	1.0984667697e+02	
54	5.0118723363e+01	1.0977752804e+02	

Index   frequency       psrr_db         
--------------------------------------------------------------------------------
55	5.6234132519e+01	1.0968491088e+02	
56	6.3095734448e+01	1.0958523200e+02	
57	7.0794578438e+01	1.0945617495e+02	
58	7.9432823472e+01	1.0930350551e+02	
59	8.9125093813e+01	1.0910621092e+02	
60	1.0000000000e+02	1.0888609997e+02	
61	1.1220184543e+02	1.0861482080e+02	
62	1.2589254118e+02	1.0829780198e+02	
63	1.4125375446e+02	1.0792618172e+02	
64	1.5848931925e+02	1.0749987389e+02	
65	1.7782794100e+02	1.0701705494e+02	
66	1.9952623150e+02	1.0648016738e+02	
67	2.2387211386e+02	1.0589028514e+02	
68	2.5118864315e+02	1.0523812915e+02	
69	2.8183829313e+02	1.0454142658e+02	
70	3.1622776602e+02	1.0379144798e+02	
71	3.5481338923e+02	1.0301152667e+02	
72	3.9810717055e+02	1.0218816844e+02	
73	4.4668359215e+02	1.0133323787e+02	
74	5.0118723363e+02	1.0045169757e+02	
75	5.6234132519e+02	9.9544532153e+01	
76	6.3095734448e+02	9.8625101254e+01	
77	7.0794578438e+02	9.7687614716e+01	
78	7.9432823472e+02	9.6738846680e+01	
79	8.9125093813e+02	9.5779691833e+01	
80	1.0000000000e+03	9.4809508009e+01	
81	1.1220184543e+03	9.3834492211e+01	
82	1.2589254118e+03	9.2852985026e+01	
83	1.4125375446e+03	9.1866505251e+01	
84	1.5848931925e+03	9.0876543542e+01	
85	1.7782794100e+03	8.9882453797e+01	
86	1.9952623150e+03	8.8885128478e+01	
87	2.2387211386e+03	8.7884548935e+01	
88	2.5118864315e+03	8.6880689905e+01	
89	2.8183829313e+03	8.5873411916e+01	
90	3.1622776602e+03	8.4862364205e+01	
91	3.5481338923e+03	8.3846963170e+01	
92	3.9810717055e+03	8.2826773353e+01	
93	4.4668359215e+03	8.1800078909e+01	
94	5.0118723363e+03	8.0766623780e+01	
95	5.6234132519e+03	7.9724921486e+01	
96	6.3095734448e+03	7.8672499430e+01	
97	7.0794578438e+03	7.7607820322e+01	
98	7.9432823472e+03	7.6528789182e+01	
99	8.9125093813e+03	7.5432387805e+01	
100	1.0000000000e+04	7.4315572820e+01	
101	1.1220184543e+04	7.3175343433e+01	
102	1.2589254118e+04	7.2007827250e+01	
103	1.4125375446e+04	7.0809248929e+01	
104	1.5848931925e+04	6.9575831386e+01	
105	1.7782794100e+04	6.8304101312e+01	
106	1.9952623150e+04	6.6989858036e+01	
107	2.2387211386e+04	6.5630978848e+01	
108	2.5118864315e+04	6.4225381453e+01	
109	2.8183829313e+04	6.2772756749e+01	
110	3.1622776602e+04	6.1274114014e+01	
111	3.5481338923e+04	5.9732654570e+01	
112	3.9810717055e+04	5.8153160690e+01	

Index   frequency       psrr_db         
--------------------------------------------------------------------------------
113	4.4668359215e+04	5.6541826071e+01	
114	5.0118723363e+04	5.4906636216e+01	
115	5.6234132519e+04	5.3256296565e+01	
116	6.3095734448e+04	5.1600619112e+01	
117	7.0794578438e+04	4.9949453331e+01	
118	7.9432823472e+04	4.8313039131e+01	
119	8.9125093813e+04	4.6701049589e+01	
120	1.0000000000e+05	4.5122697671e+01	
121	1.1220184543e+05	4.3586077591e+01	
122	1.2589254118e+05	4.2098042276e+01	
123	1.4125375446e+05	4.0664088247e+01	
124	1.5848931925e+05	3.9288050868e+01	
125	1.7782794100e+05	3.7972417897e+01	
126	1.9952623150e+05	3.6718617112e+01	
127	2.2387211386e+05	3.5527698039e+01	
128	2.5118864315e+05	3.4401227569e+01	
129	2.8183829313e+05	3.3342623043e+01	
130	3.1622776602e+05	3.2358863637e+01	
131	3.5481338923e+05	3.1462746540e+01	
132	3.9810717055e+05	3.0675320946e+01	
133	4.4668359215e+05	3.0027759975e+01	
134	5.0118723363e+05	2.9560608702e+01	
135	5.6234132519e+05	2.9317217269e+01	
136	6.3095734448e+05	2.9328596373e+01	
137	7.0794578438e+05	2.9590822128e+01	
138	7.9432823472e+05	3.0041654295e+01	
139	8.9125093813e+05	3.0545912690e+01	
140	1.0000000000e+06	3.0905053023e+01	
141	1.1220184543e+06	3.0918420540e+01	
142	1.2589254118e+06	3.0489711918e+01	
143	1.4125375446e+06	2.9677165599e+01	
144	1.5848931925e+06	2.8623642096e+01	
145	1.7782794100e+06	2.7461449753e+01	
146	1.9952623150e+06	2.6275708302e+01	
147	2.2387211386e+06	2.5110899918e+01	
148	2.5118864315e+06	2.3986517763e+01	
149	2.8183829313e+06	2.2908612408e+01	
150	3.1622776602e+06	2.1876403836e+01	
151	3.5481338923e+06	2.0885868297e+01	
152	3.9810717055e+06	1.9931817104e+01	
153	4.4668359215e+06	1.9009282915e+01	
154	5.0118723363e+06	1.8114519829e+01	
155	5.6234132519e+06	1.7245682315e+01	
156	6.3095734448e+06	1.6403154912e+01	
157	7.0794578438e+06	1.5589513500e+01	
158	7.9432823472e+06	1.4809123464e+01	
159	8.9125093813e+06	1.4067462064e+01	
160	1.0000000000e+07	1.3370292024e+01	
m_psrr_1hz_db = 1.1011532870e+02
m_psrr_1khz_db = 9.4809508009e+01
m_psrr_10hz_db = 1.1010316422e+02
m_psrr_100hz_db = 1.0888609997e+02
m_psrr_10khz_db = 7.4315572820e+01
m_psrr_100khz_db = 4.5122697671e+01
m_psrr_1mhz_db = 3.0905053023e+01
m_vref_op = 1.2085256846e+00
m_f_dc_hz = 1.0000000000e+00
m_f_band_edge_hz = 1.0000000000e+03
Note: Simulation executed from .control section 

Warning: m=xx on .subckt line will override multiplier m hierarchy!

Warning : IC on non-existent node - xdut.xx1.casc, ignored
   Please check line .ic v(xdut.fb)=1.0 v(xdut.sns1)=0.6 v(xdut.sns2)=0.6 v(vref)=1.2 v(xdut.ibias)=0.6 v(xdut.xx1.casc)=1.8

Note: Starting dynamic gmin stepping
Note: Dynamic gmin stepping completed
Note: Starting dynamic gmin stepping
Note: Dynamic gmin stepping completed
