
Note: Compatibility modes selected: hs a


Circuit: * psrr-dc @ tt_-40c_3.30v -- generated by sim/harness, do not edit

Doing analysis at TEMP = -40.000000 and TNOM = 27.000000

Using SPARSE 1.3 as Direct Linear Solver
 Reference value :  0.00000e+00
No. of Data Rows : 1
Doing analysis at TEMP = -40.000000 and TNOM = 27.000000

Using SPARSE 1.3 as Direct Linear Solver

No. of Data Rows : 161
       * psrr-dc @ tt_-40c_3.30v -- generated by sim/harness, do not edit
       AC Analysis  Sat Aug  1 21:52:06  2026
--------------------------------------------------------------------------------
Index   frequency       psrr_db         
--------------------------------------------------------------------------------
0	1.0000000000e-01	1.1129441719e+02	
1	1.1220184543e-01	1.1129441683e+02	
2	1.2589254118e-01	1.1129441635e+02	
3	1.4125375446e-01	1.1129441578e+02	
4	1.5848931925e-01	1.1129441508e+02	
5	1.7782794100e-01	1.1129441416e+02	
6	1.9952623150e-01	1.1129441304e+02	
7	2.2387211386e-01	1.1129441161e+02	
8	2.5118864315e-01	1.1129440980e+02	
9	2.8183829313e-01	1.1129440754e+02	
10	3.1622776602e-01	1.1129440468e+02	
11	3.5481338923e-01	1.1129440108e+02	
12	3.9810717055e-01	1.1129439656e+02	
13	4.4668359215e-01	1.1129439085e+02	
14	5.0118723363e-01	1.1129438368e+02	
15	5.6234132519e-01	1.1129437465e+02	
16	6.3095734448e-01	1.1129436328e+02	
17	7.0794578438e-01	1.1129434897e+02	
18	7.9432823472e-01	1.1129433093e+02	
19	8.9125093813e-01	1.1129430826e+02	
20	1.0000000000e+00	1.1129427972e+02	
21	1.1220184543e+00	1.1129424376e+02	
22	1.2589254118e+00	1.1129419849e+02	
23	1.4125375446e+00	1.1129414152e+02	
24	1.5848931925e+00	1.1129406976e+02	
25	1.7782794100e+00	1.1129397948e+02	
26	1.9952623150e+00	1.1129386577e+02	
27	2.2387211386e+00	1.1129372266e+02	
28	2.5118864315e+00	1.1129354251e+02	
29	2.8183829313e+00	1.1129331571e+02	
30	3.1622776602e+00	1.1129303018e+02	
31	3.5481338923e+00	1.1129267079e+02	
32	3.9810717055e+00	1.1129221834e+02	
33	4.4668359215e+00	1.1129164884e+02	
34	5.0118723363e+00	1.1129093197e+02	
35	5.6234132519e+00	1.1129002967e+02	
36	6.3095734448e+00	1.1128889398e+02	
37	7.0794578438e+00	1.1128746465e+02	
38	7.9432823472e+00	1.1128566593e+02	
39	8.9125093813e+00	1.1128340249e+02	
40	1.0000000000e+01	1.1128055464e+02	
41	1.1220184543e+01	1.1127697209e+02	
42	1.2589254118e+01	1.1127246606e+02	
43	1.4125375446e+01	1.1127660627e+02	
44	1.5848931925e+01	1.1126946838e+02	
45	1.7782794100e+01	1.1126049876e+02	
46	1.9952623150e+01	1.1124923277e+02	
47	2.2387211386e+01	1.1123509077e+02	
48	2.5118864315e+01	1.1121735169e+02	
49	2.8183829313e+01	1.1120476805e+02	
50	3.1622776602e+01	1.1117688336e+02	
51	3.5481338923e+01	1.1114202906e+02	
52	3.9810717055e+01	1.1110798008e+02	
53	4.4668359215e+01	1.1106306885e+02	
54	5.0118723363e+01	1.1099557789e+02	

Index   frequency       psrr_db         
--------------------------------------------------------------------------------
55	5.6234132519e+01	1.1093924460e+02	
56	6.3095734448e+01	1.1084460467e+02	
57	7.0794578438e+01	1.1073473180e+02	
58	7.9432823472e+01	1.1059590222e+02	
59	8.9125093813e+01	1.1043110192e+02	
60	1.0000000000e+02	1.1022615145e+02	
61	1.1220184543e+02	1.0999009330e+02	
62	1.2589254118e+02	1.0970120877e+02	
63	1.4125375446e+02	1.0936734453e+02	
64	1.5848931925e+02	1.0897871500e+02	
65	1.7782794100e+02	1.0853056219e+02	
66	1.9952623150e+02	1.0803167244e+02	
67	2.2387211386e+02	1.0747292833e+02	
68	2.5118864315e+02	1.0686059693e+02	
69	2.8183829313e+02	1.0619772784e+02	
70	3.1622776602e+02	1.0547791863e+02	
71	3.5481338923e+02	1.0471615758e+02	
72	3.9810717055e+02	1.0391973212e+02	
73	4.4668359215e+02	1.0308537650e+02	
74	5.0118723363e+02	1.0222310801e+02	
75	5.6234132519e+02	1.0133963116e+02	
76	6.3095734448e+02	1.0043007703e+02	
77	7.0794578438e+02	9.9501400225e+01	
78	7.9432823472e+02	9.8559727764e+01	
79	8.9125093813e+02	9.7605986007e+01	
80	1.0000000000e+03	9.6644575600e+01	
81	1.1220184543e+03	9.5673448829e+01	
82	1.2589254118e+03	9.4696345323e+01	
83	1.4125375446e+03	9.3713011110e+01	
84	1.5848931925e+03	9.2726042147e+01	
85	1.7782794100e+03	9.1734155012e+01	
86	1.9952623150e+03	9.0740036165e+01	
87	2.2387211386e+03	8.9741825289e+01	
88	2.5118864315e+03	8.8740647935e+01	
89	2.8183829313e+03	8.7736208061e+01	
90	3.1622776602e+03	8.6728248077e+01	
91	3.5481338923e+03	8.5716861453e+01	
92	3.9810717055e+03	8.4700712617e+01	
93	4.4668359215e+03	8.3680172771e+01	
94	5.0118723363e+03	8.2653511034e+01	
95	5.6234132519e+03	8.1619512907e+01	
96	6.3095734448e+03	8.0577336752e+01	
97	7.0794578438e+03	7.9525105262e+01	
98	7.9432823472e+03	7.8460749015e+01	
99	8.9125093813e+03	7.7382144915e+01	
100	1.0000000000e+04	7.6287414101e+01	
101	1.1220184543e+04	7.5172992887e+01	
102	1.2589254118e+04	7.4036417629e+01	
103	1.4125375446e+04	7.2874426066e+01	
104	1.5848931925e+04	7.1683397366e+01	
105	1.7782794100e+04	7.0459743301e+01	
106	1.9952623150e+04	6.9200027844e+01	
107	2.2387211386e+04	6.7900660223e+01	
108	2.5118864315e+04	6.6558686613e+01	
109	2.8183829313e+04	6.5171609256e+01	
110	3.1622776602e+04	6.3738508572e+01	
111	3.5481338923e+04	6.2259616813e+01	
112	3.9810717055e+04	6.0736882494e+01	

Index   frequency       psrr_db         
--------------------------------------------------------------------------------
113	4.4668359215e+04	5.9174338086e+01	
114	5.0118723363e+04	5.7577478268e+01	
115	5.6234132519e+04	5.5953417125e+01	
116	6.3095734448e+04	5.4310421556e+01	
117	7.0794578438e+04	5.2657973037e+01	
118	7.9432823472e+04	5.1005889953e+01	
119	8.9125093813e+04	4.9364441976e+01	
120	1.0000000000e+05	4.7743646357e+01	
121	1.1220184543e+05	4.6153106269e+01	
122	1.2589254118e+05	4.4601677555e+01	
123	1.4125375446e+05	4.3097081638e+01	
124	1.5848931925e+05	4.1645700926e+01	
125	1.7782794100e+05	4.0252422825e+01	
126	1.9952623150e+05	3.8920684616e+01	
127	2.2387211386e+05	3.7652813777e+01	
128	2.5118864315e+05	3.6450517355e+01	
129	2.8183829313e+05	3.5315859640e+01	
130	3.1622776602e+05	3.4252460773e+01	
131	3.5481338923e+05	3.3267290316e+01	
132	3.9810717055e+05	3.2372856258e+01	
133	4.4668359215e+05	3.1589675638e+01	
134	5.0118723363e+05	3.0948104321e+01	
135	5.6234132519e+05	3.0487660078e+01	
136	6.3095734448e+05	3.0250817300e+01	
137	7.0794578438e+05	3.0268706684e+01	
138	7.9432823472e+05	3.0539720985e+01	
139	8.9125093813e+05	3.1006837227e+01	
140	1.0000000000e+06	3.1541569496e+01	
141	1.1220184543e+06	3.1947968403e+01	
142	1.2589254118e+06	3.2016023434e+01	
143	1.4125375446e+06	3.1630228888e+01	
144	1.5848931925e+06	3.0836373250e+01	
145	1.7782794100e+06	2.9779823547e+01	
146	1.9952623150e+06	2.8601986418e+01	
147	2.2387211386e+06	2.7395471379e+01	
148	2.5118864315e+06	2.6208946427e+01	
149	2.8183829313e+06	2.5063812817e+01	
150	3.1622776602e+06	2.3966817641e+01	
151	3.5481338923e+06	2.2917263258e+01	
152	3.9810717055e+06	2.1910847388e+01	
153	4.4668359215e+06	2.0941851749e+01	
154	5.0118723363e+06	2.0004582519e+01	
155	5.6234132519e+06	1.9094425699e+01	
156	6.3095734448e+06	1.8208596621e+01	
157	7.0794578438e+06	1.7346568115e+01	
158	7.9432823472e+06	1.6510135612e+01	
159	8.9125093813e+06	1.5703137647e+01	
160	1.0000000000e+07	1.4930873162e+01	
m_psrr_1hz_db = 1.1129427972e+02
m_psrr_1khz_db = 9.6644575600e+01
m_psrr_10hz_db = 1.1128055464e+02
m_psrr_100hz_db = 1.1022615145e+02
m_psrr_10khz_db = 7.6287414101e+01
m_psrr_100khz_db = 4.7743646357e+01
m_psrr_1mhz_db = 3.1541569496e+01
m_vref_op = 1.2071634738e+00
m_f_dc_hz = 1.0000000000e+00
m_f_band_edge_hz = 1.0000000000e+03
Note: Simulation executed from .control section 

Warning: m=xx on .subckt line will override multiplier m hierarchy!

Warning : IC on non-existent node - xdut.xx1.casc, ignored
   Please check line .ic v(xdut.fb)=1.0 v(xdut.sns1)=0.6 v(xdut.sns2)=0.6 v(vref)=1.2 v(xdut.ibias)=0.6 v(xdut.xx1.casc)=1.8

Note: Starting dynamic gmin stepping
Note: Dynamic gmin stepping completed
Note: Starting dynamic gmin stepping
Note: Dynamic gmin stepping completed
