
Note: Compatibility modes selected: hs a


Circuit: * psrr-dc @ tt_-40c_2.97v -- generated by sim/harness, do not edit

Doing analysis at TEMP = -40.000000 and TNOM = 27.000000

Using SPARSE 1.3 as Direct Linear Solver
 Reference value :  0.00000e+00
No. of Data Rows : 1
Doing analysis at TEMP = -40.000000 and TNOM = 27.000000

Using SPARSE 1.3 as Direct Linear Solver
 Reference value :  2.81838e+03
No. of Data Rows : 161
       * psrr-dc @ tt_-40c_2.97v -- generated by sim/harness, do not edit
       AC Analysis  Sat Aug  1 21:52:09  2026
--------------------------------------------------------------------------------
Index   frequency       psrr_db         
--------------------------------------------------------------------------------
0	1.0000000000e-01	1.1244571068e+02	
1	1.1220184543e-01	1.1244571033e+02	
2	1.2589254118e-01	1.1244570989e+02	
3	1.4125375446e-01	1.1244570927e+02	
4	1.5848931925e-01	1.1244570853e+02	
5	1.7782794100e-01	1.1244570762e+02	
6	1.9952623150e-01	1.1244570646e+02	
7	2.2387211386e-01	1.1244570500e+02	
8	2.5118864315e-01	1.1244570317e+02	
9	2.8183829313e-01	1.1244570088e+02	
10	3.1622776602e-01	1.1244569798e+02	
11	3.5481338923e-01	1.1244569430e+02	
12	3.9810717055e-01	1.1244568973e+02	
13	4.4668359215e-01	1.1244568392e+02	
14	5.0118723363e-01	1.1244567664e+02	
15	5.6234132519e-01	1.1244566745e+02	
16	6.3095734448e-01	1.1244565588e+02	
17	7.0794578438e-01	1.1244564137e+02	
18	7.9432823472e-01	1.1244562304e+02	
19	8.9125093813e-01	1.1244559996e+02	
20	1.0000000000e+00	1.1244557094e+02	
21	1.1220184543e+00	1.1244553435e+02	
22	1.2589254118e+00	1.1244548835e+02	
23	1.4125375446e+00	1.1244543045e+02	
24	1.5848931925e+00	1.1244535750e+02	
25	1.7782794100e+00	1.1244526574e+02	
26	1.9952623150e+00	1.1244515015e+02	
27	2.2387211386e+00	1.1244500467e+02	
28	2.5118864315e+00	1.1244482151e+02	
29	2.8183829313e+00	1.1244459096e+02	
30	3.1622776602e+00	1.1244430071e+02	
31	3.5481338923e+00	1.1244393536e+02	
32	3.9810717055e+00	1.1244347543e+02	
33	4.4668359215e+00	1.1244289650e+02	
34	5.0118723363e+00	1.1244216776e+02	
35	5.6234132519e+00	1.1244125051e+02	
36	6.3095734448e+00	1.1244009605e+02	
37	7.0794578438e+00	1.1243864309e+02	
38	7.9432823472e+00	1.1243681457e+02	
39	8.9125093813e+00	1.1243451372e+02	
40	1.0000000000e+01	1.1243161883e+02	
41	1.1220184543e+01	1.1242797708e+02	
42	1.2589254118e+01	1.1242339666e+02	
43	1.4125375446e+01	1.1241763705e+02	
44	1.5848931925e+01	1.1239924523e+02	
45	1.7782794100e+01	1.1239017239e+02	
46	1.9952623150e+01	1.1237877692e+02	
47	2.2387211386e+01	1.1236447278e+02	
48	2.5118864315e+01	1.1234653094e+02	
49	2.8183829313e+01	1.1232404725e+02	
50	3.1622776602e+01	1.1228504820e+02	
51	3.5481338923e+01	1.1224996728e+02	
52	3.9810717055e+01	1.1219556421e+02	
53	4.4668359215e+01	1.1213073818e+02	
54	5.0118723363e+01	1.1206343531e+02	

Index   frequency       psrr_db         
--------------------------------------------------------------------------------
55	5.6234132519e+01	1.1195999076e+02	
56	6.3095734448e+01	1.1184802951e+02	
57	7.0794578438e+01	1.1170402616e+02	
58	7.9432823472e+01	1.1153399260e+02	
59	8.9125093813e+01	1.1132479303e+02	
60	1.0000000000e+02	1.1108136432e+02	
61	1.1220184543e+02	1.1078373116e+02	
62	1.2589254118e+02	1.1044505451e+02	
63	1.4125375446e+02	1.1004854919e+02	
64	1.5848931925e+02	1.0959772686e+02	
65	1.7782794100e+02	1.0908800781e+02	
66	1.9952623150e+02	1.0852049098e+02	
67	2.2387211386e+02	1.0790005247e+02	
68	2.5118864315e+02	1.0722510334e+02	
69	2.8183829313e+02	1.0650236758e+02	
70	3.1622776602e+02	1.0573971948e+02	
71	3.5481338923e+02	1.0493407357e+02	
72	3.9810717055e+02	1.0409445773e+02	
73	4.4668359215e+02	1.0322579884e+02	
74	5.0118723363e+02	1.0233292716e+02	
75	5.6234132519e+02	1.0141744995e+02	
76	6.3095734448e+02	1.0048751314e+02	
77	7.0794578438e+02	9.9545653729e+01	
78	7.9432823472e+02	9.8592058626e+01	
79	8.9125093813e+02	9.7628390683e+01	
80	1.0000000000e+03	9.6655545113e+01	
81	1.1220184543e+03	9.5678203101e+01	
82	1.2589254118e+03	9.4694235592e+01	
83	1.4125375446e+03	9.3706681627e+01	
84	1.5848931925e+03	9.2715739354e+01	
85	1.7782794100e+03	9.1720969468e+01	
86	1.9952623150e+03	9.0723654669e+01	
87	2.2387211386e+03	8.9723362409e+01	
88	2.5118864315e+03	8.8720183259e+01	
89	2.8183829313e+03	8.7714144377e+01	
90	3.1622776602e+03	8.6704710146e+01	
91	3.5481338923e+03	8.5691491045e+01	
92	3.9810717055e+03	8.4674227962e+01	
93	4.4668359215e+03	8.3651345211e+01	
94	5.0118723363e+03	8.2622726254e+01	
95	5.6234132519e+03	8.1586595292e+01	
96	6.3095734448e+03	8.0541473203e+01	
97	7.0794578438e+03	7.9485808280e+01	
98	7.9432823472e+03	7.8417587266e+01	
99	8.9125093813e+03	7.7334394103e+01	
100	1.0000000000e+04	7.6233674050e+01	
101	1.1220184543e+04	7.5112479998e+01	
102	1.2589254118e+04	7.3967647319e+01	
103	1.4125375446e+04	7.2796215095e+01	
104	1.5848931925e+04	7.1593830055e+01	
105	1.7782794100e+04	7.0357511113e+01	
106	1.9952623150e+04	6.9083254402e+01	
107	2.2387211386e+04	6.7768012972e+01	
108	2.5118864315e+04	6.6408563833e+01	
109	2.8183829313e+04	6.5003110026e+01	
110	3.1622776602e+04	6.3550913154e+01	
111	3.5481338923e+04	6.2052787675e+01	
112	3.9810717055e+04	6.0511362625e+01	

Index   frequency       psrr_db         
--------------------------------------------------------------------------------
113	4.4668359215e+04	5.8930640226e+01	
114	5.0118723363e+04	5.7316830670e+01	
115	5.6234132519e+04	5.5677171787e+01	
116	6.3095734448e+04	5.4020221298e+01	
117	7.0794578438e+04	5.2355327461e+01	
118	7.9432823472e+04	5.0692465063e+01	
119	8.9125093813e+04	4.9041655431e+01	
120	1.0000000000e+05	4.7412905669e+01	
121	1.1220184543e+05	4.5815590007e+01	
122	1.2589254118e+05	4.4258556982e+01	
123	1.4125375446e+05	4.2749405268e+01	
124	1.5848931925e+05	4.1294413867e+01	
125	1.7782794100e+05	3.9898409754e+01	
126	1.9952623150e+05	3.8564779945e+01	
127	2.2387211386e+05	3.7295776477e+01	
128	2.5118864315e+05	3.6093018271e+01	
129	2.8183829313e+05	3.4958437275e+01	
130	3.1622776602e+05	3.3895506680e+01	
131	3.5481338923e+05	3.2911008686e+01	
132	3.9810717055e+05	3.2017257719e+01	
133	4.4668359215e+05	3.1234560246e+01	
134	5.0118723363e+05	3.0593062453e+01	
135	5.6234132519e+05	3.0132103512e+01	
136	6.3095734448e+05	2.9894064560e+01	
137	7.0794578438e+05	2.9910239292e+01	
138	7.9432823472e+05	3.0179784675e+01	
139	8.9125093813e+05	3.0647551403e+01	
140	1.0000000000e+06	3.1188396291e+01	
141	1.1220184543e+06	3.1610193221e+01	
142	1.2589254118e+06	3.1703489190e+01	
143	1.4125375446e+06	3.1346773743e+01	
144	1.5848931925e+06	3.0577391124e+01	
145	1.7782794100e+06	2.9536837772e+01	
146	1.9952623150e+06	2.8367560374e+01	
147	2.2387211386e+06	2.7164727794e+01	
148	2.5118864315e+06	2.5979120499e+01	
149	2.8183829313e+06	2.4833479986e+01	
150	3.1622776602e+06	2.3735332366e+01	
151	3.5481338923e+06	2.2684429793e+01	
152	3.9810717055e+06	2.1676744644e+01	
153	4.4668359215e+06	2.0706740768e+01	
154	5.0118723363e+06	1.9768853774e+01	
155	5.6234132519e+06	1.8858566615e+01	
156	6.3095734448e+06	1.7973165992e+01	
157	7.0794578438e+06	1.7112170928e+01	
158	7.9432823472e+06	1.6277399964e+01	
159	8.9125093813e+06	1.5472688299e+01	
160	1.0000000000e+07	1.4703306348e+01	
m_psrr_1hz_db = 1.1244557094e+02
m_psrr_1khz_db = 9.6655545113e+01
m_psrr_10hz_db = 1.1243161883e+02
m_psrr_100hz_db = 1.1108136432e+02
m_psrr_10khz_db = 7.6233674050e+01
m_psrr_100khz_db = 4.7412905669e+01
m_psrr_1mhz_db = 3.1188396291e+01
m_vref_op = 1.2071632480e+00
m_f_dc_hz = 1.0000000000e+00
m_f_band_edge_hz = 1.0000000000e+03
Note: Simulation executed from .control section 

Warning: m=xx on .subckt line will override multiplier m hierarchy!

Warning : IC on non-existent node - xdut.xx1.casc, ignored
   Please check line .ic v(xdut.fb)=1.0 v(xdut.sns1)=0.6 v(xdut.sns2)=0.6 v(vref)=1.2 v(xdut.ibias)=0.6 v(xdut.xx1.casc)=1.8

Note: Starting dynamic gmin stepping
Note: Dynamic gmin stepping completed
Note: Starting dynamic gmin stepping
Note: Dynamic gmin stepping completed
