
Note: Compatibility modes selected: hs a


Circuit: * psrr-dc @ tt_125c_3.30v -- generated by sim/harness, do not edit

Doing analysis at TEMP = 125.000000 and TNOM = 27.000000

Using SPARSE 1.3 as Direct Linear Solver
 Reference value :  0.00000e+00
No. of Data Rows : 1
Doing analysis at TEMP = 125.000000 and TNOM = 27.000000

Using SPARSE 1.3 as Direct Linear Solver
 Reference value :  6.30957e+00
No. of Data Rows : 161
       * psrr-dc @ tt_125c_3.30v -- generated by sim/harness, do not edit
       AC Analysis  Sat Aug  1 21:52:10  2026
--------------------------------------------------------------------------------
Index   frequency       psrr_db         
--------------------------------------------------------------------------------
0	1.0000000000e-01	1.0073635278e+02	
1	1.1220184543e-01	1.0073635271e+02	
2	1.2589254118e-01	1.0073635264e+02	
3	1.4125375446e-01	1.0073635256e+02	
4	1.5848931925e-01	1.0073635244e+02	
5	1.7782794100e-01	1.0073635230e+02	
6	1.9952623150e-01	1.0073635213e+02	
7	2.2387211386e-01	1.0073635190e+02	
8	2.5118864315e-01	1.0073635163e+02	
9	2.8183829313e-01	1.0073635126e+02	
10	3.1622776602e-01	1.0073635082e+02	
11	3.5481338923e-01	1.0073635026e+02	
12	3.9810717055e-01	1.0073634956e+02	
13	4.4668359215e-01	1.0073634866e+02	
14	5.0118723363e-01	1.0073634754e+02	
15	5.6234132519e-01	1.0073634613e+02	
16	6.3095734448e-01	1.0073634436e+02	
17	7.0794578438e-01	1.0073634212e+02	
18	7.9432823472e-01	1.0073633930e+02	
19	8.9125093813e-01	1.0073633576e+02	
20	1.0000000000e+00	1.0073633130e+02	
21	1.1220184543e+00	1.0073632569e+02	
22	1.2589254118e+00	1.0073631861e+02	
23	1.4125375446e+00	1.0073630972e+02	
24	1.5848931925e+00	1.0073629851e+02	
25	1.7782794100e+00	1.0073628440e+02	
26	1.9952623150e+00	1.0073626665e+02	
27	2.2387211386e+00	1.0073624428e+02	
28	2.5118864315e+00	1.0073621614e+02	
29	2.8183829313e+00	1.0073618071e+02	
30	3.1622776602e+00	1.0073613610e+02	
31	3.5481338923e+00	1.0073607996e+02	
32	3.9810717055e+00	1.0073600927e+02	
33	4.4668359215e+00	1.0073592027e+02	
34	5.0118723363e+00	1.0073580824e+02	
35	5.6234132519e+00	1.0073566720e+02	
36	6.3095734448e+00	1.0073548965e+02	
37	7.0794578438e+00	1.0073526614e+02	
38	7.9432823472e+00	1.0073498476e+02	
39	8.9125093813e+00	1.0073463056e+02	
40	1.0000000000e+01	1.0073418467e+02	
41	1.1220184543e+01	1.0073362342e+02	
42	1.2589254118e+01	1.0073647834e+02	
43	1.4125375446e+01	1.0073558846e+02	
44	1.5848931925e+01	1.0073446842e+02	
45	1.7782794100e+01	1.0073305876e+02	
46	1.9952623150e+01	1.0073128471e+02	
47	2.2387211386e+01	1.0072905228e+02	
48	2.5118864315e+01	1.0072624337e+02	
49	2.8183829313e+01	1.0072626310e+02	
50	3.1622776602e+01	1.0072181515e+02	
51	3.5481338923e+01	1.0071976979e+02	
52	3.9810717055e+01	1.0071273280e+02	
53	4.4668359215e+01	1.0070742788e+02	
54	5.0118723363e+01	1.0069984357e+02	

Index   frequency       psrr_db         
--------------------------------------------------------------------------------
55	5.6234132519e+01	1.0068940137e+02	
56	6.3095734448e+01	1.0067889646e+02	
57	7.0794578438e+01	1.0066389231e+02	
58	7.9432823472e+01	1.0064326956e+02	
59	8.9125093813e+01	1.0061911761e+02	
60	1.0000000000e+02	1.0058967101e+02	
61	1.1220184543e+02	1.0055275941e+02	
62	1.2589254118e+02	1.0050911866e+02	
63	1.4125375446e+02	1.0044873966e+02	
64	1.5848931925e+02	1.0038108597e+02	
65	1.7782794100e+02	1.0029465225e+02	
66	1.9952623150e+02	1.0017921517e+02	
67	2.2387211386e+02	1.0004726150e+02	
68	2.5118864315e+02	9.9886118497e+01	
69	2.8183829313e+02	9.9690061791e+01	
70	3.1622776602e+02	9.9457784221e+01	
71	3.5481338923e+02	9.9177318329e+01	
72	3.9810717055e+02	9.8852682066e+01	
73	4.4668359215e+02	9.8467528383e+01	
74	5.0118723363e+02	9.8038164628e+01	
75	5.6234132519e+02	9.7545357815e+01	
76	6.3095734448e+02	9.7005967928e+01	
77	7.0794578438e+02	9.6393794703e+01	
78	7.9432823472e+02	9.5733789711e+01	
79	8.9125093813e+02	9.5022970946e+01	
80	1.0000000000e+03	9.4267911823e+01	
81	1.1220184543e+03	9.3477886283e+01	
82	1.2589254118e+03	9.2644403136e+01	
83	1.4125375446e+03	9.1785378141e+01	
84	1.5848931925e+03	9.0895123651e+01	
85	1.7782794100e+03	8.9986383153e+01	
86	1.9952623150e+03	8.9057772495e+01	
87	2.2387211386e+03	8.8113727077e+01	
88	2.5118864315e+03	8.7155378984e+01	
89	2.8183829313e+03	8.6185093300e+01	
90	3.1622776602e+03	8.5205873213e+01	
91	3.5481338923e+03	8.4215701355e+01	
92	3.9810717055e+03	8.3218422199e+01	
93	4.4668359215e+03	8.2211290817e+01	
94	5.0118723363e+03	8.1195738401e+01	
95	5.6234132519e+03	8.0170287745e+01	
96	6.3095734448e+03	7.9134979202e+01	
97	7.0794578438e+03	7.8086885509e+01	
98	7.9432823472e+03	7.7025394057e+01	
99	8.9125093813e+03	7.5947865378e+01	
100	1.0000000000e+04	7.4851703646e+01	
101	1.1220184543e+04	7.3733971559e+01	
102	1.2589254118e+04	7.2590697716e+01	
103	1.4125375446e+04	7.1419048140e+01	
104	1.5848931925e+04	7.0214971541e+01	
105	1.7782794100e+04	6.8974582267e+01	
106	1.9952623150e+04	6.7695009308e+01	
107	2.2387211386e+04	6.6372934153e+01	
108	2.5118864315e+04	6.5006969261e+01	
109	2.8183829313e+04	6.3596686565e+01	
110	3.1622776602e+04	6.2143736457e+01	
111	3.5481338923e+04	6.0651227273e+01	
112	3.9810717055e+04	5.9124242251e+01	

Index   frequency       psrr_db         
--------------------------------------------------------------------------------
113	4.4668359215e+04	5.7569955257e+01	
114	5.0118723363e+04	5.5996560918e+01	
115	5.6234132519e+04	5.4413410322e+01	
116	6.3095734448e+04	5.2830658017e+01	
117	7.0794578438e+04	5.1258266863e+01	
118	7.9432823472e+04	4.9705805691e+01	
119	8.9125093813e+04	4.8181935491e+01	
120	1.0000000000e+05	4.6693971672e+01	
121	1.1220184543e+05	4.5247429048e+01	
122	1.2589254118e+05	4.3846100477e+01	
123	1.4125375446e+05	4.2491951523e+01	
124	1.5848931925e+05	4.1185302414e+01	
125	1.7782794100e+05	3.9925322545e+01	
126	1.9952623150e+05	3.8710525898e+01	
127	2.2387211386e+05	3.7539567363e+01	
128	2.5118864315e+05	3.6412126912e+01	
129	2.8183829313e+05	3.5330179061e+01	
130	3.1622776602e+05	3.4299627733e+01	
131	3.5481338923e+05	3.3332689223e+01	
132	3.9810717055e+05	3.2450875729e+01	
133	4.4668359215e+05	3.1688195846e+01	
134	5.0118723363e+05	3.1092371309e+01	
135	5.6234132519e+05	3.0719732097e+01	
136	6.3095734448e+05	3.0618128087e+01	
137	7.0794578438e+05	3.0797284544e+01	
138	7.9432823472e+05	3.1197412876e+01	
139	8.9125093813e+05	3.1674444904e+01	
140	1.0000000000e+06	3.2019978942e+01	
141	1.1220184543e+06	3.2033293663e+01	
142	1.2589254118e+06	3.1624072240e+01	
143	1.4125375446e+06	3.0849193186e+01	
144	1.5848931925e+06	2.9841335475e+01	
145	1.7782794100e+06	2.8722456609e+01	
146	1.9952623150e+06	2.7571670681e+01	
147	2.2387211386e+06	2.6431164416e+01	
148	2.5118864315e+06	2.5320189280e+01	
149	2.8183829313e+06	2.4245524254e+01	
150	3.1622776602e+06	2.3207566803e+01	
151	3.5481338923e+06	2.2203633551e+01	
152	3.9810717055e+06	2.1229832268e+01	
153	4.4668359215e+06	2.0282245910e+01	
154	5.0118723363e+06	1.9357770432e+01	
155	5.6234132519e+06	1.8454702867e+01	
156	6.3095734448e+06	1.7573089117e+01	
157	7.0794578438e+06	1.6714814645e+01	
158	7.9432823472e+06	1.5883439002e+01	
159	8.9125093813e+06	1.5083803802e+01	
160	1.0000000000e+07	1.4321478044e+01	
m_psrr_1hz_db = 1.0073633130e+02
m_psrr_1khz_db = 9.4267911823e+01
m_psrr_10hz_db = 1.0073418467e+02
m_psrr_100hz_db = 1.0058967101e+02
m_psrr_10khz_db = 7.4851703646e+01
m_psrr_100khz_db = 4.6693971672e+01
m_psrr_1mhz_db = 3.2019978942e+01
m_vref_op = 1.2190115574e+00
m_f_dc_hz = 1.0000000000e+00
m_f_band_edge_hz = 1.0000000000e+03
Note: Simulation executed from .control section 

Warning: m=xx on .subckt line will override multiplier m hierarchy!

Warning : IC on non-existent node - xdut.xx1.casc, ignored
   Please check line .ic v(xdut.fb)=1.0 v(xdut.sns1)=0.6 v(xdut.sns2)=0.6 v(vref)=1.2 v(xdut.ibias)=0.6 v(xdut.xx1.casc)=1.8

Note: Starting dynamic gmin stepping
Note: Dynamic gmin stepping completed
Note: Starting dynamic gmin stepping
Note: Dynamic gmin stepping completed
