
Note: Compatibility modes selected: hs a


Circuit: * startup-slow-ramp @ ff_125c_2.97v -- generated by sim/harness, do not edit

Doing analysis at TEMP = 125.000000 and TNOM = 27.000000

Using SPARSE 1.3 as Direct Linear Solver

Initial Transient Solution
--------------------------

Node                                   Voltage
----                                   -------
vdd                                          0
xtop.xx1.d1                        1.19136e-19
xtop.fb                            7.13455e-18
xtop.sns1                           4.8942e-19
xtop.casc                          3.01174e-31
xtop.xx1.d2                       -2.42358e-20
xtop.sns2                         -8.89837e-20
xtop.xx1.e2                       -8.89837e-20
xtop.xx1.xr2.11                   -8.89837e-20
xtop.xx1.xr2.21                   -8.89837e-20
xtop.xx1.d3                       -3.77154e-20
vref                              -1.10038e-19
xtop.xx1.e3                       -1.10039e-19
xtop.xx1.xr1.11                   -1.10039e-19
xtop.xx1.xr1.21                   -1.10038e-19
xtop.xx1.d4                        6.00525e-19
xtop.ibias                         8.68481e-19
xtop.xx2.a3                       -8.49138e-20
xtop.xx2.nd1                      -5.19652e-18
xtop.xx2.a4                         1.3693e-18
xtop.xx2.pbias                    -7.09928e-71
xtop.xx2.ncasc                    -4.37016e-19
xtop.xx2.n1                       -6.48737e-18
xtop.xx2.n2                        7.37753e-18
xtop.xx2.tail                      3.07764e-18
xtop.xx2.nb1                      -1.35468e-19
xtop.vdd_su                                  0
xtop.xx3.det                                 0
xtop.xx3.xrpu.11                             0
xtop.xx3.xrpu.21                             0
v.xtop.vsu_sense#branch                      0
vsup#branch                        8.69218e-28

 Reference value :  1.36560e-04
 Reference value :  2.18300e-03
 Reference value :  4.24900e-03
No. of Data Rows : 2514
m_startup_time_s = -3.300000000e-04
m_vref_final_v = 1.2453591585e+00
m_iq_total_final_ua = 7.9945590022e+01
m_iq_startup_branch_final_ua = 1.9563019927e+00
m_det_final_v = 1.1373096884e-02
m_t0_s = 9.0064686235e-04
m_t_settle_s = 5.7064686235e-04
Note: Simulation executed from .control section 

Warning: m=xx on .subckt line will override multiplier m hierarchy!

