
Note: Compatibility modes selected: hs a


Circuit: * startup-slow-ramp @ ff_27c_3.63v -- generated by sim/harness, do not edit

Doing analysis at TEMP = 27.000000 and TNOM = 27.000000

Using SPARSE 1.3 as Direct Linear Solver

Initial Transient Solution
--------------------------

Node                                   Voltage
----                                   -------
vdd                                          0
xtop.xx1.d1                       -1.37141e-67
xtop.fb                            7.26574e-44
xtop.sns1                          2.06139e-67
xtop.casc                          2.24783e-91
xtop.xx1.d2                         1.0462e-75
xtop.sns2                         -1.57031e-75
xtop.xx1.e2                       -1.57031e-75
xtop.xx1.xr2.11                   -1.57031e-75
xtop.xx1.xr2.21                   -1.57031e-75
xtop.xx1.d3                        5.83356e-76
vref                              -8.74931e-76
xtop.xx1.e3                       -8.74931e-76
xtop.xx1.xr1.11                   -8.74931e-76
xtop.xx1.xr1.21                   -8.74931e-76
xtop.xx1.d4                        3.18793e-87
xtop.ibias                        -2.32173e-85
xtop.xx2.a3                        1.27127e-44
xtop.xx2.nd1                       8.46251e-44
xtop.xx2.a4                        1.09651e-44
xtop.xx2.pbias                   -5.47181e-137
xtop.xx2.ncasc                     8.20578e-98
xtop.xx2.n1                        9.75752e-44
xtop.xx2.n2                        9.63032e-44
xtop.xx2.tail                     -3.68169e-44
xtop.xx2.nb1                      -1.32364e-97
xtop.vdd_su                                  0
xtop.xx3.det                     -3.03786e-118
xtop.xx3.xrpu.11                 -3.03788e-118
xtop.xx3.xrpu.21                  1.82339e-123
v.xtop.vsu_sense#branch           -4.2715e-125
vsup#branch                        2.07649e-55

 Reference value :  2.45600e-05
 Reference value :  1.96500e-03
 Reference value :  4.13100e-03
No. of Data Rows : 2525
m_startup_time_s = -4.590823894e-04
m_vref_final_v = 1.2312880541e+00
m_iq_total_final_ua = 6.0382854216e+01
m_iq_startup_branch_final_ua = 2.2315757791e+00
m_det_final_v = 1.2420536870e-02
m_t0_s = 9.0179481606e-04
m_t_settle_s = 4.4271242671e-04
Note: Simulation executed from .control section 

Warning: m=xx on .subckt line will override multiplier m hierarchy!

Note: Starting dynamic gmin stepping
Note: Dynamic gmin stepping completed
