
Note: Compatibility modes selected: hs a


Circuit: * startup-slow-ramp @ res_ff_-40c_2.97v -- generated by sim/harness, do not edit

Doing analysis at TEMP = -40.000000 and TNOM = 27.000000

Using SPARSE 1.3 as Direct Linear Solver

Initial Transient Solution
--------------------------

Node                                   Voltage
----                                   -------
vdd                                          0
xtop.xx1.d1                       -3.37145e-35
xtop.fb                             8.6513e-21
xtop.sns1                          2.27488e-36
xtop.casc                         -2.31221e-43
xtop.xx1.d2                       -9.08088e-36
xtop.sns2                           7.3714e-37
xtop.xx1.e2                         7.3714e-37
xtop.xx1.xr2.11                     7.3714e-37
xtop.xx1.xr2.21                     7.3714e-37
xtop.xx1.d3                        8.00717e-33
vref                              -2.59785e-34
xtop.xx1.e3                       -2.59785e-34
xtop.xx1.xr1.11                   -2.59785e-34
xtop.xx1.xr1.21                   -2.59785e-34
xtop.xx1.d4                       -4.17377e-33
xtop.ibias                         5.16115e-33
xtop.xx2.a3                        8.09522e-24
xtop.xx2.nd1                       1.32413e-20
xtop.xx2.a4                       -1.13052e-22
xtop.xx2.pbias                     1.05679e-76
xtop.xx2.ncasc                     1.53935e-22
xtop.xx2.n1                        7.44136e-21
xtop.xx2.n2                        -5.9347e-20
xtop.xx2.tail                      3.45619e-20
xtop.xx2.nb1                      -3.07858e-22
xtop.vdd_su                                  0
xtop.xx3.det                                 0
xtop.xx3.xrpu.11                             0
xtop.xx3.xrpu.21                             0
v.xtop.vsu_sense#branch                      0
vsup#branch                        -2.8775e-32

 Reference value :  0.00000e+00
 Reference value :  1.34700e-03
 Reference value :  3.12100e-03
 Reference value :  4.86700e-03
No. of Data Rows : 2526
m_startup_time_s = -2.691924995e-04
m_vref_final_v = 1.2235514941e+00
m_iq_total_final_ua = 4.5814677968e+01
m_iq_startup_branch_final_ua = 1.7010432170e+00
m_det_final_v = 9.2863673354e-03
m_t0_s = 9.0159806215e-04
m_t_settle_s = 6.3240556268e-04
Note: Simulation executed from .control section 

Warning: m=xx on .subckt line will override multiplier m hierarchy!

