
Note: Compatibility modes selected: hs a


Circuit: * startup-slow-ramp @ res_ff_125c_3.30v -- generated by sim/harness, do not edit

Doing analysis at TEMP = 125.000000 and TNOM = 27.000000

Using SPARSE 1.3 as Direct Linear Solver

Initial Transient Solution
--------------------------

Node                                   Voltage
----                                   -------
vdd                                          0
xtop.xx1.d1                        7.41755e-48
xtop.fb                           -5.64116e-37
xtop.sns1                         -4.44973e-48
xtop.casc                         -6.11084e-71
xtop.xx1.d2                        2.70781e-48
xtop.sns2                         -7.73298e-49
xtop.xx1.e2                       -7.73298e-49
xtop.xx1.xr2.11                   -7.73298e-49
xtop.xx1.xr2.21                   -7.73298e-49
xtop.xx1.d3                       -9.08899e-49
vref                               1.96603e-49
xtop.xx1.e3                        1.96603e-49
xtop.xx1.xr1.11                    1.96603e-49
xtop.xx1.xr1.21                    1.96603e-49
xtop.xx1.d4                       -2.31198e-67
xtop.ibias                         6.15084e-65
xtop.xx2.a3                         6.5373e-39
xtop.xx2.nd1                      -7.02423e-37
xtop.xx2.a4                        5.03922e-39
xtop.xx2.pbias                      -2.215e-99
xtop.xx2.ncasc                     1.47248e-79
xtop.xx2.n1                        6.17822e-35
xtop.xx2.n2                        6.33593e-35
xtop.xx2.tail                     -9.49462e-35
xtop.xx2.nb1                       -2.3862e-79
xtop.vdd_su                                  0
xtop.xx3.det                      -1.91242e-81
xtop.xx3.xrpu.11                  -1.91239e-81
xtop.xx3.xrpu.21                  -3.47129e-86
v.xtop.vsu_sense#branch            1.26453e-87
vsup#branch                        1.40781e-48

 Reference value :  0.00000e+00
 Reference value :  1.68500e-03
 Reference value :  3.46500e-03
No. of Data Rows : 2514
m_startup_time_s = -3.740000000e-04
m_vref_final_v = 1.2536800347e+00
m_iq_total_final_ua = 7.9130604801e+01
m_iq_startup_branch_final_ua = 2.1734358968e+00
m_det_final_v = 1.2989129210e-02
m_t0_s = 9.0015423957e-04
m_t_settle_s = 5.2615423957e-04
Note: Simulation executed from .control section 

Warning: m=xx on .subckt line will override multiplier m hierarchy!

Note: Starting dynamic gmin stepping
Note: Dynamic gmin stepping completed
