
Note: Compatibility modes selected: hs a


Circuit: * startup-slow-ramp @ res_ff_27c_3.30v -- generated by sim/harness, do not edit

Doing analysis at TEMP = 27.000000 and TNOM = 27.000000

Using SPARSE 1.3 as Direct Linear Solver

Initial Transient Solution
--------------------------

Node                                   Voltage
----                                   -------
vdd                                          0
xtop.xx1.d1                        2.47221e-19
xtop.fb                           -2.96632e-14
xtop.sns1                         -1.01591e-19
xtop.casc                          -3.5798e-31
xtop.xx1.d2                       -2.38491e-20
xtop.sns2                          -3.7864e-20
xtop.xx1.e2                        -3.7864e-20
xtop.xx1.xr2.11                    -3.7864e-20
xtop.xx1.xr2.21                    -3.7864e-20
xtop.xx1.d3                       -1.15341e-19
vref                               1.73827e-20
xtop.xx1.e3                        1.73827e-20
xtop.xx1.xr1.11                    1.73827e-20
xtop.xx1.xr1.21                    1.73827e-20
xtop.xx1.d4                         2.1483e-19
xtop.ibias                        -1.87951e-18
xtop.xx2.a3                        1.00084e-17
xtop.xx2.nd1                       2.55833e-15
xtop.xx2.a4                       -6.96906e-16
xtop.xx2.pbias                     5.14688e-91
xtop.xx2.ncasc                     2.69842e-29
xtop.xx2.n1                        5.02134e-15
xtop.xx2.n2                        8.68004e-15
xtop.xx2.tail                      7.03858e-15
xtop.xx2.nb1                      -4.35268e-29
xtop.vdd_su                                  0
xtop.xx3.det                                 0
xtop.xx3.xrpu.11                             0
xtop.xx3.xrpu.21                             0
v.xtop.vsu_sense#branch                      0
vsup#branch                       -2.87868e-26

 Reference value :  0.00000e+00
 Reference value :  1.46500e-03
 Reference value :  3.31100e-03
No. of Data Rows : 2525
m_startup_time_s = -3.658917898e-04
m_vref_final_v = 1.2370897075e+00
m_iq_total_final_ua = 5.9963299253e+01
m_iq_startup_branch_final_ua = 2.0285858532e+00
m_det_final_v = 1.1484955854e-02
m_t0_s = 9.0175166583e-04
m_t_settle_s = 5.3585987604e-04
Note: Simulation executed from .control section 

Warning: m=xx on .subckt line will override multiplier m hierarchy!

