
Note: Compatibility modes selected: hs a


Circuit: * startup-slow-ramp @ sf_-40c_2.97v -- generated by sim/harness, do not edit

Doing analysis at TEMP = -40.000000 and TNOM = 27.000000

Using SPARSE 1.3 as Direct Linear Solver

Initial Transient Solution
--------------------------

Node                                   Voltage
----                                   -------
vdd                                          0
xtop.xx1.d1                        3.01851e-71
xtop.fb                           -1.04835e-20
xtop.sns1                          3.02967e-71
xtop.casc                         -1.25286e-23
xtop.xx1.d2                       -1.13322e-20
xtop.sns2                          6.81737e-21
xtop.xx1.e2                        6.81737e-21
xtop.xx1.xr2.11                    6.81737e-21
xtop.xx1.xr2.21                    6.81737e-21
xtop.xx1.d3                        2.97303e-71
vref                               2.98402e-71
xtop.xx1.e3                        2.98402e-71
xtop.xx1.xr1.11                    2.98402e-71
xtop.xx1.xr1.21                    2.98402e-71
xtop.xx1.d4                       -1.33587e-23
xtop.ibias                         4.59351e-24
xtop.xx2.a3                        1.27164e-20
xtop.xx2.nd1                      -1.44337e-20
xtop.xx2.a4                       -9.97903e-24
xtop.xx2.pbias                     7.80547e-59
xtop.xx2.ncasc                    -6.22282e-62
xtop.xx2.n1                       -3.69759e-21
xtop.xx2.n2                        1.94407e-21
xtop.xx2.tail                      1.04299e-21
xtop.xx2.nb1                       2.18886e-63
xtop.vdd_su                                  0
xtop.xx3.det                     -4.85124e-224
xtop.xx3.xrpu.11                 -4.85124e-224
xtop.xx3.xrpu.21                  3.56519e-234
v.xtop.vsu_sense#branch          -4.85198e-236
vsup#branch                        2.87876e-32

 Reference value :  0.00000e+00
 Reference value :  1.32900e-03
 Reference value :  3.14700e-03
 Reference value :  4.87100e-03
No. of Data Rows : 2546
m_startup_time_s = -2.261995000e-04
m_vref_final_v = 1.2207051458e+00
m_iq_total_final_ua = 3.6787428596e+01
m_iq_startup_branch_final_ua = 1.3611577971e+00
m_det_final_v = 8.6331511984e-03
m_t0_s = 9.0009935497e-04
m_t_settle_s = 6.7389985498e-04
Note: Simulation executed from .control section 

Warning: m=xx on .subckt line will override multiplier m hierarchy!

