
Note: Compatibility modes selected: hs a


Circuit: * startup-slow-ramp @ sf_125c_3.63v -- generated by sim/harness, do not edit

Doing analysis at TEMP = 125.000000 and TNOM = 27.000000

Using SPARSE 1.3 as Direct Linear Solver

Initial Transient Solution
--------------------------

Node                                   Voltage
----                                   -------
vdd                                          0
xtop.xx1.d1                       -2.87836e-15
xtop.fb                            1.99012e-17
xtop.sns1                          5.80419e-14
xtop.casc                          5.09885e-19
xtop.xx1.d2                       -5.18684e-15
xtop.sns2                          6.94201e-14
xtop.xx1.e2                        6.94201e-14
xtop.xx1.xr2.11                    6.94201e-14
xtop.xx1.xr2.21                    6.94201e-14
xtop.xx1.d3                       -8.74723e-14
vref                               1.76437e-12
xtop.xx1.e3                        1.76437e-12
xtop.xx1.xr1.11                    1.76437e-12
xtop.xx1.xr1.21                    1.76437e-12
xtop.xx1.d4                       -4.50459e-19
xtop.ibias                        -1.00081e-18
xtop.xx2.a3                         1.5023e-17
xtop.xx2.nd1                       4.07446e-17
xtop.xx2.a4                        6.99666e-18
xtop.xx2.pbias                    -2.50408e-20
xtop.xx2.ncasc                    -8.91333e-19
xtop.xx2.n1                        1.75038e-16
xtop.xx2.n2                        1.07914e-16
xtop.xx2.tail                     -6.60774e-17
xtop.xx2.nb1                       3.76596e-19
xtop.vdd_su                                  0
xtop.xx3.det                     -3.43802e-262
xtop.xx3.xrpu.11                 -3.43797e-262
xtop.xx3.xrpu.21                 -4.99239e-267
v.xtop.vsu_sense#branch           1.81864e-268
vsup#branch                        -2.4118e-23

 Reference value :  0.00000e+00
 Reference value :  1.63500e-03
 Reference value :  3.39100e-03
No. of Data Rows : 2514
m_startup_time_s = -4.300000000e-04
m_vref_final_v = 1.2476514908e+00
m_iq_total_final_ua = 6.2926289660e+01
m_iq_startup_branch_final_ua = 1.9131812136e+00
m_det_final_v = 1.3260142875e-02
m_t0_s = 9.0113425860e-04
m_t_settle_s = 4.7113425860e-04
Note: Simulation executed from .control section 

Warning: m=xx on .subckt line will override multiplier m hierarchy!

