
Note: Compatibility modes selected: hs a


Circuit: * startup-slow-ramp @ sf_27c_2.97v -- generated by sim/harness, do not edit

Doing analysis at TEMP = 27.000000 and TNOM = 27.000000

Using SPARSE 1.3 as Direct Linear Solver

Initial Transient Solution
--------------------------

Node                                   Voltage
----                                   -------
vdd                                          0
xtop.xx1.d1                        -4.9118e-17
xtop.fb                            6.46148e-20
xtop.sns1                           9.0957e-17
xtop.casc                         -5.91878e-28
xtop.xx1.d2                       -2.09014e-16
xtop.sns2                          3.83322e-16
xtop.xx1.e2                        3.83322e-16
xtop.xx1.xr2.11                    3.83322e-16
xtop.xx1.xr2.21                    3.83322e-16
xtop.xx1.d3                        1.02785e-18
vref                              -1.14326e-18
xtop.xx1.e3                       -1.14326e-18
xtop.xx1.xr1.11                   -1.14326e-18
xtop.xx1.xr1.21                   -1.14326e-18
xtop.xx1.d4                       -2.18057e-20
xtop.ibias                          2.1124e-20
xtop.xx2.a3                       -8.30539e-20
xtop.xx2.nd1                       1.33556e-19
xtop.xx2.a4                       -1.34372e-19
xtop.xx2.pbias                     4.57104e-59
xtop.xx2.ncasc                     5.32937e-26
xtop.xx2.n1                       -2.60479e-18
xtop.xx2.n2                        2.15071e-19
xtop.xx2.tail                      1.61224e-18
xtop.xx2.nb1                      -9.10594e-26
xtop.vdd_su                                  0
xtop.xx3.det                                 0
xtop.xx3.xrpu.11                             0
xtop.xx3.xrpu.21                             0
v.xtop.vsu_sense#branch                      0
vsup#branch                       -4.67337e-28

 Reference value :  0.00000e+00
 Reference value :  1.47500e-03
 Reference value :  3.18300e-03
 Reference value :  4.87300e-03
No. of Data Rows : 2523
m_startup_time_s = -2.860000000e-04
m_vref_final_v = 1.2331828276e+00
m_iq_total_final_ua = 4.7602354397e+01
m_iq_startup_branch_final_ua = 1.4609954761e+00
m_det_final_v = 9.5294156247e-03
m_t0_s = 9.0094843380e-04
m_t_settle_s = 6.1494843380e-04
Note: Simulation executed from .control section 

Warning: m=xx on .subckt line will override multiplier m hierarchy!

