
Note: Compatibility modes selected: hs a


Circuit: * startup-slow-ramp @ ss_27c_3.63v -- generated by sim/harness, do not edit

Doing analysis at TEMP = 27.000000 and TNOM = 27.000000

Using SPARSE 1.3 as Direct Linear Solver

Initial Transient Solution
--------------------------

Node                                   Voltage
----                                   -------
vdd                                          0
xtop.xx1.d1                       -5.67637e-25
xtop.fb                            3.72969e-15
xtop.sns1                          9.03853e-25
xtop.casc                         -3.61293e-68
xtop.xx1.d2                       -5.90411e-25
xtop.sns2                          7.55117e-25
xtop.xx1.e2                        7.55117e-25
xtop.xx1.xr2.11                    7.55117e-25
xtop.xx1.xr2.21                    7.55117e-25
xtop.xx1.d3                       -3.22161e-25
vref                               5.74005e-25
xtop.xx1.e3                        5.74005e-25
xtop.xx1.xr1.11                    5.74005e-25
xtop.xx1.xr1.21                    5.74005e-25
xtop.xx1.d4                        1.26964e-23
xtop.ibias                        -1.06544e-21
xtop.xx2.a3                         4.2917e-19
xtop.xx2.nd1                       1.38814e-15
xtop.xx2.a4                        1.17913e-18
xtop.xx2.pbias                   -1.65609e-118
xtop.xx2.ncasc                    -4.17946e-68
xtop.xx2.n1                        4.15485e-14
xtop.xx2.n2                       -1.60743e-13
xtop.xx2.tail                      7.14494e-14
xtop.xx2.nb1                       6.65365e-68
xtop.vdd_su                                  0
xtop.xx3.det                                 0
xtop.xx3.xrpu.11                             0
xtop.xx3.xrpu.21                             0
v.xtop.vsu_sense#branch                      0
vsup#branch                        5.15738e-27

 Reference value :  8.45600e-05
 Reference value :  1.74500e-03
 Reference value :  3.94500e-03
No. of Data Rows : 2525
m_startup_time_s = -2.620000000e-04
m_vref_final_v = 1.2380431858e+00
m_iq_total_final_ua = 3.9941753737e+01
m_iq_startup_branch_final_ua = 1.4883029202e+00
m_det_final_v = 1.1059779062e-02
m_t0_s = 9.0187079803e-04
m_t_settle_s = 6.3987079803e-04
Note: Simulation executed from .control section 

Warning: m=xx on .subckt line will override multiplier m hierarchy!

