
Note: Compatibility modes selected: hs a


Circuit: * startup-state-search-extracted @ bjt_ff_125c_2.97v -- generated by sim/harness, do not edit

Doing analysis at TEMP = 125.000000 and TNOM = 27.000000

Using SPARSE 1.3 as Direct Linear Solver
Operating point simulation skipped by 'uic',
  now using transient initial conditions.
 Reference value :  1.00000e-08
 Reference value :  3.08922e-05
 Reference value :  1.60892e-04
 Reference value :  2.87892e-04
 Reference value :  4.12892e-04
 Reference value :  5.43892e-04
 Reference value :  6.72892e-04
 Reference value :  8.00892e-04
 Reference value :  9.31892e-04
 Reference value :  1.05889e-03
 Reference value :  1.19289e-03
 Reference value :  1.31889e-03
 Reference value :  1.44189e-03
 Reference value :  1.56889e-03
 Reference value :  1.69389e-03
 Reference value :  1.82089e-03
 Reference value :  1.95189e-03
 Reference value :  2.07989e-03
 Reference value :  2.20189e-03
 Reference value :  2.32889e-03
 Reference value :  2.45689e-03
 Reference value :  2.58189e-03
 Reference value :  2.70689e-03
 Reference value :  2.83489e-03
 Reference value :  2.96089e-03
No. of Data Rows : 3048
m_recovery_time_s = 1.1892233127e-05
m_vref_final_v = 1.2306246962e+00
m_iq_total_final_ua = 2.8513686972e+01
m_det_final_v = 1.6460625606e-02
Note: Simulation executed from .control section 

Warning: m=xx on .subckt line will override multiplier m hierarchy!

