
Note: Compatibility modes selected: hs a


Circuit: * startup-state-search-extracted @ bjt_ss_-40c_2.97v -- generated by sim/harness, do not edit

Doing analysis at TEMP = -40.000000 and TNOM = 27.000000

Using SPARSE 1.3 as Direct Linear Solver
Operating point simulation skipped by 'uic',
  now using transient initial conditions.
 Reference value :  1.00000e-08
 Reference value :  1.29449e-06
 Reference value :  9.58332e-05
 Reference value :  2.20833e-04
 Reference value :  3.40833e-04
 Reference value :  4.69833e-04
 Reference value :  5.93833e-04
 Reference value :  7.17833e-04
 Reference value :  8.48833e-04
 Reference value :  9.73833e-04
 Reference value :  1.09683e-03
 Reference value :  1.22183e-03
 Reference value :  1.34583e-03
 Reference value :  1.46783e-03
 Reference value :  1.59283e-03
 Reference value :  1.71683e-03
 Reference value :  1.84083e-03
 Reference value :  1.96183e-03
 Reference value :  2.08583e-03
 Reference value :  2.20883e-03
 Reference value :  2.32883e-03
 Reference value :  2.45083e-03
 Reference value :  2.57483e-03
 Reference value :  2.69683e-03
 Reference value :  2.81883e-03
 Reference value :  2.94083e-03
No. of Data Rows : 3063
m_recovery_time_s = 6.8331786290e-06
m_vref_final_v = 1.2333711149e+00
m_iq_total_final_ua = 1.6339089302e+01
m_det_final_v = 1.2217155705e-02
Note: Simulation executed from .control section 

Warning: m=xx on .subckt line will override multiplier m hierarchy!

