
Note: Compatibility modes selected: hs a


Circuit: * startup-state-search-extracted @ bjt_ss_-40c_3.30v -- generated by sim/harness, do not edit

Doing analysis at TEMP = -40.000000 and TNOM = 27.000000

Using SPARSE 1.3 as Direct Linear Solver
Operating point simulation skipped by 'uic',
  now using transient initial conditions.
 Reference value :  1.00000e-08
 Reference value :  1.23217e-06
 Reference value :  6.06267e-05
 Reference value :  1.70627e-04
 Reference value :  2.99627e-04
 Reference value :  4.28627e-04
 Reference value :  5.58627e-04
 Reference value :  6.79627e-04
 Reference value :  8.05627e-04
 Reference value :  9.32627e-04
 Reference value :  1.05663e-03
 Reference value :  1.18363e-03
 Reference value :  1.30563e-03
 Reference value :  1.43363e-03
 Reference value :  1.56263e-03
 Reference value :  1.68663e-03
 Reference value :  1.81263e-03
 Reference value :  1.93663e-03
 Reference value :  2.06063e-03
 Reference value :  2.18763e-03
 Reference value :  2.31163e-03
 Reference value :  2.43063e-03
 Reference value :  2.55163e-03
 Reference value :  2.67363e-03
 Reference value :  2.80163e-03
 Reference value :  2.92563e-03
No. of Data Rows : 3070
m_recovery_time_s = 8.3060337791e-06
m_vref_final_v = 1.2335800017e+00
m_iq_total_final_ua = 1.8252243432e+01
m_det_final_v = 1.3746679759e-02
Note: Simulation executed from .control section 

Warning: m=xx on .subckt line will override multiplier m hierarchy!

