
Note: Compatibility modes selected: hs a


Circuit: * startup-state-search-extracted @ bjt_ff_-40c_3.63v -- generated by sim/harness, do not edit

Doing analysis at TEMP = -40.000000 and TNOM = 27.000000

Using SPARSE 1.3 as Direct Linear Solver
Operating point simulation skipped by 'uic',
  now using transient initial conditions.
 Reference value :  1.00000e-08
 Reference value :  1.86252e-06
 Reference value :  9.41261e-05
 Reference value :  2.16126e-04
 Reference value :  3.42126e-04
 Reference value :  4.70126e-04
 Reference value :  5.96126e-04
 Reference value :  7.28126e-04
 Reference value :  8.54126e-04
 Reference value :  9.87126e-04
 Reference value :  1.11113e-03
 Reference value :  1.23813e-03
 Reference value :  1.36313e-03
 Reference value :  1.48813e-03
 Reference value :  1.61313e-03
 Reference value :  1.73613e-03
 Reference value :  1.85813e-03
 Reference value :  1.98413e-03
 Reference value :  2.10613e-03
 Reference value :  2.23113e-03
 Reference value :  2.36213e-03
 Reference value :  2.48613e-03
 Reference value :  2.61113e-03
 Reference value :  2.73613e-03
 Reference value :  2.86113e-03
 Reference value :  2.98613e-03
No. of Data Rows : 3072
m_recovery_time_s = 8.2662177838e-06
m_vref_final_v = 1.2215944793e+00
m_iq_total_final_ua = 1.7262432265e+01
m_det_final_v = 1.5337553702e-02
Note: Simulation executed from .control section 

Warning: m=xx on .subckt line will override multiplier m hierarchy!

