
Note: Compatibility modes selected: hs a


Circuit: * startup-state-search-extracted @ bjt_ff_125c_3.30v -- generated by sim/harness, do not edit

Doing analysis at TEMP = 125.000000 and TNOM = 27.000000

Using SPARSE 1.3 as Direct Linear Solver
Operating point simulation skipped by 'uic',
  now using transient initial conditions.
 Reference value :  1.00000e-08
 Reference value :  3.67996e-05
 Reference value :  1.65800e-04
 Reference value :  2.88800e-04
 Reference value :  4.23800e-04
 Reference value :  5.54800e-04
 Reference value :  6.82800e-04
 Reference value :  8.14800e-04
 Reference value :  9.43800e-04
 Reference value :  1.07380e-03
 Reference value :  1.19480e-03
 Reference value :  1.32080e-03
 Reference value :  1.44280e-03
 Reference value :  1.56880e-03
 Reference value :  1.69980e-03
 Reference value :  1.82680e-03
 Reference value :  1.95280e-03
 Reference value :  2.07280e-03
 Reference value :  2.19780e-03
 Reference value :  2.32680e-03
 Reference value :  2.45180e-03
 Reference value :  2.57280e-03
 Reference value :  2.69880e-03
 Reference value :  2.82280e-03
 Reference value :  2.94880e-03
No. of Data Rows : 3045
m_recovery_time_s = 1.1799569749e-05
m_vref_final_v = 1.2306577394e+00
m_iq_total_final_ua = 2.8677874644e+01
m_det_final_v = 1.8440357185e-02
Note: Simulation executed from .control section 

Warning: m=xx on .subckt line will override multiplier m hierarchy!

