
Note: Compatibility modes selected: hs a


Circuit: * startup-state-search-extracted @ bjt_ss_125c_3.30v -- generated by sim/harness, do not edit

Doing analysis at TEMP = 125.000000 and TNOM = 27.000000

Using SPARSE 1.3 as Direct Linear Solver
Operating point simulation skipped by 'uic',
  now using transient initial conditions.
 Reference value :  1.00000e-08
 Reference value :  3.90749e-05
 Reference value :  1.68075e-04
 Reference value :  2.93075e-04
 Reference value :  4.25075e-04
 Reference value :  5.58075e-04
 Reference value :  6.85075e-04
 Reference value :  8.20075e-04
 Reference value :  9.52075e-04
 Reference value :  1.08107e-03
 Reference value :  1.20807e-03
 Reference value :  1.33107e-03
 Reference value :  1.45307e-03
 Reference value :  1.57907e-03
 Reference value :  1.70307e-03
 Reference value :  1.82607e-03
 Reference value :  1.94707e-03
 Reference value :  2.06507e-03
 Reference value :  2.19007e-03
 Reference value :  2.31407e-03
 Reference value :  2.43807e-03
 Reference value :  2.56507e-03
 Reference value :  2.69307e-03
 Reference value :  2.81907e-03
 Reference value :  2.94707e-03
No. of Data Rows : 3045
m_recovery_time_s = 1.1074874740e-05
m_vref_final_v = 1.2518730468e+00
m_iq_total_final_ua = 2.8792657461e+01
m_det_final_v = 1.8433906321e-02
Note: Simulation executed from .control section 

Warning: m=xx on .subckt line will override multiplier m hierarchy!

