
Note: Compatibility modes selected: hs a


Circuit: * startup-state-search-extracted @ bjt_ss_27c_3.30v -- generated by sim/harness, do not edit

Doing analysis at TEMP = 27.000000 and TNOM = 27.000000

Using SPARSE 1.3 as Direct Linear Solver
Operating point simulation skipped by 'uic',
  now using transient initial conditions.
 Reference value :  1.00000e-08
 Reference value :  1.66442e-06
 Reference value :  1.16314e-04
 Reference value :  2.40314e-04
 Reference value :  3.64314e-04
 Reference value :  4.93314e-04
 Reference value :  6.17314e-04
 Reference value :  7.57314e-04
 Reference value :  8.84314e-04
 Reference value :  1.01031e-03
 Reference value :  1.14531e-03
 Reference value :  1.27131e-03
 Reference value :  1.40131e-03
 Reference value :  1.53431e-03
 Reference value :  1.65831e-03
 Reference value :  1.78031e-03
 Reference value :  1.90731e-03
 Reference value :  2.03931e-03
 Reference value :  2.16531e-03
 Reference value :  2.28631e-03
 Reference value :  2.40731e-03
 Reference value :  2.53231e-03
 Reference value :  2.65431e-03
 Reference value :  2.77931e-03
 Reference value :  2.90031e-03
No. of Data Rows : 3057
m_recovery_time_s = 8.3140360753e-06
m_vref_final_v = 1.2426354222e+00
m_iq_total_final_ua = 2.2391387887e+01
m_det_final_v = 1.5808438473e-02
Note: Simulation executed from .control section 

Warning: m=xx on .subckt line will override multiplier m hierarchy!

