
Note: Compatibility modes selected: hs a


Circuit: * startup-state-search-extracted @ bjt_ff_27c_2.97v -- generated by sim/harness, do not edit

Doing analysis at TEMP = 27.000000 and TNOM = 27.000000

Using SPARSE 1.3 as Direct Linear Solver
Operating point simulation skipped by 'uic',
  now using transient initial conditions.
 Reference value :  1.00000e-08
 Reference value :  9.28193e-06
 Reference value :  1.35282e-04
 Reference value :  2.60282e-04
 Reference value :  3.87282e-04
 Reference value :  5.19282e-04
 Reference value :  6.52282e-04
 Reference value :  7.90282e-04
 Reference value :  9.20282e-04
 Reference value :  1.04728e-03
 Reference value :  1.17228e-03
 Reference value :  1.29028e-03
 Reference value :  1.41628e-03
 Reference value :  1.53828e-03
 Reference value :  1.66328e-03
 Reference value :  1.79028e-03
 Reference value :  1.91928e-03
 Reference value :  2.04628e-03
 Reference value :  2.16828e-03
 Reference value :  2.29228e-03
 Reference value :  2.42028e-03
 Reference value :  2.54428e-03
 Reference value :  2.66828e-03
 Reference value :  2.79528e-03
 Reference value :  2.92428e-03
No. of Data Rows : 3056
m_recovery_time_s = 8.2819326260e-06
m_vref_final_v = 1.2273599274e+00
m_iq_total_final_ua = 2.2487828219e+01
m_det_final_v = 1.4092987023e-02
Note: Simulation executed from .control section 

Warning: m=xx on .subckt line will override multiplier m hierarchy!

