
Note: Compatibility modes selected: hs a


Circuit: * startup-state-search-extracted @ ff_125c_2.97v -- generated by sim/harness, do not edit

Doing analysis at TEMP = 125.000000 and TNOM = 27.000000

Using SPARSE 1.3 as Direct Linear Solver
Operating point simulation skipped by 'uic',
  now using transient initial conditions.
 Reference value :  1.00000e-08
 Reference value :  4.41676e-05
 Reference value :  1.68168e-04
 Reference value :  3.04168e-04
 Reference value :  4.40168e-04
 Reference value :  5.84168e-04
 Reference value :  7.27168e-04
 Reference value :  8.52168e-04
 Reference value :  9.74168e-04
 Reference value :  1.10117e-03
 Reference value :  1.23617e-03
 Reference value :  1.37117e-03
 Reference value :  1.50017e-03
 Reference value :  1.62717e-03
 Reference value :  1.74917e-03
 Reference value :  1.87417e-03
 Reference value :  2.01117e-03
 Reference value :  2.15117e-03
 Reference value :  2.27817e-03
 Reference value :  2.43417e-03
 Reference value :  2.59017e-03
 Reference value :  2.72917e-03
 Reference value :  2.87317e-03
No. of Data Rows : 3041
m_recovery_time_s = 1.0167591179e-05
m_vref_final_v = 1.2408233743e+00
m_iq_total_final_ua = 3.5793234747e+01
m_det_final_v = 1.7474017575e-02
Note: Simulation executed from .control section 

Warning: m=xx on .subckt line will override multiplier m hierarchy!

