
Note: Compatibility modes selected: hs a


Circuit: * startup-state-search-extracted @ ff_27c_3.30v -- generated by sim/harness, do not edit

Doing analysis at TEMP = 27.000000 and TNOM = 27.000000

Using SPARSE 1.3 as Direct Linear Solver
Operating point simulation skipped by 'uic',
  now using transient initial conditions.
 Reference value :  1.00000e-08
 Reference value :  1.31124e-06
 Reference value :  1.08428e-04
 Reference value :  2.31428e-04
 Reference value :  3.56428e-04
 Reference value :  4.89428e-04
 Reference value :  6.35428e-04
 Reference value :  7.68428e-04
 Reference value :  9.08428e-04
 Reference value :  1.03843e-03
 Reference value :  1.16643e-03
 Reference value :  1.30243e-03
 Reference value :  1.43943e-03
 Reference value :  1.57243e-03
 Reference value :  1.69943e-03
 Reference value :  1.82343e-03
 Reference value :  1.95143e-03
 Reference value :  2.07743e-03
 Reference value :  2.22543e-03
 Reference value :  2.35843e-03
 Reference value :  2.49043e-03
 Reference value :  2.65643e-03
 Reference value :  2.79943e-03
 Reference value :  2.93143e-03
No. of Data Rows : 3059
m_recovery_time_s = 9.5780665228e-06
m_vref_final_v = 1.2347814666e+00
m_iq_total_final_ua = 2.7673928571e+01
m_det_final_v = 1.6791440567e-02
Note: Simulation executed from .control section 

Warning: m=xx on .subckt line will override multiplier m hierarchy!

