
Note: Compatibility modes selected: hs a


Circuit: * startup-state-search-extracted @ ff_27c_2.97v -- generated by sim/harness, do not edit

Doing analysis at TEMP = 27.000000 and TNOM = 27.000000

Using SPARSE 1.3 as Direct Linear Solver
Operating point simulation skipped by 'uic',
  now using transient initial conditions.
 Reference value :  1.00000e-08
 Reference value :  7.05267e-06
 Reference value :  1.62937e-04
 Reference value :  2.89937e-04
 Reference value :  4.13937e-04
 Reference value :  5.36937e-04
 Reference value :  6.74937e-04
 Reference value :  8.03937e-04
 Reference value :  9.46937e-04
 Reference value :  1.08594e-03
 Reference value :  1.21594e-03
 Reference value :  1.34094e-03
 Reference value :  1.46294e-03
 Reference value :  1.61494e-03
 Reference value :  1.75094e-03
 Reference value :  1.88594e-03
 Reference value :  2.01594e-03
 Reference value :  2.14494e-03
 Reference value :  2.26794e-03
 Reference value :  2.40494e-03
 Reference value :  2.54394e-03
 Reference value :  2.66794e-03
 Reference value :  2.81094e-03
 Reference value :  2.95994e-03
No. of Data Rows : 3056
m_recovery_time_s = 9.9616901097e-06
m_vref_final_v = 1.2349783877e+00
m_iq_total_final_ua = 2.7596460047e+01
m_det_final_v = 1.4958778440e-02
Note: Simulation executed from .control section 

Warning: m=xx on .subckt line will override multiplier m hierarchy!

