
Note: Compatibility modes selected: hs a


Circuit: * startup-state-search-extracted @ ff_27c_3.63v -- generated by sim/harness, do not edit

Doing analysis at TEMP = 27.000000 and TNOM = 27.000000

Using SPARSE 1.3 as Direct Linear Solver
Operating point simulation skipped by 'uic',
  now using transient initial conditions.
 Reference value :  1.00000e-08
 Reference value :  1.71369e-06
 Reference value :  1.23156e-04
 Reference value :  2.55156e-04
 Reference value :  3.95156e-04
 Reference value :  5.27156e-04
 Reference value :  6.73156e-04
 Reference value :  8.10156e-04
 Reference value :  9.45156e-04
 Reference value :  1.07116e-03
 Reference value :  1.19716e-03
 Reference value :  1.33616e-03
 Reference value :  1.46316e-03
 Reference value :  1.60016e-03
 Reference value :  1.73216e-03
 Reference value :  1.86116e-03
 Reference value :  1.99116e-03
 Reference value :  2.12116e-03
 Reference value :  2.27216e-03
 Reference value :  2.40016e-03
 Reference value :  2.54116e-03
 Reference value :  2.69316e-03
 Reference value :  2.84116e-03
 Reference value :  2.97216e-03
No. of Data Rows : 3056
m_recovery_time_s = 9.1559512215e-06
m_vref_final_v = 1.2350465060e+00
m_iq_total_final_ua = 2.8072077736e+01
m_det_final_v = 1.8666415048e-02
Note: Simulation executed from .control section 

Warning: m=xx on .subckt line will override multiplier m hierarchy!

