
Note: Compatibility modes selected: hs a


Circuit: * startup-state-search-extracted @ fs_125c_3.30v -- generated by sim/harness, do not edit

Doing analysis at TEMP = 125.000000 and TNOM = 27.000000

Using SPARSE 1.3 as Direct Linear Solver
Operating point simulation skipped by 'uic',
  now using transient initial conditions.
 Reference value :  1.00000e-08
 Reference value :  4.05531e-05
 Reference value :  1.67553e-04
 Reference value :  2.94553e-04
 Reference value :  4.22553e-04
 Reference value :  5.52553e-04
 Reference value :  6.82553e-04
 Reference value :  8.10553e-04
 Reference value :  9.36553e-04
 Reference value :  1.06855e-03
 Reference value :  1.19355e-03
 Reference value :  1.32555e-03
 Reference value :  1.45255e-03
 Reference value :  1.57355e-03
 Reference value :  1.69955e-03
 Reference value :  1.82655e-03
 Reference value :  1.94955e-03
 Reference value :  2.07155e-03
 Reference value :  2.19555e-03
 Reference value :  2.31955e-03
 Reference value :  2.44755e-03
 Reference value :  2.57455e-03
 Reference value :  2.69955e-03
 Reference value :  2.83055e-03
 Reference value :  2.96155e-03
No. of Data Rows : 3045
m_recovery_time_s = 8.5531019371e-06
m_vref_final_v = 1.2393655246e+00
m_iq_total_final_ua = 2.8938477711e+01
m_det_final_v = 1.8242819949e-02
Note: Simulation executed from .control section 

Warning: m=xx on .subckt line will override multiplier m hierarchy!

