
Note: Compatibility modes selected: hs a


Circuit: * startup-state-search-extracted @ fs_125c_2.97v -- generated by sim/harness, do not edit

Doing analysis at TEMP = 125.000000 and TNOM = 27.000000

Using SPARSE 1.3 as Direct Linear Solver
Operating point simulation skipped by 'uic',
  now using transient initial conditions.
 Reference value :  1.00000e-08
 Reference value :  2.59428e-05
 Reference value :  1.59943e-04
 Reference value :  2.96943e-04
 Reference value :  4.25943e-04
 Reference value :  5.55943e-04
 Reference value :  6.86943e-04
 Reference value :  8.10943e-04
 Reference value :  9.40943e-04
 Reference value :  1.06594e-03
 Reference value :  1.19594e-03
 Reference value :  1.32994e-03
 Reference value :  1.45594e-03
 Reference value :  1.58594e-03
 Reference value :  1.71194e-03
 Reference value :  1.83594e-03
 Reference value :  1.96294e-03
 Reference value :  2.08694e-03
 Reference value :  2.20894e-03
 Reference value :  2.33594e-03
 Reference value :  2.46394e-03
 Reference value :  2.59194e-03
 Reference value :  2.72194e-03
 Reference value :  2.85094e-03
 Reference value :  2.97694e-03
No. of Data Rows : 3050
m_recovery_time_s = 7.9427995273e-06
m_vref_final_v = 1.2393466800e+00
m_iq_total_final_ua = 2.8775655743e+01
m_det_final_v = 1.6284339133e-02
Note: Simulation executed from .control section 

Warning: m=xx on .subckt line will override multiplier m hierarchy!

