
Note: Compatibility modes selected: hs a


Circuit: * startup-state-search-extracted @ fs_27c_3.30v -- generated by sim/harness, do not edit

Doing analysis at TEMP = 27.000000 and TNOM = 27.000000

Using SPARSE 1.3 as Direct Linear Solver
Operating point simulation skipped by 'uic',
  now using transient initial conditions.
 Reference value :  1.00000e-08
 Reference value :  1.35996e-06
 Reference value :  9.44009e-05
 Reference value :  2.17401e-04
 Reference value :  3.47401e-04
 Reference value :  4.75401e-04
 Reference value :  6.02401e-04
 Reference value :  7.25401e-04
 Reference value :  8.55401e-04
 Reference value :  9.87401e-04
 Reference value :  1.11840e-03
 Reference value :  1.24640e-03
 Reference value :  1.37740e-03
 Reference value :  1.50840e-03
 Reference value :  1.63540e-03
 Reference value :  1.76140e-03
 Reference value :  1.88740e-03
 Reference value :  2.00940e-03
 Reference value :  2.13840e-03
 Reference value :  2.26740e-03
 Reference value :  2.38940e-03
 Reference value :  2.51340e-03
 Reference value :  2.63940e-03
 Reference value :  2.76740e-03
 Reference value :  2.89240e-03
No. of Data Rows : 3065
m_recovery_time_s = 8.4009024630e-06
m_vref_final_v = 1.2336768915e+00
m_iq_total_final_ua = 2.2457214387e+01
m_det_final_v = 1.5647064006e-02
Note: Simulation executed from .control section 

Warning: m=xx on .subckt line will override multiplier m hierarchy!

