
Note: Compatibility modes selected: hs a


Circuit: * startup-state-search-extracted @ res_ff_27c_3.63v -- generated by sim/harness, do not edit

Doing analysis at TEMP = 27.000000 and TNOM = 27.000000

Using SPARSE 1.3 as Direct Linear Solver
Operating point simulation skipped by 'uic',
  now using transient initial conditions.
 Reference value :  1.00000e-08
 Reference value :  1.30569e-06
 Reference value :  9.50013e-05
 Reference value :  2.22001e-04
 Reference value :  3.48001e-04
 Reference value :  4.78001e-04
 Reference value :  6.12001e-04
 Reference value :  7.54001e-04
 Reference value :  8.85001e-04
 Reference value :  1.01900e-03
 Reference value :  1.14300e-03
 Reference value :  1.26900e-03
 Reference value :  1.39500e-03
 Reference value :  1.52500e-03
 Reference value :  1.66600e-03
 Reference value :  1.79400e-03
 Reference value :  1.92200e-03
 Reference value :  2.05100e-03
 Reference value :  2.17400e-03
 Reference value :  2.29700e-03
 Reference value :  2.42800e-03
 Reference value :  2.55400e-03
 Reference value :  2.68500e-03
 Reference value :  2.81100e-03
 Reference value :  2.93800e-03
No. of Data Rows : 3064
m_recovery_time_s = 8.2403582163e-06
m_vref_final_v = 1.2410540960e+00
m_iq_total_final_ua = 2.7884663231e+01
m_det_final_v = 1.9010194638e-02
Note: Simulation executed from .control section 

Warning: m=xx on .subckt line will override multiplier m hierarchy!

