
Note: Compatibility modes selected: hs a


Circuit: * startup-state-search-extracted @ res_ss_-40c_2.97v -- generated by sim/harness, do not edit

Doing analysis at TEMP = -40.000000 and TNOM = 27.000000

Using SPARSE 1.3 as Direct Linear Solver
Operating point simulation skipped by 'uic',
  now using transient initial conditions.
 Reference value :  1.00000e-08
 Reference value :  1.84314e-06
 Reference value :  1.16926e-04
 Reference value :  2.47926e-04
 Reference value :  3.75926e-04
 Reference value :  5.01926e-04
 Reference value :  6.29926e-04
 Reference value :  7.54926e-04
 Reference value :  8.77926e-04
 Reference value :  1.00793e-03
 Reference value :  1.13693e-03
 Reference value :  1.26493e-03
 Reference value :  1.39093e-03
 Reference value :  1.51793e-03
 Reference value :  1.64393e-03
 Reference value :  1.76893e-03
 Reference value :  1.89293e-03
 Reference value :  2.01393e-03
 Reference value :  2.13793e-03
 Reference value :  2.26293e-03
 Reference value :  2.39193e-03
 Reference value :  2.51993e-03
 Reference value :  2.65293e-03
 Reference value :  2.77793e-03
 Reference value :  2.90393e-03
No. of Data Rows : 3065
m_recovery_time_s = 7.9259146591e-06
m_vref_final_v = 1.2216894427e+00
m_iq_total_final_ua = 1.6010123935e+01
m_det_final_v = 1.1506167102e-02
Note: Simulation executed from .control section 

Warning: m=xx on .subckt line will override multiplier m hierarchy!

