
Note: Compatibility modes selected: hs a


Circuit: * startup-state-search-extracted @ res_ss_125c_3.30v -- generated by sim/harness, do not edit

Doing analysis at TEMP = 125.000000 and TNOM = 27.000000

Using SPARSE 1.3 as Direct Linear Solver
Operating point simulation skipped by 'uic',
  now using transient initial conditions.
 Reference value :  1.00000e-08
 Reference value :  5.54678e-05
 Reference value :  1.88468e-04
 Reference value :  3.21468e-04
 Reference value :  4.44468e-04
 Reference value :  5.83468e-04
 Reference value :  7.18468e-04
 Reference value :  8.59468e-04
 Reference value :  9.97468e-04
 Reference value :  1.12447e-03
 Reference value :  1.25547e-03
 Reference value :  1.38347e-03
 Reference value :  1.52447e-03
 Reference value :  1.65947e-03
 Reference value :  1.80047e-03
 Reference value :  1.92947e-03
 Reference value :  2.07747e-03
 Reference value :  2.20447e-03
 Reference value :  2.32547e-03
 Reference value :  2.46247e-03
 Reference value :  2.58847e-03
 Reference value :  2.71447e-03
 Reference value :  2.83847e-03
 Reference value :  2.96347e-03
No. of Data Rows : 3045
m_recovery_time_s = 1.2467773896e-05
m_vref_final_v = 1.2314285202e+00
m_iq_total_final_ua = 2.3893562563e+01
m_det_final_v = 1.7338466579e-02
Note: Simulation executed from .control section 

Warning: m=xx on .subckt line will override multiplier m hierarchy!

