
Note: Compatibility modes selected: hs a


Circuit: * startup-state-search-extracted @ res_ss_125c_3.63v -- generated by sim/harness, do not edit

Doing analysis at TEMP = 125.000000 and TNOM = 27.000000

Using SPARSE 1.3 as Direct Linear Solver
Operating point simulation skipped by 'uic',
  now using transient initial conditions.
 Reference value :  1.00000e-08
 Reference value :  5.47590e-05
 Reference value :  1.85759e-04
 Reference value :  3.22759e-04
 Reference value :  4.48759e-04
 Reference value :  5.89759e-04
 Reference value :  7.26759e-04
 Reference value :  8.67759e-04
 Reference value :  1.00876e-03
 Reference value :  1.13576e-03
 Reference value :  1.27476e-03
 Reference value :  1.40776e-03
 Reference value :  1.54176e-03
 Reference value :  1.68076e-03
 Reference value :  1.81276e-03
 Reference value :  1.94176e-03
 Reference value :  2.07876e-03
 Reference value :  2.20376e-03
 Reference value :  2.32876e-03
 Reference value :  2.47076e-03
 Reference value :  2.59376e-03
 Reference value :  2.71476e-03
 Reference value :  2.83376e-03
 Reference value :  2.96176e-03
No. of Data Rows : 3043
m_recovery_time_s = 1.2759045685e-05
m_vref_final_v = 1.2313925393e+00
m_iq_total_final_ua = 2.4184563288e+01
m_det_final_v = 1.9235659436e-02
Note: Simulation executed from .control section 

Warning: m=xx on .subckt line will override multiplier m hierarchy!

