
Note: Compatibility modes selected: hs a


Circuit: * startup-state-search-extracted @ res_ss_27c_3.30v -- generated by sim/harness, do not edit

Doing analysis at TEMP = 27.000000 and TNOM = 27.000000

Using SPARSE 1.3 as Direct Linear Solver
Operating point simulation skipped by 'uic',
  now using transient initial conditions.
 Reference value :  1.00000e-08
 Reference value :  1.40128e-05
 Reference value :  1.40013e-04
 Reference value :  2.66013e-04
 Reference value :  3.89013e-04
 Reference value :  5.17013e-04
 Reference value :  6.51013e-04
 Reference value :  7.84013e-04
 Reference value :  9.08013e-04
 Reference value :  1.03301e-03
 Reference value :  1.16501e-03
 Reference value :  1.29101e-03
 Reference value :  1.42001e-03
 Reference value :  1.54301e-03
 Reference value :  1.66601e-03
 Reference value :  1.79301e-03
 Reference value :  1.92601e-03
 Reference value :  2.05201e-03
 Reference value :  2.18101e-03
 Reference value :  2.30901e-03
 Reference value :  2.43301e-03
 Reference value :  2.55401e-03
 Reference value :  2.68001e-03
 Reference value :  2.80501e-03
 Reference value :  2.93501e-03
No. of Data Rows : 3051
m_recovery_time_s = 8.5552902126e-06
m_vref_final_v = 1.2275448136e+00
m_iq_total_final_ua = 1.8636568637e+01
m_det_final_v = 1.4877571115e-02
Note: Simulation executed from .control section 

Warning: m=xx on .subckt line will override multiplier m hierarchy!

