
Note: Compatibility modes selected: hs a


Circuit: * startup-state-search-extracted @ res_ss_27c_2.97v -- generated by sim/harness, do not edit

Doing analysis at TEMP = 27.000000 and TNOM = 27.000000

Using SPARSE 1.3 as Direct Linear Solver
Operating point simulation skipped by 'uic',
  now using transient initial conditions.
 Reference value :  1.00000e-08
 Reference value :  9.32152e-06
 Reference value :  1.39172e-04
 Reference value :  2.67172e-04
 Reference value :  3.91172e-04
 Reference value :  5.21172e-04
 Reference value :  6.54172e-04
 Reference value :  7.81172e-04
 Reference value :  9.09172e-04
 Reference value :  1.03517e-03
 Reference value :  1.16317e-03
 Reference value :  1.29917e-03
 Reference value :  1.42217e-03
 Reference value :  1.56017e-03
 Reference value :  1.68917e-03
 Reference value :  1.81417e-03
 Reference value :  1.93817e-03
 Reference value :  2.06517e-03
 Reference value :  2.19417e-03
 Reference value :  2.31917e-03
 Reference value :  2.44617e-03
 Reference value :  2.57517e-03
 Reference value :  2.70417e-03
 Reference value :  2.83017e-03
 Reference value :  2.95817e-03
No. of Data Rows : 3059
m_recovery_time_s = 8.5103650831e-06
m_vref_final_v = 1.2275776428e+00
m_iq_total_final_ua = 1.8117083230e+01
m_det_final_v = 1.3251911468e-02
Note: Simulation executed from .control section 

Warning: m=xx on .subckt line will override multiplier m hierarchy!

