
Note: Compatibility modes selected: hs a


Circuit: * startup-state-search-extracted @ res_ss_27c_3.63v -- generated by sim/harness, do not edit

Doing analysis at TEMP = 27.000000 and TNOM = 27.000000

Using SPARSE 1.3 as Direct Linear Solver
Operating point simulation skipped by 'uic',
  now using transient initial conditions.
 Reference value :  1.00000e-08
 Reference value :  1.57116e-06
 Reference value :  1.12469e-04
 Reference value :  2.39469e-04
 Reference value :  3.68469e-04
 Reference value :  4.97469e-04
 Reference value :  6.20469e-04
 Reference value :  7.44469e-04
 Reference value :  8.80469e-04
 Reference value :  1.00647e-03
 Reference value :  1.13547e-03
 Reference value :  1.25947e-03
 Reference value :  1.38747e-03
 Reference value :  1.51247e-03
 Reference value :  1.63847e-03
 Reference value :  1.75847e-03
 Reference value :  1.88147e-03
 Reference value :  2.00947e-03
 Reference value :  2.13147e-03
 Reference value :  2.26047e-03
 Reference value :  2.38647e-03
 Reference value :  2.51447e-03
 Reference value :  2.64247e-03
 Reference value :  2.76247e-03
 Reference value :  2.88547e-03
No. of Data Rows : 3059
m_recovery_time_s = 8.6567180044e-06
m_vref_final_v = 1.2276895430e+00
m_iq_total_final_ua = 1.8759595631e+01
m_det_final_v = 1.6541932064e-02
Note: Simulation executed from .control section 

Warning: m=xx on .subckt line will override multiplier m hierarchy!

