
Note: Compatibility modes selected: hs a


Circuit: * startup-state-search-extracted @ res_ff_27c_2.97v -- generated by sim/harness, do not edit

Doing analysis at TEMP = 27.000000 and TNOM = 27.000000

Using SPARSE 1.3 as Direct Linear Solver
Operating point simulation skipped by 'uic',
  now using transient initial conditions.
 Reference value :  1.00000e-08
 Reference value :  1.49726e-06
 Reference value :  9.52609e-05
 Reference value :  2.22261e-04
 Reference value :  3.57261e-04
 Reference value :  4.83261e-04
 Reference value :  6.16261e-04
 Reference value :  7.46261e-04
 Reference value :  8.74261e-04
 Reference value :  1.00326e-03
 Reference value :  1.12726e-03
 Reference value :  1.25326e-03
 Reference value :  1.37826e-03
 Reference value :  1.50526e-03
 Reference value :  1.63926e-03
 Reference value :  1.76826e-03
 Reference value :  1.89326e-03
 Reference value :  2.01726e-03
 Reference value :  2.14626e-03
 Reference value :  2.27626e-03
 Reference value :  2.40726e-03
 Reference value :  2.53326e-03
 Reference value :  2.66926e-03
 Reference value :  2.79826e-03
 Reference value :  2.92426e-03
No. of Data Rows : 3061
m_recovery_time_s = 8.2609065734e-06
m_vref_final_v = 1.2411800859e+00
m_iq_total_final_ua = 2.6340346741e+01
m_det_final_v = 1.5233879632e-02
Note: Simulation executed from .control section 

Warning: m=xx on .subckt line will override multiplier m hierarchy!

