
Note: Compatibility modes selected: hs a


Circuit: * startup-state-search-extracted @ res_ff_27c_3.30v -- generated by sim/harness, do not edit

Doing analysis at TEMP = 27.000000 and TNOM = 27.000000

Using SPARSE 1.3 as Direct Linear Solver
Operating point simulation skipped by 'uic',
  now using transient initial conditions.
 Reference value :  1.00000e-08
 Reference value :  1.58531e-06
 Reference value :  1.18764e-04
 Reference value :  2.45764e-04
 Reference value :  3.69764e-04
 Reference value :  4.92764e-04
 Reference value :  6.17764e-04
 Reference value :  7.41764e-04
 Reference value :  8.62764e-04
 Reference value :  9.89764e-04
 Reference value :  1.12076e-03
 Reference value :  1.24776e-03
 Reference value :  1.37176e-03
 Reference value :  1.49876e-03
 Reference value :  1.63776e-03
 Reference value :  1.76276e-03
 Reference value :  1.89176e-03
 Reference value :  2.01476e-03
 Reference value :  2.14076e-03
 Reference value :  2.26476e-03
 Reference value :  2.38676e-03
 Reference value :  2.51476e-03
 Reference value :  2.64376e-03
 Reference value :  2.76576e-03
 Reference value :  2.88876e-03
No. of Data Rows : 3062
m_recovery_time_s = 8.7637522292e-06
m_vref_final_v = 1.2413680661e+00
m_iq_total_final_ua = 2.8268565257e+01
m_det_final_v = 1.7100530268e-02
Note: Simulation executed from .control section 

Warning: m=xx on .subckt line will override multiplier m hierarchy!

