
Note: Compatibility modes selected: hs a


Circuit: * startup-state-search-extracted @ sf_-40c_3.30v -- generated by sim/harness, do not edit

Doing analysis at TEMP = -40.000000 and TNOM = 27.000000

Using SPARSE 1.3 as Direct Linear Solver
Operating point simulation skipped by 'uic',
  now using transient initial conditions.
 Reference value :  1.00000e-08
 Reference value :  1.80370e-06
 Reference value :  1.38216e-04
 Reference value :  2.69216e-04
 Reference value :  3.95216e-04
 Reference value :  5.17216e-04
 Reference value :  6.58216e-04
 Reference value :  7.85216e-04
 Reference value :  9.28216e-04
 Reference value :  1.06322e-03
 Reference value :  1.19322e-03
 Reference value :  1.32922e-03
 Reference value :  1.45422e-03
 Reference value :  1.58022e-03
 Reference value :  1.70822e-03
 Reference value :  1.86822e-03
 Reference value :  1.99622e-03
 Reference value :  2.13822e-03
 Reference value :  2.26122e-03
 Reference value :  2.38622e-03
 Reference value :  2.51822e-03
 Reference value :  2.64122e-03
 Reference value :  2.77622e-03
 Reference value :  2.91022e-03
No. of Data Rows : 3057
m_recovery_time_s = 8.2161005780e-06
m_vref_final_v = 1.2266459739e+00
m_iq_total_final_ua = 1.7495792386e+01
m_det_final_v = 1.3917125286e-02
Note: Simulation executed from .control section 

Warning: m=xx on .subckt line will override multiplier m hierarchy!

