
Note: Compatibility modes selected: hs a


Circuit: * startup-state-search-extracted @ sf_-40c_3.63v -- generated by sim/harness, do not edit

Doing analysis at TEMP = -40.000000 and TNOM = 27.000000

Using SPARSE 1.3 as Direct Linear Solver
Operating point simulation skipped by 'uic',
  now using transient initial conditions.
 Reference value :  1.00000e-08
 Reference value :  1.44009e-06
 Reference value :  1.11509e-04
 Reference value :  2.45509e-04
 Reference value :  3.76509e-04
 Reference value :  5.18509e-04
 Reference value :  6.47509e-04
 Reference value :  7.85509e-04
 Reference value :  9.23509e-04
 Reference value :  1.05351e-03
 Reference value :  1.19051e-03
 Reference value :  1.32151e-03
 Reference value :  1.44751e-03
 Reference value :  1.57251e-03
 Reference value :  1.72251e-03
 Reference value :  1.86351e-03
 Reference value :  2.00551e-03
 Reference value :  2.14251e-03
 Reference value :  2.26851e-03
 Reference value :  2.39251e-03
 Reference value :  2.51351e-03
 Reference value :  2.65551e-03
 Reference value :  2.78951e-03
 Reference value :  2.92151e-03
No. of Data Rows : 3063
m_recovery_time_s = 8.5085586565e-06
m_vref_final_v = 1.2268583949e+00
m_iq_total_final_ua = 1.7931448889e+01
m_det_final_v = 1.5512154208e-02
Note: Simulation executed from .control section 

Warning: m=xx on .subckt line will override multiplier m hierarchy!

