
Note: Compatibility modes selected: hs a


Circuit: * startup-state-search-extracted @ sf_27c_3.63v -- generated by sim/harness, do not edit

Doing analysis at TEMP = 27.000000 and TNOM = 27.000000

Using SPARSE 1.3 as Direct Linear Solver
Operating point simulation skipped by 'uic',
  now using transient initial conditions.
 Reference value :  1.00000e-08
 Reference value :  1.49232e-06
 Reference value :  1.11688e-04
 Reference value :  2.38688e-04
 Reference value :  3.72688e-04
 Reference value :  5.08688e-04
 Reference value :  6.35688e-04
 Reference value :  7.69688e-04
 Reference value :  8.95688e-04
 Reference value :  1.01869e-03
 Reference value :  1.14569e-03
 Reference value :  1.26969e-03
 Reference value :  1.40069e-03
 Reference value :  1.53069e-03
 Reference value :  1.66269e-03
 Reference value :  1.79269e-03
 Reference value :  1.91769e-03
 Reference value :  2.04169e-03
 Reference value :  2.16569e-03
 Reference value :  2.29469e-03
 Reference value :  2.41969e-03
 Reference value :  2.54269e-03
 Reference value :  2.66769e-03
 Reference value :  2.79369e-03
 Reference value :  2.92469e-03
No. of Data Rows : 3058
m_recovery_time_s = 1.0687608603e-05
m_vref_final_v = 1.2336158630e+00
m_iq_total_final_ua = 2.2281640570e+01
m_det_final_v = 1.7776332955e-02
Note: Simulation executed from .control section 

Warning: m=xx on .subckt line will override multiplier m hierarchy!

