
Note: Compatibility modes selected: hs a


Circuit: * startup-state-search-extracted @ ss_-40c_2.97v -- generated by sim/harness, do not edit

Doing analysis at TEMP = -40.000000 and TNOM = 27.000000

Using SPARSE 1.3 as Direct Linear Solver
Operating point simulation skipped by 'uic',
  now using transient initial conditions.
 Reference value :  1.00000e-08
 Reference value :  1.69496e-06
 Reference value :  8.37981e-05
 Reference value :  2.22798e-04
 Reference value :  3.54798e-04
 Reference value :  5.08798e-04
 Reference value :  6.47798e-04
 Reference value :  7.78798e-04
 Reference value :  9.04798e-04
 Reference value :  1.02880e-03
 Reference value :  1.16080e-03
 Reference value :  1.29480e-03
 Reference value :  1.41980e-03
 Reference value :  1.54780e-03
 Reference value :  1.67680e-03
 Reference value :  1.80480e-03
 Reference value :  1.92980e-03
 Reference value :  2.05380e-03
 Reference value :  2.17780e-03
 Reference value :  2.30780e-03
 Reference value :  2.43180e-03
 Reference value :  2.55880e-03
 Reference value :  2.68680e-03
 Reference value :  2.81380e-03
 Reference value :  2.94180e-03
No. of Data Rows : 3071
m_recovery_time_s = 1.1798145978e-05
m_vref_final_v = 1.2284199419e+00
m_iq_total_final_ua = 1.4897263153e+01
m_det_final_v = 1.1704525122e-02
Note: Simulation executed from .control section 

Warning: m=xx on .subckt line will override multiplier m hierarchy!

