
Note: Compatibility modes selected: hs a


Circuit: * startup-state-search-extracted @ ss_-40c_3.30v -- generated by sim/harness, do not edit

Doing analysis at TEMP = -40.000000 and TNOM = 27.000000

Using SPARSE 1.3 as Direct Linear Solver
Operating point simulation skipped by 'uic',
  now using transient initial conditions.
 Reference value :  1.00000e-08
 Reference value :  3.28165e-06
 Reference value :  7.59840e-05
 Reference value :  1.83984e-04
 Reference value :  3.28984e-04
 Reference value :  4.66984e-04
 Reference value :  5.98984e-04
 Reference value :  7.30984e-04
 Reference value :  8.55984e-04
 Reference value :  9.84984e-04
 Reference value :  1.11598e-03
 Reference value :  1.24098e-03
 Reference value :  1.36798e-03
 Reference value :  1.50198e-03
 Reference value :  1.62598e-03
 Reference value :  1.75098e-03
 Reference value :  1.87598e-03
 Reference value :  2.00098e-03
 Reference value :  2.11998e-03
 Reference value :  2.24098e-03
 Reference value :  2.36498e-03
 Reference value :  2.49098e-03
 Reference value :  2.61998e-03
 Reference value :  2.74898e-03
 Reference value :  2.87298e-03
 Reference value :  2.99698e-03
No. of Data Rows : 3077
m_recovery_time_s = 6.9839582024e-06
m_vref_final_v = 1.2285384154e+00
m_iq_total_final_ua = 1.3640110546e+01
m_det_final_v = 1.3173114457e-02
Note: Simulation executed from .control section 

Warning: m=xx on .subckt line will override multiplier m hierarchy!

