
Note: Compatibility modes selected: hs a


Circuit: * startup-state-search-extracted @ ss_125c_3.30v -- generated by sim/harness, do not edit

Doing analysis at TEMP = 125.000000 and TNOM = 27.000000

Using SPARSE 1.3 as Direct Linear Solver
Operating point simulation skipped by 'uic',
  now using transient initial conditions.
 Reference value :  1.00000e-08
 Reference value :  1.95547e-05
 Reference value :  1.50555e-04
 Reference value :  2.78555e-04
 Reference value :  4.09555e-04
 Reference value :  5.37555e-04
 Reference value :  6.62555e-04
 Reference value :  7.90555e-04
 Reference value :  9.18555e-04
 Reference value :  1.04255e-03
 Reference value :  1.17055e-03
 Reference value :  1.29355e-03
 Reference value :  1.42055e-03
 Reference value :  1.54855e-03
 Reference value :  1.67555e-03
 Reference value :  1.80455e-03
 Reference value :  1.92855e-03
 Reference value :  2.05155e-03
 Reference value :  2.17755e-03
 Reference value :  2.30855e-03
 Reference value :  2.44155e-03
 Reference value :  2.57055e-03
 Reference value :  2.69655e-03
 Reference value :  2.82055e-03
 Reference value :  2.94855e-03
No. of Data Rows : 3053
m_recovery_time_s = 1.3554662122e-05
m_vref_final_v = 1.2439833133e+00
m_iq_total_final_ua = 2.3107435035e+01
m_det_final_v = 1.7617869037e-02
Note: Simulation executed from .control section 

Warning: m=xx on .subckt line will override multiplier m hierarchy!

