
Note: Compatibility modes selected: hs a


Circuit: * startup-state-search-extracted @ ss_27c_3.63v -- generated by sim/harness, do not edit

Doing analysis at TEMP = 27.000000 and TNOM = 27.000000

Using SPARSE 1.3 as Direct Linear Solver
Operating point simulation skipped by 'uic',
  now using transient initial conditions.
 Reference value :  1.00000e-08
 Reference value :  2.33701e-06
 Reference value :  1.21407e-04
 Reference value :  2.51407e-04
 Reference value :  3.75407e-04
 Reference value :  5.03407e-04
 Reference value :  6.27407e-04
 Reference value :  7.54407e-04
 Reference value :  8.80407e-04
 Reference value :  1.00541e-03
 Reference value :  1.13441e-03
 Reference value :  1.25841e-03
 Reference value :  1.38441e-03
 Reference value :  1.50941e-03
 Reference value :  1.63841e-03
 Reference value :  1.77341e-03
 Reference value :  1.90441e-03
 Reference value :  2.03241e-03
 Reference value :  2.16141e-03
 Reference value :  2.28541e-03
 Reference value :  2.41141e-03
 Reference value :  2.53641e-03
 Reference value :  2.66441e-03
 Reference value :  2.79041e-03
 Reference value :  2.91841e-03
No. of Data Rows : 3055
m_recovery_time_s = 9.4071811956e-06
m_vref_final_v = 1.2365117376e+00
m_iq_total_final_ua = 1.8891859967e+01
m_det_final_v = 1.6813191222e-02
Note: Simulation executed from .control section 

Warning: m=xx on .subckt line will override multiplier m hierarchy!

