
Note: Compatibility modes selected: hs a


Circuit: * startup-state-search-extracted @ tt_-40c_2.97v -- generated by sim/harness, do not edit

Doing analysis at TEMP = -40.000000 and TNOM = 27.000000

Using SPARSE 1.3 as Direct Linear Solver
Operating point simulation skipped by 'uic',
  now using transient initial conditions.
 Reference value :  1.00000e-08
 Reference value :  1.42434e-06
 Reference value :  1.02835e-04
 Reference value :  2.28835e-04
 Reference value :  3.51835e-04
 Reference value :  4.81835e-04
 Reference value :  6.08835e-04
 Reference value :  7.35835e-04
 Reference value :  8.63835e-04
 Reference value :  9.91835e-04
 Reference value :  1.11883e-03
 Reference value :  1.24383e-03
 Reference value :  1.36783e-03
 Reference value :  1.49283e-03
 Reference value :  1.62083e-03
 Reference value :  1.74383e-03
 Reference value :  1.86683e-03
 Reference value :  1.99583e-03
 Reference value :  2.12483e-03
 Reference value :  2.24883e-03
 Reference value :  2.37283e-03
 Reference value :  2.50283e-03
 Reference value :  2.62983e-03
 Reference value :  2.75383e-03
 Reference value :  2.88183e-03
No. of Data Rows : 3066
m_recovery_time_s = 7.8347932037e-06
m_vref_final_v = 1.2266128781e+00
m_iq_total_final_ua = 1.6380308151e+01
m_det_final_v = 1.2224367842e-02
Note: Simulation executed from .control section 

Warning: m=xx on .subckt line will override multiplier m hierarchy!

