
Note: Compatibility modes selected: hs a


Circuit: * startup-state-search-extracted @ tt_-40c_3.30v -- generated by sim/harness, do not edit

Doing analysis at TEMP = -40.000000 and TNOM = 27.000000

Using SPARSE 1.3 as Direct Linear Solver
Operating point simulation skipped by 'uic',
  now using transient initial conditions.
 Reference value :  1.00000e-08
 Reference value :  1.39261e-06
 Reference value :  6.21203e-05
 Reference value :  1.81120e-04
 Reference value :  3.05120e-04
 Reference value :  4.31120e-04
 Reference value :  5.54120e-04
 Reference value :  6.81120e-04
 Reference value :  8.07120e-04
 Reference value :  9.40120e-04
 Reference value :  1.06612e-03
 Reference value :  1.20112e-03
 Reference value :  1.32712e-03
 Reference value :  1.45412e-03
 Reference value :  1.58212e-03
 Reference value :  1.70312e-03
 Reference value :  1.82812e-03
 Reference value :  1.95012e-03
 Reference value :  2.08412e-03
 Reference value :  2.21012e-03
 Reference value :  2.32812e-03
 Reference value :  2.45512e-03
 Reference value :  2.58112e-03
 Reference value :  2.70212e-03
 Reference value :  2.83012e-03
 Reference value :  2.95912e-03
No. of Data Rows : 3071
m_recovery_time_s = 8.2769481758e-06
m_vref_final_v = 1.2263952021e+00
m_iq_total_final_ua = 1.6902851596e+01
m_det_final_v = 1.3754968403e-02
Note: Simulation executed from .control section 

Warning: m=xx on .subckt line will override multiplier m hierarchy!

