
Note: Compatibility modes selected: hs a


Circuit: * startup-state-search-extracted @ tt_125c_2.97v -- generated by sim/harness, do not edit

Doing analysis at TEMP = 125.000000 and TNOM = 27.000000

Using SPARSE 1.3 as Direct Linear Solver
Operating point simulation skipped by 'uic',
  now using transient initial conditions.
 Reference value :  1.00000e-08
 Reference value :  2.59212e-05
 Reference value :  1.56921e-04
 Reference value :  2.80921e-04
 Reference value :  4.05921e-04
 Reference value :  5.32921e-04
 Reference value :  6.62921e-04
 Reference value :  7.88921e-04
 Reference value :  9.14921e-04
 Reference value :  1.04092e-03
 Reference value :  1.16592e-03
 Reference value :  1.28892e-03
 Reference value :  1.41692e-03
 Reference value :  1.54392e-03
 Reference value :  1.66992e-03
 Reference value :  1.80092e-03
 Reference value :  1.92892e-03
 Reference value :  2.04792e-03
 Reference value :  2.17692e-03
 Reference value :  2.30692e-03
 Reference value :  2.43492e-03
 Reference value :  2.56092e-03
 Reference value :  2.68892e-03
 Reference value :  2.81892e-03
 Reference value :  2.94392e-03
No. of Data Rows : 3048
m_recovery_time_s = 1.1921243133e-05
m_vref_final_v = 1.2393129693e+00
m_iq_total_final_ua = 2.8553979129e+01
m_det_final_v = 1.6458421797e-02
Note: Simulation executed from .control section 

Warning: m=xx on .subckt line will override multiplier m hierarchy!

