
Note: Compatibility modes selected: hs a


Circuit: * startup-state-search-extracted @ tt_125c_3.30v -- generated by sim/harness, do not edit

Doing analysis at TEMP = 125.000000 and TNOM = 27.000000

Using SPARSE 1.3 as Direct Linear Solver
Operating point simulation skipped by 'uic',
  now using transient initial conditions.
 Reference value :  1.00000e-08
 Reference value :  4.15587e-05
 Reference value :  1.69559e-04
 Reference value :  2.93559e-04
 Reference value :  4.15559e-04
 Reference value :  5.51559e-04
 Reference value :  6.76559e-04
 Reference value :  8.03559e-04
 Reference value :  9.32559e-04
 Reference value :  1.05656e-03
 Reference value :  1.18656e-03
 Reference value :  1.31256e-03
 Reference value :  1.43956e-03
 Reference value :  1.56556e-03
 Reference value :  1.68656e-03
 Reference value :  1.81256e-03
 Reference value :  1.94056e-03
 Reference value :  2.06456e-03
 Reference value :  2.18956e-03
 Reference value :  2.31556e-03
 Reference value :  2.43956e-03
 Reference value :  2.55856e-03
 Reference value :  2.68156e-03
 Reference value :  2.80556e-03
 Reference value :  2.93256e-03
No. of Data Rows : 3045
m_recovery_time_s = 1.1558724425e-05
m_vref_final_v = 1.2393458722e+00
m_iq_total_final_ua = 2.8726512512e+01
m_det_final_v = 1.8437865165e-02
Note: Simulation executed from .control section 

Warning: m=xx on .subckt line will override multiplier m hierarchy!

