
Note: Compatibility modes selected: hs a


Circuit: * startup-state-search-extracted @ tt_27c_3.30v -- generated by sim/harness, do not edit

Doing analysis at TEMP = 27.000000 and TNOM = 27.000000

Using SPARSE 1.3 as Direct Linear Solver
Operating point simulation skipped by 'uic',
  now using transient initial conditions.
 Reference value :  1.00000e-08
 Reference value :  1.59284e-06
 Reference value :  1.07928e-04
 Reference value :  2.28928e-04
 Reference value :  3.57928e-04
 Reference value :  4.82928e-04
 Reference value :  6.07928e-04
 Reference value :  7.34928e-04
 Reference value :  8.59928e-04
 Reference value :  9.80928e-04
 Reference value :  1.10493e-03
 Reference value :  1.22993e-03
 Reference value :  1.36193e-03
 Reference value :  1.48993e-03
 Reference value :  1.61193e-03
 Reference value :  1.74293e-03
 Reference value :  1.87093e-03
 Reference value :  1.99393e-03
 Reference value :  2.12593e-03
 Reference value :  2.25093e-03
 Reference value :  2.37993e-03
 Reference value :  2.50093e-03
 Reference value :  2.63193e-03
 Reference value :  2.76393e-03
 Reference value :  2.88693e-03
No. of Data Rows : 3061
m_recovery_time_s = 8.3501518367e-06
m_vref_final_v = 1.2336846488e+00
m_iq_total_final_ua = 2.2282495862e+01
m_det_final_v = 1.5815747893e-02
Note: Simulation executed from .control section 

Warning: m=xx on .subckt line will override multiplier m hierarchy!

