
Note: Compatibility modes selected: hs a


Circuit: * startup-state-search-extracted @ tt_27c_2.97v -- generated by sim/harness, do not edit

Doing analysis at TEMP = 27.000000 and TNOM = 27.000000

Using SPARSE 1.3 as Direct Linear Solver
Operating point simulation skipped by 'uic',
  now using transient initial conditions.
 Reference value :  1.00000e-08
 Reference value :  2.41544e-06
 Reference value :  1.32061e-04
 Reference value :  2.61061e-04
 Reference value :  3.84061e-04
 Reference value :  5.13061e-04
 Reference value :  6.36061e-04
 Reference value :  7.62061e-04
 Reference value :  8.92061e-04
 Reference value :  1.02006e-03
 Reference value :  1.14506e-03
 Reference value :  1.27506e-03
 Reference value :  1.40006e-03
 Reference value :  1.52806e-03
 Reference value :  1.65506e-03
 Reference value :  1.77706e-03
 Reference value :  1.90306e-03
 Reference value :  2.02606e-03
 Reference value :  2.15506e-03
 Reference value :  2.28206e-03
 Reference value :  2.40506e-03
 Reference value :  2.52806e-03
 Reference value :  2.65306e-03
 Reference value :  2.78106e-03
 Reference value :  2.90706e-03
No. of Data Rows : 3056
m_recovery_time_s = 8.0612290015e-06
m_vref_final_v = 1.2336547917e+00
m_iq_total_final_ua = 2.2420260685e+01
m_det_final_v = 1.4088341834e-02
Note: Simulation executed from .control section 

Warning: m=xx on .subckt line will override multiplier m hierarchy!

