
Note: Compatibility modes selected: hs a


Circuit: * psrr-dc @ bjt_ss_125c_2.97v -- generated by sim/harness, do not edit

Doing analysis at TEMP = 125.000000 and TNOM = 27.000000

Using SPARSE 1.3 as Direct Linear Solver
 Reference value :  0.00000e+00
No. of Data Rows : 1
Doing analysis at TEMP = 125.000000 and TNOM = 27.000000

Using SPARSE 1.3 as Direct Linear Solver

No. of Data Rows : 161
     * psrr-dc @ bjt_ss_125c_2.97v -- generated by sim/harness, do not edit
     AC Analysis  Sun Aug  2 17:21:30  2026
--------------------------------------------------------------------------------
Index   frequency       psrr_db         
--------------------------------------------------------------------------------
0	1.0000000000e-01	1.0572499407e+02	
1	1.1220184543e-01	1.0572499145e+02	
2	1.2589254118e-01	1.0572498816e+02	
3	1.4125375446e-01	1.0572498401e+02	
4	1.5848931925e-01	1.0572497880e+02	
5	1.7782794100e-01	1.0572497222e+02	
6	1.9952623150e-01	1.0572496394e+02	
7	2.2387211386e-01	1.0572495352e+02	
8	2.5118864315e-01	1.0572494041e+02	
9	2.8183829313e-01	1.0572492388e+02	
10	3.1622776602e-01	1.0572490310e+02	
11	3.5481338923e-01	1.0572487692e+02	
12	3.9810717055e-01	1.0572484397e+02	
13	4.4668359215e-01	1.0572480250e+02	
14	5.0118723363e-01	1.0572475027e+02	
15	5.6234132519e-01	1.0572468453e+02	
16	6.3095734448e-01	1.0572460177e+02	
17	7.0794578438e-01	1.0572449757e+02	
18	7.9432823472e-01	1.0572436641e+02	
19	8.9125093813e-01	1.0572420129e+02	
20	1.0000000000e+00	1.0572399344e+02	
21	1.1220184543e+00	1.0572373177e+02	
22	1.2589254118e+00	1.0572340235e+02	
23	1.4125375446e+00	1.0572298770e+02	
24	1.5848931925e+00	1.0572246579e+02	
25	1.7782794100e+00	1.0572180877e+02	
26	1.9952623150e+00	1.0572098177e+02	
27	2.2387211386e+00	1.0571994085e+02	
28	2.5118864315e+00	1.0571863077e+02	
29	2.8183829313e+00	1.0571698207e+02	
30	3.1622776602e+00	1.0571490731e+02	
31	3.5481338923e+00	1.0571229682e+02	
32	3.9810717055e+00	1.0570901258e+02	
33	4.4668359215e+00	1.0570488156e+02	
34	5.0118723363e+00	1.0569968644e+02	
35	5.6234132519e+00	1.0569315507e+02	
36	6.3095734448e+00	1.0568494647e+02	
37	7.0794578438e+00	1.0567463442e+02	
38	7.9432823472e+00	1.0566168706e+02	
39	8.9125093813e+00	1.0564544201e+02	
40	1.0000000000e+01	1.0562507674e+02	
41	1.1220184543e+01	1.0559957335e+02	
42	1.2589254118e+01	1.0556767807e+02	
43	1.4125375446e+01	1.0552785444e+02	
44	1.5848931925e+01	1.0547823325e+02	
45	1.7782794100e+01	1.0541655939e+02	
46	1.9952623150e+01	1.0534014154e+02	
47	2.2387211386e+01	1.0524581065e+02	
48	2.5118864315e+01	1.0512989614e+02	
49	2.8183829313e+01	1.0498823446e+02	
50	3.1622776602e+01	1.0481622205e+02	
51	3.5481338923e+01	1.0460893047e+02	
52	3.9810717055e+01	1.0436129224e+02	
53	4.4668359215e+01	1.0406836096e+02	
54	5.0118723363e+01	1.0372563084e+02	

Index   frequency       psrr_db         
--------------------------------------------------------------------------------
55	5.6234132519e+01	1.0332938411e+02	
56	6.3095734448e+01	1.0287701868e+02	
57	7.0794578438e+01	1.0236729788e+02	
58	7.9432823472e+01	1.0180047627e+02	
59	8.9125093813e+01	1.0117827316e+02	
60	1.0000000000e+02	1.0050370079e+02	
61	1.1220184543e+02	9.9780782040e+01	
62	1.2589254118e+02	9.9014210004e+01	
63	1.4125375446e+02	9.8209005124e+01	
64	1.5848931925e+02	9.7370213257e+01	
65	1.7782794100e+02	9.6502669918e+01	
66	1.9952623150e+02	9.5610839114e+01	
67	2.2387211386e+02	9.4698720862e+01	
68	2.5118864315e+02	9.3769814750e+01	
69	2.8183829313e+02	9.2827124146e+01	
70	3.1622776602e+02	9.1873186993e+01	
71	3.5481338923e+02	9.0910121323e+01	
72	3.9810717055e+02	8.9939677097e+01	
73	4.4668359215e+02	8.8963288498e+01	
74	5.0118723363e+02	8.7982123237e+01	
75	5.6234132519e+02	8.6997126959e+01	
76	6.3095734448e+02	8.6009062044e+01	
77	7.0794578438e+02	8.5018540724e+01	
78	7.9432823472e+02	8.4026052845e+01	
79	8.9125093813e+02	8.3031988850e+01	
80	1.0000000000e+03	8.2036658550e+01	
81	1.1220184543e+03	8.1040306287e+01	
82	1.2589254118e+03	8.0043123033e+01	
83	1.4125375446e+03	7.9045255857e+01	
84	1.5848931925e+03	7.8046815137e+01	
85	1.7782794100e+03	7.7047879772e+01	
86	1.9952623150e+03	7.6048500516e+01	
87	2.2387211386e+03	7.5048701476e+01	
88	2.5118864315e+03	7.4048479591e+01	
89	2.8183829313e+03	7.3047801766e+01	
90	3.1622776602e+03	7.2046599024e+01	
91	3.5481338923e+03	7.1044756724e+01	
92	3.9810717055e+03	7.0042099434e+01	
93	4.4668359215e+03	6.9038368507e+01	
94	5.0118723363e+03	6.8033189816e+01	
95	5.6234132519e+03	6.7026028538e+01	
96	6.3095734448e+03	6.6016127654e+01	
97	7.0794578438e+03	6.5002427318e+01	
98	7.9432823472e+03	6.3983464097e+01	
99	8.9125093813e+03	6.2957253144e+01	
100	1.0000000000e+04	6.1921163137e+01	
101	1.1220184543e+04	6.0871803270e+01	
102	1.2589254118e+04	5.9804952127e+01	
103	1.4125375446e+04	5.8715566257e+01	
104	1.5848931925e+04	5.7597906600e+01	
105	1.7782794100e+04	5.6445809009e+01	
106	1.9952623150e+04	5.5253099693e+01	
107	2.2387211386e+04	5.4014122452e+01	
108	2.5118864315e+04	5.2724312207e+01	
109	2.8183829313e+04	5.1380730041e+01	
110	3.1622776602e+04	4.9982476477e+01	
111	3.5481338923e+04	4.8530922340e+01	
112	3.9810717055e+04	4.7029733378e+01	

Index   frequency       psrr_db         
--------------------------------------------------------------------------------
113	4.4668359215e+04	4.5484704369e+01	
114	5.0118723363e+04	4.3903448890e+01	
115	5.6234132519e+04	4.2295004235e+01	
116	6.3095734448e+04	4.0669405929e+01	
117	7.0794578438e+04	3.9037268107e+01	
118	7.9432823472e+04	3.7409383786e+01	
119	8.9125093813e+04	3.5796341942e+01	
120	1.0000000000e+05	3.4208152246e+01	
121	1.1220184543e+05	3.2653874985e+01	
122	1.2589254118e+05	3.1141269900e+01	
123	1.4125375446e+05	2.9676496733e+01	
124	1.5848931925e+05	2.8263914364e+01	
125	1.7782794100e+05	2.6906029597e+01	
126	1.9952623150e+05	2.5603643380e+01	
127	2.2387211386e+05	2.4356241886e+01	
128	2.5118864315e+05	2.3162698136e+01	
129	2.8183829313e+05	2.2022397778e+01	
130	3.1622776602e+05	2.0936974417e+01	
131	3.5481338923e+05	1.9912888061e+01	
132	3.9810717055e+05	1.8964968831e+01	
133	4.4668359215e+05	1.8120482212e+01	
134	5.0118723363e+05	1.7421842732e+01	
135	5.6234132519e+05	1.6923950340e+01	
136	6.3095734448e+05	1.6681666623e+01	
137	7.0794578438e+05	1.6728969188e+01	
138	7.9432823472e+05	1.7062689510e+01	
139	8.9125093813e+05	1.7645454293e+01	
140	1.0000000000e+06	1.8426328701e+01	
141	1.1220184543e+06	1.9363744297e+01	
142	1.2589254118e+06	2.0439917263e+01	
143	1.4125375446e+06	2.1667572390e+01	
144	1.5848931925e+06	2.3095585861e+01	
145	1.7782794100e+06	2.4821899139e+01	
146	1.9952623150e+06	2.7027425854e+01	
147	2.2387211386e+06	3.0063002862e+01	
148	2.5118864315e+06	3.4589478502e+01	
149	2.8183829313e+06	3.8687430907e+01	
150	3.1622776602e+06	3.3650542323e+01	
151	3.5481338923e+06	2.8770585750e+01	
152	3.9810717055e+06	2.5354494722e+01	
153	4.4668359215e+06	2.2774255844e+01	
154	5.0118723363e+06	2.0707244603e+01	
155	5.6234132519e+06	1.8986882629e+01	
156	6.3095734448e+06	1.7519017415e+01	
157	7.0794578438e+06	1.6246837998e+01	
158	7.9432823472e+06	1.5134615206e+01	
159	8.9125093813e+06	1.4159057177e+01	
160	1.0000000000e+07	1.3304070981e+01	
m_psrr_1hz_db = 1.0572399344e+02
m_psrr_1khz_db = 8.2036658550e+01
m_psrr_10hz_db = 1.0562507674e+02
m_psrr_100hz_db = 1.0050370079e+02
m_psrr_10khz_db = 6.1921163137e+01
m_psrr_100khz_db = 3.4208152246e+01
m_psrr_1mhz_db = 1.8426328701e+01
m_vref_op = 1.3386737591e+00
m_f_dc_hz = 1.0000000000e+00
m_f_band_edge_hz = 1.0000000000e+03
Note: Simulation executed from .control section 

Warning: m=xx on .subckt line will override multiplier m hierarchy!

Warning : IC on non-existent node - xdut.xx1.casc, ignored
   Please check line .ic v(xdut.fb)=1.0 v(xdut.sns1)=0.6 v(xdut.sns2)=0.6 v(vref)=1.2 v(xdut.ibias)=0.6 v(xdut.xx1.casc)=1.8

Note: Starting dynamic gmin stepping
Note: Dynamic gmin stepping completed
Note: Starting dynamic gmin stepping
Note: Dynamic gmin stepping completed
