
Note: Compatibility modes selected: hs a


Circuit: * psrr-dc @ res_ff_-40c_2.97v -- generated by sim/harness, do not edit

Doing analysis at TEMP = -40.000000 and TNOM = 27.000000

Using SPARSE 1.3 as Direct Linear Solver
 Reference value :  0.00000e+00
No. of Data Rows : 1
Doing analysis at TEMP = -40.000000 and TNOM = 27.000000

Using SPARSE 1.3 as Direct Linear Solver
 Reference value :  1.00000e-01
No. of Data Rows : 161
     * psrr-dc @ res_ff_-40c_2.97v -- generated by sim/harness, do not edit
     AC Analysis  Sun Aug  2 17:21:24  2026
--------------------------------------------------------------------------------
Index   frequency       psrr_db         
--------------------------------------------------------------------------------
0	1.0000000000e-01	1.1297414795e+02	
1	1.1220184543e-01	1.1297414186e+02	
2	1.2589254118e-01	1.1297413418e+02	
3	1.4125375446e-01	1.1297412455e+02	
4	1.5848931925e-01	1.1297411240e+02	
5	1.7782794100e-01	1.1297409713e+02	
6	1.9952623150e-01	1.1297407788e+02	
7	2.2387211386e-01	1.1297405365e+02	
8	2.5118864315e-01	1.1297402317e+02	
9	2.8183829313e-01	1.1297398474e+02	
10	3.1622776602e-01	1.1297393641e+02	
11	3.5481338923e-01	1.1297387553e+02	
12	3.9810717055e-01	1.1297379894e+02	
13	4.4668359215e-01	1.1297370249e+02	
14	5.0118723363e-01	1.1297358105e+02	
15	5.6234132519e-01	1.1297342824e+02	
16	6.3095734448e-01	1.1297323581e+02	
17	7.0794578438e-01	1.1297299357e+02	
18	7.9432823472e-01	1.1297268864e+02	
19	8.9125093813e-01	1.1297230479e+02	
20	1.0000000000e+00	1.1297182160e+02	
21	1.1220184543e+00	1.1297121338e+02	
22	1.2589254118e+00	1.1297044775e+02	
23	1.4125375446e+00	1.1296948414e+02	
24	1.5848931925e+00	1.1296827136e+02	
25	1.7782794100e+00	1.1296674496e+02	
26	1.9952623150e+00	1.1296482412e+02	
27	2.2387211386e+00	1.1296240710e+02	
28	2.5118864315e+00	1.1295936623e+02	
29	2.8183829313e+00	1.1295554099e+02	
30	3.1622776602e+00	1.1295073000e+02	
31	3.5481338923e+00	1.1294468105e+02	
32	3.9810717055e+00	1.1293707772e+02	
33	4.4668359215e+00	1.1292752467e+02	
34	5.0118723363e+00	1.1291552781e+02	
35	5.6234132519e+00	1.1290047174e+02	
36	6.3095734448e+00	1.1288159112e+02	
37	7.0794578438e+00	1.1285793794e+02	
38	7.9432823472e+00	1.1282834235e+02	
39	8.9125093813e+00	1.1279136823e+02	
40	1.0000000000e+01	1.1274526381e+02	
41	1.1220184543e+01	1.1268790900e+02	
42	1.2589254118e+01	1.1261676438e+02	
43	1.4125375446e+01	1.1252882449e+02	
44	1.5848931925e+01	1.1242058817e+02	
45	1.7782794100e+01	1.1228805371e+02	
46	1.9952623150e+01	1.1212675563e+02	
47	2.2387211386e+01	1.1193185759e+02	
48	2.5118864315e+01	1.1169831304e+02	
49	2.8183829313e+01	1.1142110207e+02	
50	3.1622776602e+01	1.1109553271e+02	
51	3.5481338923e+01	1.1071758460e+02	
52	3.9810717055e+01	1.1028424855e+02	
53	4.4668359215e+01	1.0979380914e+02	
54	5.0118723363e+01	1.0924601617e+02	

Index   frequency       psrr_db         
--------------------------------------------------------------------------------
55	5.6234132519e+01	1.0864211002e+02	
56	6.3095734448e+01	1.0798469668e+02	
57	7.0794578438e+01	1.0727749627e+02	
58	7.9432823472e+01	1.0652501652e+02	
59	8.9125093813e+01	1.0573220469e+02	
60	1.0000000000e+02	1.0490412817e+02	
61	1.1220184543e+02	1.0404571499e+02	
62	1.2589254118e+02	1.0316156763e+02	
63	1.4125375446e+02	1.0225584867e+02	
64	1.5848931925e+02	1.0133222736e+02	
65	1.7782794100e+02	1.0039387182e+02	
66	1.9952623150e+02	9.9443472477e+01	
67	2.2387211386e+02	9.8483283736e+01	
68	2.5118864315e+02	9.7515174608e+01	
69	2.8183829313e+02	9.6540681349e+01	
70	3.1622776602e+02	9.5561058192e+01	
71	3.5481338923e+02	9.4577323640e+01	
72	3.9810717055e+02	9.3590301354e+01	
73	4.4668359215e+02	9.2600655351e+01	
74	5.0118723363e+02	9.1608919793e+01	
75	5.6234132519e+02	9.0615523839e+01	
76	6.3095734448e+02	8.9620812213e+01	
77	7.0794578438e+02	8.8625062088e+01	
78	7.9432823472e+02	8.7628496903e+01	
79	8.9125093813e+02	8.6631297653e+01	
80	1.0000000000e+03	8.5633612112e+01	
81	1.1220184543e+03	8.4635562413e+01	
82	1.2589254118e+03	8.3637251307e+01	
83	1.4125375446e+03	8.2638767405e+01	
84	1.5848931925e+03	8.1640189607e+01	
85	1.7782794100e+03	8.0641590921e+01	
86	1.9952623150e+03	7.9643041773e+01	
87	2.2387211386e+03	7.8644612885e+01	
88	2.5118864315e+03	7.7646377692e+01	
89	2.8183829313e+03	7.6648414161e+01	
90	3.1622776602e+03	7.5650805727e+01	
91	3.5481338923e+03	7.4653640802e+01	
92	3.9810717055e+03	7.3657009980e+01	
93	4.4668359215e+03	7.2660999573e+01	
94	5.0118723363e+03	7.1665679463e+01	
95	5.6234132519e+03	7.0671082402e+01	
96	6.3095734448e+03	6.9677170945e+01	
97	7.0794578438e+03	6.8683787269e+01	
98	7.9432823472e+03	6.7690580584e+01	
99	8.9125093813e+03	6.6696907332e+01	
100	1.0000000000e+04	6.5701701739e+01	
101	1.1220184543e+04	6.4703319594e+01	
102	1.2589254118e+04	6.3699367038e+01	
103	1.4125375446e+04	6.2686538207e+01	
104	1.5848931925e+04	6.1660498321e+01	
105	1.7782794100e+04	6.0615857381e+01	
106	1.9952623150e+04	5.9546278028e+01	
107	2.2387211386e+04	5.8444745030e+01	
108	2.5118864315e+04	5.7303994104e+01	
109	2.8183829313e+04	5.6117061983e+01	
110	3.1622776602e+04	5.4877889093e+01	
111	3.5481338923e+04	5.3581890936e+01	
112	3.9810717055e+04	5.2226418105e+01	

Index   frequency       psrr_db         
--------------------------------------------------------------------------------
113	4.4668359215e+04	5.0811045605e+01	
114	5.0118723363e+04	4.9337663582e+01	
115	5.6234132519e+04	4.7810376644e+01	
116	6.3095734448e+04	4.6235249796e+01	
117	7.0794578438e+04	4.4619958780e+01	
118	7.9432823472e+04	4.2973406755e+01	
119	8.9125093813e+04	4.1305358154e+01	
120	1.0000000000e+05	3.9626119343e+01	
121	1.1220184543e+05	3.7946271838e+01	
122	1.2589254118e+05	3.6276444518e+01	
123	1.4125375446e+05	3.4627101503e+01	
124	1.5848931925e+05	3.3008324375e+01	
125	1.7782794100e+05	3.1429581361e+01	
126	1.9952623150e+05	2.9899499748e+01	
127	2.2387211386e+05	2.8425686681e+01	
128	2.5118864315e+05	2.7014671732e+01	
129	2.8183829313e+05	2.5672066446e+01	
130	3.1622776602e+05	2.4403048018e+01	
131	3.5481338923e+05	2.3213271826e+01	
132	3.9810717055e+05	2.2110284516e+01	
133	4.4668359215e+05	2.1105395243e+01	
134	5.0118723363e+05	2.0215669066e+01	
135	5.6234132519e+05	1.9465135789e+01	
136	6.3095734448e+05	1.8883594540e+01	
137	7.0794578438e+05	1.8501318925e+01	
138	7.9432823472e+05	1.8339872987e+01	
139	8.9125093813e+05	1.8403144118e+01	
140	1.0000000000e+06	1.8674926822e+01	
141	1.1220184543e+06	1.9125836172e+01	
142	1.2589254118e+06	1.9725729828e+01	
143	1.4125375446e+06	2.0455343975e+01	
144	1.5848931925e+06	2.1313883366e+01	
145	1.7782794100e+06	2.2323316224e+01	
146	1.9952623150e+06	2.3532086268e+01	
147	2.2387211386e+06	2.5020989952e+01	
148	2.5118864315e+06	2.6910416451e+01	
149	2.8183829313e+06	2.9337447095e+01	
150	3.1622776602e+06	3.2129644910e+01	
151	3.5481338923e+06	3.3229334368e+01	
152	3.9810717055e+06	3.0677801434e+01	
153	4.4668359215e+06	2.7324126144e+01	
154	5.0118723363e+06	2.4492222765e+01	
155	5.6234132519e+06	2.2188237187e+01	
156	6.3095734448e+06	2.0278299506e+01	
157	7.0794578438e+06	1.8659245429e+01	
158	7.9432823472e+06	1.7262176852e+01	
159	8.9125093813e+06	1.6042153450e+01	
160	1.0000000000e+07	1.4970071773e+01	
m_psrr_1hz_db = 1.1297182160e+02
m_psrr_1khz_db = 8.5633612112e+01
m_psrr_10hz_db = 1.1274526381e+02
m_psrr_100hz_db = 1.0490412817e+02
m_psrr_10khz_db = 6.5701701739e+01
m_psrr_100khz_db = 3.9626119343e+01
m_psrr_1mhz_db = 1.8674926822e+01
m_vref_op = 1.2834449392e+00
m_f_dc_hz = 1.0000000000e+00
m_f_band_edge_hz = 1.0000000000e+03
Note: Simulation executed from .control section 

Warning: m=xx on .subckt line will override multiplier m hierarchy!

Warning : IC on non-existent node - xdut.xx1.casc, ignored
   Please check line .ic v(xdut.fb)=1.0 v(xdut.sns1)=0.6 v(xdut.sns2)=0.6 v(vref)=1.2 v(xdut.ibias)=0.6 v(xdut.xx1.casc)=1.8

Note: Starting dynamic gmin stepping
Note: Dynamic gmin stepping completed
Note: Starting dynamic gmin stepping
Note: Dynamic gmin stepping completed
