
Note: Compatibility modes selected: hs a


Circuit: * psrr-dc @ res_ff_-40c_3.30v -- generated by sim/harness, do not edit

Doing analysis at TEMP = -40.000000 and TNOM = 27.000000

Using SPARSE 1.3 as Direct Linear Solver
 Reference value :  0.00000e+00
No. of Data Rows : 1
Doing analysis at TEMP = -40.000000 and TNOM = 27.000000

Using SPARSE 1.3 as Direct Linear Solver
 Reference value :  1.00000e-01
No. of Data Rows : 161
     * psrr-dc @ res_ff_-40c_3.30v -- generated by sim/harness, do not edit
     AC Analysis  Sun Aug  2 17:21:24  2026
--------------------------------------------------------------------------------
Index   frequency       psrr_db         
--------------------------------------------------------------------------------
0	1.0000000000e-01	1.2384128620e+02	
1	1.1220184543e-01	1.2384121352e+02	
2	1.2589254118e-01	1.2384112221e+02	
3	1.4125375446e-01	1.2384100706e+02	
4	1.5848931925e-01	1.2384086218e+02	
5	1.7782794100e-01	1.2384067973e+02	
6	1.9952623150e-01	1.2384045010e+02	
7	2.2387211386e-01	1.2384016100e+02	
8	2.5118864315e-01	1.2383979709e+02	
9	2.8183829313e-01	1.2383933901e+02	
10	3.1622776602e-01	1.2383876240e+02	
11	3.5481338923e-01	1.2383803667e+02	
12	3.9810717055e-01	1.2383712305e+02	
13	4.4668359215e-01	1.2383597333e+02	
14	5.0118723363e-01	1.2383452621e+02	
15	5.6234132519e-01	1.2383270510e+02	
16	6.3095734448e-01	1.2383041359e+02	
17	7.0794578438e-01	1.2382753039e+02	
18	7.9432823472e-01	1.2382390344e+02	
19	8.9125093813e-01	1.2381934167e+02	
20	1.0000000000e+00	1.2381360551e+02	
21	1.1220184543e+00	1.2380639484e+02	
22	1.2589254118e+00	1.2379733431e+02	
23	1.4125375446e+00	1.2378595447e+02	
24	1.5848931925e+00	1.2377167012e+02	
25	1.7782794100e+00	1.2375375400e+02	
26	1.9952623150e+00	1.2373130357e+02	
27	2.2387211386e+00	1.2370320423e+02	
28	2.5118864315e+00	1.2366808570e+02	
29	2.8183829313e+00	1.2362427410e+02	
30	3.1622776602e+00	1.2356974001e+02	
31	3.5481338923e+00	1.2350204466e+02	
32	3.9810717055e+00	1.2341829521e+02	
33	4.4668359215e+00	1.2331510627e+02	
34	5.0118723363e+00	1.2318859141e+02	
35	5.6234132519e+00	1.2303438619e+02	
36	6.3095734448e+00	1.2284772879e+02	
37	7.0794578438e+00	1.2262360359e+02	
38	7.9432823472e+00	1.2235695918e+02	
39	8.9125093813e+00	1.2204299804e+02	
40	1.0000000000e+01	1.2167751255e+02	
41	1.1220184543e+01	1.2125723122e+02	
42	1.2589254118e+01	1.2078011772e+02	
43	1.4125375446e+01	1.2024557434e+02	
44	1.5848931925e+01	1.1965450129e+02	
45	1.7782794100e+01	1.1900920601e+02	
46	1.9952623150e+01	1.1831317766e+02	
47	2.2387211386e+01	1.1757077183e+02	
48	2.5118864315e+01	1.1678686433e+02	
49	2.8183829313e+01	1.1596651994e+02	
50	3.1622776602e+01	1.1511471847e+02	
51	3.5481338923e+01	1.1423615029e+02	
52	3.9810717055e+01	1.1333508674e+02	
53	4.4668359215e+01	1.1241531339e+02	
54	5.0118723363e+01	1.1148011312e+02	

Index   frequency       psrr_db         
--------------------------------------------------------------------------------
55	5.6234132519e+01	1.1053228372e+02	
56	6.3095734448e+01	1.0957417591e+02	
57	7.0794578438e+01	1.0860774291e+02	
58	7.9432823472e+01	1.0763459279e+02	
59	8.9125093813e+01	1.0665604003e+02	
60	1.0000000000e+02	1.0567315288e+02	
61	1.1220184543e+02	1.0468679542e+02	
62	1.2589254118e+02	1.0369766409e+02	
63	1.4125375446e+02	1.0270631859e+02	
64	1.5848931925e+02	1.0171320764e+02	
65	1.7782794100e+02	1.0071869041e+02	
66	1.9952623150e+02	9.9723054010e+01	
67	2.2387211386e+02	9.8726527730e+01	
68	2.5118864315e+02	9.7729294601e+01	
69	2.8183829313e+02	9.6731500736e+01	
70	3.1622776602e+02	9.5733262836e+01	
71	3.5481338923e+02	9.4734674243e+01	
72	3.9810717055e+02	9.3735809801e+01	
73	4.4668359215e+02	9.2736729778e+01	
74	5.0118723363e+02	9.1737483022e+01	
75	5.6234132519e+02	9.0738109545e+01	
76	6.3095734448e+02	8.9738642618e+01	
77	7.0794578438e+02	8.8739110533e+01	
78	7.9432823472e+02	8.7739538085e+01	
79	8.9125093813e+02	8.6739947865e+01	
80	1.0000000000e+03	8.5740361425e+01	
81	1.1220184543e+03	8.4740800372e+01	
82	1.2589254118e+03	8.3741287425e+01	
83	1.4125375446e+03	8.2741847485e+01	
84	1.5848931925e+03	8.1742508747e+01	
85	1.7782794100e+03	8.0743303851e+01	
86	1.9952623150e+03	7.9744271082e+01	
87	2.2387211386e+03	7.8745455566e+01	
88	2.5118864315e+03	7.7746910350e+01	
89	2.8183829313e+03	7.6748697188e+01	
90	3.1622776602e+03	7.5750886662e+01	
91	3.5481338923e+03	7.4753557094e+01	
92	3.9810717055e+03	7.3756791342e+01	
93	4.4668359215e+03	7.2760670104e+01	
94	5.0118723363e+03	7.1765259742e+01	
95	5.6234132519e+03	7.0770591764e+01	
96	6.3095734448e+03	6.9776630213e+01	
97	7.0794578438e+03	6.8783222235e+01	
98	7.9432823472e+03	6.7790026579e+01	
99	8.9125093813e+03	6.6796415219e+01	
100	1.0000000000e+04	6.5801345571e+01	
101	1.1220184543e+04	6.4803205960e+01	
102	1.2589254118e+04	6.3799645713e+01	
103	1.4125375446e+04	6.2787413126e+01	
104	1.5848931925e+04	6.1762237157e+01	
105	1.7782794100e+04	6.0718797340e+01	
106	1.9952623150e+04	5.9650825123e+01	
107	2.2387211386e+04	5.8551364377e+01	
108	2.5118864315e+04	5.7413189889e+01	
109	2.8183829313e+04	5.6229347666e+01	
110	3.1622776602e+04	5.4993750731e+01	
111	3.5481338923e+04	5.3701748687e+01	
112	3.9810717055e+04	5.2350592212e+01	

Index   frequency       psrr_db         
--------------------------------------------------------------------------------
113	4.4668359215e+04	5.0939732897e+01	
114	5.0118723363e+04	4.9470928614e+01	
115	5.6234132519e+04	4.7948158465e+01	
116	6.3095734448e+04	4.6377382054e+01	
117	7.0794578438e+04	4.4766198361e+01	
118	7.9432823472e+04	4.3123465181e+01	
119	8.9125093813e+04	4.1458930427e+01	
120	1.0000000000e+05	3.9782906340e+01	
121	1.1220184543e+05	3.8105994072e+01	
122	1.2589254118e+05	3.6438846627e+01	
123	1.4125375446e+05	3.4791948000e+01	
124	1.5848931925e+05	3.3175388120e+01	
125	1.7782794100e+05	3.1598626924e+01	
126	1.9952623150e+05	3.0070264441e+01	
127	2.2387211386e+05	2.8597862335e+01	
128	2.5118864315e+05	2.7187889987e+01	
129	2.8183829313e+05	2.5845889253e+01	
130	3.1622776602e+05	2.4576963099e+01	
131	3.5481338923e+05	2.3386690768e+01	
132	3.9810717055e+05	2.2282539757e+01	
133	4.4668359215e+05	2.1275732771e+01	
134	5.0118723363e+05	2.0383236216e+01	
135	5.6234132519e+05	1.9628965794e+01	
136	6.3095734448e+05	1.9042585932e+01	
137	7.0794578438e+05	1.8654195525e+01	
138	7.9432823472e+05	1.8485101073e+01	
139	8.9125093813e+05	1.8538801980e+01	
140	1.0000000000e+06	1.8798561038e+01	
141	1.1220184543e+06	1.9234337605e+01	
142	1.2589254118e+06	1.9815185772e+01	
143	1.4125375446e+06	2.0520717289e+01	
144	1.5848931925e+06	2.1348269514e+01	
145	1.7782794100e+06	2.2316361479e+01	
146	1.9952623150e+06	2.3466697501e+01	
147	2.2387211386e+06	2.4866205568e+01	
148	2.5118864315e+06	2.6605021963e+01	
149	2.8183829313e+06	2.8754633161e+01	
150	3.1622776602e+06	3.1079098126e+01	
151	3.5481338923e+06	3.2068688353e+01	
152	3.9810717055e+06	3.0206777403e+01	
153	4.4668359215e+06	2.7272950630e+01	
154	5.0118723363e+06	2.4596136846e+01	
155	5.6234132519e+06	2.2349400291e+01	
156	6.3095734448e+06	2.0460349276e+01	
157	7.0794578438e+06	1.8847129961e+01	
158	7.9432823472e+06	1.7449114184e+01	
159	8.9125093813e+06	1.6225004729e+01	
160	1.0000000000e+07	1.5147496448e+01	
m_psrr_1hz_db = 1.2381360551e+02
m_psrr_1khz_db = 8.5740361425e+01
m_psrr_10hz_db = 1.2167751255e+02
m_psrr_100hz_db = 1.0567315288e+02
m_psrr_10khz_db = 6.5801345571e+01
m_psrr_100khz_db = 3.9782906340e+01
m_psrr_1mhz_db = 1.8798561038e+01
m_vref_op = 1.2834453765e+00
m_f_dc_hz = 1.0000000000e+00
m_f_band_edge_hz = 1.0000000000e+03
Note: Simulation executed from .control section 

Warning: m=xx on .subckt line will override multiplier m hierarchy!

Warning : IC on non-existent node - xdut.xx1.casc, ignored
   Please check line .ic v(xdut.fb)=1.0 v(xdut.sns1)=0.6 v(xdut.sns2)=0.6 v(vref)=1.2 v(xdut.ibias)=0.6 v(xdut.xx1.casc)=1.8

Note: Starting dynamic gmin stepping
Note: Dynamic gmin stepping completed
Note: Starting dynamic gmin stepping
Note: Dynamic gmin stepping completed
