
Note: Compatibility modes selected: hs a


Circuit: * psrr-dc @ tt_27c_3.63v -- generated by sim/harness, do not edit

Doing analysis at TEMP = 27.000000 and TNOM = 27.000000

Using SPARSE 1.3 as Direct Linear Solver
 Reference value :  0.00000e+00
No. of Data Rows : 1
Doing analysis at TEMP = 27.000000 and TNOM = 27.000000

Using SPARSE 1.3 as Direct Linear Solver
 Reference value :  1.00000e-01
No. of Data Rows : 161
       * psrr-dc @ tt_27c_3.63v -- generated by sim/harness, do not edit
       AC Analysis  Sun Aug  2 17:21:14  2026
--------------------------------------------------------------------------------
Index   frequency       psrr_db         
--------------------------------------------------------------------------------
0	1.0000000000e-01	8.3707641471e+01	
1	1.1220184543e-01	8.3707641458e+01	
2	1.2589254118e-01	8.3707641443e+01	
3	1.4125375446e-01	8.3707641424e+01	
4	1.5848931925e-01	8.3707641400e+01	
5	1.7782794100e-01	8.3707641370e+01	
6	1.9952623150e-01	8.3707641332e+01	
7	2.2387211386e-01	8.3707641284e+01	
8	2.5118864315e-01	8.3707641224e+01	
9	2.8183829313e-01	8.3707641148e+01	
10	3.1622776602e-01	8.3707641052e+01	
11	3.5481338923e-01	8.3707640932e+01	
12	3.9810717055e-01	8.3707640780e+01	
13	4.4668359215e-01	8.3707640589e+01	
14	5.0118723363e-01	8.3707640349e+01	
15	5.6234132519e-01	8.3707640046e+01	
16	6.3095734448e-01	8.3707639665e+01	
17	7.0794578438e-01	8.3707639186e+01	
18	7.9432823472e-01	8.3707638583e+01	
19	8.9125093813e-01	8.3707637823e+01	
20	1.0000000000e+00	8.3707636867e+01	
21	1.1220184543e+00	8.3707635663e+01	
22	1.2589254118e+00	8.3707634148e+01	
23	1.4125375446e+00	8.3707632240e+01	
24	1.5848931925e+00	8.3707629834e+01	
25	1.7782794100e+00	8.3707626810e+01	
26	1.9952623150e+00	8.3707623002e+01	
27	2.2387211386e+00	8.3707618210e+01	
28	2.5118864315e+00	8.3707612175e+01	
29	2.8183829313e+00	8.3707604578e+01	
30	3.1622776602e+00	8.3707595016e+01	
31	3.5481338923e+00	8.3707582974e+01	
32	3.9810717055e+00	8.3707567819e+01	
33	4.4668359215e+00	8.3707548733e+01	
34	5.0118723363e+00	8.3707524712e+01	
35	5.6234132519e+00	8.3707494466e+01	
36	6.3095734448e+00	8.3707456391e+01	
37	7.0794578438e+00	8.3707408460e+01	
38	7.9432823472e+00	8.3707348118e+01	
39	8.9125093813e+00	8.3707272152e+01	
40	1.0000000000e+01	8.3707176517e+01	
41	1.1220184543e+01	8.3707056130e+01	
42	1.2589254118e+01	8.3706904569e+01	
43	1.4125375446e+01	8.3706713777e+01	
44	1.5848931925e+01	8.3706473596e+01	
45	1.7782794100e+01	8.3706171241e+01	
46	1.9952623150e+01	8.3705790632e+01	
47	2.2387211386e+01	8.3705311513e+01	
48	2.5118864315e+01	8.3704708421e+01	
49	2.8183829313e+01	8.3703949289e+01	
50	3.1622776602e+01	8.3702993792e+01	
51	3.5481338923e+01	8.3701791187e+01	
52	3.9810717055e+01	8.3700277674e+01	
53	4.4668359215e+01	8.3698373023e+01	
54	5.0118723363e+01	8.3695976389e+01	

Index   frequency       psrr_db         
--------------------------------------------------------------------------------
55	5.6234132519e+01	8.3692961099e+01	
56	6.3095734448e+01	8.3689168038e+01	
57	7.0794578438e+01	8.3684397574e+01	
58	7.9432823472e+01	8.3678399353e+01	
59	8.9125093813e+01	8.3670859801e+01	
60	1.0000000000e+02	8.3661386656e+01	
61	1.1220184543e+02	8.3649489986e+01	
62	1.2589254118e+02	8.3634559163e+01	
63	1.4125375446e+02	8.3615835102e+01	
64	1.5848931925e+02	8.3592377139e+01	
65	1.7782794100e+02	8.3563024404e+01	
66	1.9952623150e+02	8.3526351467e+01	
67	2.2387211386e+02	8.3480619140e+01	
68	2.5118864315e+02	8.3423722178e+01	
69	2.8183829313e+02	8.3353137386e+01	
70	3.1622776602e+02	8.3265877691e+01	
71	3.5481338923e+02	8.3158460777e+01	
72	3.9810717055e+02	8.3026903726e+01	
73	4.4668359215e+02	8.2866757917e+01	
74	5.0118723363e+02	8.2673199419e+01	
75	5.6234132519e+02	8.2441187923e+01	
76	6.3095734448e+02	8.2165699948e+01	
77	7.0794578438e+02	8.1842029110e+01	
78	7.9432823472e+02	8.1466128454e+01	
79	8.9125093813e+02	8.1034951734e+01	
80	1.0000000000e+03	8.0546738968e+01	
81	1.1220184543e+03	8.0001192965e+01	
82	1.2589254118e+03	7.9399510803e+01	
83	1.4125375446e+03	7.8744263723e+01	
84	1.5848931925e+03	7.8039150441e+01	
85	1.7782794100e+03	7.7288671996e+01	
86	1.9952623150e+03	7.6497784012e+01	
87	2.2387211386e+03	7.5671575325e+01	
88	2.5118864315e+03	7.4815005240e+01	
89	2.8183829313e+03	7.3932713200e+01	
90	3.1622776602e+03	7.3028899043e+01	
91	3.5481338923e+03	7.2107262244e+01	
92	3.9810717055e+03	7.1170983988e+01	
93	4.4668359215e+03	7.0222735352e+01	
94	5.0118723363e+03	6.9264696356e+01	
95	5.6234132519e+03	6.8298572896e+01	
96	6.3095734448e+03	6.7325600879e+01	
97	7.0794578438e+03	6.6346529122e+01	
98	7.9432823472e+03	6.5361575151e+01	
99	8.9125093813e+03	6.4370351810e+01	
100	1.0000000000e+04	6.3371768337e+01	
101	1.1220184543e+04	6.2363917879e+01	
102	1.2589254118e+04	6.1343973606e+01	
103	1.4125375446e+04	6.0308125420e+01	
104	1.5848931925e+04	5.9251594656e+01	
105	1.7782794100e+04	5.8168760744e+01	
106	1.9952623150e+04	5.7053419200e+01	
107	2.2387211386e+04	5.5899166572e+01	
108	2.5118864315e+04	5.4699881555e+01	
109	2.8183829313e+04	5.3450250194e+01	
110	3.1622776602e+04	5.2146272340e+01	
111	3.5481338923e+04	5.0785687302e+01	
112	3.9810717055e+04	4.9368267736e+01	

Index   frequency       psrr_db         
--------------------------------------------------------------------------------
113	4.4668359215e+04	4.7895950113e+01	
114	5.0118723363e+04	4.6372795551e+01	
115	5.6234132519e+04	4.4804801734e+01	
116	6.3095734448e+04	4.3199608235e+01	
117	7.0794578438e+04	4.1566147160e+01	
118	7.9432823472e+04	3.9914285993e+01	
119	8.9125093813e+04	3.8254492829e+01	
120	1.0000000000e+05	3.6597532973e+01	
121	1.1220184543e+05	3.4954187883e+01	
122	1.2589254118e+05	3.3334978921e+01	
123	1.4125375446e+05	3.1749882155e+01	
124	1.5848931925e+05	3.0208036520e+01	
125	1.7782794100e+05	2.8717472730e+01	
126	1.9952623150e+05	2.7284918903e+01	
127	2.2387211386e+05	2.5915765092e+01	
128	2.5118864315e+05	2.4614289030e+01	
129	2.8183829313e+05	2.3384258679e+01	
130	3.1622776602e+05	2.2230029961e+01	
131	3.5481338923e+05	2.1158227802e+01	
132	3.9810717055e+05	2.0179968300e+01	
133	4.4668359215e+05	1.9313222304e+01	
134	5.0118723363e+05	1.8584217028e+01	
135	5.6234132519e+05	1.8025910670e+01	
136	6.3095734448e+05	1.7671577750e+01	
137	7.0794578438e+05	1.7544068252e+01	
138	7.9432823472e+05	1.7646036132e+01	
139	8.9125093813e+05	1.7958426195e+01	
140	1.0000000000e+06	1.8449331628e+01	
141	1.1220184543e+06	1.9087748021e+01	
142	1.2589254118e+06	1.9855159194e+01	
143	1.4125375446e+06	2.0752165742e+01	
144	1.5848931925e+06	2.1801592183e+01	
145	1.7782794100e+06	2.3050892859e+01	
146	1.9952623150e+06	2.4575639101e+01	
147	2.2387211386e+06	2.6479365481e+01	
148	2.5118864315e+06	2.8843472545e+01	
149	2.8183829313e+06	3.1334702956e+01	
150	3.1622776602e+06	3.1993051176e+01	
151	3.5481338923e+06	2.9632209775e+01	
152	3.9810717055e+06	2.6591039603e+01	
153	4.4668359215e+06	2.3957380319e+01	
154	5.0118723363e+06	2.1780762642e+01	
155	5.6234132519e+06	1.9960871099e+01	
156	6.3095734448e+06	1.8410913412e+01	
157	7.0794578438e+06	1.7070370136e+01	
158	7.9432823472e+06	1.5898959112e+01	
159	8.9125093813e+06	1.4870204688e+01	
160	1.0000000000e+07	1.3966373092e+01	
m_psrr_1hz_db = 8.3707636867e+01
m_psrr_1khz_db = 8.0546738968e+01
m_psrr_10hz_db = 8.3707176517e+01
m_psrr_100hz_db = 8.3661386656e+01
m_psrr_10khz_db = 6.3371768337e+01
m_psrr_100khz_db = 3.6597532973e+01
m_psrr_1mhz_db = 1.8449331628e+01
m_vref_op = 1.2987873757e+00
m_f_dc_hz = 1.0000000000e+00
m_f_band_edge_hz = 1.0000000000e+03
Note: Simulation executed from .control section 

Warning: m=xx on .subckt line will override multiplier m hierarchy!

Warning : IC on non-existent node - xdut.xx1.casc, ignored
   Please check line .ic v(xdut.fb)=1.0 v(xdut.sns1)=0.6 v(xdut.sns2)=0.6 v(vref)=1.2 v(xdut.ibias)=0.6 v(xdut.xx1.casc)=1.8

Note: Starting dynamic gmin stepping
Note: Dynamic gmin stepping completed
Note: Starting dynamic gmin stepping
Note: Dynamic gmin stepping completed
