
Note: Compatibility modes selected: hs a


Circuit: * psrr-dc @ bjt_ss_125c_3.30v -- generated by sim/harness, do not edit

Doing analysis at TEMP = 125.000000 and TNOM = 27.000000

Using SPARSE 1.3 as Direct Linear Solver
 Reference value :  0.00000e+00
No. of Data Rows : 1
Doing analysis at TEMP = 125.000000 and TNOM = 27.000000

Using SPARSE 1.3 as Direct Linear Solver

No. of Data Rows : 161
     * psrr-dc @ bjt_ss_125c_3.30v -- generated by sim/harness, do not edit
     AC Analysis  Sun Aug  2 23:36:16  2026
--------------------------------------------------------------------------------
Index   frequency       psrr_db         
--------------------------------------------------------------------------------
0	1.0000000000e-01	1.0411009251e+02	
1	1.1220184543e-01	1.0411009068e+02	
2	1.2589254118e-01	1.0411008837e+02	
3	1.4125375446e-01	1.0411008546e+02	
4	1.5848931925e-01	1.0411008180e+02	
5	1.7782794100e-01	1.0411007719e+02	
6	1.9952623150e-01	1.0411007138e+02	
7	2.2387211386e-01	1.0411006408e+02	
8	2.5118864315e-01	1.0411005489e+02	
9	2.8183829313e-01	1.0411004330e+02	
10	3.1622776602e-01	1.0411002873e+02	
11	3.5481338923e-01	1.0411001039e+02	
12	3.9810717055e-01	1.0410998730e+02	
13	4.4668359215e-01	1.0410995821e+02	
14	5.0118723363e-01	1.0410992160e+02	
15	5.6234132519e-01	1.0410987551e+02	
16	6.3095734448e-01	1.0410981750e+02	
17	7.0794578438e-01	1.0410974446e+02	
18	7.9432823472e-01	1.0410965251e+02	
19	8.9125093813e-01	1.0410953676e+02	
20	1.0000000000e+00	1.0410939104e+02	
21	1.1220184543e+00	1.0410920759e+02	
22	1.2589254118e+00	1.0410897670e+02	
23	1.4125375446e+00	1.0410868598e+02	
24	1.5848931925e+00	1.0410832000e+02	
25	1.7782794100e+00	1.0410785933e+02	
26	1.9952623150e+00	1.0410727946e+02	
27	2.2387211386e+00	1.0410654955e+02	
28	2.5118864315e+00	1.0410563083e+02	
29	2.8183829313e+00	1.0410447451e+02	
30	3.1622776602e+00	1.0410301924e+02	
31	3.5481338923e+00	1.0410118782e+02	
32	3.9810717055e+00	1.0409888334e+02	
33	4.4668359215e+00	1.0409598384e+02	
34	5.0118723363e+00	1.0409233638e+02	
35	5.6234132519e+00	1.0408774888e+02	
36	6.3095734448e+00	1.0408198037e+02	
37	7.0794578438e+00	1.0407472920e+02	
38	7.9432823472e+00	1.0406561758e+02	
39	8.9125093813e+00	1.0405417397e+02	
40	1.0000000000e+01	1.0403981003e+02	
41	1.1220184543e+01	1.0402179418e+02	
42	1.2589254118e+01	1.0399921928e+02	
43	1.4125375446e+01	1.0397096502e+02	
44	1.5848931925e+01	1.0393565449e+02	
45	1.7782794100e+01	1.0389160546e+02	
46	1.9952623150e+01	1.0383677879e+02	
47	2.2387211386e+01	1.0376872603e+02	
48	2.5118864315e+01	1.0368454157e+02	
49	2.8183829313e+01	1.0358082851e+02	
50	3.1622776602e+01	1.0345368758e+02	
51	3.5481338923e+01	1.0329874389e+02	
52	3.9810717055e+01	1.0311122717e+02	
53	4.4668359215e+01	1.0288611764e+02	
54	5.0118723363e+01	1.0261836680e+02	

Index   frequency       psrr_db         
--------------------------------------------------------------------------------
55	5.6234132519e+01	1.0230318747e+02	
56	6.3095734448e+01	1.0193639091e+02	
57	7.0794578438e+01	1.0151473213e+02	
58	7.9432823472e+01	1.0103620895e+02	
59	8.9125093813e+01	1.0050025975e+02	
60	1.0000000000e+02	9.9907821274e+01	
61	1.1220184543e+02	9.9261233088e+01	
62	1.2589254118e+02	9.8564009368e+01	
63	1.4125375446e+02	9.7820522905e+01	
64	1.5848931925e+02	9.7035657492e+01	
65	1.7782794100e+02	9.6214478980e+01	
66	1.9952623150e+02	9.5361961844e+01	
67	2.2387211386e+02	9.4482787387e+01	
68	2.5118864315e+02	9.3581215267e+01	
69	2.8183829313e+02	9.2661018430e+01	
70	3.1622776602e+02	9.1725467189e+01	
71	3.5481338923e+02	9.0777347225e+01	
72	3.9810717055e+02	8.9818998342e+01	
73	4.4668359215e+02	8.8852363775e+01	
74	5.0118723363e+02	8.7879042804e+01	
75	5.6234132519e+02	8.6900341989e+01	
76	6.3095734448e+02	8.5917322393e+01	
77	7.0794578438e+02	8.4930841461e+01	
78	7.9432823472e+02	8.3941589177e+01	
79	8.9125093813e+02	8.2950118651e+01	
80	1.0000000000e+03	8.1956871576e+01	
81	1.1220184543e+03	8.0962199125e+01	
82	1.2589254118e+03	7.9966378870e+01	
83	1.4125375446e+03	7.8969628275e+01	
84	1.5848931925e+03	7.7972115185e+01	
85	1.7782794100e+03	7.6973965685e+01	
86	1.9952623150e+03	7.5975269496e+01	
87	2.2387211386e+03	7.4976082966e+01	
88	2.5118864315e+03	7.3976429469e+01	
89	2.8183829313e+03	7.2976296763e+01	
90	3.1622776602e+03	7.1975630557e+01	
91	3.5481338923e+03	7.0974323018e+01	
92	3.9810717055e+03	6.9972194481e+01	
93	4.4668359215e+03	6.8968965901e+01	
94	5.0118723363e+03	6.7964219013e+01	
95	5.6234132519e+03	6.6957340634e+01	
96	6.3095734448e+03	6.5947447712e+01	
97	7.0794578438e+03	6.4933290937e+01	
98	7.9432823472e+03	6.3913137969e+01	
99	8.9125093813e+03	6.2884643271e+01	
100	1.0000000000e+04	6.1844720385e+01	
101	1.1220184543e+04	6.0789443402e+01	
102	1.2589254118e+04	5.9714014237e+01	
103	1.4125375446e+04	5.8612836337e+01	
104	1.5848931925e+04	5.7479728280e+01	
105	1.7782794100e+04	5.6308289465e+01	
106	1.9952623150e+04	5.5092397526e+01	
107	2.2387211386e+04	5.3826781967e+01	
108	2.5118864315e+04	5.2507592833e+01	
109	2.8183829313e+04	5.1132876706e+01	
110	3.1622776602e+04	4.9702888007e+01	
111	3.5481338923e+04	4.8220196898e+01	
112	3.9810717055e+04	4.6689595723e+01	

Index   frequency       psrr_db         
--------------------------------------------------------------------------------
113	4.4668359215e+04	4.5117841588e+01	
114	5.0118723363e+04	4.3513293631e+01	
115	5.6234132519e+04	4.1885505446e+01	
116	6.3095734448e+04	4.0244818813e+01	
117	7.0794578438e+04	3.8601982001e+01	
118	7.9432823472e+04	3.6967793858e+01	
119	8.9125093813e+04	3.5352761212e+01	
120	1.0000000000e+05	3.3766755955e+01	
121	1.1220184543e+05	3.2218669235e+01	
122	1.2589254118e+05	3.0716079650e+01	
123	1.4125375446e+05	2.9264973233e+01	
124	1.5848931925e+05	2.7869568456e+01	
125	1.7782794100e+05	2.6532305998e+01	
126	1.9952623150e+05	2.5254064686e+01	
127	2.2387211386e+05	2.4034672657e+01	
128	2.5118864315e+05	2.2873808991e+01	
129	2.8183829313e+05	2.1772437190e+01	
130	3.1622776602e+05	2.0734948753e+01	
131	3.5481338923e+05	1.9772129903e+01	
132	3.9810717055e+05	1.8904694082e+01	
133	4.4668359215e+05	1.8166145852e+01	
134	5.0118723363e+05	1.7602116618e+01	
135	5.6234132519e+05	1.7262352205e+01	
136	6.3095734448e+05	1.7184611057e+01	
137	7.0794578438e+05	1.7378156754e+01	
138	7.9432823472e+05	1.7819801200e+01	
139	8.9125093813e+05	1.8466900190e+01	
140	1.0000000000e+06	1.9277651735e+01	
141	1.1220184543e+06	2.0226940509e+01	
142	1.2589254118e+06	2.1314476116e+01	
143	1.4125375446e+06	2.2568918169e+01	
144	1.5848931925e+06	2.4053580894e+01	
145	1.7782794100e+06	2.5879617936e+01	
146	1.9952623150e+06	2.8231586169e+01	
147	2.2387211386e+06	3.1367340212e+01	
148	2.5118864315e+06	3.4932773132e+01	
149	2.8183829313e+06	3.4582819251e+01	
150	3.1622776602e+06	3.0498666806e+01	
151	3.5481338923e+06	2.6914016901e+01	
152	3.9810717055e+06	2.4133343309e+01	
153	4.4668359215e+06	2.1908666795e+01	
154	5.0118723363e+06	2.0066024415e+01	
155	5.6234132519e+06	1.8500148842e+01	
156	6.3095734448e+06	1.7146464043e+01	
157	7.0794578438e+06	1.5964400647e+01	
158	7.9432823472e+06	1.4927816748e+01	
159	8.9125093813e+06	1.4019046799e+01	
160	1.0000000000e+07	1.3224976791e+01	
m_psrr_1hz_db = 1.0410939104e+02
m_psrr_1khz_db = 8.1956871576e+01
m_psrr_10hz_db = 1.0403981003e+02
m_psrr_100hz_db = 9.9907821274e+01
m_psrr_10khz_db = 6.1844720385e+01
m_psrr_100khz_db = 3.3766755955e+01
m_psrr_1mhz_db = 1.9277651735e+01
m_vref_op = 1.2518711161e+00
m_f_dc_hz = 1.0000000000e+00
m_f_band_edge_hz = 1.0000000000e+03
Note: Simulation executed from .control section 

Warning: m=xx on .subckt line will override multiplier m hierarchy!

Warning : IC on non-existent node - xdut.xx1.casc, ignored
   Please check line .ic v(xdut.fb)=1.0 v(xdut.sns1)=0.6 v(xdut.sns2)=0.6 v(vref)=1.2 v(xdut.ibias)=0.6 v(xdut.xx1.casc)=1.8

Note: Starting dynamic gmin stepping
Note: Dynamic gmin stepping completed
Note: Starting dynamic gmin stepping
Note: Dynamic gmin stepping completed
