
Note: Compatibility modes selected: hs a


Circuit: * psrr-dc @ bjt_ff_27c_3.30v -- generated by sim/harness, do not edit

Doing analysis at TEMP = 27.000000 and TNOM = 27.000000

Using SPARSE 1.3 as Direct Linear Solver
 Reference value :  0.00000e+00
No. of Data Rows : 1
Doing analysis at TEMP = 27.000000 and TNOM = 27.000000

Using SPARSE 1.3 as Direct Linear Solver
 Reference value :  1.00000e-01
No. of Data Rows : 161
     * psrr-dc @ bjt_ff_27c_3.30v -- generated by sim/harness, do not edit
     AC Analysis  Sun Aug  2 23:36:12  2026
--------------------------------------------------------------------------------
Index   frequency       psrr_db         
--------------------------------------------------------------------------------
0	1.0000000000e-01	1.0660454321e+02	
1	1.1220184543e-01	1.0660454074e+02	
2	1.2589254118e-01	1.0660453764e+02	
3	1.4125375446e-01	1.0660453372e+02	
4	1.5848931925e-01	1.0660452881e+02	
5	1.7782794100e-01	1.0660452261e+02	
6	1.9952623150e-01	1.0660451479e+02	
7	2.2387211386e-01	1.0660450497e+02	
8	2.5118864315e-01	1.0660449258e+02	
9	2.8183829313e-01	1.0660447702e+02	
10	3.1622776602e-01	1.0660445741e+02	
11	3.5481338923e-01	1.0660443272e+02	
12	3.9810717055e-01	1.0660440164e+02	
13	4.4668359215e-01	1.0660436253e+02	
14	5.0118723363e-01	1.0660431328e+02	
15	5.6234132519e-01	1.0660425127e+02	
16	6.3095734448e-01	1.0660417321e+02	
17	7.0794578438e-01	1.0660407496e+02	
18	7.9432823472e-01	1.0660395123e+02	
19	8.9125093813e-01	1.0660379552e+02	
20	1.0000000000e+00	1.0660359948e+02	
21	1.1220184543e+00	1.0660335268e+02	
22	1.2589254118e+00	1.0660304206e+02	
23	1.4125375446e+00	1.0660265096e+02	
24	1.5848931925e+00	1.0660215863e+02	
25	1.7782794100e+00	1.0660153895e+02	
26	1.9952623150e+00	1.0660075894e+02	
27	2.2387211386e+00	1.0659977717e+02	
28	2.5118864315e+00	1.0659854150e+02	
29	2.8183829313e+00	1.0659698642e+02	
30	3.1622776602e+00	1.0659502946e+02	
31	3.5481338923e+00	1.0659256703e+02	
32	3.9810717055e+00	1.0658946903e+02	
33	4.4668359215e+00	1.0658557195e+02	
34	5.0118723363e+00	1.0658067084e+02	
35	5.6234132519e+00	1.0657450858e+02	
36	6.3095734448e+00	1.0656676310e+02	
37	7.0794578438e+00	1.0655703180e+02	
38	7.9432823472e+00	1.0654481159e+02	
39	8.9125093813e+00	1.0652947617e+02	
40	1.0000000000e+01	1.0651024663e+02	
41	1.1220184543e+01	1.0648615852e+02	
42	1.2589254118e+01	1.0645602209e+02	
43	1.4125375446e+01	1.0641837751e+02	
44	1.5848931925e+01	1.0637144523e+02	
45	1.7782794100e+01	1.0631307303e+02	
46	1.9952623150e+01	1.0624068505e+02	
47	2.2387211386e+01	1.0615123688e+02	
48	2.5118864315e+01	1.0604118613e+02	
49	2.8183829313e+01	1.0590649169e+02	
50	3.1622776602e+01	1.0574265371e+02	
51	3.5481338923e+01	1.0554481152e+02	
52	3.9810717055e+01	1.0530791139e+02	
53	4.4668359215e+01	1.0502694776e+02	
54	5.0118723363e+01	1.0469727010e+02	

Index   frequency       psrr_db         
--------------------------------------------------------------------------------
55	5.6234132519e+01	1.0431492786e+02	
56	6.3095734448e+01	1.0387700739e+02	
57	7.0794578438e+01	1.0338190744e+02	
58	7.9432823472e+01	1.0282949991e+02	
59	8.9125093813e+01	1.0222114263e+02	
60	1.0000000000e+02	1.0155954259e+02	
61	1.1220184543e+02	1.0084849682e+02	
62	1.2589254118e+02	1.0009256155e+02	
63	1.4125375446e+02	9.9296705128e+01	
64	1.5848931925e+02	9.8465992657e+01	
65	1.7782794100e+02	9.7605331826e+01	
66	1.9952623150e+02	9.6719293085e+01	
67	2.2387211386e+02	9.5812000650e+01	
68	2.5118864315e+02	9.4887083320e+01	
69	2.8183829313e+02	9.3947669837e+01	
70	3.1622776602e+02	9.2996414204e+01	
71	3.5481338923e+02	9.2035538490e+01	
72	3.9810717055e+02	9.1066883805e+01	
73	4.4668359215e+02	9.0091963023e+01	
74	5.0118723363e+02	8.9112011263e+01	
75	5.6234132519e+02	8.8128031851e+01	
76	6.3095734448e+02	8.7140836848e+01	
77	7.0794578438e+02	8.6151081917e+01	
78	7.9432823472e+02	8.5159295823e+01	
79	8.9125093813e+02	8.4165905100e+01	
80	1.0000000000e+03	8.3171254469e+01	
81	1.1220184543e+03	8.2175623671e+01	
82	1.2589254118e+03	8.1179241278e+01	
83	1.4125375446e+03	8.0182295993e+01	
84	1.5848931925e+03	7.9184945862e+01	
85	1.7782794100e+03	7.8187325725e+01	
86	1.9952623150e+03	7.7189553090e+01	
87	2.2387211386e+03	7.6191732508e+01	
88	2.5118864315e+03	7.5193958301e+01	
89	2.8183829313e+03	7.4196315292e+01	
90	3.1622776602e+03	7.3198876814e+01	
91	3.5481338923e+03	7.2201698840e+01	
92	3.9810717055e+03	7.1204808452e+01	
93	4.4668359215e+03	7.0208184116e+01	
94	5.0118723363e+03	6.9211724328e+01	
95	5.6234132519e+03	6.8215200338e+01	
96	6.3095734448e+03	6.7218188133e+01	
97	7.0794578438e+03	6.6219975222e+01	
98	7.9432823472e+03	6.5219439829e+01	
99	8.9125093813e+03	6.4214904857e+01	
100	1.0000000000e+04	6.3203977118e+01	
101	1.1220184543e+04	6.2183393612e+01	
102	1.2589254118e+04	6.1148908949e+01	
103	1.4125375446e+04	6.0095267042e+01	
104	1.5848931925e+04	5.9016299985e+01	
105	1.7782794100e+04	5.7905183165e+01	
106	1.9952623150e+04	5.6754847813e+01	
107	2.2387211386e+04	5.5558517050e+01	
108	2.5118864315e+04	5.4310299735e+01	
109	2.8183829313e+04	5.3005758781e+01	
110	3.1622776602e+04	5.1642372240e+01	
111	3.5481338923e+04	5.0219825279e+01	
112	3.9810717055e+04	4.8740103346e+01	

Index   frequency       psrr_db         
--------------------------------------------------------------------------------
113	4.4668359215e+04	4.7207393358e+01	
114	5.0118723363e+04	4.5627831879e+01	
115	5.6234132519e+04	4.4009159373e+01	
116	6.3095734448e+04	4.2360343249e+01	
117	7.0794578438e+04	4.0691220453e+01	
118	7.9432823472e+04	3.9012188205e+01	
119	8.9125093813e+04	3.7333946940e+01	
120	1.0000000000e+05	3.5667279591e+01	
121	1.1220184543e+05	3.4022840802e+01	
122	1.2589254118e+05	3.2410930765e+01	
123	1.4125375446e+05	3.0841241418e+01	
124	1.5848931925e+05	2.9322586143e+01	
125	1.7782794100e+05	2.7862654107e+01	
126	1.9952623150e+05	2.6467861895e+01	
127	2.2387211386e+05	2.5143402447e+01	
128	2.5118864315e+05	2.3893610267e+01	
129	2.8183829313e+05	2.2722767255e+01	
130	3.1622776602e+05	2.1636449434e+01	
131	3.5481338923e+05	2.0643416735e+01	
132	3.9810717055e+05	1.9757787178e+01	
133	4.4668359215e+05	1.9000713653e+01	
134	5.0118723363e+05	1.8400065252e+01	
135	5.6234132519e+05	1.7986320996e+01	
136	6.3095734448e+05	1.7784273909e+01	
137	7.0794578438e+05	1.7803703411e+01	
138	7.9432823472e+05	1.8035098371e+01	
139	8.9125093813e+05	1.8454330996e+01	
140	1.0000000000e+06	1.9033859442e+01	
141	1.1220184543e+06	1.9754396797e+01	
142	1.2589254118e+06	2.0613053545e+01	
143	1.4125375446e+06	2.1628030022e+01	
144	1.5848931925e+06	2.2842345353e+01	
145	1.7782794100e+06	2.4329463186e+01	
146	1.9952623150e+06	2.6201145520e+01	
147	2.2387211386e+06	2.8595719327e+01	
148	2.5118864315e+06	3.1445936102e+01	
149	2.8183829313e+06	3.3102824158e+01	
150	3.1622776602e+06	3.1032087335e+01	
151	3.5481338923e+06	2.7699629491e+01	
152	3.9810717055e+06	2.4821881804e+01	
153	4.4668359215e+06	2.2485728826e+01	
154	5.0118723363e+06	2.0558325119e+01	
155	5.6234132519e+06	1.8931124703e+01	
156	6.3095734448e+06	1.7531464091e+01	
157	7.0794578438e+06	1.6312230954e+01	
158	7.9432823472e+06	1.5243065055e+01	
159	8.9125093813e+06	1.4304089885e+01	
160	1.0000000000e+07	1.3481402113e+01	
m_psrr_1hz_db = 1.0660359948e+02
m_psrr_1khz_db = 8.3171254469e+01
m_psrr_10hz_db = 1.0651024663e+02
m_psrr_100hz_db = 1.0155954259e+02
m_psrr_10khz_db = 6.3203977118e+01
m_psrr_100khz_db = 3.5667279591e+01
m_psrr_1mhz_db = 1.9033859442e+01
m_vref_op = 1.2272807231e+00
m_f_dc_hz = 1.0000000000e+00
m_f_band_edge_hz = 1.0000000000e+03
Note: Simulation executed from .control section 

Warning: m=xx on .subckt line will override multiplier m hierarchy!

Warning : IC on non-existent node - xdut.xx1.casc, ignored
   Please check line .ic v(xdut.fb)=1.0 v(xdut.sns1)=0.6 v(xdut.sns2)=0.6 v(vref)=1.2 v(xdut.ibias)=0.6 v(xdut.xx1.casc)=1.8

Note: Starting dynamic gmin stepping
Note: Dynamic gmin stepping completed
Note: Starting dynamic gmin stepping
Note: Dynamic gmin stepping completed
