
Note: Compatibility modes selected: hs a


Circuit: * psrr-dc @ ff_-40c_2.97v -- generated by sim/harness, do not edit

Doing analysis at TEMP = -40.000000 and TNOM = 27.000000

Using SPARSE 1.3 as Direct Linear Solver
 Reference value :  0.00000e+00
No. of Data Rows : 1
Doing analysis at TEMP = -40.000000 and TNOM = 27.000000

Using SPARSE 1.3 as Direct Linear Solver
 Reference value :  1.00000e-01
No. of Data Rows : 161
       * psrr-dc @ ff_-40c_2.97v -- generated by sim/harness, do not edit
       AC Analysis  Sun Aug  2 23:35:53  2026
--------------------------------------------------------------------------------
Index   frequency       psrr_db         
--------------------------------------------------------------------------------
0	1.0000000000e-01	1.1369643424e+02	
1	1.1220184543e-01	1.1369642708e+02	
2	1.2589254118e-01	1.1369641806e+02	
3	1.4125375446e-01	1.1369640669e+02	
4	1.5848931925e-01	1.1369639238e+02	
5	1.7782794100e-01	1.1369637439e+02	
6	1.9952623150e-01	1.1369635171e+02	
7	2.2387211386e-01	1.1369632320e+02	
8	2.5118864315e-01	1.1369628726e+02	
9	2.8183829313e-01	1.1369624205e+02	
10	3.1622776602e-01	1.1369618511e+02	
11	3.5481338923e-01	1.1369611343e+02	
12	3.9810717055e-01	1.1369602321e+02	
13	4.4668359215e-01	1.1369590962e+02	
14	5.0118723363e-01	1.1369576662e+02	
15	5.6234132519e-01	1.1369558661e+02	
16	6.3095734448e-01	1.1369536001e+02	
17	7.0794578438e-01	1.1369507473e+02	
18	7.9432823472e-01	1.1369471563e+02	
19	8.9125093813e-01	1.1369426356e+02	
20	1.0000000000e+00	1.1369369454e+02	
21	1.1220184543e+00	1.1369297830e+02	
22	1.2589254118e+00	1.1369207668e+02	
23	1.4125375446e+00	1.1369094194e+02	
24	1.5848931925e+00	1.1368951390e+02	
25	1.7782794100e+00	1.1368771673e+02	
26	1.9952623150e+00	1.1368545525e+02	
27	2.2387211386e+00	1.1368260987e+02	
28	2.5118864315e+00	1.1367903040e+02	
29	2.8183829313e+00	1.1367452829e+02	
30	3.1622776602e+00	1.1366886708e+02	
31	3.5481338923e+00	1.1366175057e+02	
32	3.9810717055e+00	1.1365280792e+02	
33	4.4668359215e+00	1.1364157602e+02	
34	5.0118723363e+00	1.1362747700e+02	
35	5.6234132519e+00	1.1360979213e+02	
36	6.3095734448e+00	1.1358763028e+02	
37	7.0794578438e+00	1.1355988986e+02	
38	7.9432823472e+00	1.1352521706e+02	
39	8.9125093813e+00	1.1348195629e+02	
40	1.0000000000e+01	1.1342810000e+02	
41	1.1220184543e+01	1.1336123494e+02	
42	1.2589254118e+01	1.1327849483e+02	
43	1.4125375446e+01	1.1317652371e+02	
44	1.5848931925e+01	1.1305146293e+02	
45	1.7782794100e+01	1.1289897483e+02	
46	1.9952623150e+01	1.1271431686e+02	
47	2.2387211386e+01	1.1249248231e+02	
48	2.5118864315e+01	1.1222841526e+02	
49	2.8183829313e+01	1.1191729458e+02	
50	3.1622776602e+01	1.1155486933e+02	
51	3.5481338923e+01	1.1113780512e+02	
52	3.9810717055e+01	1.1066398841e+02	
53	4.4668359215e+01	1.1013273539e+02	
54	5.0118723363e+01	1.0954486164e+02	

Index   frequency       psrr_db         
--------------------------------------------------------------------------------
55	5.6234132519e+01	1.0890259857e+02	
56	6.3095734448e+01	1.0820937532e+02	
57	7.0794578438e+01	1.0746950750e+02	
58	7.9432823472e+01	1.0668784989e+02	
59	8.9125093813e+01	1.0586946499e+02	
60	1.0000000000e+02	1.0501934358e+02	
61	1.1220184543e+02	1.0414219719e+02	
62	1.2589254118e+02	1.0324232372e+02	
63	1.4125375446e+02	1.0232353778e+02	
64	1.5848931925e+02	1.0138915128e+02	
65	1.7782794100e+02	1.0044198930e+02	
66	1.9952623150e+02	9.9484427575e+01	
67	2.2387211386e+02	9.8518441325e+01	
68	2.5118864315e+02	9.7545657864e+01	
69	2.8183829313e+02	9.6567408207e+01	
70	3.1622776602e+02	9.5584774790e+01	
71	3.5481338923e+02	9.4598633997e+01	
72	3.9810717055e+02	9.3609693005e+01	
73	4.4668359215e+02	9.2618521106e+01	
74	5.0118723363e+02	9.1625575942e+01	
75	5.6234132519e+02	9.0631225272e+01	
76	6.3095734448e+02	8.9635764882e+01	
77	7.0794578438e+02	8.8639433265e+01	
78	7.9432823472e+02	8.7642423634e+01	
79	8.9125093813e+02	8.6644893745e+01	
80	1.0000000000e+03	8.5646973989e+01	
81	1.1220184543e+03	8.4648774085e+01	
82	1.2589254118e+03	8.3650388695e+01	
83	1.4125375446e+03	8.2651902212e+01	
84	1.5848931925e+03	8.1653392914e+01	
85	1.7782794100e+03	8.0654936646e+01	
86	1.9952623150e+03	7.9656610114e+01	
87	2.2387211386e+03	7.8658493827e+01	
88	2.5118864315e+03	7.7660674617e+01	
89	2.8183829313e+03	7.6663247520e+01	
90	3.1622776602e+03	7.5666316624e+01	
91	3.5481338923e+03	7.4669994164e+01	
92	3.9810717055e+03	7.3674396721e+01	
93	4.4668359215e+03	7.2679636793e+01	
94	5.0118723363e+03	7.1685807167e+01	
95	5.6234132519e+03	7.0692954561e+01	
96	6.3095734448e+03	6.9701037877e+01	
97	7.0794578438e+03	6.8709865471e+01	
98	7.9432823472e+03	6.7719005520e+01	
99	8.9125093813e+03	6.6727664711e+01	
100	1.0000000000e+04	6.5734534136e+01	
101	1.1220184543e+04	6.4737608587e+01	
102	1.2589254118e+04	6.3733996828e+01	
103	1.4125375446e+04	6.2719754702e+01	
104	1.5848931925e+04	6.1689786347e+01	
105	1.7782794100e+04	6.0637865108e+01	
106	1.9952623150e+04	5.9556818108e+01	
107	2.2387211386e+04	5.8438893470e+01	
108	2.5118864315e+04	5.7276290324e+01	
109	2.8183829313e+04	5.6061790124e+01	
110	3.1622776602e+04	5.4789397730e+01	
111	3.5481338923e+04	5.3454892848e+01	
112	3.9810717055e+04	5.2056209313e+01	

Index   frequency       psrr_db         
--------------------------------------------------------------------------------
113	4.4668359215e+04	5.0593595448e+01	
114	5.0118723363e+04	4.9069552743e+01	
115	5.6234132519e+04	4.7488590990e+01	
116	6.3095734448e+04	4.5856866207e+01	
117	7.0794578438e+04	4.4181778084e+01	
118	7.9432823472e+04	4.2471596575e+01	
119	8.9125093813e+04	4.0735167791e+01	
120	1.0000000000e+05	3.8981725004e+01	
121	1.1220184543e+05	3.7220807965e+01	
122	1.2589254118e+05	3.5462276383e+01	
123	1.4125375446e+05	3.3716392166e+01	
124	1.5848931925e+05	3.1993938679e+01	
125	1.7782794100e+05	3.0306342761e+01	
126	1.9952623150e+05	2.8665766998e+01	
127	2.2387211386e+05	2.7085148137e+01	
128	2.5118864315e+05	2.5578176779e+01	
129	2.8183829313e+05	2.4159245183e+01	
130	3.1622776602e+05	2.2843425754e+01	
131	3.5481338923e+05	2.1646552710e+01	
132	3.9810717055e+05	2.0585407989e+01	
133	4.4668359215e+05	1.9677803775e+01	
134	5.0118723363e+05	1.8942034579e+01	
135	5.6234132519e+05	1.8394979270e+01	
136	6.3095734448e+05	1.8048530956e+01	
137	7.0794578438e+05	1.7905292110e+01	
138	7.9432823472e+05	1.7955894389e+01	
139	8.9125093813e+05	1.8180281219e+01	
140	1.0000000000e+06	1.8553194565e+01	
141	1.1220184543e+06	1.9051676639e+01	
142	1.2589254118e+06	1.9661827864e+01	
143	1.4125375446e+06	2.0383388466e+01	
144	1.5848931925e+06	2.1232382109e+01	
145	1.7782794100e+06	2.2243011279e+01	
146	1.9952623150e+06	2.3470061762e+01	
147	2.2387211386e+06	2.4991480055e+01	
148	2.5118864315e+06	2.6900667581e+01	
149	2.8183829313e+06	2.9216709002e+01	
150	3.1622776602e+06	3.1360006557e+01	
151	3.5481338923e+06	3.1302575769e+01	
152	3.9810717055e+06	2.8784507188e+01	
153	4.4668359215e+06	2.5909078853e+01	
154	5.0118723363e+06	2.3426010027e+01	
155	5.6234132519e+06	2.1352545711e+01	
156	6.3095734448e+06	1.9601967904e+01	
157	7.0794578438e+06	1.8099719991e+01	
158	7.9432823472e+06	1.6793590903e+01	
159	8.9125093813e+06	1.5648962141e+01	
160	1.0000000000e+07	1.4643212657e+01	
m_psrr_1hz_db = 1.1369369454e+02
m_psrr_1khz_db = 8.5646973989e+01
m_psrr_10hz_db = 1.1342810000e+02
m_psrr_100hz_db = 1.0501934358e+02
m_psrr_10khz_db = 6.5734534136e+01
m_psrr_100khz_db = 3.8981725004e+01
m_psrr_1mhz_db = 1.8553194565e+01
m_vref_op = 1.2279077972e+00
m_f_dc_hz = 1.0000000000e+00
m_f_band_edge_hz = 1.0000000000e+03
Note: Simulation executed from .control section 

Warning: m=xx on .subckt line will override multiplier m hierarchy!

Warning : IC on non-existent node - xdut.xx1.casc, ignored
   Please check line .ic v(xdut.fb)=1.0 v(xdut.sns1)=0.6 v(xdut.sns2)=0.6 v(vref)=1.2 v(xdut.ibias)=0.6 v(xdut.xx1.casc)=1.8

Note: Starting dynamic gmin stepping
Note: Dynamic gmin stepping completed
Note: Starting dynamic gmin stepping
Note: Dynamic gmin stepping completed
