
Note: Compatibility modes selected: hs a


Circuit: * psrr-dc @ ss_-40c_2.97v -- generated by sim/harness, do not edit

Doing analysis at TEMP = -40.000000 and TNOM = 27.000000

Using SPARSE 1.3 as Direct Linear Solver
 Reference value :  0.00000e+00
No. of Data Rows : 1
Doing analysis at TEMP = -40.000000 and TNOM = 27.000000

Using SPARSE 1.3 as Direct Linear Solver
 Reference value :  1.00000e-01
No. of Data Rows : 161
       * psrr-dc @ ss_-40c_2.97v -- generated by sim/harness, do not edit
       AC Analysis  Sun Aug  2 23:35:55  2026
--------------------------------------------------------------------------------
Index   frequency       psrr_db         
--------------------------------------------------------------------------------
0	1.0000000000e-01	1.1120345454e+02	
1	1.1220184543e-01	1.1120344450e+02	
2	1.2589254118e-01	1.1120343186e+02	
3	1.4125375446e-01	1.1120341593e+02	
4	1.5848931925e-01	1.1120339585e+02	
5	1.7782794100e-01	1.1120337062e+02	
6	1.9952623150e-01	1.1120333882e+02	
7	2.2387211386e-01	1.1120329880e+02	
8	2.5118864315e-01	1.1120324842e+02	
9	2.8183829313e-01	1.1120318501e+02	
10	3.1622776602e-01	1.1120310517e+02	
11	3.5481338923e-01	1.1120300464e+02	
12	3.9810717055e-01	1.1120287811e+02	
13	4.4668359215e-01	1.1120271883e+02	
14	5.0118723363e-01	1.1120251829e+02	
15	5.6234132519e-01	1.1120226585e+02	
16	6.3095734448e-01	1.1120194806e+02	
17	7.0794578438e-01	1.1120154805e+02	
18	7.9432823472e-01	1.1120104448e+02	
19	8.9125093813e-01	1.1120041061e+02	
20	1.0000000000e+00	1.1119961276e+02	
21	1.1220184543e+00	1.1119860854e+02	
22	1.2589254118e+00	1.1119734454e+02	
23	1.4125375446e+00	1.1119575391e+02	
24	1.5848931925e+00	1.1119375229e+02	
25	1.7782794100e+00	1.1119123364e+02	
26	1.9952623150e+00	1.1118806488e+02	
27	2.2387211386e+00	1.1118407899e+02	
28	2.5118864315e+00	1.1117906623e+02	
29	2.8183829313e+00	1.1117276370e+02	
30	3.1622776602e+00	1.1116484230e+02	
31	3.5481338923e+00	1.1115489039e+02	
32	3.9810717055e+00	1.1114239391e+02	
33	4.4668359215e+00	1.1112671293e+02	
34	5.0118723363e+00	1.1110705181e+02	
35	5.6234132519e+00	1.1108242573e+02	
36	6.3095734448e+00	1.1105162076e+02	
37	7.0794578438e+00	1.1101314752e+02	
38	7.9432823472e+00	1.1096519250e+02	
39	8.9125093813e+00	1.1090556377e+02	
40	1.0000000000e+01	1.1083164145e+02	
41	1.1220184543e+01	1.1074033290e+02	
42	1.2589254118e+01	1.1062804653e+02	
43	1.4125375446e+01	1.1049069320e+02	
44	1.5848931925e+01	1.1032373213e+02	
45	1.7782794100e+01	1.1012227541e+02	
46	1.9952623150e+01	1.0988126194e+02	
47	2.2387211386e+01	1.0959570644e+02	
48	2.5118864315e+01	1.0926101195e+02	
49	2.8183829313e+01	1.0887331511e+02	
50	3.1622776602e+01	1.0842982069e+02	
51	3.5481338923e+01	1.0792906756e+02	
52	3.9810717055e+01	1.0737107529e+02	
53	4.4668359215e+01	1.0675734285e+02	
54	5.0118723363e+01	1.0609069745e+02	

Index   frequency       psrr_db         
--------------------------------------------------------------------------------
55	5.6234132519e+01	1.0537502588e+02	
56	6.3095734448e+01	1.0461494012e+02	
57	7.0794578438e+01	1.0381543118e+02	
58	7.9432823472e+01	1.0298155846e+02	
59	8.9125093813e+01	1.0211820325e+02	
60	1.0000000000e+02	1.0122989564e+02	
61	1.1220184543e+02	1.0032071226e+02	
62	1.2589254118e+02	9.9394232045e+01	
63	1.4125375446e+02	9.8453535247e+01	
64	1.5848931925e+02	9.7501230795e+01	
65	1.7782794100e+02	9.6539500421e+01	
66	1.9952623150e+02	9.5570149892e+01	
67	2.2387211386e+02	9.4594661695e+01	
68	2.5118864315e+02	9.3614245050e+01	
69	2.8183829313e+02	9.2629881353e+01	
70	3.1622776602e+02	9.1642364056e+01	
71	3.5481338923e+02	9.0652332925e+01	
72	3.9810717055e+02	8.9660302944e+01	
73	4.4668359215e+02	8.8666688445e+01	
74	5.0118723363e+02	8.7671823034e+01	
75	5.6234132519e+02	8.6675976009e+01	
76	6.3095734448e+02	8.5679365821e+01	
77	7.0794578438e+02	8.4682171126e+01	
78	7.9432823472e+02	8.3684539906e+01	
79	8.9125093813e+02	8.2686597046e+01	
80	1.0000000000e+03	8.1688450715e+01	
81	1.1220184543e+03	8.0690197831e+01	
82	1.2589254118e+03	7.9691928843e+01	
83	1.4125375446e+03	7.8693732000e+01	
84	1.5848931925e+03	7.7695697227e+01	
85	1.7782794100e+03	7.6697919648e+01	
86	1.9952623150e+03	7.5700502689e+01	
87	2.2387211386e+03	7.4703560564e+01	
88	2.5118864315e+03	7.3707219689e+01	
89	2.8183829313e+03	7.2711618296e+01	
90	3.1622776602e+03	7.1716903004e+01	
91	3.5481338923e+03	7.0723220468e+01	
92	3.9810717055e+03	6.9730701378e+01	
93	4.4668359215e+03	6.8739432960e+01	
94	5.0118723363e+03	6.7749415018e+01	
95	5.6234132519e+03	6.6760493547e+01	
96	6.3095734448e+03	6.5772265696e+01	
97	7.0794578438e+03	6.4783951272e+01	
98	7.9432823472e+03	6.3794230174e+01	
99	8.9125093813e+03	6.2801053330e+01	
100	1.0000000000e+04	6.1801447335e+01	
101	1.1220184543e+04	6.0791348580e+01	
102	1.2589254118e+04	5.9765516920e+01	
103	1.4125375446e+04	5.8717584986e+01	
104	1.5848931925e+04	5.7640289434e+01	
105	1.7782794100e+04	5.6525901321e+01	
106	1.9952623150e+04	5.5366828511e+01	
107	2.2387211386e+04	5.4156316576e+01	
108	2.5118864315e+04	5.2889142644e+01	
109	2.8183829313e+04	5.1562191497e+01	
110	3.1622776602e+04	5.0174827247e+01	
111	3.5481338923e+04	4.8729018674e+01	
112	3.9810717055e+04	4.7229227165e+01	

Index   frequency       psrr_db         
--------------------------------------------------------------------------------
113	4.4668359215e+04	4.5682108077e+01	
114	5.0118723363e+04	4.4096098952e+01	
115	5.6234132519e+04	4.2480968313e+01	
116	6.3095734448e+04	4.0847380897e+01	
117	7.0794578438e+04	3.9206508062e+01	
118	7.9432823472e+04	3.7569685481e+01	
119	8.9125093813e+04	3.5948102023e+01	
120	1.0000000000e+05	3.4352498096e+01	
121	1.1220184543e+05	3.2792859281e+01	
122	1.2589254118e+05	3.1278109068e+01	
123	1.4125375446e+05	2.9815827013e+01	
124	1.5848931925e+05	2.8412038539e+01	
125	1.7782794100e+05	2.7071133814e+01	
126	1.9952623150e+05	2.5795974951e+01	
127	2.2387211386e+05	2.4588248681e+01	
128	2.5118864315e+05	2.3449124746e+01	
129	2.8183829313e+05	2.2380290802e+01	
130	3.1622776602e+05	2.1385433806e+01	
131	3.5481338923e+05	2.0472170871e+01	
132	3.9810717055e+05	1.9654201889e+01	
133	4.4668359215e+05	1.8952962069e+01	
134	5.0118723363e+05	1.8397364001e+01	
135	5.6234132519e+05	1.8019921458e+01	
136	6.3095734448e+05	1.7848833654e+01	
137	7.0794578438e+05	1.7898968400e+01	
138	7.9432823472e+05	1.8167546456e+01	
139	8.9125093813e+05	1.8638455817e+01	
140	1.0000000000e+06	1.9293207227e+01	
141	1.1220184543e+06	2.0122965918e+01	
142	1.2589254118e+06	2.1138038968e+01	
143	1.4125375446e+06	2.2375422571e+01	
144	1.5848931925e+06	2.3908029080e+01	
145	1.7782794100e+06	2.5859912557e+01	
146	1.9952623150e+06	2.8419518754e+01	
147	2.2387211386e+06	3.1684631630e+01	
148	2.5118864315e+06	3.4004128483e+01	
149	2.8183829313e+06	3.1662422163e+01	
150	3.1622776602e+06	2.7932179357e+01	
151	3.5481338923e+06	2.4882902111e+01	
152	3.9810717055e+06	2.2477252020e+01	
153	4.4668359215e+06	2.0523409730e+01	
154	5.0118723363e+06	1.8889635575e+01	
155	5.6234132519e+06	1.7492821238e+01	
156	6.3095734448e+06	1.6280336771e+01	
157	7.0794578438e+06	1.5218556250e+01	
158	7.9432823472e+06	1.4285632687e+01	
159	8.9125093813e+06	1.3466597228e+01	
160	1.0000000000e+07	1.2749956527e+01	
m_psrr_1hz_db = 1.1119961276e+02
m_psrr_1khz_db = 8.1688450715e+01
m_psrr_10hz_db = 1.1083164145e+02
m_psrr_100hz_db = 1.0122989564e+02
m_psrr_10khz_db = 6.1801447335e+01
m_psrr_100khz_db = 3.4352498096e+01
m_psrr_1mhz_db = 1.9293207227e+01
m_vref_op = 1.2286245287e+00
m_f_dc_hz = 1.0000000000e+00
m_f_band_edge_hz = 1.0000000000e+03
Note: Simulation executed from .control section 

Warning: m=xx on .subckt line will override multiplier m hierarchy!

Warning : IC on non-existent node - xdut.xx1.casc, ignored
   Please check line .ic v(xdut.fb)=1.0 v(xdut.sns1)=0.6 v(xdut.sns2)=0.6 v(vref)=1.2 v(xdut.ibias)=0.6 v(xdut.xx1.casc)=1.8

Note: Starting dynamic gmin stepping
Note: Dynamic gmin stepping completed
Note: Starting dynamic gmin stepping
Note: Dynamic gmin stepping completed
