
Note: Compatibility modes selected: hs a


Circuit: * psrr-dc @ tt_125c_2.97v -- generated by sim/harness, do not edit

Doing analysis at TEMP = 125.000000 and TNOM = 27.000000

Using SPARSE 1.3 as Direct Linear Solver
 Reference value :  0.00000e+00
No. of Data Rows : 1
Doing analysis at TEMP = 125.000000 and TNOM = 27.000000

Using SPARSE 1.3 as Direct Linear Solver

No. of Data Rows : 161
       * psrr-dc @ tt_125c_2.97v -- generated by sim/harness, do not edit
       AC Analysis  Sun Aug  2 23:35:51  2026
--------------------------------------------------------------------------------
Index   frequency       psrr_db         
--------------------------------------------------------------------------------
0	1.0000000000e-01	1.0692591683e+02	
1	1.1220184543e-01	1.0692591303e+02	
2	1.2589254118e-01	1.0692590824e+02	
3	1.4125375446e-01	1.0692590222e+02	
4	1.5848931925e-01	1.0692589463e+02	
5	1.7782794100e-01	1.0692588508e+02	
6	1.9952623150e-01	1.0692587305e+02	
7	2.2387211386e-01	1.0692585790e+02	
8	2.5118864315e-01	1.0692583885e+02	
9	2.8183829313e-01	1.0692581485e+02	
10	3.1622776602e-01	1.0692578464e+02	
11	3.5481338923e-01	1.0692574663e+02	
12	3.9810717055e-01	1.0692569875e+02	
13	4.4668359215e-01	1.0692563848e+02	
14	5.0118723363e-01	1.0692556259e+02	
15	5.6234132519e-01	1.0692546710e+02	
16	6.3095734448e-01	1.0692534685e+02	
17	7.0794578438e-01	1.0692519548e+02	
18	7.9432823472e-01	1.0692500493e+02	
19	8.9125093813e-01	1.0692476503e+02	
20	1.0000000000e+00	1.0692446305e+02	
21	1.1220184543e+00	1.0692408290e+02	
22	1.2589254118e+00	1.0692360435e+02	
23	1.4125375446e+00	1.0692300200e+02	
24	1.5848931925e+00	1.0692224386e+02	
25	1.7782794100e+00	1.0692128953e+02	
26	1.9952623150e+00	1.0692008841e+02	
27	2.2387211386e+00	1.0691857676e+02	
28	2.5118864315e+00	1.0691667446e+02	
29	2.8183829313e+00	1.0691428075e+02	
30	3.1622776602e+00	1.0691126916e+02	
31	3.5481338923e+00	1.0690748076e+02	
32	3.9810717055e+00	1.0690271610e+02	
33	4.4668359215e+00	1.0689672526e+02	
34	5.0118723363e+00	1.0688919491e+02	
35	5.6234132519e+00	1.0687973328e+02	
36	6.3095734448e+00	1.0686785110e+02	
37	7.0794578438e+00	1.0685293830e+02	
38	7.9432823472e+00	1.0683423688e+02	
39	8.9125093813e+00	1.0681080694e+02	
40	1.0000000000e+01	1.0678148907e+02	
41	1.1220184543e+01	1.0674485925e+02	
42	1.2589254118e+01	1.0669918011e+02	
43	1.4125375446e+01	1.0664234832e+02	
44	1.5848931925e+01	1.0657184273e+02	
45	1.7782794100e+01	1.0648467875e+02	
46	1.9952623150e+01	1.0637737625e+02	
47	2.2387211386e+01	1.0624595415e+02	
48	2.5118864315e+01	1.0608596534e+02	
49	2.8183829313e+01	1.0589258599e+02	
50	3.1622776602e+01	1.0566077451e+02	
51	3.5481338923e+01	1.0538550407e+02	
52	3.9810717055e+01	1.0506206204e+02	
53	4.4668359215e+01	1.0468639257e+02	
54	5.0118723363e+01	1.0425543762e+02	

Index   frequency       psrr_db         
--------------------------------------------------------------------------------
55	5.6234132519e+01	1.0376742253e+02	
56	6.3095734448e+01	1.0322203367e+02	
57	7.0794578438e+01	1.0262045018e+02	
58	7.9432823472e+01	1.0196522440e+02	
59	8.9125093813e+01	1.0126003583e+02	
60	1.0000000000e+02	1.0050936575e+02	
61	1.1220184543e+02	9.9718149570e+01	
62	1.2589254118e+02	9.8891455157e+01	
63	1.4125375446e+02	9.8034220481e+01	
64	1.5848931925e+02	9.7151064153e+01	
65	1.7782794100e+02	9.6246168468e+01	
66	1.9952623150e+02	9.5323223366e+01	
67	2.2387211386e+02	9.4385417215e+01	
68	2.5118864315e+02	9.3435459038e+01	
69	2.8183829313e+02	9.2475619686e+01	
70	3.1622776602e+02	9.1507782090e+01	
71	3.5481338923e+02	9.0533493935e+01	
72	3.9810717055e+02	8.9554018388e+01	
73	4.4668359215e+02	8.8570380532e+01	
74	5.0118723363e+02	8.7583408331e+01	
75	5.6234132519e+02	8.6593767909e+01	
76	6.3095734448e+02	8.5601993321e+01	
77	7.0794578438e+02	8.4608511334e+01	
78	7.9432823472e+02	8.3613661788e+01	
79	8.9125093813e+02	8.2617714163e+01	
80	1.0000000000e+03	8.1620880912e+01	
81	1.1220184543e+03	8.0623328063e+01	
82	1.2589254118e+03	7.9625183505e+01	
83	1.4125375446e+03	7.8626543283e+01	
84	1.5848931925e+03	7.7627476131e+01	
85	1.7782794100e+03	7.6628026371e+01	
86	1.9952623150e+03	7.5628215174e+01	
87	2.2387211386e+03	7.4628040042e+01	
88	2.5118864315e+03	7.3627472195e+01	
89	2.8183829313e+03	7.2626451265e+01	
90	3.1622776602e+03	7.1624876421e+01	
91	3.5481338923e+03	7.0622592591e+01	
92	3.9810717055e+03	6.9619369917e+01	
93	4.4668359215e+03	6.8614873990e+01	
94	5.0118723363e+03	6.7608623767e+01	
95	5.6234132519e+03	6.6599933701e+01	
96	6.3095734448e+03	6.5587836824e+01	
97	7.0794578438e+03	6.4570986914e+01	
98	7.9432823472e+03	6.3547541339e+01	
99	8.9125093813e+03	6.2515032306e+01	
100	1.0000000000e+04	6.1470243458e+01	
101	1.1220184543e+04	6.0409119724e+01	
102	1.2589254118e+04	5.9326748138e+01	
103	1.4125375446e+04	5.8217450701e+01	
104	1.5848931925e+04	5.7075021860e+01	
105	1.7782794100e+04	5.5893120042e+01	
106	1.9952623150e+04	5.4665788039e+01	
107	2.2387211386e+04	5.3388040598e+01	
108	2.5118864315e+04	5.2056432327e+01	
109	2.8183829313e+04	5.0669515265e+01	
110	3.1622776602e+04	4.9228115724e+01	
111	3.5481338923e+04	4.7735397992e+01	
112	3.9810717055e+04	4.6196725637e+01	

Index   frequency       psrr_db         
--------------------------------------------------------------------------------
113	4.4668359215e+04	4.4619366044e+01	
114	5.0118723363e+04	4.3012100904e+01	
115	5.6234132519e+04	4.1384802391e+01	
116	6.3095734448e+04	3.9748016749e+01	
117	7.0794578438e+04	3.8112573050e+01	
118	7.9432823472e+04	3.6489214637e+01	
119	8.9125093813e+04	3.4888240951e+01	
120	1.0000000000e+05	3.3319150712e+01	
121	1.1220184543e+05	3.1790291826e+01	
122	1.2589254118e+05	3.0308543287e+01	
123	1.4125375446e+05	2.8879071963e+01	
124	1.5848931925e+05	2.7505216158e+01	
125	1.7782794100e+05	2.6188547517e+01	
126	1.9952623150e+05	2.4929160507e+01	
127	2.2387211386e+05	2.3726248291e+01	
128	2.5118864315e+05	2.2579057982e+01	
129	2.8183829313e+05	2.1488377019e+01	
130	3.1622776602e+05	2.0458753431e+01	
131	3.5481338923e+05	1.9501597324e+01	
132	3.9810717055e+05	1.8638928092e+01	
133	4.4668359215e+05	1.7906477245e+01	
134	5.0118723363e+05	1.7353043571e+01	
135	5.6234132519e+05	1.7031851283e+01	
136	6.3095734448e+05	1.6983032343e+01	
137	7.0794578438e+05	1.7215813418e+01	
138	7.9432823472e+05	1.7704756721e+01	
139	8.9125093813e+05	1.8404430897e+01	
140	1.0000000000e+06	1.9271368944e+01	
141	1.1220184543e+06	2.0280688090e+01	
142	1.2589254118e+06	2.1434591659e+01	
143	1.4125375446e+06	2.2767441002e+01	
144	1.5848931925e+06	2.4354363035e+01	
145	1.7782794100e+06	2.6332776159e+01	
146	1.9952623150e+06	2.8954173248e+01	
147	2.2387211386e+06	3.2670367937e+01	
148	2.5118864315e+06	3.7268612746e+01	
149	2.8183829313e+06	3.5450638179e+01	
150	3.1622776602e+06	3.0382113480e+01	
151	3.5481338923e+06	2.6643056755e+01	
152	3.9810717055e+06	2.3849971933e+01	
153	4.4668359215e+06	2.1637767788e+01	
154	5.0118723363e+06	1.9810970552e+01	
155	5.6234132519e+06	1.8260038552e+01	
156	6.3095734448e+06	1.6919774019e+01	
157	7.0794578438e+06	1.5749717252e+01	
158	7.9432823472e+06	1.4723882623e+01	
159	8.9125093813e+06	1.3824685654e+01	
160	1.0000000000e+07	1.3039043603e+01	
m_psrr_1hz_db = 1.0692446305e+02
m_psrr_1khz_db = 8.1620880912e+01
m_psrr_10hz_db = 1.0678148907e+02
m_psrr_100hz_db = 1.0050936575e+02
m_psrr_10khz_db = 6.1470243458e+01
m_psrr_100khz_db = 3.3319150712e+01
m_psrr_1mhz_db = 1.9271368944e+01
m_vref_op = 1.2393408051e+00
m_f_dc_hz = 1.0000000000e+00
m_f_band_edge_hz = 1.0000000000e+03
Note: Simulation executed from .control section 

Warning: m=xx on .subckt line will override multiplier m hierarchy!

Warning : IC on non-existent node - xdut.xx1.casc, ignored
   Please check line .ic v(xdut.fb)=1.0 v(xdut.sns1)=0.6 v(xdut.sns2)=0.6 v(vref)=1.2 v(xdut.ibias)=0.6 v(xdut.xx1.casc)=1.8

Note: Starting dynamic gmin stepping
Note: Dynamic gmin stepping completed
Note: Starting dynamic gmin stepping
Note: Dynamic gmin stepping completed
