
Note: Compatibility modes selected: hs a


Circuit: * psrr-dc @ tt_27c_3.63v -- generated by sim/harness, do not edit

Doing analysis at TEMP = 27.000000 and TNOM = 27.000000

Using SPARSE 1.3 as Direct Linear Solver
 Reference value :  0.00000e+00
No. of Data Rows : 1
Doing analysis at TEMP = 27.000000 and TNOM = 27.000000

Using SPARSE 1.3 as Direct Linear Solver

No. of Data Rows : 161
       * psrr-dc @ tt_27c_3.63v -- generated by sim/harness, do not edit
       AC Analysis  Sun Aug  2 23:35:49  2026
--------------------------------------------------------------------------------
Index   frequency       psrr_db         
--------------------------------------------------------------------------------
0	1.0000000000e-01	8.2238209810e+01	
1	1.1220184543e-01	8.2238209800e+01	
2	1.2589254118e-01	8.2238209788e+01	
3	1.4125375446e-01	8.2238209773e+01	
4	1.5848931925e-01	8.2238209754e+01	
5	1.7782794100e-01	8.2238209731e+01	
6	1.9952623150e-01	8.2238209701e+01	
7	2.2387211386e-01	8.2238209663e+01	
8	2.5118864315e-01	8.2238209615e+01	
9	2.8183829313e-01	8.2238209555e+01	
10	3.1622776602e-01	8.2238209479e+01	
11	3.5481338923e-01	8.2238209384e+01	
12	3.9810717055e-01	8.2238209264e+01	
13	4.4668359215e-01	8.2238209114e+01	
14	5.0118723363e-01	8.2238208924e+01	
15	5.6234132519e-01	8.2238208685e+01	
16	6.3095734448e-01	8.2238208384e+01	
17	7.0794578438e-01	8.2238208005e+01	
18	7.9432823472e-01	8.2238207528e+01	
19	8.9125093813e-01	8.2238206928e+01	
20	1.0000000000e+00	8.2238206171e+01	
21	1.1220184543e+00	8.2238205220e+01	
22	1.2589254118e+00	8.2238204024e+01	
23	1.4125375446e+00	8.2238202515e+01	
24	1.5848931925e+00	8.2238200614e+01	
25	1.7782794100e+00	8.2238198223e+01	
26	1.9952623150e+00	8.2238195214e+01	
27	2.2387211386e+00	8.2238191425e+01	
28	2.5118864315e+00	8.2238186656e+01	
29	2.8183829313e+00	8.2238180651e+01	
30	3.1622776602e+00	8.2238173093e+01	
31	3.5481338923e+00	8.2238163576e+01	
32	3.9810717055e+00	8.2238151597e+01	
33	4.4668359215e+00	8.2238136513e+01	
34	5.0118723363e+00	8.2238117525e+01	
35	5.6234132519e+00	8.2238093622e+01	
36	6.3095734448e+00	8.2238063526e+01	
37	7.0794578438e+00	8.2238025643e+01	
38	7.9432823472e+00	8.2237977942e+01	
39	8.9125093813e+00	8.2237917902e+01	
40	1.0000000000e+01	8.2237842313e+01	
41	1.1220184543e+01	8.2237747155e+01	
42	1.2589254118e+01	8.2237627357e+01	
43	1.4125375446e+01	8.2237476546e+01	
44	1.5848931925e+01	8.2237286700e+01	
45	1.7782794100e+01	8.2237047703e+01	
46	1.9952623150e+01	8.2236746841e+01	
47	2.2387211386e+01	8.2236368115e+01	
48	2.5118864315e+01	8.2235891365e+01	
49	2.8183829313e+01	8.2235291254e+01	
50	3.1622776602e+01	8.2234535877e+01	
51	3.5481338923e+01	8.2233585097e+01	
52	3.9810717055e+01	8.2232388435e+01	
53	4.4668359215e+01	8.2230882397e+01	
54	5.0118723363e+01	8.2228987143e+01	

Index   frequency       psrr_db         
--------------------------------------------------------------------------------
55	5.6234132519e+01	8.2226602345e+01	
56	6.3095734448e+01	8.2223601921e+01	
57	7.0794578438e+01	8.2219827551e+01	
58	7.9432823472e+01	8.2215080570e+01	
59	8.9125093813e+01	8.2209111843e+01	
60	1.0000000000e+02	8.2201609317e+01	
61	1.1220184543e+02	8.2192182597e+01	
62	1.2589254118e+02	8.2180344102e+01	
63	1.4125375446e+02	8.2165486072e+01	
64	1.5848931925e+02	8.2146852965e+01	
65	1.7782794100e+02	8.2123508435e+01	
66	1.9952623150e+02	8.2094296830e+01	
67	2.2387211386e+02	8.2057798952e+01	
68	2.5118864315e+02	8.2012282986e+01	
69	2.8183829313e+02	8.1955652237e+01	
70	3.1622776602e+02	8.1885393176e+01	
71	3.5481338923e+02	8.1798529367e+01	
72	3.9810717055e+02	8.1691589686e+01	
73	4.4668359215e+02	8.1560602309e+01	
74	5.0118723363e+02	8.1401128680e+01	
75	5.6234132519e+02	8.1208352614e+01	
76	6.3095734448e+02	8.0977237754e+01	
77	7.0794578438e+02	8.0702759328e+01	
78	7.9432823472e+02	8.0380203271e+01	
79	8.9125093813e+02	8.0005508177e+01	
80	1.0000000000e+03	7.9575607251e+01	
81	1.1220184543e+03	7.9088715772e+01	
82	1.2589254118e+03	7.8544510469e+01	
83	1.4125375446e+03	7.7944164407e+01	
84	1.5848931925e+03	7.7290230002e+01	
85	1.7782794100e+03	7.6586394635e+01	
86	1.9952623150e+03	7.5837156461e+01	
87	2.2387211386e+03	7.5047476320e+01	
88	2.5118864315e+03	7.4222454657e+01	
89	2.8183829313e+03	7.3367065943e+01	
90	3.1622776602e+03	7.2485964304e+01	
91	3.5481338923e+03	7.1583358225e+01	
92	3.9810717055e+03	7.0662942067e+01	
93	4.4668359215e+03	6.9727867226e+01	
94	5.0118723363e+03	6.8780734910e+01	
95	5.6234132519e+03	6.7823593871e+01	
96	6.3095734448e+03	6.6857928967e+01	
97	7.0794578438e+03	6.5884629732e+01	
98	7.9432823472e+03	6.4903932360e+01	
99	8.9125093813e+03	6.3915334523e+01	
100	1.0000000000e+04	6.2917490722e+01	
101	1.1220184543e+04	6.1908106424e+01	
102	1.2589254118e+04	6.0883860197e+01	
103	1.4125375446e+04	5.9840391037e+01	
104	1.5848931925e+04	5.8772388263e+01	
105	1.7782794100e+04	5.7673810345e+01	
106	1.9952623150e+04	5.6538237259e+01	
107	2.2387211386e+04	5.5359333731e+01	
108	2.5118864315e+04	5.4131376227e+01	
109	2.8183829313e+04	5.2849781772e+01	
110	3.1622776602e+04	5.1511573999e+01	
111	3.5481338923e+04	5.0115730407e+01	
112	3.9810717055e+04	4.8663372241e+01	

Index   frequency       psrr_db         
--------------------------------------------------------------------------------
113	4.4668359215e+04	4.7157782584e+01	
114	5.0118723363e+04	4.5604265538e+01	
115	5.6234132519e+04	4.4009883700e+01	
116	6.3095734448e+04	4.2383125400e+01	
117	7.0794578438e+04	4.0733553105e+01	
118	7.9432823472e+04	3.9071470879e+01	
119	8.9125093813e+04	3.7407627743e+01	
120	1.0000000000e+05	3.5752952779e+01	
121	1.1220184543e+05	3.4118303888e+01	
122	1.2589254118e+05	3.2514209323e+01	
123	1.4125375446e+05	3.0950591025e+01	
124	1.5848931925e+05	2.9436480208e+01	
125	1.7782794100e+05	2.7979764618e+01	
126	1.9952623150e+05	2.6587038006e+01	
127	2.2387211386e+05	2.5263649582e+01	
128	2.5118864315e+05	2.4014070270e+01	
129	2.8183829313e+05	2.2842697959e+01	
130	3.1622776602e+05	2.1755200121e+01	
131	3.5481338923e+05	2.0760394098e+01	
132	3.9810717055e+05	1.9872404545e+01	
133	4.4668359215e+05	1.9112314546e+01	
134	5.0118723363e+05	1.8507813902e+01	
135	5.6234132519e+05	1.8089064870e+01	
136	6.3095734448e+05	1.7880411360e+01	
137	7.0794578438e+05	1.7891112998e+01	
138	7.9432823472e+05	1.8111160162e+01	
139	8.9125093813e+05	1.8515987205e+01	
140	1.0000000000e+06	1.9077588420e+01	
141	1.1220184543e+06	1.9775956286e+01	
142	1.2589254118e+06	2.0606835983e+01	
143	1.4125375446e+06	2.1585764368e+01	
144	1.5848931925e+06	2.2750536867e+01	
145	1.7782794100e+06	2.4164050396e+01	
146	1.9952623150e+06	2.5915534766e+01	
147	2.2387211386e+06	2.8094818151e+01	
148	2.5118864315e+06	3.0575141600e+01	
149	2.8183829313e+06	3.2068189713e+01	
150	3.1622776602e+06	3.0589708177e+01	
151	3.5481338923e+06	2.7658113514e+01	
152	3.9810717055e+06	2.4920302043e+01	
153	4.4668359215e+06	2.2631195150e+01	
154	5.0118723363e+06	2.0718775144e+01	
155	5.6234132519e+06	1.9094300538e+01	
156	6.3095734448e+06	1.7692298307e+01	
157	7.0794578438e+06	1.6468612324e+01	
158	7.9432823472e+06	1.5394242694e+01	
159	8.9125093813e+06	1.4449995110e+01	
160	1.0000000000e+07	1.3622320172e+01	
m_psrr_1hz_db = 8.2238206171e+01
m_psrr_1khz_db = 7.9575607251e+01
m_psrr_10hz_db = 8.2237842313e+01
m_psrr_100hz_db = 8.2201609317e+01
m_psrr_10khz_db = 6.2917490722e+01
m_psrr_100khz_db = 3.5752952779e+01
m_psrr_1mhz_db = 1.9077588420e+01
m_vref_op = 1.2335989887e+00
m_f_dc_hz = 1.0000000000e+00
m_f_band_edge_hz = 1.0000000000e+03
Note: Simulation executed from .control section 

Warning: m=xx on .subckt line will override multiplier m hierarchy!

Warning : IC on non-existent node - xdut.xx1.casc, ignored
   Please check line .ic v(xdut.fb)=1.0 v(xdut.sns1)=0.6 v(xdut.sns2)=0.6 v(vref)=1.2 v(xdut.ibias)=0.6 v(xdut.xx1.casc)=1.8

Note: Starting dynamic gmin stepping
Note: Dynamic gmin stepping completed
Note: Starting dynamic gmin stepping
Note: Dynamic gmin stepping completed
