
Note: No compatibility mode selected!


Circuit: * line-regulation @ fs_-40c_3.30v -- generated by sim/harness, do not edit

Doing analysis at TEMP = -40.000000 and TNOM = 27.000000

Using SPARSE 1.3 as Direct Linear Solver
 Reference value :  2.97000e+00
 Reference value :  2.98500e+00
 Reference value :  3.00500e+00
 Reference value :  3.02000e+00
 Reference value :  3.03500e+00
 Reference value :  3.05500e+00
 Reference value :  3.07500e+00
 Reference value :  3.09500e+00
 Reference value :  3.11500e+00
 Reference value :  3.13500e+00
 Reference value :  3.15000e+00
 Reference value :  3.17000e+00
 Reference value :  3.18500e+00
 Reference value :  3.20500e+00
 Reference value :  3.22000e+00
 Reference value :  3.23500e+00
 Reference value :  3.25000e+00
 Reference value :  3.26500e+00
 Reference value :  3.28500e+00
 Reference value :  3.30000e+00
 Reference value :  3.32000e+00
 Reference value :  3.33500e+00
 Reference value :  3.35500e+00
 Reference value :  3.37500e+00
 Reference value :  3.39000e+00
 Reference value :  3.41000e+00
 Reference value :  3.43000e+00
 Reference value :  3.45000e+00
 Reference value :  3.47000e+00
 Reference value :  3.48500e+00
 Reference value :  3.50500e+00
 Reference value :  3.52000e+00
 Reference value :  3.53500e+00
 Reference value :  3.55000e+00
 Reference value :  3.57000e+00
 Reference value :  3.58500e+00
 Reference value :  3.60500e+00
 Reference value :  3.62500e+00
No. of Data Rows : 133
m_linereg_mv_per_v = 9.3040840167e-03
m_vref_min = 1.1904215844e+00
m_vref_max = 1.1904277251e+00
m_vref_lo = 1.1904273834e+00
m_vref_hi = 1.1904215844e+00
m_v_lo_check = 2.9700000000e+00
m_v_hi_check = 3.6300000000e+00
m_sweep_points = 1.3300000000e+02
Note: Simulation executed from .control section 

Warning : IC on non-existent node - xdut.xx1.casc, ignored
   Please check line .ic v(xdut.fb)=1.0 v(xdut.sns1)=0.6 v(xdut.sns2)=0.6 v(vref)=1.2 v(xdut.ibias)=0.6 v(xdut.xx1.casc)=1.8

Note: Starting dynamic gmin stepping
Note: Dynamic gmin stepping completed
