
Note: No compatibility mode selected!


Circuit: * line-regulation @ res_ff_-40c_3.30v -- generated by sim/harness, do not edit

Doing analysis at TEMP = -40.000000 and TNOM = 27.000000

Using SPARSE 1.3 as Direct Linear Solver
 Reference value :  2.97000e+00
 Reference value :  2.98500e+00
 Reference value :  3.00000e+00
 Reference value :  3.02000e+00
 Reference value :  3.04000e+00
 Reference value :  3.06000e+00
 Reference value :  3.07500e+00
 Reference value :  3.09000e+00
 Reference value :  3.11000e+00
 Reference value :  3.13000e+00
 Reference value :  3.14500e+00
 Reference value :  3.16500e+00
 Reference value :  3.18500e+00
 Reference value :  3.20000e+00
 Reference value :  3.21500e+00
 Reference value :  3.23000e+00
 Reference value :  3.24500e+00
 Reference value :  3.26500e+00
 Reference value :  3.28000e+00
 Reference value :  3.29500e+00
 Reference value :  3.31000e+00
 Reference value :  3.33000e+00
 Reference value :  3.34500e+00
 Reference value :  3.36500e+00
 Reference value :  3.38500e+00
 Reference value :  3.40000e+00
 Reference value :  3.42000e+00
 Reference value :  3.43500e+00
 Reference value :  3.45500e+00
 Reference value :  3.47500e+00
 Reference value :  3.49000e+00
 Reference value :  3.50500e+00
 Reference value :  3.52000e+00
 Reference value :  3.53500e+00
 Reference value :  3.55500e+00
 Reference value :  3.57000e+00
 Reference value :  3.58500e+00
 Reference value :  3.60000e+00
 Reference value :  3.61500e+00
 Reference value :  3.63000e+00
No. of Data Rows : 133
m_linereg_mv_per_v = 7.1532625311e-03
m_vref_min = 1.1962098393e+00
m_vref_max = 1.1962145605e+00
m_vref_lo = 1.1962142035e+00
m_vref_hi = 1.1962098393e+00
m_v_lo_check = 2.9700000000e+00
m_v_hi_check = 3.6300000000e+00
m_sweep_points = 1.3300000000e+02
Note: Simulation executed from .control section 

Warning : IC on non-existent node - xdut.xx1.casc, ignored
   Please check line .ic v(xdut.fb)=1.0 v(xdut.sns1)=0.6 v(xdut.sns2)=0.6 v(vref)=1.2 v(xdut.ibias)=0.6 v(xdut.xx1.casc)=1.8

Note: Starting dynamic gmin stepping
Note: Dynamic gmin stepping completed
