
Note: Compatibility modes selected: hs a


Circuit: * psrr-dc @ bjt_ss_125c_3.30v -- generated by sim/harness, do not edit

Doing analysis at TEMP = 125.000000 and TNOM = 27.000000

Using SPARSE 1.3 as Direct Linear Solver
 Reference value :  0.00000e+00
No. of Data Rows : 1
Doing analysis at TEMP = 125.000000 and TNOM = 27.000000

Using SPARSE 1.3 as Direct Linear Solver

No. of Data Rows : 161
     * psrr-dc @ bjt_ss_125c_3.30v -- generated by sim/harness, do not edit
     AC Analysis  Sun Aug 16 07:52:27  2026
--------------------------------------------------------------------------------
Index   frequency       psrr_db         
--------------------------------------------------------------------------------
0	1.0000000000e-01	1.0744723835e+02	
1	1.1220184543e-01	1.0744723810e+02	
2	1.2589254118e-01	1.0744723777e+02	
3	1.4125375446e-01	1.0744723741e+02	
4	1.5848931925e-01	1.0744723693e+02	
5	1.7782794100e-01	1.0744723633e+02	
6	1.9952623150e-01	1.0744723556e+02	
7	2.2387211386e-01	1.0744723459e+02	
8	2.5118864315e-01	1.0744723338e+02	
9	2.8183829313e-01	1.0744723186e+02	
10	3.1622776602e-01	1.0744722992e+02	
11	3.5481338923e-01	1.0744722752e+02	
12	3.9810717055e-01	1.0744722447e+02	
13	4.4668359215e-01	1.0744722065e+02	
14	5.0118723363e-01	1.0744721583e+02	
15	5.6234132519e-01	1.0744720975e+02	
16	6.3095734448e-01	1.0744720211e+02	
17	7.0794578438e-01	1.0744719249e+02	
18	7.9432823472e-01	1.0744718036e+02	
19	8.9125093813e-01	1.0744716512e+02	
20	1.0000000000e+00	1.0744714592e+02	
21	1.1220184543e+00	1.0744712175e+02	
22	1.2589254118e+00	1.0744709132e+02	
23	1.4125375446e+00	1.0744705301e+02	
24	1.5848931925e+00	1.0744700477e+02	
25	1.7782794100e+00	1.0744694406e+02	
26	1.9952623150e+00	1.0744686764e+02	
27	2.2387211386e+00	1.0744677141e+02	
28	2.5118864315e+00	1.0744665027e+02	
29	2.8183829313e+00	1.0744649780e+02	
30	3.1622776602e+00	1.0744630582e+02	
31	3.5481338923e+00	1.0744606415e+02	
32	3.9810717055e+00	1.0744575994e+02	
33	4.4668359215e+00	1.0744537698e+02	
34	5.0118723363e+00	1.0744489493e+02	
35	5.6234132519e+00	1.0744428811e+02	
36	6.3095734448e+00	1.0744352430e+02	
37	7.0794578438e+00	1.0744256290e+02	
38	7.9432823472e+00	1.0744135289e+02	
39	8.9125093813e+00	1.0743983004e+02	
40	1.0000000000e+01	1.0743791365e+02	
41	1.1220184543e+01	1.0743550219e+02	
42	1.2589254118e+01	1.0743246827e+02	
43	1.4125375446e+01	1.0742865173e+02	
44	1.5848931925e+01	1.0743106462e+02	
45	1.7782794100e+01	1.0742501999e+02	
46	1.9952623150e+01	1.0741742204e+02	
47	2.2387211386e+01	1.0740787535e+02	
48	2.5118864315e+01	1.0739588613e+02	
49	2.8183829313e+01	1.0738798168e+02	
50	3.1622776602e+01	1.0736908270e+02	
51	3.5481338923e+01	1.0734540497e+02	
52	3.9810717055e+01	1.0732281698e+02	
53	4.4668359215e+01	1.0729273454e+02	
54	5.0118723363e+01	1.0725336178e+02	

Index   frequency       psrr_db         
--------------------------------------------------------------------------------
55	5.6234132519e+01	1.0720252191e+02	
56	6.3095734448e+01	1.0714436077e+02	
57	7.0794578438e+01	1.0706214500e+02	
58	7.9432823472e+01	1.0696561035e+02	
59	8.9125093813e+01	1.0685010170e+02	
60	1.0000000000e+02	1.0671028861e+02	
61	1.1220184543e+02	1.0654023050e+02	
62	1.2589254118e+02	1.0633353321e+02	
63	1.4125375446e+02	1.0608894044e+02	
64	1.5848931925e+02	1.0579903704e+02	
65	1.7782794100e+02	1.0545687454e+02	
66	1.9952623150e+02	1.0505864653e+02	
67	2.2387211386e+02	1.0461085045e+02	
68	2.5118864315e+02	1.0410511823e+02	
69	2.8183829313e+02	1.0353776808e+02	
70	3.1622776602e+02	1.0291820186e+02	
71	3.5481338923e+02	1.0225816856e+02	
72	3.9810717055e+02	1.0153207906e+02	
73	4.4668359215e+02	1.0076730097e+02	
74	5.0118723363e+02	9.9959676298e+01	
75	5.6234132519e+02	9.9120387654e+01	
76	6.3095734448e+02	9.8260889591e+01	
77	7.0794578438e+02	9.7364485376e+01	
78	7.9432823472e+02	9.6454428373e+01	
79	8.9125093813e+02	9.5520846778e+01	
80	1.0000000000e+03	9.4578167576e+01	
81	1.1220184543e+03	9.3623013214e+01	
82	1.2589254118e+03	9.2658293003e+01	
83	1.4125375446e+03	9.1681883243e+01	
84	1.5848931925e+03	9.0701068441e+01	
85	1.7782794100e+03	8.9714176481e+01	
86	1.9952623150e+03	8.8720418664e+01	
87	2.2387211386e+03	8.7723987302e+01	
88	2.5118864315e+03	8.6720141253e+01	
89	2.8183829313e+03	8.5712677029e+01	
90	3.1622776602e+03	8.4698437870e+01	
91	3.5481338923e+03	8.3679417944e+01	
92	3.9810717055e+03	8.2652401259e+01	
93	4.4668359215e+03	8.1617497052e+01	
94	5.0118723363e+03	8.0572366838e+01	
95	5.6234132519e+03	7.9515741444e+01	
96	6.3095734448e+03	7.8445546699e+01	
97	7.0794578438e+03	7.7358055901e+01	
98	7.9432823472e+03	7.6251323919e+01	
99	8.9125093813e+03	7.5121532985e+01	
100	1.0000000000e+04	7.3964829266e+01	
101	1.1220184543e+04	7.2777632105e+01	
102	1.2589254118e+04	7.1555954387e+01	
103	1.4125375446e+04	7.0296436498e+01	
104	1.5848931925e+04	6.8996766366e+01	
105	1.7782794100e+04	6.7654006115e+01	
106	1.9952623150e+04	6.6268300199e+01	
107	2.2387211386e+04	6.4839667490e+01	
108	2.5118864315e+04	6.3371061666e+01	
109	2.8183829313e+04	6.1866894537e+01	
110	3.1622776602e+04	6.0333162312e+01	
111	3.5481338923e+04	5.8777757209e+01	
112	3.9810717055e+04	5.7209894665e+01	

Index   frequency       psrr_db         
--------------------------------------------------------------------------------
113	4.4668359215e+04	5.5639155805e+01	
114	5.0118723363e+04	5.4075952051e+01	
115	5.6234132519e+04	5.2530431476e+01	
116	6.3095734448e+04	5.1011808656e+01	
117	7.0794578438e+04	4.9528202908e+01	
118	7.9432823472e+04	4.8086249519e+01	
119	8.9125093813e+04	4.6690729790e+01	
120	1.0000000000e+05	4.5344463860e+01	
121	1.1220184543e+05	4.4048392149e+01	
122	1.2589254118e+05	4.2801822888e+01	
123	1.4125375446e+05	4.1602713056e+01	
124	1.5848931925e+05	4.0448164087e+01	
125	1.7782794100e+05	3.9334843197e+01	
126	1.9952623150e+05	3.8259574814e+01	
127	2.2387211386e+05	3.7219898092e+01	
128	2.5118864315e+05	3.6214820608e+01	
129	2.8183829313e+05	3.5245724884e+01	
130	3.1622776602e+05	3.4317532120e+01	
131	3.5481338923e+05	3.3440291621e+01	
132	3.9810717055e+05	3.2631192488e+01	
133	4.4668359215e+05	3.1916808690e+01	
134	5.0118723363e+05	3.1334499702e+01	
135	5.6234132519e+05	3.0929885719e+01	
136	6.3095734448e+05	3.0744223385e+01	
137	7.0794578438e+05	3.0783867225e+01	
138	7.9432823472e+05	3.0972081265e+01	
139	8.9125093813e+05	3.1114427585e+01	
140	1.0000000000e+06	3.0954994307e+01	
141	1.1220184543e+06	3.0350267169e+01	
142	1.2589254118e+06	2.9372288120e+01	
143	1.4125375446e+06	2.8198952852e+01	
144	1.5848931925e+06	2.6974231932e+01	
145	1.7782794100e+06	2.5773302648e+01	
146	1.9952623150e+06	2.4623694231e+01	
147	2.2387211386e+06	2.3528848918e+01	
148	2.5118864315e+06	2.2482024662e+01	
149	2.8183829313e+06	2.1473211308e+01	
150	3.1622776602e+06	2.0492522648e+01	
151	3.5481338923e+06	1.9531945045e+01	
152	3.9810717055e+06	1.8586254589e+01	
153	4.4668359215e+06	1.7653367055e+01	
154	5.0118723363e+06	1.6734207650e+01	
155	5.6234132519e+06	1.5832180061e+01	
156	6.3095734448e+06	1.4952372920e+01	
157	7.0794578438e+06	1.4100707029e+01	
158	7.9432823472e+06	1.3283214302e+01	
159	8.9125093813e+06	1.2505558260e+01	
160	1.0000000000e+07	1.1772783630e+01	
m_psrr_1hz_db = 1.0744714592e+02
m_psrr_1khz_db = 9.4578167576e+01
m_psrr_10hz_db = 1.0743791365e+02
m_psrr_100hz_db = 1.0671028861e+02
m_psrr_10khz_db = 7.3964829266e+01
m_psrr_100khz_db = 4.5344463860e+01
m_psrr_1mhz_db = 3.0954994307e+01
m_vref_op = 1.2099989774e+00
m_f_dc_hz = 1.0000000000e+00
m_f_band_edge_hz = 1.0000000000e+03
Note: Simulation executed from .control section 

Warning: m=xx on .subckt line will override multiplier m hierarchy!

Warning : IC on non-existent node - xdut.xx1.casc, ignored
   Please check line .ic v(xdut.fb)=1.0 v(xdut.sns1)=0.6 v(xdut.sns2)=0.6 v(vref)=1.2 v(xdut.ibias)=0.6 v(xdut.xx1.casc)=1.8

Note: Starting dynamic gmin stepping
Note: Dynamic gmin stepping completed
Note: Starting dynamic gmin stepping
Note: Dynamic gmin stepping completed
