
Note: Compatibility modes selected: hs a


Circuit: * psrr-dc @ bjt_ss_125c_3.63v -- generated by sim/harness, do not edit

Doing analysis at TEMP = 125.000000 and TNOM = 27.000000

Using SPARSE 1.3 as Direct Linear Solver
 Reference value :  0.00000e+00
No. of Data Rows : 1
Doing analysis at TEMP = 125.000000 and TNOM = 27.000000

Using SPARSE 1.3 as Direct Linear Solver

No. of Data Rows : 161
     * psrr-dc @ bjt_ss_125c_3.63v -- generated by sim/harness, do not edit
     AC Analysis  Sun Aug 16 07:52:27  2026
--------------------------------------------------------------------------------
Index   frequency       psrr_db         
--------------------------------------------------------------------------------
0	1.0000000000e-01	8.1236325474e+01	
1	1.1220184543e-01	8.1236325472e+01	
2	1.2589254118e-01	8.1236325468e+01	
3	1.4125375446e-01	8.1236325464e+01	
4	1.5848931925e-01	8.1236325460e+01	
5	1.7782794100e-01	8.1236325453e+01	
6	1.9952623150e-01	8.1236325445e+01	
7	2.2387211386e-01	8.1236325436e+01	
8	2.5118864315e-01	8.1236325423e+01	
9	2.8183829313e-01	8.1236325407e+01	
10	3.1622776602e-01	8.1236325388e+01	
11	3.5481338923e-01	8.1236325362e+01	
12	3.9810717055e-01	8.1236325331e+01	
13	4.4668359215e-01	8.1236325291e+01	
14	5.0118723363e-01	8.1236325242e+01	
15	5.6234132519e-01	8.1236325179e+01	
16	6.3095734448e-01	8.1236325100e+01	
17	7.0794578438e-01	8.1236325001e+01	
18	7.9432823472e-01	8.1236324876e+01	
19	8.9125093813e-01	8.1236324717e+01	
20	1.0000000000e+00	8.1236324519e+01	
21	1.1220184543e+00	8.1236324268e+01	
22	1.2589254118e+00	8.1236323955e+01	
23	1.4125375446e+00	8.1236323559e+01	
24	1.5848931925e+00	8.1236323060e+01	
25	1.7782794100e+00	8.1236322433e+01	
26	1.9952623150e+00	8.1236321643e+01	
27	2.2387211386e+00	8.1236320649e+01	
28	2.5118864315e+00	8.1236319397e+01	
29	2.8183829313e+00	8.1236317821e+01	
30	3.1622776602e+00	8.1236315838e+01	
31	3.5481338923e+00	8.1236313340e+01	
32	3.9810717055e+00	8.1236310195e+01	
33	4.4668359215e+00	8.1236306237e+01	
34	5.0118723363e+00	8.1236301253e+01	
35	5.6234132519e+00	8.1236294979e+01	
36	6.3095734448e+00	8.1236287081e+01	
37	7.0794578438e+00	8.1236277137e+01	
38	7.9432823472e+00	8.1236264619e+01	
39	8.9125093813e+00	8.1236248859e+01	
40	1.0000000000e+01	8.1236229019e+01	
41	1.1220184543e+01	8.1236204042e+01	
42	1.2589254118e+01	8.1236172599e+01	
43	1.4125375446e+01	8.1236133014e+01	
44	1.5848931925e+01	8.1236083179e+01	
45	1.7782794100e+01	8.1236020442e+01	
46	1.9952623150e+01	8.1235941461e+01	
47	2.2387211386e+01	8.1236196447e+01	
48	2.5118864315e+01	8.1236071269e+01	
49	2.8183829313e+01	8.1235913683e+01	
50	3.1622776602e+01	8.1235715298e+01	
51	3.5481338923e+01	8.1235819951e+01	
52	3.9810717055e+01	8.1235859936e+01	
53	4.4668359215e+01	8.1235464123e+01	
54	5.0118723363e+01	8.1235320223e+01	

Index   frequency       psrr_db         
--------------------------------------------------------------------------------
55	5.6234132519e+01	8.1235401679e+01	
56	6.3095734448e+01	8.1235320716e+01	
57	7.0794578438e+01	8.1235035291e+01	
58	7.9432823472e+01	8.1234492510e+01	
59	8.9125093813e+01	8.1234334362e+01	
60	1.0000000000e+02	8.1233414130e+01	
61	1.1220184543e+02	8.1232689094e+01	
62	1.2589254118e+02	8.1232026281e+01	
63	1.4125375446e+02	8.1230550295e+01	
64	1.5848931925e+02	8.1229113076e+01	
65	1.7782794100e+02	8.1227095903e+01	
66	1.9952623150e+02	8.1224696628e+01	
67	2.2387211386e+02	8.1221496497e+01	
68	2.5118864315e+02	8.1217852486e+01	
69	2.8183829313e+02	8.1213102204e+01	
70	3.1622776602e+02	8.1207119619e+01	
71	3.5481338923e+02	8.1201500441e+01	
72	3.9810717055e+02	8.1191059468e+01	
73	4.4668359215e+02	8.1178727525e+01	
74	5.0118723363e+02	8.1164190436e+01	
75	5.6234132519e+02	8.1145212756e+01	
76	6.3095734448e+02	8.1123263826e+01	
77	7.0794578438e+02	8.1092578854e+01	
78	7.9432823472e+02	8.1057973327e+01	
79	8.9125093813e+02	8.1010628503e+01	
80	1.0000000000e+03	8.0956250229e+01	
81	1.1220184543e+03	8.0885759598e+01	
82	1.2589254118e+03	8.0798620889e+01	
83	1.4125375446e+03	8.0692269153e+01	
84	1.5848931925e+03	8.0561325805e+01	
85	1.7782794100e+03	8.0402214032e+01	
86	1.9952623150e+03	8.0207876803e+01	
87	2.2387211386e+03	7.9975859676e+01	
88	2.5118864315e+03	7.9700895175e+01	
89	2.8183829313e+03	7.9373942041e+01	
90	3.1622776602e+03	7.8995040490e+01	
91	3.5481338923e+03	7.8556363919e+01	
92	3.9810717055e+03	7.8059129506e+01	
93	4.4668359215e+03	7.7497955026e+01	
94	5.0118723363e+03	7.6875009498e+01	
95	5.6234132519e+03	7.6190724453e+01	
96	6.3095734448e+03	7.5447419601e+01	
97	7.0794578438e+03	7.4647846073e+01	
98	7.9432823472e+03	7.3793813355e+01	
99	8.9125093813e+03	7.2888504887e+01	
100	1.0000000000e+04	7.1933817453e+01	
101	1.1220184543e+04	7.0931521703e+01	
102	1.2589254118e+04	6.9882216701e+01	
103	1.4125375446e+04	6.8786295077e+01	
104	1.5848931925e+04	6.7643795461e+01	
105	1.7782794100e+04	6.6454244866e+01	
106	1.9952623150e+04	6.5217378740e+01	
107	2.2387211386e+04	6.3933975224e+01	
108	2.5118864315e+04	6.2605195978e+01	
109	2.8183829313e+04	6.1234379076e+01	
110	3.1622776602e+04	5.9825663065e+01	
111	3.5481338923e+04	5.8385680758e+01	
112	3.9810717055e+04	5.6922133456e+01	

Index   frequency       psrr_db         
--------------------------------------------------------------------------------
113	4.4668359215e+04	5.5444362917e+01	
114	5.0118723363e+04	5.3962549544e+01	
115	5.6234132519e+04	5.2486969307e+01	
116	6.3095734448e+04	5.1027667428e+01	
117	7.0794578438e+04	4.9593714166e+01	
118	7.9432823472e+04	4.8192772148e+01	
119	8.9125093813e+04	4.6830654810e+01	
120	1.0000000000e+05	4.5511238034e+01	
121	1.1220184543e+05	4.4236412574e+01	
122	1.2589254118e+05	4.3006348421e+01	
123	1.4125375446e+05	4.1819801334e+01	
124	1.5848931925e+05	4.0674529484e+01	
125	1.7782794100e+05	3.9567850647e+01	
126	1.9952623150e+05	3.8497112382e+01	
127	2.2387211386e+05	3.7460359587e+01	
128	2.5118864315e+05	3.6457023893e+01	
129	2.8183829313e+05	3.5488859350e+01	
130	3.1622776602e+05	3.4561086315e+01	
131	3.5481338923e+05	3.3684007544e+01	
132	3.9810717055e+05	3.2874998812e+01	
133	4.4668359215e+05	3.2160777140e+01	
134	5.0118723363e+05	3.1578817070e+01	
135	5.6234132519e+05	3.1174838420e+01	
136	6.3095734448e+05	3.0990177298e+01	
137	7.0794578438e+05	3.1031138139e+01	
138	7.9432823472e+05	3.1220507843e+01	
139	8.9125093813e+05	3.1362634019e+01	
140	1.0000000000e+06	3.1200285925e+01	
141	1.1220184543e+06	3.0590329979e+01	
142	1.2589254118e+06	2.9606874969e+01	
143	1.4125375446e+06	2.8429345902e+01	
144	1.5848931925e+06	2.7201952925e+01	
145	1.7782794100e+06	2.5999516212e+01	
146	1.9952623150e+06	2.4849143240e+01	
147	2.2387211386e+06	2.3753944929e+01	
148	2.5118864315e+06	2.2706931892e+01	
149	2.8183829313e+06	2.1697909072e+01	
150	3.1622776602e+06	2.0716841125e+01	
151	3.5481338923e+06	1.9755599182e+01	
152	3.9810717055e+06	1.8808869998e+01	
153	4.4668359215e+06	1.7874505450e+01	
154	5.0118723363e+06	1.6953391002e+01	
155	5.6234132519e+06	1.6048908867e+01	
156	6.3095734448e+06	1.5166137564e+01	
157	7.0794578438e+06	1.4310996644e+01	
158	7.9432823472e+06	1.3489522650e+01	
159	8.9125093813e+06	1.2707394065e+01	
160	1.0000000000e+07	1.1969686382e+01	
m_psrr_1hz_db = 8.1236324519e+01
m_psrr_1khz_db = 8.0956250229e+01
m_psrr_10hz_db = 8.1236229019e+01
m_psrr_100hz_db = 8.1233414130e+01
m_psrr_10khz_db = 7.1933817453e+01
m_psrr_100khz_db = 4.5511238034e+01
m_psrr_1mhz_db = 3.1200285925e+01
m_vref_op = 1.2099884336e+00
m_f_dc_hz = 1.0000000000e+00
m_f_band_edge_hz = 1.0000000000e+03
Note: Simulation executed from .control section 

Warning: m=xx on .subckt line will override multiplier m hierarchy!

Warning : IC on non-existent node - xdut.xx1.casc, ignored
   Please check line .ic v(xdut.fb)=1.0 v(xdut.sns1)=0.6 v(xdut.sns2)=0.6 v(vref)=1.2 v(xdut.ibias)=0.6 v(xdut.xx1.casc)=1.8

Note: Starting dynamic gmin stepping
Note: Dynamic gmin stepping completed
Note: Starting dynamic gmin stepping
Note: Dynamic gmin stepping completed
