
Note: Compatibility modes selected: hs a


Circuit: * psrr-dc @ fs_125c_3.63v -- generated by sim/harness, do not edit

Doing analysis at TEMP = 125.000000 and TNOM = 27.000000

Using SPARSE 1.3 as Direct Linear Solver
 Reference value :  0.00000e+00
No. of Data Rows : 1
Doing analysis at TEMP = 125.000000 and TNOM = 27.000000

Using SPARSE 1.3 as Direct Linear Solver

No. of Data Rows : 161
       * psrr-dc @ fs_125c_3.63v -- generated by sim/harness, do not edit
       AC Analysis  Sun Aug 16 07:52:16  2026
--------------------------------------------------------------------------------
Index   frequency       psrr_db         
--------------------------------------------------------------------------------
0	1.0000000000e-01	8.1982561260e+01	
1	1.1220184543e-01	8.1982561257e+01	
2	1.2589254118e-01	8.1982561255e+01	
3	1.4125375446e-01	8.1982561251e+01	
4	1.5848931925e-01	8.1982561246e+01	
5	1.7782794100e-01	8.1982561239e+01	
6	1.9952623150e-01	8.1982561231e+01	
7	2.2387211386e-01	8.1982561222e+01	
8	2.5118864315e-01	8.1982561210e+01	
9	2.8183829313e-01	8.1982561194e+01	
10	3.1622776602e-01	8.1982561174e+01	
11	3.5481338923e-01	8.1982561149e+01	
12	3.9810717055e-01	8.1982561118e+01	
13	4.4668359215e-01	8.1982561078e+01	
14	5.0118723363e-01	8.1982561029e+01	
15	5.6234132519e-01	8.1982560967e+01	
16	6.3095734448e-01	8.1982560889e+01	
17	7.0794578438e-01	8.1982560791e+01	
18	7.9432823472e-01	8.1982560667e+01	
19	8.9125093813e-01	8.1982560510e+01	
20	1.0000000000e+00	8.1982560314e+01	
21	1.1220184543e+00	8.1982560066e+01	
22	1.2589254118e+00	8.1982559754e+01	
23	1.4125375446e+00	8.1982559361e+01	
24	1.5848931925e+00	8.1982558867e+01	
25	1.7782794100e+00	8.1982558245e+01	
26	1.9952623150e+00	8.1982557462e+01	
27	2.2387211386e+00	8.1982556477e+01	
28	2.5118864315e+00	8.1982555236e+01	
29	2.8183829313e+00	8.1982553674e+01	
30	3.1622776602e+00	8.1982551707e+01	
31	3.5481338923e+00	8.1982549230e+01	
32	3.9810717055e+00	8.1982546114e+01	
33	4.4668359215e+00	8.1982542189e+01	
34	5.0118723363e+00	8.1982537248e+01	
35	5.6234132519e+00	8.1982531029e+01	
36	6.3095734448e+00	8.1982523199e+01	
37	7.0794578438e+00	8.1982513342e+01	
38	7.9432823472e+00	8.1982500932e+01	
39	8.9125093813e+00	8.1982485309e+01	
40	1.0000000000e+01	8.1982465641e+01	
41	1.1220184543e+01	8.1982440881e+01	
42	1.2589254118e+01	8.1982409709e+01	
43	1.4125375446e+01	8.1982370467e+01	
44	1.5848931925e+01	8.1982321065e+01	
45	1.7782794100e+01	8.1982258871e+01	
46	1.9952623150e+01	8.1982541419e+01	
47	2.2387211386e+01	8.1982442846e+01	
48	2.5118864315e+01	8.1982318752e+01	
49	2.8183829313e+01	8.1982162531e+01	
50	3.1622776602e+01	8.1982326696e+01	
51	3.5481338923e+01	8.1982079105e+01	
52	3.9810717055e+01	8.1982128237e+01	
53	4.4668359215e+01	8.1981735852e+01	
54	5.0118723363e+01	8.1981602691e+01	

Index   frequency       psrr_db         
--------------------------------------------------------------------------------
55	5.6234132519e+01	8.1981702427e+01	
56	6.3095734448e+01	8.1981280370e+01	
57	7.0794578438e+01	8.1981016419e+01	
58	7.9432823472e+01	8.1980497346e+01	
59	8.9125093813e+01	8.1980017852e+01	
60	1.0000000000e+02	8.1979494780e+01	
61	1.1220184543e+02	8.1978823487e+01	
62	1.2589254118e+02	8.1977511776e+01	
63	1.4125375446e+02	8.1976115152e+01	
64	1.5848931925e+02	8.1974785381e+01	
65	1.7782794100e+02	8.1972899615e+01	
66	1.9952623150e+02	8.1970308118e+01	
67	2.2387211386e+02	8.1967675754e+01	
68	2.5118864315e+02	8.1963580716e+01	
69	2.8183829313e+02	8.1958805776e+01	
70	3.1622776602e+02	8.1952526126e+01	
71	3.5481338923e+02	8.1947112093e+01	
72	3.9810717055e+02	8.1936602389e+01	
73	4.4668359215e+02	8.1924739884e+01	
74	5.0118723363e+02	8.1909832334e+01	
75	5.6234132519e+02	8.1890390271e+01	
76	6.3095734448e+02	8.1869057054e+01	
77	7.0794578438e+02	8.1838300247e+01	
78	7.9432823472e+02	8.1802820129e+01	
79	8.9125093813e+02	8.1755899803e+01	
80	1.0000000000e+03	8.1700783575e+01	
81	1.1220184543e+03	8.1629876910e+01	
82	1.2589254118e+03	8.1543268107e+01	
83	1.4125375446e+03	8.1435913764e+01	
84	1.5848931925e+03	8.1304015854e+01	
85	1.7782794100e+03	8.1144500146e+01	
86	1.9952623150e+03	8.0949618906e+01	
87	2.2387211386e+03	8.0717959893e+01	
88	2.5118864315e+03	8.0439302311e+01	
89	2.8183829313e+03	8.0112136078e+01	
90	3.1622776602e+03	7.9729918423e+01	
91	3.5481338923e+03	7.9290114688e+01	
92	3.9810717055e+03	7.8788346883e+01	
93	4.4668359215e+03	7.8224680904e+01	
94	5.0118723363e+03	7.7597822939e+01	
95	5.6234132519e+03	7.6909736004e+01	
96	6.3095734448e+03	7.6161023116e+01	
97	7.0794578438e+03	7.5354438970e+01	
98	7.9432823472e+03	7.4492634383e+01	
99	8.9125093813e+03	7.3578172061e+01	
100	1.0000000000e+04	7.2613186382e+01	
101	1.1220184543e+04	7.1597918947e+01	
102	1.2589254118e+04	7.0533456391e+01	
103	1.4125375446e+04	6.9420109070e+01	
104	1.5848931925e+04	6.8257564975e+01	
105	1.7782794100e+04	6.7045175381e+01	
106	1.9952623150e+04	6.5782872167e+01	
107	2.2387211386e+04	6.4470907793e+01	
108	2.5118864315e+04	6.3111088571e+01	
109	2.8183829313e+04	6.1706420286e+01	
110	3.1622776602e+04	6.0261195035e+01	
111	3.5481338923e+04	5.8782302745e+01	
112	3.9810717055e+04	5.7277511080e+01	

Index   frequency       psrr_db         
--------------------------------------------------------------------------------
113	4.4668359215e+04	5.5756182661e+01	
114	5.0118723363e+04	5.4228609054e+01	
115	5.6234132519e+04	5.2705559780e+01	
116	6.3095734448e+04	5.1197489666e+01	
117	7.0794578438e+04	4.9714163357e+01	
118	7.9432823472e+04	4.8264211102e+01	
119	8.9125093813e+04	4.6854489898e+01	
120	1.0000000000e+05	4.5490077890e+01	
121	1.1220184543e+05	4.4173981879e+01	
122	1.2589254118e+05	4.2907289899e+01	
123	1.4125375446e+05	4.1689571692e+01	
124	1.5848931925e+05	4.0519053758e+01	
125	1.7782794100e+05	3.9393295276e+01	
126	1.9952623150e+05	3.8309693294e+01	
127	2.2387211386e+05	3.7266207672e+01	
128	2.5118864315e+05	3.6262126729e+01	
129	2.8183829313e+05	3.5299006343e+01	
130	3.1622776602e+05	3.4381865859e+01	
131	3.5481338923e+05	3.3520657385e+01	
132	3.9810717055e+05	3.2732094674e+01	
133	4.4668359215e+05	3.2041552948e+01	
134	5.0118723363e+05	3.1484102372e+01	
135	5.6234132519e+05	3.1101864075e+01	
136	6.3095734448e+05	3.0932426854e+01	
137	7.0794578438e+05	3.0981054857e+01	
138	7.9432823472e+05	3.1175165879e+01	
139	8.9125093813e+05	3.1326238449e+01	
140	1.0000000000e+06	3.1174679440e+01	
141	1.1220184543e+06	3.0563250423e+01	
142	1.2589254118e+06	2.9559740432e+01	
143	1.4125375446e+06	2.8352188743e+01	
144	1.5848931925e+06	2.7095665927e+01	
145	1.7782794100e+06	2.5870783354e+01	
146	1.9952623150e+06	2.4706142876e+01	
147	2.2387211386e+06	2.3604197316e+01	
148	2.5118864315e+06	2.2556449480e+01	
149	2.8183829313e+06	2.1550953897e+01	
150	3.1622776602e+06	2.0575978320e+01	
151	3.5481338923e+06	1.9621921239e+01	
152	3.9810717055e+06	1.8682338086e+01	
153	4.4668359215e+06	1.7754351462e+01	
154	5.0118723363e+06	1.6838522362e+01	
155	5.6234132519e+06	1.5938249169e+01	
156	6.3095734448e+06	1.5058860521e+01	
157	7.0794578438e+06	1.4206623030e+01	
158	7.9432823472e+06	1.3387903983e+01	
159	8.9125093813e+06	1.2608618593e+01	
160	1.0000000000e+07	1.1873962831e+01	
m_psrr_1hz_db = 8.1982560314e+01
m_psrr_1khz_db = 8.1700783575e+01
m_psrr_10hz_db = 8.1982465641e+01
m_psrr_100hz_db = 8.1979494780e+01
m_psrr_10khz_db = 7.2613186382e+01
m_psrr_100khz_db = 4.5490077890e+01
m_psrr_1mhz_db = 3.1174679440e+01
m_vref_op = 1.1979645332e+00
m_f_dc_hz = 1.0000000000e+00
m_f_band_edge_hz = 1.0000000000e+03
Note: Simulation executed from .control section 

Warning: m=xx on .subckt line will override multiplier m hierarchy!

Warning : IC on non-existent node - xdut.xx1.casc, ignored
   Please check line .ic v(xdut.fb)=1.0 v(xdut.sns1)=0.6 v(xdut.sns2)=0.6 v(vref)=1.2 v(xdut.ibias)=0.6 v(xdut.xx1.casc)=1.8

Note: Starting dynamic gmin stepping
Note: Dynamic gmin stepping completed
Note: Starting dynamic gmin stepping
Note: Dynamic gmin stepping completed
