
Note: Compatibility modes selected: hs a


Circuit: * psrr-dc @ res_ff_27c_3.63v -- generated by sim/harness, do not edit

Doing analysis at TEMP = 27.000000 and TNOM = 27.000000

Using SPARSE 1.3 as Direct Linear Solver
 Reference value :  0.00000e+00
No. of Data Rows : 1
Doing analysis at TEMP = 27.000000 and TNOM = 27.000000

Using SPARSE 1.3 as Direct Linear Solver

No. of Data Rows : 161
     * psrr-dc @ res_ff_27c_3.63v -- generated by sim/harness, do not edit
     AC Analysis  Sun Aug 16 07:52:21  2026
--------------------------------------------------------------------------------
Index   frequency       psrr_db         
--------------------------------------------------------------------------------
0	1.0000000000e-01	8.8619474009e+01	
1	1.1220184543e-01	8.8619474005e+01	
2	1.2589254118e-01	8.8619473998e+01	
3	1.4125375446e-01	8.8619473992e+01	
4	1.5848931925e-01	8.8619473983e+01	
5	1.7782794100e-01	8.8619473970e+01	
6	1.9952623150e-01	8.8619473956e+01	
7	2.2387211386e-01	8.8619473939e+01	
8	2.5118864315e-01	8.8619473917e+01	
9	2.8183829313e-01	8.8619473888e+01	
10	3.1622776602e-01	8.8619473851e+01	
11	3.5481338923e-01	8.8619473807e+01	
12	3.9810717055e-01	8.8619473751e+01	
13	4.4668359215e-01	8.8619473681e+01	
14	5.0118723363e-01	8.8619473590e+01	
15	5.6234132519e-01	8.8619473479e+01	
16	6.3095734448e-01	8.8619473336e+01	
17	7.0794578438e-01	8.8619473157e+01	
18	7.9432823472e-01	8.8619472932e+01	
19	8.9125093813e-01	8.8619472649e+01	
20	1.0000000000e+00	8.8619472293e+01	
21	1.1220184543e+00	8.8619471843e+01	
22	1.2589254118e+00	8.8619471279e+01	
23	1.4125375446e+00	8.8619470566e+01	
24	1.5848931925e+00	8.8619469671e+01	
25	1.7782794100e+00	8.8619468541e+01	
26	1.9952623150e+00	8.8619467124e+01	
27	2.2387211386e+00	8.8619465336e+01	
28	2.5118864315e+00	8.8619463085e+01	
29	2.8183829313e+00	8.8619460253e+01	
30	3.1622776602e+00	8.8619456686e+01	
31	3.5481338923e+00	8.8619452198e+01	
32	3.9810717055e+00	8.8619446546e+01	
33	4.4668359215e+00	8.8619439430e+01	
34	5.0118723363e+00	8.8619430472e+01	
35	5.6234132519e+00	8.8619419194e+01	
36	6.3095734448e+00	8.8619404997e+01	
37	7.0794578438e+00	8.8619387124e+01	
38	7.9432823472e+00	8.8619364622e+01	
39	8.9125093813e+00	8.8619336296e+01	
40	1.0000000000e+01	8.8619300636e+01	
41	1.1220184543e+01	8.8619255741e+01	
42	1.2589254118e+01	8.8619807031e+01	
43	1.4125375446e+01	8.8619735872e+01	
44	1.5848931925e+01	8.8619646291e+01	
45	1.7782794100e+01	8.8619533518e+01	
46	1.9952623150e+01	8.8619391546e+01	
47	2.2387211386e+01	8.8619212821e+01	
48	2.5118864315e+01	8.8618987828e+01	
49	2.8183829313e+01	8.8619312338e+01	
50	3.1622776602e+01	8.8618955750e+01	
51	3.5481338923e+01	8.8618506866e+01	
52	3.9810717055e+01	8.8618549466e+01	
53	4.4668359215e+01	8.8618445748e+01	
54	5.0118723363e+01	8.8617550253e+01	

Index   frequency       psrr_db         
--------------------------------------------------------------------------------
55	5.6234132519e+01	8.8617030585e+01	
56	6.3095734448e+01	8.8616826610e+01	
57	7.0794578438e+01	8.8616255283e+01	
58	7.9432823472e+01	8.8615828936e+01	
59	8.9125093813e+01	8.8614213464e+01	
60	1.0000000000e+02	8.8613080033e+01	
61	1.1220184543e+02	8.8611025171e+01	
62	1.2589254118e+02	8.8608417941e+01	
63	1.4125375446e+02	8.8605565241e+01	
64	1.5848931925e+02	8.8602090096e+01	
65	1.7782794100e+02	8.8596914287e+01	
66	1.9952623150e+02	8.8590957049e+01	
67	2.2387211386e+02	8.8583471458e+01	
68	2.5118864315e+02	8.8573823815e+01	
69	2.8183829313e+02	8.8561445241e+01	
70	3.1622776602e+02	8.8547268065e+01	
71	3.5481338923e+02	8.8528553147e+01	
72	3.9810717055e+02	8.8507179288e+01	
73	4.4668359215e+02	8.8477906199e+01	
74	5.0118723363e+02	8.8441340404e+01	
75	5.6234132519e+02	8.8396597812e+01	
76	6.3095734448e+02	8.8343148356e+01	
77	7.0794578438e+02	8.8271189975e+01	
78	7.9432823472e+02	8.8184313869e+01	
79	8.9125093813e+02	8.8078178883e+01	
80	1.0000000000e+03	8.7948793053e+01	
81	1.1220184543e+03	8.7791280870e+01	
82	1.2589254118e+03	8.7597836878e+01	
83	1.4125375446e+03	8.7367051112e+01	
84	1.5848931925e+03	8.7092645013e+01	
85	1.7782794100e+03	8.6773217782e+01	
86	1.9952623150e+03	8.6396619654e+01	
87	2.2387211386e+03	8.5965413346e+01	
88	2.5118864315e+03	8.5474619936e+01	
89	2.8183829313e+03	8.4925769581e+01	
90	3.1622776602e+03	8.4318813941e+01	
91	3.5481338923e+03	8.3653942357e+01	
92	3.9810717055e+03	8.2935421442e+01	
93	4.4668359215e+03	8.2166566564e+01	
94	5.0118723363e+03	8.1352110549e+01	
95	5.6234132519e+03	8.0494305400e+01	
96	6.3095734448e+03	7.9598077157e+01	
97	7.0794578438e+03	7.8665903069e+01	
98	7.9432823472e+03	7.7699422611e+01	
99	8.9125093813e+03	7.6700193757e+01	
100	1.0000000000e+04	7.5668870466e+01	
101	1.1220184543e+04	7.4605090900e+01	
102	1.2589254118e+04	7.3507956888e+01	
103	1.4125375446e+04	7.2375824570e+01	
104	1.5848931925e+04	7.1206512120e+01	
105	1.7782794100e+04	6.9998194078e+01	
106	1.9952623150e+04	6.8748326047e+01	
107	2.2387211386e+04	6.7455391161e+01	
108	2.5118864315e+04	6.6118466066e+01	
109	2.8183829313e+04	6.4737620781e+01	
110	3.1622776602e+04	6.3314397861e+01	
111	3.5481338923e+04	6.1852419633e+01	
112	3.9810717055e+04	6.0356687052e+01	

Index   frequency       psrr_db         
--------------------------------------------------------------------------------
113	4.4668359215e+04	5.8834413496e+01	
114	5.0118723363e+04	5.7294063398e+01	
115	5.6234132519e+04	5.5745247508e+01	
116	6.3095734448e+04	5.4198321601e+01	
117	7.0794578438e+04	5.2663686864e+01	
118	7.9432823472e+04	5.1151402116e+01	
119	8.9125093813e+04	4.9670521403e+01	
120	1.0000000000e+05	4.8228642039e+01	
121	1.1220184543e+05	4.6831630311e+01	
122	1.2589254118e+05	4.5483422368e+01	
123	1.4125375446e+05	4.4185920904e+01	
124	1.5848931925e+05	4.2939277247e+01	
125	1.7782794100e+05	4.1742113508e+01	
126	1.9952623150e+05	4.0592042288e+01	
127	2.2387211386e+05	3.9486233234e+01	
128	2.5118864315e+05	3.8422064516e+01	
129	2.8183829313e+05	3.7397951296e+01	
130	3.1622776602e+05	3.6414255966e+01	
131	3.5481338923e+05	3.5474463465e+01	
132	3.9810717055e+05	3.4586633703e+01	
133	4.4668359215e+05	3.3765244544e+01	
134	5.0118723363e+05	3.3033336823e+01	
135	5.6234132519e+05	3.2424286814e+01	
136	6.3095734448e+05	3.1981273437e+01	
137	7.0794578438e+05	3.1750030741e+01	
138	7.9432823472e+05	3.1757922549e+01	
139	8.9125093813e+05	3.1973696015e+01	
140	1.0000000000e+06	3.2256902105e+01	
141	1.1220184543e+06	3.2349187519e+01	
142	1.2589254118e+06	3.1998624144e+01	
143	1.4125375446e+06	3.1160817650e+01	
144	1.5848931925e+06	3.0003529121e+01	
145	1.7782794100e+06	2.8725083633e+01	
146	1.9952623150e+06	2.7448473616e+01	
147	2.2387211386e+06	2.6226195913e+01	
148	2.5118864315e+06	2.5071465187e+01	
149	2.8183829313e+06	2.3979780527e+01	
150	3.1622776602e+06	2.2939844988e+01	
151	3.5481338923e+06	2.1938743779e+01	
152	3.9810717055e+06	2.0964592683e+01	
153	4.4668359215e+06	2.0008071680e+01	
154	5.0118723363e+06	1.9063311697e+01	
155	5.6234132519e+06	1.8128202517e+01	
156	6.3095734448e+06	1.7204127635e+01	
157	7.0794578438e+06	1.6295199574e+01	
158	7.9432823472e+06	1.5407220202e+01	
159	8.9125093813e+06	1.4546646845e+01	
160	1.0000000000e+07	1.3719810873e+01	
m_psrr_1hz_db = 8.8619472293e+01
m_psrr_1khz_db = 8.7948793053e+01
m_psrr_10hz_db = 8.8619300636e+01
m_psrr_100hz_db = 8.8613080033e+01
m_psrr_10khz_db = 7.5668870466e+01
m_psrr_100khz_db = 4.8228642039e+01
m_psrr_1mhz_db = 3.2256902105e+01
m_vref_op = 1.2059272863e+00
m_f_dc_hz = 1.0000000000e+00
m_f_band_edge_hz = 1.0000000000e+03
Note: Simulation executed from .control section 

Warning: m=xx on .subckt line will override multiplier m hierarchy!

Warning : IC on non-existent node - xdut.xx1.casc, ignored
   Please check line .ic v(xdut.fb)=1.0 v(xdut.sns1)=0.6 v(xdut.sns2)=0.6 v(vref)=1.2 v(xdut.ibias)=0.6 v(xdut.xx1.casc)=1.8

Note: Starting dynamic gmin stepping
Note: Dynamic gmin stepping completed
Note: Starting dynamic gmin stepping
Note: Dynamic gmin stepping completed
