
Note: Compatibility modes selected: hs a


Circuit: * psrr-dc @ res_ss_-40c_2.97v -- generated by sim/harness, do not edit

Doing analysis at TEMP = -40.000000 and TNOM = 27.000000

Using SPARSE 1.3 as Direct Linear Solver
 Reference value :  0.00000e+00
No. of Data Rows : 1
Doing analysis at TEMP = -40.000000 and TNOM = 27.000000

Using SPARSE 1.3 as Direct Linear Solver

No. of Data Rows : 161
     * psrr-dc @ res_ss_-40c_2.97v -- generated by sim/harness, do not edit
     AC Analysis  Sun Aug 16 07:52:21  2026
--------------------------------------------------------------------------------
Index   frequency       psrr_db         
--------------------------------------------------------------------------------
0	1.0000000000e-01	1.1334461555e+02	
1	1.1220184543e-01	1.1334461461e+02	
2	1.2589254118e-01	1.1334461344e+02	
3	1.4125375446e-01	1.1334461196e+02	
4	1.5848931925e-01	1.1334461010e+02	
5	1.7782794100e-01	1.1334460784e+02	
6	1.9952623150e-01	1.1334460492e+02	
7	2.2387211386e-01	1.1334460123e+02	
8	2.5118864315e-01	1.1334459659e+02	
9	2.8183829313e-01	1.1334459080e+02	
10	3.1622776602e-01	1.1334458348e+02	
11	3.5481338923e-01	1.1334457423e+02	
12	3.9810717055e-01	1.1334456260e+02	
13	4.4668359215e-01	1.1334454803e+02	
14	5.0118723363e-01	1.1334452960e+02	
15	5.6234132519e-01	1.1334450645e+02	
16	6.3095734448e-01	1.1334447727e+02	
17	7.0794578438e-01	1.1334444053e+02	
18	7.9432823472e-01	1.1334439429e+02	
19	8.9125093813e-01	1.1334433610e+02	
20	1.0000000000e+00	1.1334426285e+02	
21	1.1220184543e+00	1.1334417062e+02	
22	1.2589254118e+00	1.1334405450e+02	
23	1.4125375446e+00	1.1334390832e+02	
24	1.5848931925e+00	1.1334372428e+02	
25	1.7782794100e+00	1.1334349264e+02	
26	1.9952623150e+00	1.1334320100e+02	
27	2.2387211386e+00	1.1334283392e+02	
28	2.5118864315e+00	1.1334237180e+02	
29	2.8183829313e+00	1.1334179013e+02	
30	3.1622776602e+00	1.1334105792e+02	
31	3.5481338923e+00	1.1334013634e+02	
32	3.9810717055e+00	1.1333897635e+02	
33	4.4668359215e+00	1.1333751649e+02	
34	5.0118723363e+00	1.1333567931e+02	
35	5.6234132519e+00	1.1333336758e+02	
36	6.3095734448e+00	1.1333045903e+02	
37	7.0794578438e+00	1.1332680013e+02	
38	7.9432823472e+00	1.1332219818e+02	
39	8.9125093813e+00	1.1331641158e+02	
40	1.0000000000e+01	1.1330913756e+02	
41	1.1220184543e+01	1.1329999740e+02	
42	1.2589254118e+01	1.1328851783e+02	
43	1.4125375446e+01	1.1327410872e+02	
44	1.5848931925e+01	1.1325603621e+02	
45	1.7782794100e+01	1.1323339033e+02	
46	1.9952623150e+01	1.1320504710e+02	
47	2.2387211386e+01	1.1316962525e+02	
48	2.5118864315e+01	1.1311202725e+02	
49	2.8183829313e+01	1.1305720317e+02	
50	3.1622776602e+01	1.1298914996e+02	
51	3.5481338923e+01	1.1289221896e+02	
52	3.9810717055e+01	1.1278880431e+02	
53	4.4668359215e+01	1.1264996879e+02	
54	5.0118723363e+01	1.1248426600e+02	

Index   frequency       psrr_db         
--------------------------------------------------------------------------------
55	5.6234132519e+01	1.1228712768e+02	
56	6.3095734448e+01	1.1204327250e+02	
57	7.0794578438e+01	1.1175962046e+02	
58	7.9432823472e+01	1.1143170141e+02	
59	8.9125093813e+01	1.1104722777e+02	
60	1.0000000000e+02	1.1061290365e+02	
61	1.1220184543e+02	1.1011326955e+02	
62	1.2589254118e+02	1.0955810727e+02	
63	1.4125375446e+02	1.0894990404e+02	
64	1.5848931925e+02	1.0828542974e+02	
65	1.7782794100e+02	1.0757526712e+02	
66	1.9952623150e+02	1.0681344724e+02	
67	2.2387211386e+02	1.0601788097e+02	
68	2.5118864315e+02	1.0518769081e+02	
69	2.8183829313e+02	1.0431598312e+02	
70	3.1622776602e+02	1.0343325193e+02	
71	3.5481338923e+02	1.0252585190e+02	
72	3.9810717055e+02	1.0160162566e+02	
73	4.4668359215e+02	1.0066180603e+02	
74	5.0118723363e+02	9.9706748548e+01	
75	5.6234132519e+02	9.8746924413e+01	
76	6.3095734448e+02	9.7775777239e+01	
77	7.0794578438e+02	9.6801387282e+01	
78	7.9432823472e+02	9.5819310709e+01	
79	8.9125093813e+02	9.4833590248e+01	
80	1.0000000000e+03	9.3844252661e+01	
81	1.1220184543e+03	9.2851512245e+01	
82	1.2589254118e+03	9.1856109681e+01	
83	1.4125375446e+03	9.0858295231e+01	
84	1.5848931925e+03	8.9858087420e+01	
85	1.7782794100e+03	8.8855500102e+01	
86	1.9952623150e+03	8.7850533790e+01	
87	2.2387211386e+03	8.6842602786e+01	
88	2.5118864315e+03	8.5831553268e+01	
89	2.8183829313e+03	8.4817065780e+01	
90	3.1622776602e+03	8.3797827383e+01	
91	3.5481338923e+03	8.2773802583e+01	
92	3.9810717055e+03	8.1742981363e+01	
93	4.4668359215e+03	8.0704282956e+01	
94	5.0118723363e+03	7.9656257683e+01	
95	5.6234132519e+03	7.8596776229e+01	
96	6.3095734448e+03	7.7523579415e+01	
97	7.0794578438e+03	7.6433950892e+01	
98	7.9432823472e+03	7.5325097566e+01	
99	8.9125093813e+03	7.4193638850e+01	
100	1.0000000000e+04	7.3036351616e+01	
101	1.1220184543e+04	7.1848956175e+01	
102	1.2589254118e+04	7.0628775396e+01	
103	1.4125375446e+04	6.9371387637e+01	
104	1.5848931925e+04	6.8074414483e+01	
105	1.7782794100e+04	6.6735152431e+01	
106	1.9952623150e+04	6.5351876905e+01	
107	2.2387211386e+04	6.3924241250e+01	
108	2.5118864315e+04	6.2453340111e+01	
109	2.8183829313e+04	6.0941851926e+01	
110	3.1622776602e+04	5.9394185228e+01	
111	3.5481338923e+04	5.7816803432e+01	
112	3.9810717055e+04	5.6217387423e+01	

Index   frequency       psrr_db         
--------------------------------------------------------------------------------
113	4.4668359215e+04	5.4604843066e+01	
114	5.0118723363e+04	5.2989450153e+01	
115	5.6234132519e+04	5.1381631627e+01	
116	6.3095734448e+04	4.9792216031e+01	
117	7.0794578438e+04	4.8231547915e+01	
118	7.9432823472e+04	4.6709438287e+01	
119	8.9125093813e+04	4.5234289466e+01	
120	1.0000000000e+05	4.3813014724e+01	
121	1.1220184543e+05	4.2450438747e+01	
122	1.2589254118e+05	4.1149181880e+01	
123	1.4125375446e+05	3.9909739818e+01	
124	1.5848931925e+05	3.8730547848e+01	
125	1.7782794100e+05	3.7608582925e+01	
126	1.9952623150e+05	3.6540005864e+01	
127	2.2387211386e+05	3.5521106893e+01	
128	2.5118864315e+05	3.4549353018e+01	
129	2.8183829313e+05	3.3624600629e+01	
130	3.1622776602e+05	3.2750363376e+01	
131	3.5481338923e+05	3.1935238031e+01	
132	3.9810717055e+05	3.1194392118e+01	
133	4.4668359215e+05	3.0550929749e+01	
134	5.0118723363e+05	3.0036263772e+01	
135	5.6234132519e+05	2.9687472827e+01	
136	6.3095734448e+05	2.9537738288e+01	
137	7.0794578438e+05	2.9594419549e+01	
138	7.9432823472e+05	2.9801756579e+01	
139	8.9125093813e+05	3.0001627103e+01	
140	1.0000000000e+06	2.9948635352e+01	
141	1.1220184543e+06	2.9448413900e+01	
142	1.2589254118e+06	2.8514850866e+01	
143	1.4125375446e+06	2.7323992963e+01	
144	1.5848931925e+06	2.6051142548e+01	
145	1.7782794100e+06	2.4798059807e+01	
146	1.9952623150e+06	2.3605515146e+01	
147	2.2387211386e+06	2.2481255733e+01	
148	2.5118864315e+06	2.1418499829e+01	
149	2.8183829313e+06	2.0405441293e+01	
150	3.1622776602e+06	1.9429908312e+01	
151	3.5481338923e+06	1.8481762912e+01	
152	3.9810717055e+06	1.7554193841e+01	
153	4.4668359215e+06	1.6644266647e+01	
154	5.0118723363e+06	1.5752807151e+01	
155	5.6234132519e+06	1.4883701928e+01	
156	6.3095734448e+06	1.4042812039e+01	
157	7.0794578438e+06	1.3236799618e+01	
158	7.9432823472e+06	1.2472151316e+01	
159	8.9125093813e+06	1.1754540072e+01	
160	1.0000000000e+07	1.1088498670e+01	
m_psrr_1hz_db = 1.1334426285e+02
m_psrr_1khz_db = 9.3844252661e+01
m_psrr_10hz_db = 1.1330913756e+02
m_psrr_100hz_db = 1.1061290365e+02
m_psrr_10khz_db = 7.3036351616e+01
m_psrr_100khz_db = 4.3813014724e+01
m_psrr_1mhz_db = 2.9948635352e+01
m_vref_op = 1.1905658149e+00
m_f_dc_hz = 1.0000000000e+00
m_f_band_edge_hz = 1.0000000000e+03
Note: Simulation executed from .control section 

Warning: m=xx on .subckt line will override multiplier m hierarchy!

Warning : IC on non-existent node - xdut.xx1.casc, ignored
   Please check line .ic v(xdut.fb)=1.0 v(xdut.sns1)=0.6 v(xdut.sns2)=0.6 v(vref)=1.2 v(xdut.ibias)=0.6 v(xdut.xx1.casc)=1.8

Note: Starting dynamic gmin stepping
Note: Dynamic gmin stepping completed
Note: Starting dynamic gmin stepping
Note: Dynamic gmin stepping completed
