
Note: Compatibility modes selected: hs a


Circuit: * psrr-dc @ tt_-40c_3.30v -- generated by sim/harness, do not edit

Doing analysis at TEMP = -40.000000 and TNOM = 27.000000

Using SPARSE 1.3 as Direct Linear Solver
 Reference value :  0.00000e+00
No. of Data Rows : 1
Doing analysis at TEMP = -40.000000 and TNOM = 27.000000

Using SPARSE 1.3 as Direct Linear Solver

No. of Data Rows : 161
       * psrr-dc @ tt_-40c_3.30v -- generated by sim/harness, do not edit
       AC Analysis  Sun Aug 16 07:52:10  2026
--------------------------------------------------------------------------------
Index   frequency       psrr_db         
--------------------------------------------------------------------------------
0	1.0000000000e-01	1.1760531363e+02	
1	1.1220184543e-01	1.1760531178e+02	
2	1.2589254118e-01	1.1760530938e+02	
3	1.4125375446e-01	1.1760530644e+02	
4	1.5848931925e-01	1.1760530269e+02	
5	1.7782794100e-01	1.1760529795e+02	
6	1.9952623150e-01	1.1760529203e+02	
7	2.2387211386e-01	1.1760528454e+02	
8	2.5118864315e-01	1.1760527509e+02	
9	2.8183829313e-01	1.1760526329e+02	
10	3.1622776602e-01	1.1760524830e+02	
11	3.5481338923e-01	1.1760522946e+02	
12	3.9810717055e-01	1.1760520579e+02	
13	4.4668359215e-01	1.1760517596e+02	
14	5.0118723363e-01	1.1760513841e+02	
15	5.6234132519e-01	1.1760509116e+02	
16	6.3095734448e-01	1.1760503171e+02	
17	7.0794578438e-01	1.1760495677e+02	
18	7.9432823472e-01	1.1760486249e+02	
19	8.9125093813e-01	1.1760474387e+02	
20	1.0000000000e+00	1.1760459446e+02	
21	1.1220184543e+00	1.1760440635e+02	
22	1.2589254118e+00	1.1760416953e+02	
23	1.4125375446e+00	1.1760387149e+02	
24	1.5848931925e+00	1.1760349621e+02	
25	1.7782794100e+00	1.1760302390e+02	
26	1.9952623150e+00	1.1760242929e+02	
27	2.2387211386e+00	1.1760168087e+02	
28	2.5118864315e+00	1.1760073884e+02	
29	2.8183829313e+00	1.1759955322e+02	
30	3.1622776602e+00	1.1759806109e+02	
31	3.5481338923e+00	1.1759618326e+02	
32	3.9810717055e+00	1.1759382040e+02	
33	4.4668359215e+00	1.1759084760e+02	
34	5.0118723363e+00	1.1758710792e+02	
35	5.6234132519e+00	1.1758240454e+02	
36	6.3095734448e+00	1.1757649056e+02	
37	7.0794578438e+00	1.1756905668e+02	
38	7.9432823472e+00	1.1755971595e+02	
39	8.9125093813e+00	1.1754798515e+02	
40	1.0000000000e+01	1.1753326187e+02	
41	1.1220184543e+01	1.1751479693e+02	
42	1.2589254118e+01	1.1749166183e+02	
43	1.4125375446e+01	1.1746271044e+02	
44	1.5848931925e+01	1.1742653460e+02	
45	1.7782794100e+01	1.1738141567e+02	
46	1.9952623150e+01	1.1732527180e+02	
47	2.2387211386e+01	1.1727393141e+02	
48	2.5118864315e+01	1.1718743442e+02	
49	2.8183829313e+01	1.1708093136e+02	
50	3.1622776602e+01	1.1695045652e+02	
51	3.5481338923e+01	1.1680805728e+02	
52	3.9810717055e+01	1.1661525806e+02	
53	4.4668359215e+01	1.1639910852e+02	
54	5.0118723363e+01	1.1613778343e+02	

Index   frequency       psrr_db         
--------------------------------------------------------------------------------
55	5.6234132519e+01	1.1582627558e+02	
56	6.3095734448e+01	1.1547242312e+02	
57	7.0794578438e+01	1.1504764249e+02	
58	7.9432823472e+01	1.1457323270e+02	
59	8.9125093813e+01	1.1404560958e+02	
60	1.0000000000e+02	1.1346298210e+02	
61	1.1220184543e+02	1.1281883540e+02	
62	1.2589254118e+02	1.1212931119e+02	
63	1.4125375446e+02	1.1139014251e+02	
64	1.5848931925e+02	1.1060382234e+02	
65	1.7782794100e+02	1.0978652058e+02	
66	1.9952623150e+02	1.0894047959e+02	
67	2.2387211386e+02	1.0806478009e+02	
68	2.5118864315e+02	1.0716486483e+02	
69	2.8183829313e+02	1.0624417550e+02	
70	3.1622776602e+02	1.0531383186e+02	
71	3.5481338923e+02	1.0436663033e+02	
72	3.9810717055e+02	1.0340810542e+02	
73	4.4668359215e+02	1.0244136217e+02	
74	5.0118723363e+02	1.0146723571e+02	
75	5.6234132519e+02	1.0048971645e+02	
76	6.3095734448e+02	9.9505657403e+01	
77	7.0794578438e+02	9.8519620091e+01	
78	7.9432823472e+02	9.7528642773e+01	
79	8.9125093813e+02	9.6536635508e+01	
80	1.0000000000e+03	9.5541302645e+01	
81	1.1220184543e+03	9.4545403398e+01	
82	1.2589254118e+03	9.3547251612e+01	
83	1.4125375446e+03	9.2546961036e+01	
84	1.5848931925e+03	9.1545926605e+01	
85	1.7782794100e+03	9.0542310589e+01	
86	1.9952623150e+03	8.9537694520e+01	
87	2.2387211386e+03	8.8529772279e+01	
88	2.5118864315e+03	8.7520788786e+01	
89	2.8183829313e+03	8.6508011059e+01	
90	3.1622776602e+03	8.5492445864e+01	
91	3.5481338923e+03	8.4471895038e+01	
92	3.9810717055e+03	8.3445944771e+01	
93	4.4668359215e+03	8.2414033724e+01	
94	5.0118723363e+03	8.1373698261e+01	
95	5.6234132519e+03	8.0324187933e+01	
96	6.3095734448e+03	7.9262723347e+01	
97	7.0794578438e+03	7.8187605951e+01	
98	7.9432823472e+03	7.7095554153e+01	
99	8.9125093813e+03	7.5984173523e+01	
100	1.0000000000e+04	7.4850154479e+01	
101	1.1220184543e+04	7.3689567252e+01	
102	1.2589254118e+04	7.2499534601e+01	
103	1.4125375446e+04	7.1275979101e+01	
104	1.5848931925e+04	7.0015809535e+01	
105	1.7782794100e+04	6.8716210700e+01	
106	1.9952623150e+04	6.7374200594e+01	
107	2.2387211386e+04	6.5989280830e+01	
108	2.5118864315e+04	6.4560753357e+01	
109	2.8183829313e+04	6.3090161490e+01	
110	3.1622776602e+04	6.1580287908e+01	
111	3.5481338923e+04	6.0036226502e+01	
112	3.9810717055e+04	5.8464298950e+01	

Index   frequency       psrr_db         
--------------------------------------------------------------------------------
113	4.4668359215e+04	5.6872736536e+01	
114	5.0118723363e+04	5.5270877303e+01	
115	5.6234132519e+04	5.3668645462e+01	
116	6.3095734448e+04	5.2076765474e+01	
117	7.0794578438e+04	5.0505560689e+01	
118	7.9432823472e+04	4.8965184017e+01	
119	8.9125093813e+04	4.7464592209e+01	
120	1.0000000000e+05	4.6011366557e+01	
121	1.1220184543e+05	4.4611395850e+01	
122	1.2589254118e+05	4.3268412011e+01	
123	1.4125375446e+05	4.1984159609e+01	
124	1.5848931925e+05	4.0758283188e+01	
125	1.7782794100e+05	3.9588847275e+01	
126	1.9952623150e+05	3.8472735577e+01	
127	2.2387211386e+05	3.7406452163e+01	
128	2.5118864315e+05	3.6386959057e+01	
129	2.8183829313e+05	3.5412722092e+01	
130	3.1622776602e+05	3.4484862741e+01	
131	3.5481338923e+05	3.3608492047e+01	
132	3.9810717055e+05	3.2794242738e+01	
133	4.4668359215e+05	3.2059935170e+01	
134	5.0118723363e+05	3.1432056599e+01	
135	5.6234132519e+05	3.0945901677e+01	
136	6.3095734448e+05	3.0641652942e+01	
137	7.0794578438e+05	3.0551590582e+01	
138	7.9432823472e+05	3.0672487107e+01	
139	8.9125093813e+05	3.0922475736e+01	
140	1.0000000000e+06	3.1106019604e+01	
141	1.1220184543e+06	3.0960444567e+01	
142	1.2589254118e+06	3.0331438666e+01	
143	1.4125375446e+06	2.9296348267e+01	
144	1.5848931925e+06	2.8053663591e+01	
145	1.7782794100e+06	2.6764853268e+01	
146	1.9952623150e+06	2.5513151230e+01	
147	2.2387211386e+06	2.4327797228e+01	
148	2.5118864315e+06	2.3211030618e+01	
149	2.8183829313e+06	2.2153775492e+01	
150	3.1622776602e+06	2.1143342298e+01	
151	3.5481338923e+06	2.0167212546e+01	
152	3.9810717055e+06	1.9215095733e+01	
153	4.4668359215e+06	1.8280103285e+01	
154	5.0118723363e+06	1.7359265843e+01	
155	5.6234132519e+06	1.6453405954e+01	
156	6.3095734448e+06	1.5566426315e+01	
157	7.0794578438e+06	1.4704217735e+01	
158	7.9432823472e+06	1.3873497008e+01	
159	8.9125093813e+06	1.3080863248e+01	
160	1.0000000000e+07	1.2332207585e+01	
m_psrr_1hz_db = 1.1760459446e+02
m_psrr_1khz_db = 9.5541302645e+01
m_psrr_10hz_db = 1.1753326187e+02
m_psrr_100hz_db = 1.1346298210e+02
m_psrr_10khz_db = 7.4850154479e+01
m_psrr_100khz_db = 4.6011366557e+01
m_psrr_1mhz_db = 3.1106019604e+01
m_vref_op = 1.1950976253e+00
m_f_dc_hz = 1.0000000000e+00
m_f_band_edge_hz = 1.0000000000e+03
Note: Simulation executed from .control section 

Warning: m=xx on .subckt line will override multiplier m hierarchy!

Warning : IC on non-existent node - xdut.xx1.casc, ignored
   Please check line .ic v(xdut.fb)=1.0 v(xdut.sns1)=0.6 v(xdut.sns2)=0.6 v(vref)=1.2 v(xdut.ibias)=0.6 v(xdut.xx1.casc)=1.8

Note: Starting dynamic gmin stepping
Note: Dynamic gmin stepping completed
Note: Starting dynamic gmin stepping
Note: Dynamic gmin stepping completed
