
Note: Compatibility modes selected: hs a


Circuit: * startup-state-search-extracted @ bjt_ff_-40c_2.97v -- generated by sim/harness, do not edit

Doing analysis at TEMP = -40.000000 and TNOM = 27.000000

Using SPARSE 1.3 as Direct Linear Solver
Operating point simulation skipped by 'uic',
  now using transient initial conditions.
 Reference value :  1.00000e-08
 Reference value :  1.62314e-06
 Reference value :  1.61723e-04
 Reference value :  3.25723e-04
 Reference value :  4.66723e-04
 Reference value :  6.06723e-04
 Reference value :  7.44723e-04
 Reference value :  8.86723e-04
 Reference value :  1.02172e-03
 Reference value :  1.15472e-03
 Reference value :  1.29872e-03
 Reference value :  1.43972e-03
 Reference value :  1.57672e-03
 Reference value :  1.71572e-03
 Reference value :  1.85572e-03
 Reference value :  1.98972e-03
 Reference value :  2.12372e-03
 Reference value :  2.26372e-03
 Reference value :  2.42972e-03
 Reference value :  2.61172e-03
 Reference value :  2.76972e-03
 Reference value :  2.91272e-03
No. of Data Rows : 3065
m_recovery_time_s = 8.7230124813e-06
m_vref_final_v = 1.2726672065e+00
m_iq_total_final_ua = 1.9496308351e+01
m_det_final_v = 1.1126244015e-02
Note: Simulation executed from .control section 

Warning: m=xx on .subckt line will override multiplier m hierarchy!

