
Note: Compatibility modes selected: hs a


Circuit: * startup-state-search-extracted @ bjt_ff_-40c_3.30v -- generated by sim/harness, do not edit

Doing analysis at TEMP = -40.000000 and TNOM = 27.000000

Using SPARSE 1.3 as Direct Linear Solver
Operating point simulation skipped by 'uic',
  now using transient initial conditions.
 Reference value :  1.00000e-08
 Reference value :  1.94744e-06
 Reference value :  1.65207e-04
 Reference value :  3.28207e-04
 Reference value :  4.68207e-04
 Reference value :  6.08207e-04
 Reference value :  7.51207e-04
 Reference value :  8.88207e-04
 Reference value :  1.02121e-03
 Reference value :  1.15721e-03
 Reference value :  1.30521e-03
 Reference value :  1.43721e-03
 Reference value :  1.57321e-03
 Reference value :  1.72021e-03
 Reference value :  1.85121e-03
 Reference value :  1.98821e-03
 Reference value :  2.12321e-03
 Reference value :  2.28121e-03
 Reference value :  2.44121e-03
 Reference value :  2.61521e-03
 Reference value :  2.77321e-03
 Reference value :  2.91221e-03
No. of Data Rows : 3065
m_recovery_time_s = 7.2073956603e-06
m_vref_final_v = 1.2727094646e+00
m_iq_total_final_ua = 1.9573085625e+01
m_det_final_v = 1.2492292161e-02
Note: Simulation executed from .control section 

Warning: m=xx on .subckt line will override multiplier m hierarchy!

