
Note: Compatibility modes selected: hs a


Circuit: * startup-state-search-extracted @ bjt_ss_-40c_2.97v -- generated by sim/harness, do not edit

Doing analysis at TEMP = -40.000000 and TNOM = 27.000000

Using SPARSE 1.3 as Direct Linear Solver
Operating point simulation skipped by 'uic',
  now using transient initial conditions.
 Reference value :  1.00000e-08
 Reference value :  1.64330e-06
 Reference value :  1.14839e-04
 Reference value :  2.46839e-04
 Reference value :  3.88839e-04
 Reference value :  5.24839e-04
 Reference value :  6.54839e-04
 Reference value :  7.84839e-04
 Reference value :  9.18839e-04
 Reference value :  1.05584e-03
 Reference value :  1.18584e-03
 Reference value :  1.32384e-03
 Reference value :  1.45484e-03
 Reference value :  1.58684e-03
 Reference value :  1.72484e-03
 Reference value :  1.88084e-03
 Reference value :  2.01884e-03
 Reference value :  2.17084e-03
 Reference value :  2.32184e-03
 Reference value :  2.47584e-03
 Reference value :  2.63884e-03
 Reference value :  2.80784e-03
 Reference value :  2.98384e-03
No. of Data Rows : 3064
m_recovery_time_s = 8.8393460467e-06
m_vref_final_v = 1.2843040625e+00
m_iq_total_final_ua = 2.0253921107e+01
m_det_final_v = 1.1113322135e-02
Note: Simulation executed from .control section 

Warning: m=xx on .subckt line will override multiplier m hierarchy!

