
Note: Compatibility modes selected: hs a


Circuit: * startup-state-search-extracted @ bjt_ss_27c_2.97v -- generated by sim/harness, do not edit

Doing analysis at TEMP = 27.000000 and TNOM = 27.000000

Using SPARSE 1.3 as Direct Linear Solver
Operating point simulation skipped by 'uic',
  now using transient initial conditions.
 Reference value :  1.00000e-08
 Reference value :  1.91428e-06
 Reference value :  1.22575e-04
 Reference value :  2.53575e-04
 Reference value :  3.83575e-04
 Reference value :  5.17575e-04
 Reference value :  6.59575e-04
 Reference value :  7.93575e-04
 Reference value :  9.35575e-04
 Reference value :  1.06757e-03
 Reference value :  1.20157e-03
 Reference value :  1.34157e-03
 Reference value :  1.49557e-03
 Reference value :  1.63157e-03
 Reference value :  1.78957e-03
 Reference value :  1.93957e-03
 Reference value :  2.09857e-03
 Reference value :  2.25957e-03
 Reference value :  2.41857e-03
 Reference value :  2.59057e-03
 Reference value :  2.76457e-03
 Reference value :  2.93457e-03
No. of Data Rows : 3062
m_recovery_time_s = 7.7193323733e-06
m_vref_final_v = 1.3080390191e+00
m_iq_total_final_ua = 2.5440561686e+01
m_det_final_v = 1.2848470963e-02
Note: Simulation executed from .control section 

Warning: m=xx on .subckt line will override multiplier m hierarchy!

