
Note: Compatibility modes selected: hs a


Circuit: * startup-state-search-extracted @ bjt_ss_27c_3.30v -- generated by sim/harness, do not edit

Doing analysis at TEMP = 27.000000 and TNOM = 27.000000

Using SPARSE 1.3 as Direct Linear Solver
Operating point simulation skipped by 'uic',
  now using transient initial conditions.
 Reference value :  1.00000e-08
 Reference value :  1.97622e-06
 Reference value :  1.28116e-04
 Reference value :  2.58116e-04
 Reference value :  3.88116e-04
 Reference value :  5.31116e-04
 Reference value :  6.67116e-04
 Reference value :  8.02116e-04
 Reference value :  9.37116e-04
 Reference value :  1.07112e-03
 Reference value :  1.20612e-03
 Reference value :  1.35112e-03
 Reference value :  1.49612e-03
 Reference value :  1.63012e-03
 Reference value :  1.78812e-03
 Reference value :  1.93612e-03
 Reference value :  2.09212e-03
 Reference value :  2.26212e-03
 Reference value :  2.42412e-03
 Reference value :  2.60012e-03
 Reference value :  2.78312e-03
 Reference value :  2.94812e-03
No. of Data Rows : 3062
m_recovery_time_s = 8.1157051157e-06
m_vref_final_v = 1.3078616471e+00
m_iq_total_final_ua = 2.5528721039e+01
m_det_final_v = 1.4399071752e-02
Note: Simulation executed from .control section 

Warning: m=xx on .subckt line will override multiplier m hierarchy!

