
Note: Compatibility modes selected: hs a


Circuit: * startup-state-search-extracted @ bjt_ff_27c_3.63v -- generated by sim/harness, do not edit

Doing analysis at TEMP = 27.000000 and TNOM = 27.000000

Using SPARSE 1.3 as Direct Linear Solver
Operating point simulation skipped by 'uic',
  now using transient initial conditions.
 Reference value :  1.00000e-08
 Reference value :  1.54116e-06
 Reference value :  1.17795e-04
 Reference value :  2.50795e-04
 Reference value :  3.93795e-04
 Reference value :  5.33795e-04
 Reference value :  6.65795e-04
 Reference value :  8.16795e-04
 Reference value :  9.87795e-04
 Reference value :  1.14580e-03
 Reference value :  1.30680e-03
 Reference value :  1.46780e-03
 Reference value :  1.61980e-03
 Reference value :  1.76180e-03
 Reference value :  1.89580e-03
 Reference value :  2.03180e-03
 Reference value :  2.16880e-03
 Reference value :  2.30080e-03
 Reference value :  2.43880e-03
 Reference value :  2.59480e-03
 Reference value :  2.73680e-03
 Reference value :  2.87080e-03
No. of Data Rows : 3066
m_recovery_time_s = 8.1092079572e-06
m_vref_final_v = 1.2923819250e+00
m_iq_total_final_ua = 2.6140114280e+01
m_det_final_v = 1.5993662579e-02
Note: Simulation executed from .control section 

Warning: m=xx on .subckt line will override multiplier m hierarchy!

