
Note: Compatibility modes selected: hs a


Circuit: * startup-state-search-extracted @ bjt_ss_125c_2.97v -- generated by sim/harness, do not edit

Doing analysis at TEMP = 125.000000 and TNOM = 27.000000

Using SPARSE 1.3 as Direct Linear Solver
Operating point simulation skipped by 'uic',
  now using transient initial conditions.
 Reference value :  1.00000e-08
 Reference value :  3.98555e-05
 Reference value :  1.82856e-04
 Reference value :  3.21856e-04
 Reference value :  4.53856e-04
 Reference value :  5.98856e-04
 Reference value :  7.40856e-04
 Reference value :  8.82856e-04
 Reference value :  1.01586e-03
 Reference value :  1.15186e-03
 Reference value :  1.28486e-03
 Reference value :  1.41686e-03
 Reference value :  1.54986e-03
 Reference value :  1.68386e-03
 Reference value :  1.82186e-03
 Reference value :  1.95286e-03
 Reference value :  2.09386e-03
 Reference value :  2.23186e-03
 Reference value :  2.36486e-03
 Reference value :  2.49986e-03
 Reference value :  2.65786e-03
 Reference value :  2.81986e-03
 Reference value :  2.98086e-03
No. of Data Rows : 3048
m_recovery_time_s = 1.0855522508e-05
m_vref_final_v = 1.3386416585e+00
m_iq_total_final_ua = 3.3381930804e+01
m_det_final_v = 1.5053063415e-02
Note: Simulation executed from .control section 

Warning: m=xx on .subckt line will override multiplier m hierarchy!

