
Note: Compatibility modes selected: hs a


Circuit: * startup-state-search-extracted @ ff_-40c_3.63v -- generated by sim/harness, do not edit

Doing analysis at TEMP = -40.000000 and TNOM = 27.000000

Using SPARSE 1.3 as Direct Linear Solver
Operating point simulation skipped by 'uic',
  now using transient initial conditions.
 Reference value :  1.00000e-08
 Reference value :  1.21675e-06
 Reference value :  9.59294e-05
 Reference value :  2.39929e-04
 Reference value :  3.78929e-04
 Reference value :  5.12929e-04
 Reference value :  6.49929e-04
 Reference value :  8.02929e-04
 Reference value :  9.63929e-04
 Reference value :  1.11793e-03
 Reference value :  1.26493e-03
 Reference value :  1.42393e-03
 Reference value :  1.56893e-03
 Reference value :  1.70393e-03
 Reference value :  1.83893e-03
 Reference value :  1.98293e-03
 Reference value :  2.11993e-03
 Reference value :  2.25593e-03
 Reference value :  2.38893e-03
 Reference value :  2.52793e-03
 Reference value :  2.66293e-03
 Reference value :  2.82893e-03
 Reference value :  2.98393e-03
No. of Data Rows : 3075
m_recovery_time_s = 8.4810767308e-06
m_vref_final_v = 1.2789112959e+00
m_iq_total_final_ua = 2.5956929756e+01
m_det_final_v = 1.4754262024e-02
Note: Simulation executed from .control section 

Warning: m=xx on .subckt line will override multiplier m hierarchy!

