
Note: Compatibility modes selected: hs a


Circuit: * startup-state-search-extracted @ ff_-40c_2.97v -- generated by sim/harness, do not edit

Doing analysis at TEMP = -40.000000 and TNOM = 27.000000

Using SPARSE 1.3 as Direct Linear Solver
Operating point simulation skipped by 'uic',
  now using transient initial conditions.
 Reference value :  1.00000e-08
 Reference value :  1.92034e-05
 Reference value :  1.70203e-04
 Reference value :  3.05203e-04
 Reference value :  4.39203e-04
 Reference value :  5.79203e-04
 Reference value :  7.12203e-04
 Reference value :  8.44203e-04
 Reference value :  9.81203e-04
 Reference value :  1.13220e-03
 Reference value :  1.28520e-03
 Reference value :  1.44320e-03
 Reference value :  1.59020e-03
 Reference value :  1.74320e-03
 Reference value :  1.88920e-03
 Reference value :  2.02220e-03
 Reference value :  2.15520e-03
 Reference value :  2.30020e-03
 Reference value :  2.43620e-03
 Reference value :  2.57020e-03
 Reference value :  2.70820e-03
 Reference value :  2.84820e-03
 Reference value :  2.98320e-03
No. of Data Rows : 3064
m_recovery_time_s = 7.7636364898e-06
m_vref_final_v = 1.2784653135e+00
m_iq_total_final_ua = 2.5218331027e+01
m_det_final_v = 1.1820276478e-02
Note: Simulation executed from .control section 

Warning: m=xx on .subckt line will override multiplier m hierarchy!

