
Note: Compatibility modes selected: hs a


Circuit: * startup-state-search-extracted @ ff_-40c_3.30v -- generated by sim/harness, do not edit

Doing analysis at TEMP = -40.000000 and TNOM = 27.000000

Using SPARSE 1.3 as Direct Linear Solver
Operating point simulation skipped by 'uic',
  now using transient initial conditions.
 Reference value :  1.00000e-08
 Reference value :  2.40273e-05
 Reference value :  1.74027e-04
 Reference value :  3.07027e-04
 Reference value :  4.49027e-04
 Reference value :  5.83027e-04
 Reference value :  7.22027e-04
 Reference value :  8.54027e-04
 Reference value :  9.91027e-04
 Reference value :  1.14003e-03
 Reference value :  1.29203e-03
 Reference value :  1.45003e-03
 Reference value :  1.59603e-03
 Reference value :  1.74603e-03
 Reference value :  1.89803e-03
 Reference value :  2.03003e-03
 Reference value :  2.16503e-03
 Reference value :  2.30703e-03
 Reference value :  2.44203e-03
 Reference value :  2.57503e-03
 Reference value :  2.70903e-03
 Reference value :  2.85103e-03
 Reference value :  2.98703e-03
No. of Data Rows : 3064
m_recovery_time_s = 7.6485375742e-06
m_vref_final_v = 1.2785412144e+00
m_iq_total_final_ua = 2.5515348952e+01
m_det_final_v = 1.3270316659e-02
Note: Simulation executed from .control section 

Warning: m=xx on .subckt line will override multiplier m hierarchy!

