
Note: Compatibility modes selected: hs a


Circuit: * startup-state-search-extracted @ ff_125c_3.63v -- generated by sim/harness, do not edit

Doing analysis at TEMP = 125.000000 and TNOM = 27.000000

Using SPARSE 1.3 as Direct Linear Solver
Operating point simulation skipped by 'uic',
  now using transient initial conditions.
 Reference value :  1.00000e-08
 Reference value :  4.14773e-05
 Reference value :  1.77477e-04
 Reference value :  3.18477e-04
 Reference value :  4.54477e-04
 Reference value :  5.87477e-04
 Reference value :  7.31477e-04
 Reference value :  8.90477e-04
 Reference value :  1.03248e-03
 Reference value :  1.16948e-03
 Reference value :  1.31048e-03
 Reference value :  1.44448e-03
 Reference value :  1.58048e-03
 Reference value :  1.73448e-03
 Reference value :  1.89348e-03
 Reference value :  2.03648e-03
 Reference value :  2.17148e-03
 Reference value :  2.30448e-03
 Reference value :  2.44448e-03
 Reference value :  2.57848e-03
 Reference value :  2.71648e-03
 Reference value :  2.85648e-03
 Reference value :  2.99748e-03
No. of Data Rows : 3044
m_recovery_time_s = 8.4773334724e-06
m_vref_final_v = 1.3278771507e+00
m_iq_total_final_ua = 4.2429381497e+01
m_det_final_v = 1.9845137257e-02
Note: Simulation executed from .control section 

Warning: m=xx on .subckt line will override multiplier m hierarchy!

