
Note: Compatibility modes selected: hs a


Circuit: * startup-state-search-extracted @ ff_27c_3.30v -- generated by sim/harness, do not edit

Doing analysis at TEMP = 27.000000 and TNOM = 27.000000

Using SPARSE 1.3 as Direct Linear Solver
Operating point simulation skipped by 'uic',
  now using transient initial conditions.
 Reference value :  1.00000e-08
 Reference value :  2.38152e-05
 Reference value :  1.66815e-04
 Reference value :  3.01815e-04
 Reference value :  4.40815e-04
 Reference value :  5.76815e-04
 Reference value :  7.12815e-04
 Reference value :  8.49815e-04
 Reference value :  9.80815e-04
 Reference value :  1.12582e-03
 Reference value :  1.27682e-03
 Reference value :  1.42282e-03
 Reference value :  1.56182e-03
 Reference value :  1.70282e-03
 Reference value :  1.84082e-03
 Reference value :  1.97382e-03
 Reference value :  2.12882e-03
 Reference value :  2.28782e-03
 Reference value :  2.42982e-03
 Reference value :  2.56382e-03
 Reference value :  2.69582e-03
 Reference value :  2.83182e-03
 Reference value :  2.96782e-03
No. of Data Rows : 3059
m_recovery_time_s = 8.8152172913e-06
m_vref_final_v = 1.3001658698e+00
m_iq_total_final_ua = 3.2374970429e+01
m_det_final_v = 1.5328102959e-02
Note: Simulation executed from .control section 

Warning: m=xx on .subckt line will override multiplier m hierarchy!

