
Note: Compatibility modes selected: hs a


Circuit: * startup-state-search-extracted @ fs_-40c_3.30v -- generated by sim/harness, do not edit

Doing analysis at TEMP = -40.000000 and TNOM = 27.000000

Using SPARSE 1.3 as Direct Linear Solver
Operating point simulation skipped by 'uic',
  now using transient initial conditions.
 Reference value :  1.00000e-08
 Reference value :  2.31395e-06
 Reference value :  7.87386e-05
 Reference value :  2.16739e-04
 Reference value :  3.55739e-04
 Reference value :  4.94739e-04
 Reference value :  6.44739e-04
 Reference value :  7.98739e-04
 Reference value :  9.57739e-04
 Reference value :  1.09774e-03
 Reference value :  1.25674e-03
 Reference value :  1.40974e-03
 Reference value :  1.56174e-03
 Reference value :  1.70774e-03
 Reference value :  1.85374e-03
 Reference value :  1.98674e-03
 Reference value :  2.13174e-03
 Reference value :  2.28474e-03
 Reference value :  2.43774e-03
 Reference value :  2.58774e-03
 Reference value :  2.73774e-03
 Reference value :  2.90474e-03
No. of Data Rows : 3090
m_recovery_time_s = 4.0035035014e-06
m_vref_final_v = 1.2774992875e+00
m_iq_total_final_ua = 2.1134914675e+01
m_det_final_v = 1.2341319202e-02
Note: Simulation executed from .control section 

Warning: m=xx on .subckt line will override multiplier m hierarchy!

