
Note: Compatibility modes selected: hs a


Circuit: * startup-state-search-extracted @ fs_-40c_2.97v -- generated by sim/harness, do not edit

Doing analysis at TEMP = -40.000000 and TNOM = 27.000000

Using SPARSE 1.3 as Direct Linear Solver
Operating point simulation skipped by 'uic',
  now using transient initial conditions.
 Reference value :  1.00000e-08
 Reference value :  2.38322e-06
 Reference value :  1.21527e-04
 Reference value :  2.69527e-04
 Reference value :  4.09527e-04
 Reference value :  5.44527e-04
 Reference value :  6.97527e-04
 Reference value :  8.53527e-04
 Reference value :  1.01553e-03
 Reference value :  1.15853e-03
 Reference value :  1.31753e-03
 Reference value :  1.47353e-03
 Reference value :  1.63253e-03
 Reference value :  1.77753e-03
 Reference value :  1.91953e-03
 Reference value :  2.05353e-03
 Reference value :  2.19353e-03
 Reference value :  2.34253e-03
 Reference value :  2.49353e-03
 Reference value :  2.63753e-03
 Reference value :  2.79153e-03
 Reference value :  2.95753e-03
No. of Data Rows : 3083
m_recovery_time_s = 4.9134069025e-06
m_vref_final_v = 1.2770264264e+00
m_iq_total_final_ua = 2.1860014225e+01
m_det_final_v = 1.0991625095e-02
Note: Simulation executed from .control section 

Warning: m=xx on .subckt line will override multiplier m hierarchy!

