
Note: Compatibility modes selected: hs a


Circuit: * startup-state-search-extracted @ fs_-40c_3.63v -- generated by sim/harness, do not edit

Doing analysis at TEMP = -40.000000 and TNOM = 27.000000

Using SPARSE 1.3 as Direct Linear Solver
Operating point simulation skipped by 'uic',
  now using transient initial conditions.
 Reference value :  1.00000e-08
 Reference value :  2.08909e-06
 Reference value :  6.13424e-05
 Reference value :  1.91342e-04
 Reference value :  3.44342e-04
 Reference value :  5.04342e-04
 Reference value :  6.68342e-04
 Reference value :  8.18342e-04
 Reference value :  9.72342e-04
 Reference value :  1.12234e-03
 Reference value :  1.27834e-03
 Reference value :  1.42234e-03
 Reference value :  1.56634e-03
 Reference value :  1.70534e-03
 Reference value :  1.85334e-03
 Reference value :  2.00334e-03
 Reference value :  2.15334e-03
 Reference value :  2.29934e-03
 Reference value :  2.45634e-03
 Reference value :  2.61934e-03
 Reference value :  2.78134e-03
 Reference value :  2.92534e-03
No. of Data Rows : 3088
m_recovery_time_s = 3.8104445112e-06
m_vref_final_v = 1.2771516568e+00
m_iq_total_final_ua = 1.7787428573e+01
m_det_final_v = 1.3720516307e-02
Note: Simulation executed from .control section 

Warning: m=xx on .subckt line will override multiplier m hierarchy!

