
Note: Compatibility modes selected: hs a


Circuit: * startup-state-search-extracted @ fs_27c_3.30v -- generated by sim/harness, do not edit

Doing analysis at TEMP = 27.000000 and TNOM = 27.000000

Using SPARSE 1.3 as Direct Linear Solver
Operating point simulation skipped by 'uic',
  now using transient initial conditions.
 Reference value :  1.00000e-08
 Reference value :  5.61491e-06
 Reference value :  1.53500e-04
 Reference value :  2.93500e-04
 Reference value :  4.58500e-04
 Reference value :  6.27500e-04
 Reference value :  7.92500e-04
 Reference value :  9.39500e-04
 Reference value :  1.08850e-03
 Reference value :  1.21950e-03
 Reference value :  1.35950e-03
 Reference value :  1.49450e-03
 Reference value :  1.66850e-03
 Reference value :  1.83050e-03
 Reference value :  1.99650e-03
 Reference value :  2.26950e-03
 Reference value :  2.45450e-03
 Reference value :  2.59750e-03
 Reference value :  2.76150e-03
No. of Data Rows : 3068
m_recovery_time_s = 7.9491335797e-06
m_vref_final_v = 1.2986529650e+00
m_iq_total_final_ua = 2.5514139849e+01
m_det_final_v = 1.4247899974e-02
Note: Simulation executed from .control section 

Warning: m=xx on .subckt line will override multiplier m hierarchy!

