
Note: Compatibility modes selected: hs a


Circuit: * startup-state-search-extracted @ fs_27c_3.63v -- generated by sim/harness, do not edit

Doing analysis at TEMP = 27.000000 and TNOM = 27.000000

Using SPARSE 1.3 as Direct Linear Solver
Operating point simulation skipped by 'uic',
  now using transient initial conditions.
 Reference value :  1.00000e-08
 Reference value :  5.77420e-06
 Reference value :  1.37819e-04
 Reference value :  2.96819e-04
 Reference value :  4.79819e-04
 Reference value :  6.48819e-04
 Reference value :  7.97819e-04
 Reference value :  9.55819e-04
 Reference value :  1.09182e-03
 Reference value :  1.23082e-03
 Reference value :  1.36382e-03
 Reference value :  1.54282e-03
 Reference value :  1.71182e-03
 Reference value :  1.88382e-03
 Reference value :  2.15582e-03
 Reference value :  2.34182e-03
 Reference value :  2.48382e-03
 Reference value :  2.63682e-03
 Reference value :  2.88282e-03
No. of Data Rows : 3067
m_recovery_time_s = 8.0938163423e-06
m_vref_final_v = 1.2989655175e+00
m_iq_total_final_ua = 2.6208730580e+01
m_det_final_v = 1.5811362114e-02
Note: Simulation executed from .control section 

Warning: m=xx on .subckt line will override multiplier m hierarchy!

