
Note: Compatibility modes selected: hs a


Circuit: * startup-state-search-extracted @ res_ss_125c_2.97v -- generated by sim/harness, do not edit

Doing analysis at TEMP = 125.000000 and TNOM = 27.000000

Using SPARSE 1.3 as Direct Linear Solver
Operating point simulation skipped by 'uic',
  now using transient initial conditions.
 Reference value :  1.00000e-08
 Reference value :  4.49467e-05
 Reference value :  1.91947e-04
 Reference value :  3.24947e-04
 Reference value :  4.97947e-04
 Reference value :  6.73947e-04
 Reference value :  8.18947e-04
 Reference value :  9.54947e-04
 Reference value :  1.08995e-03
 Reference value :  1.23095e-03
 Reference value :  1.36695e-03
 Reference value :  1.50095e-03
 Reference value :  1.64695e-03
 Reference value :  1.78695e-03
 Reference value :  1.92295e-03
 Reference value :  2.05895e-03
 Reference value :  2.20195e-03
 Reference value :  2.33595e-03
 Reference value :  2.47195e-03
 Reference value :  2.61095e-03
 Reference value :  2.77495e-03
 Reference value :  2.94895e-03
No. of Data Rows : 3049
m_recovery_time_s = 1.1946654454e-05
m_vref_final_v = 1.3178603514e+00
m_iq_total_final_ua = 2.7936897987e+01
m_det_final_v = 1.4126453168e-02
Note: Simulation executed from .control section 

Warning: m=xx on .subckt line will override multiplier m hierarchy!

