
Note: Compatibility modes selected: hs a


Circuit: * startup-state-search-extracted @ res_ff_125c_3.30v -- generated by sim/harness, do not edit

Doing analysis at TEMP = 125.000000 and TNOM = 27.000000

Using SPARSE 1.3 as Direct Linear Solver
Operating point simulation skipped by 'uic',
  now using transient initial conditions.
 Reference value :  1.00000e-08
 Reference value :  6.74519e-05
 Reference value :  2.32452e-04
 Reference value :  3.80452e-04
 Reference value :  5.21452e-04
 Reference value :  6.57452e-04
 Reference value :  8.04452e-04
 Reference value :  9.65452e-04
 Reference value :  1.12845e-03
 Reference value :  1.30145e-03
 Reference value :  1.46345e-03
 Reference value :  1.60045e-03
 Reference value :  1.73245e-03
 Reference value :  1.87245e-03
 Reference value :  2.00245e-03
 Reference value :  2.13445e-03
 Reference value :  2.26545e-03
 Reference value :  2.41945e-03
 Reference value :  2.55345e-03
 Reference value :  2.68345e-03
 Reference value :  2.82045e-03
 Reference value :  2.95745e-03
No. of Data Rows : 3047
m_recovery_time_s = 1.0451889646e-05
m_vref_final_v = 1.3366111342e+00
m_iq_total_final_ua = 4.1764347380e+01
m_det_final_v = 1.8263692441e-02
Note: Simulation executed from .control section 

Warning: m=xx on .subckt line will override multiplier m hierarchy!

