
Note: Compatibility modes selected: hs a


Circuit: * startup-state-search-extracted @ res_ff_-40c_3.63v -- generated by sim/harness, do not edit

Doing analysis at TEMP = -40.000000 and TNOM = 27.000000

Using SPARSE 1.3 as Direct Linear Solver
Operating point simulation skipped by 'uic',
  now using transient initial conditions.
 Reference value :  1.00000e-08
 Reference value :  2.24506e-06
 Reference value :  1.32958e-04
 Reference value :  3.04958e-04
 Reference value :  4.76958e-04
 Reference value :  6.41958e-04
 Reference value :  8.00958e-04
 Reference value :  9.57958e-04
 Reference value :  1.11096e-03
 Reference value :  1.27596e-03
 Reference value :  1.43396e-03
 Reference value :  1.59696e-03
 Reference value :  1.76596e-03
 Reference value :  1.92896e-03
 Reference value :  2.07796e-03
 Reference value :  2.21896e-03
 Reference value :  2.35596e-03
 Reference value :  2.48796e-03
 Reference value :  2.63296e-03
 Reference value :  2.77196e-03
 Reference value :  2.91496e-03
No. of Data Rows : 3082
m_recovery_time_s = 5.6714510458e-06
m_vref_final_v = 1.2833963201e+00
m_iq_total_final_ua = 2.5781091221e+01
m_det_final_v = 1.5044880905e-02
Note: Simulation executed from .control section 

Warning: m=xx on .subckt line will override multiplier m hierarchy!

