
Note: Compatibility modes selected: hs a


Circuit: * startup-state-search-extracted @ res_ss_27c_3.63v -- generated by sim/harness, do not edit

Doing analysis at TEMP = 27.000000 and TNOM = 27.000000

Using SPARSE 1.3 as Direct Linear Solver
Operating point simulation skipped by 'uic',
  now using transient initial conditions.
 Reference value :  1.00000e-08
 Reference value :  1.01762e-05
 Reference value :  1.62176e-04
 Reference value :  3.17176e-04
 Reference value :  4.58176e-04
 Reference value :  6.01176e-04
 Reference value :  7.42176e-04
 Reference value :  8.81176e-04
 Reference value :  1.02018e-03
 Reference value :  1.16718e-03
 Reference value :  1.30618e-03
 Reference value :  1.44418e-03
 Reference value :  1.58518e-03
 Reference value :  1.71918e-03
 Reference value :  1.85318e-03
 Reference value :  1.98618e-03
 Reference value :  2.14018e-03
 Reference value :  2.30418e-03
 Reference value :  2.46718e-03
 Reference value :  2.62218e-03
 Reference value :  2.77018e-03
 Reference value :  2.93818e-03
No. of Data Rows : 3055
m_recovery_time_s = 9.1762170836e-06
m_vref_final_v = 1.2927513517e+00
m_iq_total_final_ua = 2.2230516425e+01
m_det_final_v = 1.5004827994e-02
Note: Simulation executed from .control section 

Warning: m=xx on .subckt line will override multiplier m hierarchy!

