
Note: Compatibility modes selected: hs a


Circuit: * startup-state-search-extracted @ res_ff_-40c_2.97v -- generated by sim/harness, do not edit

Doing analysis at TEMP = -40.000000 and TNOM = 27.000000

Using SPARSE 1.3 as Direct Linear Solver
Operating point simulation skipped by 'uic',
  now using transient initial conditions.
 Reference value :  1.00000e-08
 Reference value :  1.64245e-06
 Reference value :  1.18225e-04
 Reference value :  2.74225e-04
 Reference value :  4.39225e-04
 Reference value :  6.08225e-04
 Reference value :  7.70225e-04
 Reference value :  9.31225e-04
 Reference value :  1.10122e-03
 Reference value :  1.25622e-03
 Reference value :  1.41322e-03
 Reference value :  1.57022e-03
 Reference value :  1.73222e-03
 Reference value :  1.88222e-03
 Reference value :  2.05222e-03
 Reference value :  2.21622e-03
 Reference value :  2.37222e-03
 Reference value :  2.52022e-03
 Reference value :  2.66122e-03
 Reference value :  2.79422e-03
 Reference value :  2.92722e-03
No. of Data Rows : 3077
m_recovery_time_s = 7.8499485432e-06
m_vref_final_v = 1.2832242939e+00
m_iq_total_final_ua = 2.4092783954e+01
m_det_final_v = 1.2052169189e-02
Note: Simulation executed from .control section 

Warning: m=xx on .subckt line will override multiplier m hierarchy!

