
Note: Compatibility modes selected: hs a


Circuit: * startup-state-search-extracted @ res_ss_27c_3.30v -- generated by sim/harness, do not edit

Doing analysis at TEMP = 27.000000 and TNOM = 27.000000

Using SPARSE 1.3 as Direct Linear Solver
Operating point simulation skipped by 'uic',
  now using transient initial conditions.
 Reference value :  1.00000e-08
 Reference value :  9.25388e-06
 Reference value :  1.45254e-04
 Reference value :  2.78254e-04
 Reference value :  4.35254e-04
 Reference value :  5.85254e-04
 Reference value :  7.31254e-04
 Reference value :  8.76254e-04
 Reference value :  1.01525e-03
 Reference value :  1.15025e-03
 Reference value :  1.28825e-03
 Reference value :  1.44525e-03
 Reference value :  1.58425e-03
 Reference value :  1.72625e-03
 Reference value :  1.85825e-03
 Reference value :  1.98925e-03
 Reference value :  2.12025e-03
 Reference value :  2.27025e-03
 Reference value :  2.42725e-03
 Reference value :  2.58925e-03
 Reference value :  2.74725e-03
 Reference value :  2.89025e-03
No. of Data Rows : 3055
m_recovery_time_s = 8.2538756014e-06
m_vref_final_v = 1.2927441419e+00
m_iq_total_final_ua = 2.1744625988e+01
m_det_final_v = 1.3520116178e-02
Note: Simulation executed from .control section 

Warning: m=xx on .subckt line will override multiplier m hierarchy!

