
Note: Compatibility modes selected: hs a


Circuit: * startup-state-search-extracted @ res_ff_27c_3.30v -- generated by sim/harness, do not edit

Doing analysis at TEMP = 27.000000 and TNOM = 27.000000

Using SPARSE 1.3 as Direct Linear Solver
Operating point simulation skipped by 'uic',
  now using transient initial conditions.
 Reference value :  1.00000e-08
 Reference value :  2.95533e-06
 Reference value :  1.67549e-04
 Reference value :  3.36549e-04
 Reference value :  5.00549e-04
 Reference value :  6.61549e-04
 Reference value :  8.06549e-04
 Reference value :  9.40549e-04
 Reference value :  1.08255e-03
 Reference value :  1.24655e-03
 Reference value :  1.41155e-03
 Reference value :  1.57755e-03
 Reference value :  1.74455e-03
 Reference value :  1.89255e-03
 Reference value :  2.02755e-03
 Reference value :  2.15955e-03
 Reference value :  2.28955e-03
 Reference value :  2.42055e-03
 Reference value :  2.55355e-03
 Reference value :  2.68655e-03
 Reference value :  2.83955e-03
 Reference value :  2.97355e-03
No. of Data Rows : 3059
m_recovery_time_s = 7.5491167748e-06
m_vref_final_v = 1.3068768288e+00
m_iq_total_final_ua = 3.2795134785e+01
m_det_final_v = 1.5619671308e-02
Note: Simulation executed from .control section 

Warning: m=xx on .subckt line will override multiplier m hierarchy!

