
Note: Compatibility modes selected: hs a


Circuit: * startup-state-search-extracted @ sf_-40c_3.63v -- generated by sim/harness, do not edit

Doing analysis at TEMP = -40.000000 and TNOM = 27.000000

Using SPARSE 1.3 as Direct Linear Solver
Operating point simulation skipped by 'uic',
  now using transient initial conditions.
 Reference value :  1.00000e-08
 Reference value :  4.75998e-06
 Reference value :  1.31437e-04
 Reference value :  2.76437e-04
 Reference value :  4.27437e-04
 Reference value :  5.68437e-04
 Reference value :  7.04437e-04
 Reference value :  8.39437e-04
 Reference value :  9.73437e-04
 Reference value :  1.10644e-03
 Reference value :  1.23744e-03
 Reference value :  1.37444e-03
 Reference value :  1.50744e-03
 Reference value :  1.65044e-03
 Reference value :  1.78644e-03
 Reference value :  1.93444e-03
 Reference value :  2.10144e-03
 Reference value :  2.26644e-03
 Reference value :  2.43644e-03
 Reference value :  2.59044e-03
 Reference value :  2.75644e-03
 Reference value :  2.90544e-03
No. of Data Rows : 3064
m_recovery_time_s = 7.9750602692e-06
m_vref_final_v = 1.2774526565e+00
m_iq_total_final_ua = 2.0670840587e+01
m_det_final_v = 1.4050922112e-02
Note: Simulation executed from .control section 

Warning: m=xx on .subckt line will override multiplier m hierarchy!

