
Note: Compatibility modes selected: hs a


Circuit: * startup-state-search-extracted @ sf_125c_2.97v -- generated by sim/harness, do not edit

Doing analysis at TEMP = 125.000000 and TNOM = 27.000000

Using SPARSE 1.3 as Direct Linear Solver
Operating point simulation skipped by 'uic',
  now using transient initial conditions.
 Reference value :  1.00000e-08
 Reference value :  7.28972e-05
 Reference value :  2.29897e-04
 Reference value :  3.81897e-04
 Reference value :  5.27897e-04
 Reference value :  6.94897e-04
 Reference value :  8.61897e-04
 Reference value :  1.02790e-03
 Reference value :  1.18990e-03
 Reference value :  1.35590e-03
 Reference value :  1.51690e-03
 Reference value :  1.67490e-03
 Reference value :  1.84090e-03
 Reference value :  2.00590e-03
 Reference value :  2.16190e-03
 Reference value :  2.32290e-03
 Reference value :  2.49090e-03
 Reference value :  2.65090e-03
 Reference value :  2.79990e-03
 Reference value :  2.94690e-03
No. of Data Rows : 3050
m_recovery_time_s = 1.9897191860e-05
m_vref_final_v = 1.3260571886e+00
m_iq_total_final_ua = 3.2774689774e+01
m_det_final_v = 1.5222742978e-02
Note: Simulation executed from .control section 

Warning: m=xx on .subckt line will override multiplier m hierarchy!

