
Note: Compatibility modes selected: hs a


Circuit: * startup-state-search-extracted @ sf_27c_3.63v -- generated by sim/harness, do not edit

Doing analysis at TEMP = 27.000000 and TNOM = 27.000000

Using SPARSE 1.3 as Direct Linear Solver
Operating point simulation skipped by 'uic',
  now using transient initial conditions.
 Reference value :  1.00000e-08
 Reference value :  4.82575e-06
 Reference value :  1.44554e-04
 Reference value :  2.77554e-04
 Reference value :  4.12554e-04
 Reference value :  5.44554e-04
 Reference value :  6.79554e-04
 Reference value :  8.17554e-04
 Reference value :  9.58554e-04
 Reference value :  1.09055e-03
 Reference value :  1.23755e-03
 Reference value :  1.37355e-03
 Reference value :  1.51355e-03
 Reference value :  1.67055e-03
 Reference value :  1.84255e-03
 Reference value :  2.00155e-03
 Reference value :  2.15755e-03
 Reference value :  2.32055e-03
 Reference value :  2.47155e-03
 Reference value :  2.62655e-03
 Reference value :  2.79155e-03
 Reference value :  2.94755e-03
No. of Data Rows : 3058
m_recovery_time_s = 9.6664957227e-06
m_vref_final_v = 1.2987971036e+00
m_iq_total_final_ua = 2.5957390417e+01
m_det_final_v = 1.6168019351e-02
Note: Simulation executed from .control section 

Warning: m=xx on .subckt line will override multiplier m hierarchy!

