
Note: Compatibility modes selected: hs a


Circuit: * startup-state-search-extracted @ sf_27c_3.30v -- generated by sim/harness, do not edit

Doing analysis at TEMP = 27.000000 and TNOM = 27.000000

Using SPARSE 1.3 as Direct Linear Solver
Operating point simulation skipped by 'uic',
  now using transient initial conditions.
 Reference value :  1.00000e-08
 Reference value :  8.03630e-06
 Reference value :  1.60036e-04
 Reference value :  3.09036e-04
 Reference value :  4.48036e-04
 Reference value :  5.82036e-04
 Reference value :  7.13036e-04
 Reference value :  8.46036e-04
 Reference value :  9.81036e-04
 Reference value :  1.11304e-03
 Reference value :  1.24904e-03
 Reference value :  1.38604e-03
 Reference value :  1.52004e-03
 Reference value :  1.65904e-03
 Reference value :  1.80904e-03
 Reference value :  1.98204e-03
 Reference value :  2.14404e-03
 Reference value :  2.31104e-03
 Reference value :  2.46904e-03
 Reference value :  2.62704e-03
 Reference value :  2.77404e-03
 Reference value :  2.92704e-03
No. of Data Rows : 3054
m_recovery_time_s = 1.0036297206e-05
m_vref_final_v = 1.2988485494e+00
m_iq_total_final_ua = 2.5835813933e+01
m_det_final_v = 1.4568767442e-02
Note: Simulation executed from .control section 

Warning: m=xx on .subckt line will override multiplier m hierarchy!

