
Note: Compatibility modes selected: hs a


Circuit: * startup-state-search-extracted @ ss_-40c_3.63v -- generated by sim/harness, do not edit

Doing analysis at TEMP = -40.000000 and TNOM = 27.000000

Using SPARSE 1.3 as Direct Linear Solver
Operating point simulation skipped by 'uic',
  now using transient initial conditions.
 Reference value :  1.00000e-08
 Reference value :  1.66312e-06
 Reference value :  5.10502e-05
 Reference value :  1.56050e-04
 Reference value :  2.89050e-04
 Reference value :  4.28050e-04
 Reference value :  5.63050e-04
 Reference value :  7.06050e-04
 Reference value :  8.42050e-04
 Reference value :  9.78050e-04
 Reference value :  1.11205e-03
 Reference value :  1.25305e-03
 Reference value :  1.38505e-03
 Reference value :  1.51905e-03
 Reference value :  1.66105e-03
 Reference value :  1.80105e-03
 Reference value :  1.93605e-03
 Reference value :  2.06905e-03
 Reference value :  2.20505e-03
 Reference value :  2.34705e-03
 Reference value :  2.48505e-03
 Reference value :  2.64705e-03
 Reference value :  2.79705e-03
 Reference value :  2.94505e-03
No. of Data Rows : 3078
m_recovery_time_s = 7.0502175386e-06
m_vref_final_v = 1.2793755556e+00
m_iq_total_final_ua = 1.8036564934e+01
m_det_final_v = 1.3270837164e-02
Note: Simulation executed from .control section 

Warning: m=xx on .subckt line will override multiplier m hierarchy!

