
Note: Compatibility modes selected: hs a


Circuit: * startup-state-search-extracted @ ss_-40c_2.97v -- generated by sim/harness, do not edit

Doing analysis at TEMP = -40.000000 and TNOM = 27.000000

Using SPARSE 1.3 as Direct Linear Solver
Operating point simulation skipped by 'uic',
  now using transient initial conditions.
 Reference value :  1.00000e-08
 Reference value :  1.71076e-06
 Reference value :  9.58452e-05
 Reference value :  2.30845e-04
 Reference value :  3.64845e-04
 Reference value :  5.01845e-04
 Reference value :  6.34845e-04
 Reference value :  7.74845e-04
 Reference value :  9.08845e-04
 Reference value :  1.04685e-03
 Reference value :  1.18485e-03
 Reference value :  1.32185e-03
 Reference value :  1.45685e-03
 Reference value :  1.59785e-03
 Reference value :  1.73385e-03
 Reference value :  1.86685e-03
 Reference value :  2.00785e-03
 Reference value :  2.14785e-03
 Reference value :  2.28085e-03
 Reference value :  2.41285e-03
 Reference value :  2.54985e-03
 Reference value :  2.68985e-03
 Reference value :  2.84085e-03
 Reference value :  2.99385e-03
No. of Data Rows : 3071
m_recovery_time_s = 1.0845165189e-05
m_vref_final_v = 1.2792190140e+00
m_iq_total_final_ua = 1.8793916774e+01
m_det_final_v = 1.0626631129e-02
Note: Simulation executed from .control section 

Warning: m=xx on .subckt line will override multiplier m hierarchy!

