
Note: Compatibility modes selected: hs a


Circuit: * startup-state-search-extracted @ ss_27c_2.97v -- generated by sim/harness, do not edit

Doing analysis at TEMP = 27.000000 and TNOM = 27.000000

Using SPARSE 1.3 as Direct Linear Solver
Operating point simulation skipped by 'uic',
  now using transient initial conditions.
 Reference value :  1.00000e-08
 Reference value :  1.57832e-05
 Reference value :  1.51783e-04
 Reference value :  2.85783e-04
 Reference value :  4.26783e-04
 Reference value :  5.66783e-04
 Reference value :  7.03783e-04
 Reference value :  8.43783e-04
 Reference value :  9.82783e-04
 Reference value :  1.11778e-03
 Reference value :  1.25378e-03
 Reference value :  1.39378e-03
 Reference value :  1.52578e-03
 Reference value :  1.66578e-03
 Reference value :  1.80878e-03
 Reference value :  1.94378e-03
 Reference value :  2.07678e-03
 Reference value :  2.21078e-03
 Reference value :  2.35078e-03
 Reference value :  2.49378e-03
 Reference value :  2.63878e-03
 Reference value :  2.79378e-03
 Reference value :  2.94078e-03
No. of Data Rows : 3059
m_recovery_time_s = 4.7832251066e-06
m_vref_final_v = 1.3020824405e+00
m_iq_total_final_ua = 2.0340273475e+01
m_det_final_v = 1.2268873484e-02
Note: Simulation executed from .control section 

Warning: m=xx on .subckt line will override multiplier m hierarchy!

