
Note: Compatibility modes selected: hs a


Circuit: * startup-state-search-extracted @ tt_27c_3.30v -- generated by sim/harness, do not edit

Doing analysis at TEMP = 27.000000 and TNOM = 27.000000

Using SPARSE 1.3 as Direct Linear Solver
Operating point simulation skipped by 'uic',
  now using transient initial conditions.
 Reference value :  1.00000e-08
 Reference value :  1.51109e-05
 Reference value :  1.73111e-04
 Reference value :  3.23111e-04
 Reference value :  4.58111e-04
 Reference value :  6.02111e-04
 Reference value :  7.35111e-04
 Reference value :  8.75111e-04
 Reference value :  1.00711e-03
 Reference value :  1.14211e-03
 Reference value :  1.28411e-03
 Reference value :  1.43011e-03
 Reference value :  1.56711e-03
 Reference value :  1.70011e-03
 Reference value :  1.83511e-03
 Reference value :  1.97211e-03
 Reference value :  2.11811e-03
 Reference value :  2.27411e-03
 Reference value :  2.42911e-03
 Reference value :  2.59511e-03
 Reference value :  2.76611e-03
 Reference value :  2.92211e-03
No. of Data Rows : 3062
m_recovery_time_s = 8.1109296582e-06
m_vref_final_v = 1.2986184953e+00
m_iq_total_final_ua = 2.5518311498e+01
m_det_final_v = 1.4406392579e-02
Note: Simulation executed from .control section 

Warning: m=xx on .subckt line will override multiplier m hierarchy!

