
Note: Compatibility modes selected: hs a


Circuit: * startup-state-search-extracted @ tt_27c_2.97v -- generated by sim/harness, do not edit

Doing analysis at TEMP = 27.000000 and TNOM = 27.000000

Using SPARSE 1.3 as Direct Linear Solver
Operating point simulation skipped by 'uic',
  now using transient initial conditions.
 Reference value :  1.00000e-08
 Reference value :  1.69965e-06
 Reference value :  1.46060e-04
 Reference value :  2.89060e-04
 Reference value :  4.31060e-04
 Reference value :  5.64060e-04
 Reference value :  7.04060e-04
 Reference value :  8.37060e-04
 Reference value :  9.81060e-04
 Reference value :  1.11906e-03
 Reference value :  1.26606e-03
 Reference value :  1.40206e-03
 Reference value :  1.53706e-03
 Reference value :  1.67106e-03
 Reference value :  1.81206e-03
 Reference value :  1.95706e-03
 Reference value :  2.11706e-03
 Reference value :  2.27206e-03
 Reference value :  2.44006e-03
 Reference value :  2.59206e-03
 Reference value :  2.75006e-03
 Reference value :  2.90106e-03
No. of Data Rows : 3064
m_recovery_time_s = 7.2799836149e-06
m_vref_final_v = 1.2987855769e+00
m_iq_total_final_ua = 2.5782036200e+01
m_det_final_v = 1.2854935731e-02
Note: Simulation executed from .control section 

Warning: m=xx on .subckt line will override multiplier m hierarchy!

