
Note: Compatibility modes selected: hs a


Circuit: * startup-state-search-extracted @ bjt_ff_-40c_3.30v -- generated by sim/harness, do not edit

Doing analysis at TEMP = -40.000000 and TNOM = 27.000000

Using SPARSE 1.3 as Direct Linear Solver
Operating point simulation skipped by 'uic',
  now using transient initial conditions.
 Reference value :  1.00000e-08
 Reference value :  1.59292e-06
 Reference value :  8.89203e-05
 Reference value :  2.19920e-04
 Reference value :  3.51920e-04
 Reference value :  4.86920e-04
 Reference value :  6.22920e-04
 Reference value :  7.55920e-04
 Reference value :  9.07920e-04
 Reference value :  1.07892e-03
 Reference value :  1.24092e-03
 Reference value :  1.38792e-03
 Reference value :  1.52792e-03
 Reference value :  1.67692e-03
 Reference value :  1.81292e-03
 Reference value :  1.95192e-03
 Reference value :  2.10392e-03
 Reference value :  2.24592e-03
 Reference value :  2.37692e-03
 Reference value :  2.51492e-03
 Reference value :  2.65692e-03
 Reference value :  2.79492e-03
 Reference value :  2.93692e-03
No. of Data Rows : 3070
m_recovery_time_s = 8.1755423842e-06
m_vref_final_v = 1.2403504292e+00
m_iq_total_final_ua = 1.8240213101e+01
m_det_final_v = 1.3761407732e-02
Note: Simulation executed from .control section 

Warning: m=xx on .subckt line will override multiplier m hierarchy!

