
Note: Compatibility modes selected: hs a


Circuit: * startup-state-search-extracted @ bjt_ss_125c_3.63v -- generated by sim/harness, do not edit

Doing analysis at TEMP = 125.000000 and TNOM = 27.000000

Using SPARSE 1.3 as Direct Linear Solver
Operating point simulation skipped by 'uic',
  now using transient initial conditions.
 Reference value :  1.00000e-08
 Reference value :  3.94386e-05
 Reference value :  1.70439e-04
 Reference value :  3.02439e-04
 Reference value :  4.38439e-04
 Reference value :  5.72439e-04
 Reference value :  7.09439e-04
 Reference value :  8.44439e-04
 Reference value :  9.78439e-04
 Reference value :  1.11144e-03
 Reference value :  1.24944e-03
 Reference value :  1.38244e-03
 Reference value :  1.51444e-03
 Reference value :  1.65044e-03
 Reference value :  1.78344e-03
 Reference value :  1.92844e-03
 Reference value :  2.06244e-03
 Reference value :  2.19444e-03
 Reference value :  2.32844e-03
 Reference value :  2.46144e-03
 Reference value :  2.59344e-03
 Reference value :  2.72644e-03
 Reference value :  2.86144e-03
 Reference value :  2.99444e-03
No. of Data Rows : 3045
m_recovery_time_s = 1.1438559839e-05
m_vref_final_v = 1.2831950707e+00
m_iq_total_final_ua = 2.8934381944e+01
m_det_final_v = 2.0448970291e-02
Note: Simulation executed from .control section 

Warning: m=xx on .subckt line will override multiplier m hierarchy!

