
Note: Compatibility modes selected: hs a


Circuit: * startup-state-search-extracted @ bjt_ff_27c_3.30v -- generated by sim/harness, do not edit

Doing analysis at TEMP = 27.000000 and TNOM = 27.000000

Using SPARSE 1.3 as Direct Linear Solver
Operating point simulation skipped by 'uic',
  now using transient initial conditions.
 Reference value :  1.00000e-08
 Reference value :  3.02485e-06
 Reference value :  1.33523e-04
 Reference value :  2.65523e-04
 Reference value :  3.98523e-04
 Reference value :  5.30523e-04
 Reference value :  6.67523e-04
 Reference value :  8.05523e-04
 Reference value :  9.33523e-04
 Reference value :  1.06752e-03
 Reference value :  1.20052e-03
 Reference value :  1.34152e-03
 Reference value :  1.47552e-03
 Reference value :  1.60852e-03
 Reference value :  1.74152e-03
 Reference value :  1.87352e-03
 Reference value :  2.00652e-03
 Reference value :  2.14052e-03
 Reference value :  2.26952e-03
 Reference value :  2.40352e-03
 Reference value :  2.53652e-03
 Reference value :  2.67452e-03
 Reference value :  2.80852e-03
 Reference value :  2.94552e-03
No. of Data Rows : 3057
m_recovery_time_s = 8.5225764814e-06
m_vref_final_v = 1.2506737272e+00
m_iq_total_final_ua = 2.1830945424e+01
m_det_final_v = 1.5821057840e-02
Note: Simulation executed from .control section 

Warning: m=xx on .subckt line will override multiplier m hierarchy!

