
Note: Compatibility modes selected: hs a


Circuit: * startup-state-search-extracted @ bjt_ff_-40c_3.63v -- generated by sim/harness, do not edit

Doing analysis at TEMP = -40.000000 and TNOM = 27.000000

Using SPARSE 1.3 as Direct Linear Solver
Operating point simulation skipped by 'uic',
  now using transient initial conditions.
 Reference value :  1.00000e-08
 Reference value :  1.47632e-06
 Reference value :  9.46867e-05
 Reference value :  2.27687e-04
 Reference value :  3.57687e-04
 Reference value :  4.88687e-04
 Reference value :  6.23687e-04
 Reference value :  7.59687e-04
 Reference value :  8.94687e-04
 Reference value :  1.05769e-03
 Reference value :  1.23369e-03
 Reference value :  1.38169e-03
 Reference value :  1.51669e-03
 Reference value :  1.66869e-03
 Reference value :  1.80769e-03
 Reference value :  1.94869e-03
 Reference value :  2.09369e-03
 Reference value :  2.23469e-03
 Reference value :  2.36869e-03
 Reference value :  2.50569e-03
 Reference value :  2.63869e-03
 Reference value :  2.78069e-03
 Reference value :  2.91969e-03
No. of Data Rows : 3075
m_recovery_time_s = 7.6867427094e-06
m_vref_final_v = 1.2403267362e+00
m_iq_total_final_ua = 1.7688025407e+01
m_det_final_v = 1.5337686674e-02
Note: Simulation executed from .control section 

Warning: m=xx on .subckt line will override multiplier m hierarchy!

