
Note: Compatibility modes selected: hs a


Circuit: * startup-state-search-extracted @ bjt_ff_125c_2.97v -- generated by sim/harness, do not edit

Doing analysis at TEMP = 125.000000 and TNOM = 27.000000

Using SPARSE 1.3 as Direct Linear Solver
Operating point simulation skipped by 'uic',
  now using transient initial conditions.
 Reference value :  1.00000e-08
 Reference value :  2.76234e-05
 Reference value :  1.61623e-04
 Reference value :  2.94623e-04
 Reference value :  4.33623e-04
 Reference value :  5.64623e-04
 Reference value :  6.96623e-04
 Reference value :  8.26623e-04
 Reference value :  9.63623e-04
 Reference value :  1.09662e-03
 Reference value :  1.23262e-03
 Reference value :  1.36762e-03
 Reference value :  1.49762e-03
 Reference value :  1.63362e-03
 Reference value :  1.76662e-03
 Reference value :  1.89662e-03
 Reference value :  2.02862e-03
 Reference value :  2.16262e-03
 Reference value :  2.29662e-03
 Reference value :  2.43762e-03
 Reference value :  2.57162e-03
 Reference value :  2.70862e-03
 Reference value :  2.84862e-03
 Reference value :  2.97962e-03
No. of Data Rows : 3048
m_recovery_time_s = 1.1623382599e-05
m_vref_final_v = 1.2619404448e+00
m_iq_total_final_ua = 2.8534848990e+01
m_det_final_v = 1.6460625714e-02
Note: Simulation executed from .control section 

Warning: m=xx on .subckt line will override multiplier m hierarchy!

