
Note: Compatibility modes selected: hs a


Circuit: * startup-state-search-extracted @ bjt_ff_27c_2.97v -- generated by sim/harness, do not edit

Doing analysis at TEMP = 27.000000 and TNOM = 27.000000

Using SPARSE 1.3 as Direct Linear Solver
Operating point simulation skipped by 'uic',
  now using transient initial conditions.
 Reference value :  1.00000e-08
 Reference value :  1.59740e-05
 Reference value :  1.50974e-04
 Reference value :  2.82974e-04
 Reference value :  4.15974e-04
 Reference value :  5.51974e-04
 Reference value :  6.82974e-04
 Reference value :  8.21974e-04
 Reference value :  9.56974e-04
 Reference value :  1.08997e-03
 Reference value :  1.22297e-03
 Reference value :  1.35697e-03
 Reference value :  1.49797e-03
 Reference value :  1.63197e-03
 Reference value :  1.76797e-03
 Reference value :  1.89897e-03
 Reference value :  2.03297e-03
 Reference value :  2.16497e-03
 Reference value :  2.29497e-03
 Reference value :  2.42297e-03
 Reference value :  2.55697e-03
 Reference value :  2.69097e-03
 Reference value :  2.82697e-03
 Reference value :  2.96497e-03
No. of Data Rows : 3057
m_recovery_time_s = 7.9739742862e-06
m_vref_final_v = 1.2508409149e+00
m_iq_total_final_ua = 2.1736658582e+01
m_det_final_v = 1.4092744702e-02
Note: Simulation executed from .control section 

Warning: m=xx on .subckt line will override multiplier m hierarchy!

