
Note: Compatibility modes selected: hs a


Circuit: * startup-state-search-extracted @ bjt_ff_125c_3.30v -- generated by sim/harness, do not edit

Doing analysis at TEMP = 125.000000 and TNOM = 27.000000

Using SPARSE 1.3 as Direct Linear Solver
Operating point simulation skipped by 'uic',
  now using transient initial conditions.
 Reference value :  1.00000e-08
 Reference value :  4.67396e-05
 Reference value :  1.81740e-04
 Reference value :  3.15740e-04
 Reference value :  4.52740e-04
 Reference value :  5.84740e-04
 Reference value :  7.13740e-04
 Reference value :  8.45740e-04
 Reference value :  9.87740e-04
 Reference value :  1.12074e-03
 Reference value :  1.25974e-03
 Reference value :  1.39374e-03
 Reference value :  1.52774e-03
 Reference value :  1.65974e-03
 Reference value :  1.79474e-03
 Reference value :  1.92874e-03
 Reference value :  2.06274e-03
 Reference value :  2.19474e-03
 Reference value :  2.32974e-03
 Reference value :  2.46074e-03
 Reference value :  2.59974e-03
 Reference value :  2.73174e-03
 Reference value :  2.86874e-03
No. of Data Rows : 3044
m_recovery_time_s = 1.1739640713e-05
m_vref_final_v = 1.2619717054e+00
m_iq_total_final_ua = 2.8662870131e+01
m_det_final_v = 1.8440466303e-02
Note: Simulation executed from .control section 

Warning: m=xx on .subckt line will override multiplier m hierarchy!

