
Note: Compatibility modes selected: hs a


Circuit: * startup-state-search-extracted @ bjt_ss_125c_3.30v -- generated by sim/harness, do not edit

Doing analysis at TEMP = 125.000000 and TNOM = 27.000000

Using SPARSE 1.3 as Direct Linear Solver
Operating point simulation skipped by 'uic',
  now using transient initial conditions.
 Reference value :  1.00000e-08
 Reference value :  3.07471e-05
 Reference value :  1.64747e-04
 Reference value :  2.95747e-04
 Reference value :  4.30747e-04
 Reference value :  5.64747e-04
 Reference value :  7.01747e-04
 Reference value :  8.35747e-04
 Reference value :  9.67747e-04
 Reference value :  1.10475e-03
 Reference value :  1.24375e-03
 Reference value :  1.37875e-03
 Reference value :  1.51275e-03
 Reference value :  1.64875e-03
 Reference value :  1.78375e-03
 Reference value :  1.93075e-03
 Reference value :  2.06775e-03
 Reference value :  2.20175e-03
 Reference value :  2.33475e-03
 Reference value :  2.46975e-03
 Reference value :  2.60475e-03
 Reference value :  2.73875e-03
 Reference value :  2.87375e-03
No. of Data Rows : 3047
m_recovery_time_s = 1.1747062085e-05
m_vref_final_v = 1.2832193091e+00
m_iq_total_final_ua = 2.8739147074e+01
m_det_final_v = 1.8433941438e-02
Note: Simulation executed from .control section 

Warning: m=xx on .subckt line will override multiplier m hierarchy!

