
Note: Compatibility modes selected: hs a


Circuit: * startup-state-search-extracted @ ff_-40c_3.30v -- generated by sim/harness, do not edit

Doing analysis at TEMP = -40.000000 and TNOM = 27.000000

Using SPARSE 1.3 as Direct Linear Solver
Operating point simulation skipped by 'uic',
  now using transient initial conditions.
 Reference value :  1.00000e-08
 Reference value :  2.58293e-06
 Reference value :  1.30322e-04
 Reference value :  2.74322e-04
 Reference value :  4.08322e-04
 Reference value :  5.59322e-04
 Reference value :  7.05322e-04
 Reference value :  8.62322e-04
 Reference value :  1.00332e-03
 Reference value :  1.14732e-03
 Reference value :  1.29832e-03
 Reference value :  1.43932e-03
 Reference value :  1.57732e-03
 Reference value :  1.72732e-03
 Reference value :  1.87832e-03
 Reference value :  2.03132e-03
 Reference value :  2.18632e-03
 Reference value :  2.33232e-03
 Reference value :  2.48332e-03
 Reference value :  2.63132e-03
 Reference value :  2.76832e-03
 Reference value :  2.91032e-03
No. of Data Rows : 3066
m_recovery_time_s = 8.2365301195e-06
m_vref_final_v = 1.2460205516e+00
m_iq_total_final_ua = 2.1845828768e+01
m_det_final_v = 1.4584212751e-02
Note: Simulation executed from .control section 

Warning: m=xx on .subckt line will override multiplier m hierarchy!

