
Note: Compatibility modes selected: hs a


Circuit: * startup-state-search-extracted @ ff_125c_3.63v -- generated by sim/harness, do not edit

Doing analysis at TEMP = 125.000000 and TNOM = 27.000000

Using SPARSE 1.3 as Direct Linear Solver
Operating point simulation skipped by 'uic',
  now using transient initial conditions.
 Reference value :  7.20434e-07
 Reference value :  1.95681e-04
 Reference value :  4.39681e-04
 Reference value :  6.63681e-04
 Reference value :  8.81681e-04
 Reference value :  1.06568e-03
 Reference value :  1.20768e-03
 Reference value :  1.35468e-03
 Reference value :  1.50668e-03
 Reference value :  1.65268e-03
 Reference value :  1.79468e-03
 Reference value :  1.93868e-03
 Reference value :  2.08568e-03
 Reference value :  2.22268e-03
 Reference value :  2.35268e-03
 Reference value :  2.48768e-03
 Reference value :  2.62668e-03
 Reference value :  2.75868e-03
 Reference value :  2.89368e-03
No. of Data Rows : 3042
m_recovery_time_s = 9.6805445808e-06
m_vref_final_v = 1.2721067029e+00
m_iq_total_final_ua = 3.6266587319e+01
m_det_final_v = 2.1711701161e-02
Note: Simulation executed from .control section 

Warning: m=xx on .subckt line will override multiplier m hierarchy!

