
Note: Compatibility modes selected: hs a


Circuit: * startup-state-search-extracted @ ff_125c_3.30v -- generated by sim/harness, do not edit

Doing analysis at TEMP = 125.000000 and TNOM = 27.000000

Using SPARSE 1.3 as Direct Linear Solver
Operating point simulation skipped by 'uic',
  now using transient initial conditions.
 Reference value :  5.84871e-07
 Reference value :  2.08178e-04
 Reference value :  4.52178e-04
 Reference value :  6.86178e-04
 Reference value :  9.12178e-04
 Reference value :  1.13018e-03
 Reference value :  1.28218e-03
 Reference value :  1.42818e-03
 Reference value :  1.57518e-03
 Reference value :  1.72218e-03
 Reference value :  1.86418e-03
 Reference value :  2.00918e-03
 Reference value :  2.14918e-03
 Reference value :  2.29518e-03
 Reference value :  2.42618e-03
 Reference value :  2.56018e-03
 Reference value :  2.70018e-03
 Reference value :  2.83718e-03
 Reference value :  2.97018e-03
No. of Data Rows : 3042
m_recovery_time_s = 1.0178480898e-05
m_vref_final_v = 1.2721150628e+00
m_iq_total_final_ua = 3.6028679715e+01
m_det_final_v = 1.9574066104e-02
Note: Simulation executed from .control section 

Warning: m=xx on .subckt line will override multiplier m hierarchy!

