
Note: Compatibility modes selected: hs a


Circuit: * startup-state-search-extracted @ ff_27c_3.30v -- generated by sim/harness, do not edit

Doing analysis at TEMP = 27.000000 and TNOM = 27.000000

Using SPARSE 1.3 as Direct Linear Solver
Operating point simulation skipped by 'uic',
  now using transient initial conditions.
 Reference value :  3.73457e-07
 Reference value :  1.25217e-04
 Reference value :  3.39217e-04
 Reference value :  5.62217e-04
 Reference value :  7.93217e-04
 Reference value :  9.93217e-04
 Reference value :  1.14822e-03
 Reference value :  1.28722e-03
 Reference value :  1.43822e-03
 Reference value :  1.58222e-03
 Reference value :  1.72622e-03
 Reference value :  1.86922e-03
 Reference value :  2.01322e-03
 Reference value :  2.16322e-03
 Reference value :  2.29422e-03
 Reference value :  2.42722e-03
 Reference value :  2.56122e-03
 Reference value :  2.69522e-03
 Reference value :  2.82522e-03
 Reference value :  2.96022e-03
No. of Data Rows : 3056
m_recovery_time_s = 9.2174177173e-06
m_vref_final_v = 1.2583227361e+00
m_iq_total_final_ua = 2.7712186968e+01
m_det_final_v = 1.6791469290e-02
Note: Simulation executed from .control section 

Warning: m=xx on .subckt line will override multiplier m hierarchy!

