
Note: Compatibility modes selected: hs a


Circuit: * startup-state-search-extracted @ ff_27c_2.97v -- generated by sim/harness, do not edit

Doing analysis at TEMP = 27.000000 and TNOM = 27.000000

Using SPARSE 1.3 as Direct Linear Solver
Operating point simulation skipped by 'uic',
  now using transient initial conditions.
 Reference value :  1.00000e-08
 Reference value :  5.09988e-05
 Reference value :  2.94999e-04
 Reference value :  5.46999e-04
 Reference value :  7.74999e-04
 Reference value :  9.99999e-04
 Reference value :  1.23200e-03
 Reference value :  1.43100e-03
 Reference value :  1.57800e-03
 Reference value :  1.72500e-03
 Reference value :  1.87200e-03
 Reference value :  2.01800e-03
 Reference value :  2.16500e-03
 Reference value :  2.30600e-03
 Reference value :  2.45300e-03
 Reference value :  2.59900e-03
 Reference value :  2.73500e-03
 Reference value :  2.86600e-03
No. of Data Rows : 3056
m_recovery_time_s = 9.9988179735e-06
m_vref_final_v = 1.2584625921e+00
m_iq_total_final_ua = 2.7587449113e+01
m_det_final_v = 1.4958806291e-02
Note: Simulation executed from .control section 

Warning: m=xx on .subckt line will override multiplier m hierarchy!

