
Note: Compatibility modes selected: hs a


Circuit: * startup-state-search-extracted @ fs_125c_3.63v -- generated by sim/harness, do not edit

Doing analysis at TEMP = 125.000000 and TNOM = 27.000000

Using SPARSE 1.3 as Direct Linear Solver
Operating point simulation skipped by 'uic',
  now using transient initial conditions.
 Reference value :  1.00000e-08
 Reference value :  4.47483e-05
 Reference value :  1.77748e-04
 Reference value :  3.14748e-04
 Reference value :  4.46748e-04
 Reference value :  5.77748e-04
 Reference value :  7.09748e-04
 Reference value :  8.43748e-04
 Reference value :  9.75748e-04
 Reference value :  1.11075e-03
 Reference value :  1.24575e-03
 Reference value :  1.38275e-03
 Reference value :  1.51975e-03
 Reference value :  1.65375e-03
 Reference value :  1.78475e-03
 Reference value :  1.92075e-03
 Reference value :  2.05275e-03
 Reference value :  2.19675e-03
 Reference value :  2.33875e-03
 Reference value :  2.47375e-03
 Reference value :  2.60675e-03
 Reference value :  2.74275e-03
 Reference value :  2.88375e-03
No. of Data Rows : 3045
m_recovery_time_s = 8.7483352962e-06
m_vref_final_v = 1.2706841720e+00
m_iq_total_final_ua = 2.9066102523e+01
m_det_final_v = 2.0236873273e-02
Note: Simulation executed from .control section 

Warning: m=xx on .subckt line will override multiplier m hierarchy!

