
Note: Compatibility modes selected: hs a


Circuit: * startup-state-search-extracted @ fs_27c_3.30v -- generated by sim/harness, do not edit

Doing analysis at TEMP = 27.000000 and TNOM = 27.000000

Using SPARSE 1.3 as Direct Linear Solver
Operating point simulation skipped by 'uic',
  now using transient initial conditions.
 Reference value :  1.00000e-08
 Reference value :  1.38304e-06
 Reference value :  1.04355e-04
 Reference value :  2.37355e-04
 Reference value :  3.68355e-04
 Reference value :  5.07355e-04
 Reference value :  6.39355e-04
 Reference value :  7.73355e-04
 Reference value :  9.06355e-04
 Reference value :  1.03535e-03
 Reference value :  1.16635e-03
 Reference value :  1.30035e-03
 Reference value :  1.43335e-03
 Reference value :  1.56835e-03
 Reference value :  1.70435e-03
 Reference value :  1.83335e-03
 Reference value :  1.97135e-03
 Reference value :  2.10335e-03
 Reference value :  2.23435e-03
 Reference value :  2.36935e-03
 Reference value :  2.51135e-03
 Reference value :  2.65435e-03
 Reference value :  2.78535e-03
 Reference value :  2.91635e-03
No. of Data Rows : 3066
m_recovery_time_s = 9.3547337829e-06
m_vref_final_v = 1.2569224582e+00
m_iq_total_final_ua = 2.1912013694e+01
m_det_final_v = 1.5646949658e-02
Note: Simulation executed from .control section 

Warning: m=xx on .subckt line will override multiplier m hierarchy!

