
Note: Compatibility modes selected: hs a


Circuit: * startup-state-search-extracted @ res_ss_27c_3.63v -- generated by sim/harness, do not edit

Doing analysis at TEMP = 27.000000 and TNOM = 27.000000

Using SPARSE 1.3 as Direct Linear Solver
Operating point simulation skipped by 'uic',
  now using transient initial conditions.
 Reference value :  1.00000e-08
 Reference value :  3.07066e-06
 Reference value :  1.38561e-04
 Reference value :  2.74561e-04
 Reference value :  4.16561e-04
 Reference value :  5.52561e-04
 Reference value :  6.88561e-04
 Reference value :  8.20561e-04
 Reference value :  9.56561e-04
 Reference value :  1.09256e-03
 Reference value :  1.22656e-03
 Reference value :  1.35956e-03
 Reference value :  1.49556e-03
 Reference value :  1.63156e-03
 Reference value :  1.79156e-03
 Reference value :  1.92756e-03
 Reference value :  2.06456e-03
 Reference value :  2.20056e-03
 Reference value :  2.33956e-03
 Reference value :  2.48056e-03
 Reference value :  2.61456e-03
 Reference value :  2.74656e-03
 Reference value :  2.88156e-03
No. of Data Rows : 3057
m_recovery_time_s = 9.5606503965e-06
m_vref_final_v = 1.2511070212e+00
m_iq_total_final_ua = 1.8858412649e+01
m_det_final_v = 1.6541841754e-02
Note: Simulation executed from .control section 

Warning: m=xx on .subckt line will override multiplier m hierarchy!

