
Note: Compatibility modes selected: hs a


Circuit: * startup-state-search-extracted @ res_ff_-40c_3.30v -- generated by sim/harness, do not edit

Doing analysis at TEMP = -40.000000 and TNOM = 27.000000

Using SPARSE 1.3 as Direct Linear Solver
Operating point simulation skipped by 'uic',
  now using transient initial conditions.
 Reference value :  1.00000e-08
 Reference value :  1.32515e-06
 Reference value :  8.29481e-05
 Reference value :  2.13948e-04
 Reference value :  3.50948e-04
 Reference value :  4.87948e-04
 Reference value :  6.19948e-04
 Reference value :  7.57948e-04
 Reference value :  8.91948e-04
 Reference value :  1.02195e-03
 Reference value :  1.15495e-03
 Reference value :  1.29995e-03
 Reference value :  1.43995e-03
 Reference value :  1.57295e-03
 Reference value :  1.70795e-03
 Reference value :  1.84295e-03
 Reference value :  1.97795e-03
 Reference value :  2.11395e-03
 Reference value :  2.24495e-03
 Reference value :  2.38295e-03
 Reference value :  2.51895e-03
 Reference value :  2.65095e-03
 Reference value :  2.78595e-03
 Reference value :  2.91995e-03
No. of Data Rows : 3077
m_recovery_time_s = 7.3135834845e-06
m_vref_final_v = 1.2509198728e+00
m_iq_total_final_ua = 2.2371308950e+01
m_det_final_v = 1.4864222378e-02
Note: Simulation executed from .control section 

Warning: m=xx on .subckt line will override multiplier m hierarchy!

