
Note: Compatibility modes selected: hs a


Circuit: * startup-state-search-extracted @ res_ss_-40c_2.97v -- generated by sim/harness, do not edit

Doing analysis at TEMP = -40.000000 and TNOM = 27.000000

Using SPARSE 1.3 as Direct Linear Solver
Operating point simulation skipped by 'uic',
  now using transient initial conditions.
 Reference value :  1.00000e-08
 Reference value :  1.80360e-06
 Reference value :  8.34668e-05
 Reference value :  1.82467e-04
 Reference value :  3.12467e-04
 Reference value :  4.54467e-04
 Reference value :  5.94467e-04
 Reference value :  7.27467e-04
 Reference value :  8.61467e-04
 Reference value :  9.96467e-04
 Reference value :  1.12847e-03
 Reference value :  1.26047e-03
 Reference value :  1.39447e-03
 Reference value :  1.52747e-03
 Reference value :  1.66347e-03
 Reference value :  1.81147e-03
 Reference value :  1.95747e-03
 Reference value :  2.09247e-03
 Reference value :  2.23047e-03
 Reference value :  2.36747e-03
 Reference value :  2.50947e-03
 Reference value :  2.64447e-03
 Reference value :  2.77847e-03
 Reference value :  2.91347e-03
No. of Data Rows : 3066
m_recovery_time_s = 6.8281267020e-06
m_vref_final_v = 1.2401380517e+00
m_iq_total_final_ua = 1.3614390498e+01
m_det_final_v = 1.1504257967e-02
Note: Simulation executed from .control section 

Warning: m=xx on .subckt line will override multiplier m hierarchy!

