
Note: Compatibility modes selected: hs a


Circuit: * startup-state-search-extracted @ res_ss_27c_3.30v -- generated by sim/harness, do not edit

Doing analysis at TEMP = 27.000000 and TNOM = 27.000000

Using SPARSE 1.3 as Direct Linear Solver
Operating point simulation skipped by 'uic',
  now using transient initial conditions.
 Reference value :  1.00000e-08
 Reference value :  2.28398e-05
 Reference value :  1.58840e-04
 Reference value :  2.95840e-04
 Reference value :  4.35840e-04
 Reference value :  5.71840e-04
 Reference value :  7.06840e-04
 Reference value :  8.39840e-04
 Reference value :  9.74840e-04
 Reference value :  1.10884e-03
 Reference value :  1.24184e-03
 Reference value :  1.37684e-03
 Reference value :  1.51184e-03
 Reference value :  1.64784e-03
 Reference value :  1.80984e-03
 Reference value :  1.94684e-03
 Reference value :  2.08184e-03
 Reference value :  2.21584e-03
 Reference value :  2.35384e-03
 Reference value :  2.48784e-03
 Reference value :  2.62084e-03
 Reference value :  2.75384e-03
 Reference value :  2.88684e-03
No. of Data Rows : 3052
m_recovery_time_s = 8.9294824753e-06
m_vref_final_v = 1.2511395562e+00
m_iq_total_final_ua = 1.8323975443e+01
m_det_final_v = 1.4877593541e-02
Note: Simulation executed from .control section 

Warning: m=xx on .subckt line will override multiplier m hierarchy!

