
Note: Compatibility modes selected: hs a


Circuit: * startup-state-search-extracted @ res_ff_-40c_3.63v -- generated by sim/harness, do not edit

Doing analysis at TEMP = -40.000000 and TNOM = 27.000000

Using SPARSE 1.3 as Direct Linear Solver
Operating point simulation skipped by 'uic',
  now using transient initial conditions.
 Reference value :  1.00000e-08
 Reference value :  1.01201e-06
 Reference value :  4.68593e-05
 Reference value :  1.47859e-04
 Reference value :  2.86859e-04
 Reference value :  4.21859e-04
 Reference value :  5.52859e-04
 Reference value :  6.84859e-04
 Reference value :  8.19859e-04
 Reference value :  9.51859e-04
 Reference value :  1.08386e-03
 Reference value :  1.22586e-03
 Reference value :  1.36586e-03
 Reference value :  1.49986e-03
 Reference value :  1.63486e-03
 Reference value :  1.76986e-03
 Reference value :  1.90486e-03
 Reference value :  2.03986e-03
 Reference value :  2.17586e-03
 Reference value :  2.30686e-03
 Reference value :  2.44286e-03
 Reference value :  2.57686e-03
 Reference value :  2.71086e-03
 Reference value :  2.84486e-03
 Reference value :  2.97586e-03
No. of Data Rows : 3085
m_recovery_time_s = 4.3116800622e-06
m_vref_final_v = 1.2508207985e+00
m_iq_total_final_ua = 2.1841364098e+01
m_det_final_v = 1.6565290355e-02
Note: Simulation executed from .control section 

Warning: m=xx on .subckt line will override multiplier m hierarchy!

