
Note: Compatibility modes selected: hs a


Circuit: * startup-state-search-extracted @ res_ss_-40c_3.30v -- generated by sim/harness, do not edit

Doing analysis at TEMP = -40.000000 and TNOM = 27.000000

Using SPARSE 1.3 as Direct Linear Solver
Operating point simulation skipped by 'uic',
  now using transient initial conditions.
 Reference value :  1.00000e-08
 Reference value :  2.01956e-06
 Reference value :  1.31200e-04
 Reference value :  2.63200e-04
 Reference value :  4.00200e-04
 Reference value :  5.43200e-04
 Reference value :  6.81200e-04
 Reference value :  8.14200e-04
 Reference value :  9.50200e-04
 Reference value :  1.08820e-03
 Reference value :  1.21920e-03
 Reference value :  1.35220e-03
 Reference value :  1.48320e-03
 Reference value :  1.61720e-03
 Reference value :  1.75920e-03
 Reference value :  1.91220e-03
 Reference value :  2.04620e-03
 Reference value :  2.18520e-03
 Reference value :  2.32220e-03
 Reference value :  2.45820e-03
 Reference value :  2.59620e-03
 Reference value :  2.72620e-03
 Reference value :  2.85620e-03
 Reference value :  2.98920e-03
No. of Data Rows : 3063
m_recovery_time_s = 8.2001646838e-06
m_vref_final_v = 1.2399793328e+00
m_iq_total_final_ua = 1.5009350775e+01
m_det_final_v = 1.2946601428e-02
Note: Simulation executed from .control section 

Warning: m=xx on .subckt line will override multiplier m hierarchy!

