
Note: Compatibility modes selected: hs a


Circuit: * startup-state-search-extracted @ sf_-40c_3.30v -- generated by sim/harness, do not edit

Doing analysis at TEMP = -40.000000 and TNOM = 27.000000

Using SPARSE 1.3 as Direct Linear Solver
Operating point simulation skipped by 'uic',
  now using transient initial conditions.
 Reference value :  1.00000e-08
 Reference value :  1.53935e-06
 Reference value :  1.12813e-04
 Reference value :  2.43813e-04
 Reference value :  3.80813e-04
 Reference value :  5.18813e-04
 Reference value :  6.53813e-04
 Reference value :  7.99813e-04
 Reference value :  9.33813e-04
 Reference value :  1.07381e-03
 Reference value :  1.20781e-03
 Reference value :  1.34781e-03
 Reference value :  1.48281e-03
 Reference value :  1.61681e-03
 Reference value :  1.75381e-03
 Reference value :  1.88681e-03
 Reference value :  2.02381e-03
 Reference value :  2.15881e-03
 Reference value :  2.29081e-03
 Reference value :  2.42781e-03
 Reference value :  2.56381e-03
 Reference value :  2.69581e-03
 Reference value :  2.83081e-03
 Reference value :  2.96081e-03
No. of Data Rows : 3065
m_recovery_time_s = 7.7121588836e-06
m_vref_final_v = 1.2448644798e+00
m_iq_total_final_ua = 1.7560842671e+01
m_det_final_v = 1.3917060545e-02
Note: Simulation executed from .control section 

Warning: m=xx on .subckt line will override multiplier m hierarchy!

