
Note: Compatibility modes selected: hs a


Circuit: * startup-state-search-extracted @ sf_125c_3.30v -- generated by sim/harness, do not edit

Doing analysis at TEMP = 125.000000 and TNOM = 27.000000

Using SPARSE 1.3 as Direct Linear Solver
Operating point simulation skipped by 'uic',
  now using transient initial conditions.
 Reference value :  1.00000e-08
 Reference value :  3.85167e-05
 Reference value :  1.73517e-04
 Reference value :  3.09517e-04
 Reference value :  4.41517e-04
 Reference value :  5.73517e-04
 Reference value :  7.07517e-04
 Reference value :  8.45517e-04
 Reference value :  9.76517e-04
 Reference value :  1.10952e-03
 Reference value :  1.24552e-03
 Reference value :  1.37952e-03
 Reference value :  1.51652e-03
 Reference value :  1.65852e-03
 Reference value :  1.79552e-03
 Reference value :  1.93552e-03
 Reference value :  2.06852e-03
 Reference value :  2.20452e-03
 Reference value :  2.33752e-03
 Reference value :  2.47052e-03
 Reference value :  2.60252e-03
 Reference value :  2.73852e-03
 Reference value :  2.87652e-03
No. of Data Rows : 3045
m_recovery_time_s = 2.0516663316e-05
m_vref_final_v = 1.2706727365e+00
m_iq_total_final_ua = 2.8100875590e+01
m_det_final_v = 1.8633888521e-02
Note: Simulation executed from .control section 

Warning: m=xx on .subckt line will override multiplier m hierarchy!

