
Note: Compatibility modes selected: hs a


Circuit: * startup-state-search-extracted @ sf_27c_3.63v -- generated by sim/harness, do not edit

Doing analysis at TEMP = 27.000000 and TNOM = 27.000000

Using SPARSE 1.3 as Direct Linear Solver
Operating point simulation skipped by 'uic',
  now using transient initial conditions.
 Reference value :  1.00000e-08
 Reference value :  1.52095e-06
 Reference value :  1.21485e-04
 Reference value :  2.57485e-04
 Reference value :  3.93485e-04
 Reference value :  5.35485e-04
 Reference value :  6.71485e-04
 Reference value :  8.11485e-04
 Reference value :  9.50485e-04
 Reference value :  1.08648e-03
 Reference value :  1.22048e-03
 Reference value :  1.35548e-03
 Reference value :  1.49148e-03
 Reference value :  1.63248e-03
 Reference value :  1.76848e-03
 Reference value :  1.90548e-03
 Reference value :  2.03748e-03
 Reference value :  2.17448e-03
 Reference value :  2.31348e-03
 Reference value :  2.44548e-03
 Reference value :  2.58448e-03
 Reference value :  2.71748e-03
 Reference value :  2.85348e-03
 Reference value :  2.98648e-03
No. of Data Rows : 3055
m_recovery_time_s = 1.0495380549e-05
m_vref_final_v = 1.2571549033e+00
m_iq_total_final_ua = 2.2274853609e+01
m_det_final_v = 1.7776333368e-02
Note: Simulation executed from .control section 

Warning: m=xx on .subckt line will override multiplier m hierarchy!

