
Note: Compatibility modes selected: hs a


Circuit: * startup-state-search-extracted @ sf_27c_2.97v -- generated by sim/harness, do not edit

Doing analysis at TEMP = 27.000000 and TNOM = 27.000000

Using SPARSE 1.3 as Direct Linear Solver
Operating point simulation skipped by 'uic',
  now using transient initial conditions.
 Reference value :  1.00000e-08
 Reference value :  2.79020e-05
 Reference value :  1.61902e-04
 Reference value :  2.97902e-04
 Reference value :  4.39902e-04
 Reference value :  5.69902e-04
 Reference value :  7.17902e-04
 Reference value :  8.52902e-04
 Reference value :  9.89902e-04
 Reference value :  1.12190e-03
 Reference value :  1.25290e-03
 Reference value :  1.38690e-03
 Reference value :  1.52290e-03
 Reference value :  1.65490e-03
 Reference value :  1.79090e-03
 Reference value :  1.92290e-03
 Reference value :  2.05290e-03
 Reference value :  2.18690e-03
 Reference value :  2.32390e-03
 Reference value :  2.45590e-03
 Reference value :  2.59190e-03
 Reference value :  2.72090e-03
 Reference value :  2.85490e-03
 Reference value :  2.99090e-03
No. of Data Rows : 3052
m_recovery_time_s = 1.0023810231e-05
m_vref_final_v = 1.2570659488e+00
m_iq_total_final_ua = 2.1840045011e+01
m_det_final_v = 1.4241910548e-02
Note: Simulation executed from .control section 

Warning: m=xx on .subckt line will override multiplier m hierarchy!

