
Note: Compatibility modes selected: hs a


Circuit: * startup-state-search-extracted @ ss_125c_3.63v -- generated by sim/harness, do not edit

Doing analysis at TEMP = 125.000000 and TNOM = 27.000000

Using SPARSE 1.3 as Direct Linear Solver
Operating point simulation skipped by 'uic',
  now using transient initial conditions.
 Reference value :  1.00000e-08
 Reference value :  3.51563e-05
 Reference value :  1.78156e-04
 Reference value :  3.13156e-04
 Reference value :  4.47156e-04
 Reference value :  5.88156e-04
 Reference value :  7.20156e-04
 Reference value :  8.54156e-04
 Reference value :  9.93156e-04
 Reference value :  1.12616e-03
 Reference value :  1.26016e-03
 Reference value :  1.39616e-03
 Reference value :  1.53816e-03
 Reference value :  1.67416e-03
 Reference value :  1.81916e-03
 Reference value :  1.95116e-03
 Reference value :  2.09016e-03
 Reference value :  2.22616e-03
 Reference value :  2.36016e-03
 Reference value :  2.49816e-03
 Reference value :  2.62916e-03
 Reference value :  2.76216e-03
 Reference value :  2.89616e-03
No. of Data Rows : 3051
m_recovery_time_s = 1.4156309501e-05
m_vref_final_v = 1.2751799356e+00
m_iq_total_final_ua = 2.3649898545e+01
m_det_final_v = 1.9545244523e-02
Note: Simulation executed from .control section 

Warning: m=xx on .subckt line will override multiplier m hierarchy!

