
Note: Compatibility modes selected: hs a


Circuit: * startup-state-search-extracted @ ss_125c_2.97v -- generated by sim/harness, do not edit

Doing analysis at TEMP = 125.000000 and TNOM = 27.000000

Using SPARSE 1.3 as Direct Linear Solver
Operating point simulation skipped by 'uic',
  now using transient initial conditions.
 Reference value :  1.00000e-08
 Reference value :  1.52368e-05
 Reference value :  1.52237e-04
 Reference value :  2.88237e-04
 Reference value :  4.31237e-04
 Reference value :  5.66237e-04
 Reference value :  7.06237e-04
 Reference value :  8.46237e-04
 Reference value :  9.79237e-04
 Reference value :  1.11724e-03
 Reference value :  1.26024e-03
 Reference value :  1.39124e-03
 Reference value :  1.53224e-03
 Reference value :  1.66924e-03
 Reference value :  1.80824e-03
 Reference value :  1.94324e-03
 Reference value :  2.09024e-03
 Reference value :  2.22224e-03
 Reference value :  2.35724e-03
 Reference value :  2.49824e-03
 Reference value :  2.63224e-03
 Reference value :  2.77024e-03
 Reference value :  2.90224e-03
No. of Data Rows : 3056
m_recovery_time_s = 1.3236804942e-05
m_vref_final_v = 1.2751840149e+00
m_iq_total_final_ua = 2.3310579460e+01
m_det_final_v = 1.5724876300e-02
Note: Simulation executed from .control section 

Warning: m=xx on .subckt line will override multiplier m hierarchy!

