
Note: Compatibility modes selected: hs a


Circuit: * startup-state-search-extracted @ ss_125c_3.30v -- generated by sim/harness, do not edit

Doing analysis at TEMP = 125.000000 and TNOM = 27.000000

Using SPARSE 1.3 as Direct Linear Solver
Operating point simulation skipped by 'uic',
  now using transient initial conditions.
 Reference value :  1.00000e-08
 Reference value :  2.05056e-05
 Reference value :  1.53506e-04
 Reference value :  2.89506e-04
 Reference value :  4.23506e-04
 Reference value :  5.56506e-04
 Reference value :  6.97506e-04
 Reference value :  8.30506e-04
 Reference value :  9.65506e-04
 Reference value :  1.10251e-03
 Reference value :  1.24151e-03
 Reference value :  1.37951e-03
 Reference value :  1.52151e-03
 Reference value :  1.65551e-03
 Reference value :  1.78851e-03
 Reference value :  1.93151e-03
 Reference value :  2.07151e-03
 Reference value :  2.20551e-03
 Reference value :  2.34351e-03
 Reference value :  2.48351e-03
 Reference value :  2.61751e-03
 Reference value :  2.75051e-03
 Reference value :  2.88451e-03
No. of Data Rows : 3054
m_recovery_time_s = 1.3505552127e-05
m_vref_final_v = 1.2751043149e+00
m_iq_total_final_ua = 2.3703045604e+01
m_det_final_v = 1.7617624167e-02
Note: Simulation executed from .control section 

Warning: m=xx on .subckt line will override multiplier m hierarchy!

