
Note: Compatibility modes selected: hs a


Circuit: * startup-state-search-extracted @ tt_-40c_2.97v -- generated by sim/harness, do not edit

Doing analysis at TEMP = -40.000000 and TNOM = 27.000000

Using SPARSE 1.3 as Direct Linear Solver
Operating point simulation skipped by 'uic',
  now using transient initial conditions.
 Reference value :  1.00000e-08
 Reference value :  1.72367e-06
 Reference value :  1.29419e-04
 Reference value :  2.75419e-04
 Reference value :  4.21419e-04
 Reference value :  5.69419e-04
 Reference value :  7.20419e-04
 Reference value :  8.73419e-04
 Reference value :  1.02742e-03
 Reference value :  1.18742e-03
 Reference value :  1.34142e-03
 Reference value :  1.49242e-03
 Reference value :  1.66142e-03
 Reference value :  1.81542e-03
 Reference value :  1.96442e-03
 Reference value :  2.12942e-03
 Reference value :  2.27242e-03
 Reference value :  2.41642e-03
 Reference value :  2.57642e-03
 Reference value :  2.72942e-03
 Reference value :  2.88342e-03
No. of Data Rows : 3066
m_recovery_time_s = 6.4189018091e-06
m_vref_final_v = 1.2449685764e+00
m_iq_total_final_ua = 1.7358060457e+01
m_det_final_v = 1.2224365411e-02
Note: Simulation executed from .control section 

Warning: m=xx on .subckt line will override multiplier m hierarchy!

