
Note: Compatibility modes selected: hs a


Circuit: * startup-state-search-extracted @ tt_-40c_3.30v -- generated by sim/harness, do not edit

Doing analysis at TEMP = -40.000000 and TNOM = 27.000000

Using SPARSE 1.3 as Direct Linear Solver
Operating point simulation skipped by 'uic',
  now using transient initial conditions.
 Reference value :  1.00000e-08
 Reference value :  1.59261e-06
 Reference value :  8.64005e-05
 Reference value :  2.30401e-04
 Reference value :  3.67401e-04
 Reference value :  5.15401e-04
 Reference value :  6.62401e-04
 Reference value :  8.16401e-04
 Reference value :  9.63401e-04
 Reference value :  1.12640e-03
 Reference value :  1.28640e-03
 Reference value :  1.42540e-03
 Reference value :  1.58240e-03
 Reference value :  1.73440e-03
 Reference value :  1.88440e-03
 Reference value :  2.03940e-03
 Reference value :  2.19640e-03
 Reference value :  2.33140e-03
 Reference value :  2.48140e-03
 Reference value :  2.64040e-03
 Reference value :  2.78940e-03
 Reference value :  2.93940e-03
No. of Data Rows : 3069
m_recovery_time_s = 8.4005289503e-06
m_vref_final_v = 1.2445970647e+00
m_iq_total_final_ua = 1.6919565346e+01
m_det_final_v = 1.3754972480e-02
Note: Simulation executed from .control section 

Warning: m=xx on .subckt line will override multiplier m hierarchy!

