
Note: Compatibility modes selected: hs a


Circuit: * startup-state-search-extracted @ tt_125c_3.30v -- generated by sim/harness, do not edit

Doing analysis at TEMP = 125.000000 and TNOM = 27.000000

Using SPARSE 1.3 as Direct Linear Solver
Operating point simulation skipped by 'uic',
  now using transient initial conditions.
 Reference value :  1.00000e-08
 Reference value :  6.22669e-05
 Reference value :  2.16267e-04
 Reference value :  3.53267e-04
 Reference value :  4.94267e-04
 Reference value :  6.34267e-04
 Reference value :  7.97267e-04
 Reference value :  9.42267e-04
 Reference value :  1.09727e-03
 Reference value :  1.23527e-03
 Reference value :  1.39627e-03
 Reference value :  1.53627e-03
 Reference value :  1.67527e-03
 Reference value :  1.81527e-03
 Reference value :  1.96727e-03
 Reference value :  2.11927e-03
 Reference value :  2.27627e-03
 Reference value :  2.41827e-03
 Reference value :  2.56827e-03
 Reference value :  2.71927e-03
 Reference value :  2.86027e-03
 Reference value :  2.99727e-03
No. of Data Rows : 3044
m_recovery_time_s = 1.1266905409e-05
m_vref_final_v = 1.2706574899e+00
m_iq_total_final_ua = 2.8708045329e+01
m_det_final_v = 1.8437962388e-02
Note: Simulation executed from .control section 

Warning: m=xx on .subckt line will override multiplier m hierarchy!

