
Note: Compatibility modes selected: hs a


Circuit: * startup-state-search-extracted @ tt_27c_3.63v -- generated by sim/harness, do not edit

Doing analysis at TEMP = 27.000000 and TNOM = 27.000000

Using SPARSE 1.3 as Direct Linear Solver
Operating point simulation skipped by 'uic',
  now using transient initial conditions.
 Reference value :  1.00000e-08
 Reference value :  1.08227e-05
 Reference value :  1.57823e-04
 Reference value :  3.04823e-04
 Reference value :  4.49823e-04
 Reference value :  6.03823e-04
 Reference value :  7.55823e-04
 Reference value :  9.07823e-04
 Reference value :  1.05582e-03
 Reference value :  1.21682e-03
 Reference value :  1.37082e-03
 Reference value :  1.51482e-03
 Reference value :  1.68082e-03
 Reference value :  1.84182e-03
 Reference value :  1.98882e-03
 Reference value :  2.14582e-03
 Reference value :  2.29682e-03
 Reference value :  2.44082e-03
 Reference value :  2.59882e-03
 Reference value :  2.74682e-03
 Reference value :  2.90082e-03
No. of Data Rows : 3058
m_recovery_time_s = 8.8227489924e-06
m_vref_final_v = 1.2573683007e+00
m_iq_total_final_ua = 2.2448353762e+01
m_det_final_v = 1.7583637127e-02
Note: Simulation executed from .control section 

Warning: m=xx on .subckt line will override multiplier m hierarchy!

