
Note: Compatibility modes selected: hs a


Circuit: * startup-state-search-extracted @ tt_27c_2.97v -- generated by sim/harness, do not edit

Doing analysis at TEMP = 27.000000 and TNOM = 27.000000

Using SPARSE 1.3 as Direct Linear Solver
Operating point simulation skipped by 'uic',
  now using transient initial conditions.
 Reference value :  1.00000e-08
 Reference value :  1.51840e-05
 Reference value :  1.60184e-04
 Reference value :  3.05184e-04
 Reference value :  4.51184e-04
 Reference value :  6.00184e-04
 Reference value :  7.47184e-04
 Reference value :  8.96184e-04
 Reference value :  1.05118e-03
 Reference value :  1.21018e-03
 Reference value :  1.36418e-03
 Reference value :  1.51718e-03
 Reference value :  1.68418e-03
 Reference value :  1.84018e-03
 Reference value :  1.99218e-03
 Reference value :  2.14318e-03
 Reference value :  2.28018e-03
 Reference value :  2.42318e-03
 Reference value :  2.57718e-03
 Reference value :  2.73418e-03
 Reference value :  2.88718e-03
No. of Data Rows : 3056
m_recovery_time_s = 8.1840154231e-06
m_vref_final_v = 1.2571585276e+00
m_iq_total_final_ua = 2.2295361795e+01
m_det_final_v = 1.4088326744e-02
Note: Simulation executed from .control section 

Warning: m=xx on .subckt line will override multiplier m hierarchy!

