
Note: Compatibility modes selected: hs a


Circuit: * startup-state-search-extracted @ tt_27c_3.30v -- generated by sim/harness, do not edit

Doing analysis at TEMP = 27.000000 and TNOM = 27.000000

Using SPARSE 1.3 as Direct Linear Solver
Operating point simulation skipped by 'uic',
  now using transient initial conditions.
 Reference value :  1.00000e-08
 Reference value :  2.22615e-05
 Reference value :  1.64262e-04
 Reference value :  3.20262e-04
 Reference value :  4.69262e-04
 Reference value :  6.11262e-04
 Reference value :  7.55262e-04
 Reference value :  9.05262e-04
 Reference value :  1.05526e-03
 Reference value :  1.21026e-03
 Reference value :  1.36726e-03
 Reference value :  1.51926e-03
 Reference value :  1.67626e-03
 Reference value :  1.84726e-03
 Reference value :  1.99326e-03
 Reference value :  2.14326e-03
 Reference value :  2.29626e-03
 Reference value :  2.44526e-03
 Reference value :  2.58926e-03
 Reference value :  2.74826e-03
 Reference value :  2.90026e-03
No. of Data Rows : 3056
m_recovery_time_s = 8.2615022699e-06
m_vref_final_v = 1.2572421905e+00
m_iq_total_final_ua = 2.2563559563e+01
m_det_final_v = 1.5815717640e-02
Note: Simulation executed from .control section 

Warning: m=xx on .subckt line will override multiplier m hierarchy!

