
Note: No compatibility mode selected!


Circuit: * output-voltage-tc @ res_ff_125c_3.63v -- generated by sim/harness, do not edit

Doing analysis at TEMP = 125.000000 and TNOM = 27.000000

Using SPARSE 1.3 as Direct Linear Solver
 Reference value :  0.00000e+00
No. of Data Rows : 1
Doing analysis at TEMP = 125.000000 and TNOM = 27.000000

Using SPARSE 1.3 as Direct Linear Solver
 Reference value : -4.00000e+01
 Reference value : -3.60000e+01
 Reference value : -3.30000e+01
 Reference value : -2.90000e+01
 Reference value : -2.60000e+01
 Reference value : -2.20000e+01
 Reference value : -1.80000e+01
 Reference value : -1.40000e+01
 Reference value : -1.00000e+01
 Reference value : -6.00000e+00
 Reference value : -2.00000e+00
 Reference value :  1.00000e+00
 Reference value :  4.00000e+00
 Reference value :  8.00000e+00
 Reference value :  1.10000e+01
 Reference value :  1.50000e+01
 Reference value :  1.90000e+01
 Reference value :  2.20000e+01
 Reference value :  2.50000e+01
 Reference value :  2.90000e+01
 Reference value :  3.30000e+01
 Reference value :  3.60000e+01
 Reference value :  3.90000e+01
 Reference value :  4.30000e+01
 Reference value :  4.60000e+01
 Reference value :  4.90000e+01
 Reference value :  5.30000e+01
 Reference value :  5.60000e+01
 Reference value :  5.90000e+01
 Reference value :  6.30000e+01
 Reference value :  6.70000e+01
 Reference value :  7.10000e+01
 Reference value :  7.40000e+01
 Reference value :  7.80000e+01
 Reference value :  8.10000e+01
 Reference value :  8.40000e+01
 Reference value :  8.70000e+01
 Reference value :  9.00000e+01
 Reference value :  9.30000e+01
 Reference value :  9.60000e+01
 Reference value :  9.90000e+01
 Reference value :  1.02000e+02
 Reference value :  1.05000e+02
 Reference value :  1.08000e+02
 Reference value :  1.12000e+02
 Reference value :  1.15000e+02
 Reference value :  1.18000e+02
 Reference value :  1.22000e+02
 Reference value :  1.25000e+02
No. of Data Rows : 166
m_vref = 1.1995654453e+00
m_tc_ppm = 2.0652612569e+01
m_vref_box_max = 1.2002985301e+00
m_vref_box_min = 1.1962098115e+00
m_vref_m40 = 1.1962098115e+00
m_vref_27 = 1.1998536736e+00
m_vref_125 = 1.1995654322e+00
m_sweep_points = 1.6600000000e+02
Note: Simulation executed from .control section 

Warning : IC on non-existent node - xdut.xx1.casc, ignored
   Please check line .ic v(xdut.fb)=1.0 v(xdut.sns1)=0.6 v(xdut.sns2)=0.6 v(vref)=1.2 v(xdut.ibias)=0.6 v(xdut.xx1.casc)=1.8

Note: Starting dynamic gmin stepping
Note: Dynamic gmin stepping completed
Note: Starting dynamic gmin stepping
Note: Dynamic gmin stepping completed
