
Note: Compatibility modes selected: hs a


Circuit: * startup @ bjt_ff_27c_3.30v -- generated by sim/harness, do not edit

Doing analysis at TEMP = 27.000000 and TNOM = 27.000000

Using SPARSE 1.3 as Direct Linear Solver

Initial Transient Solution
--------------------------

Node                                   Voltage
----                                   -------
vdd                                          0
xtop.xx1.d1                       -2.71483e-21
xtop.fb                           -1.26125e-18
xtop.sns1                          1.72987e-21
xtop.casc                         -2.62749e-29
xtop.xx1.d2                        2.03833e-22
xtop.sns2                          -2.0811e-21
xtop.xx1.e2                        -2.0811e-21
xtop.xx1.xr2.11                    -2.0811e-21
xtop.xx1.xr2.21                    -2.0811e-21
xtop.xx1.d3                       -1.09659e-19
vref                               1.19951e-20
xtop.xx1.e3                        1.19951e-20
xtop.xx1.xr1.11                    1.19951e-20
xtop.xx1.xr1.21                    1.19951e-20
xtop.xx1.d4                       -3.33365e-21
xtop.ibias                         8.67853e-19
xtop.xx2.nd1                       1.06809e-18
xtop.xx2.tail                      3.74862e-19
xtop.vdd_su                                  0
xtop.xx3.det                                 0
xtop.xx3.xrpu.11                             0
xtop.xx3.xrpu.21                             0
v.xtop.vsu_sense#branch                      0
vsup#branch                        6.63479e-31

 Reference value :  7.86467e-06
 Reference value :  1.30986e-03
 Reference value :  2.92386e-03
No. of Data Rows : 3048
m_startup_time_s = 4.0412946407e-06
m_vref_final_v = 1.2211306746e+00
m_iq_total_final_ua = 4.6742424904e+01
m_iq_startup_branch_final_ua = 1.6233275649e+00
m_det_final_v = 1.0589742946e-02
m_t0_s = 9.7683006397e-07
m_t_settle_s = 5.0181247046e-06
Note: Simulation executed from .control section 

Warning: m=xx on .subckt line will override multiplier m hierarchy!

