
Note: Compatibility modes selected: hs a


Circuit: * startup @ bjt_ss_-40c_3.63v -- generated by sim/harness, do not edit

Doing analysis at TEMP = -40.000000 and TNOM = 27.000000

Using SPARSE 1.3 as Direct Linear Solver

Initial Transient Solution
--------------------------

Node                                   Voltage
----                                   -------
vdd                                          0
xtop.xx1.d1                       -4.47128e-24
xtop.fb                           -3.60401e-21
xtop.sns1                           1.5111e-24
xtop.casc                          2.36875e-71
xtop.xx1.d2                        4.27937e-29
xtop.sns2                         -6.00367e-31
xtop.xx1.e2                       -6.00367e-31
xtop.xx1.xr2.11                   -6.00367e-31
xtop.xx1.xr2.21                   -6.00367e-31
xtop.xx1.d3                       -3.31454e-25
vref                               4.80362e-27
xtop.xx1.e3                        4.80362e-27
xtop.xx1.xr1.11                    4.80362e-27
xtop.xx1.xr1.21                    4.80362e-27
xtop.xx1.d4                       -3.03524e-63
xtop.ibias                         7.35247e-61
xtop.xx2.nd1                      -3.24279e-20
xtop.xx2.tail                      2.55888e-21
xtop.vdd_su                                  0
xtop.xx3.det                                 0
xtop.xx3.xrpu.11                             0
xtop.xx3.xrpu.21                             0
v.xtop.vsu_sense#branch                      0
vsup#branch                        3.06922e-32

 Reference value :  6.89327e-05
 Reference value :  1.65893e-03
No. of Data Rows : 3057
m_startup_time_s = 6.0305903201e-06
m_vref_final_v = 1.2209837428e+00
m_iq_total_final_ua = 3.5990681770e+01
m_iq_startup_branch_final_ua = 1.6635782394e+00
m_det_final_v = 1.0680139340e-02
m_t0_s = 9.0209480919e-07
m_t_settle_s = 6.9326851293e-06
Note: Simulation executed from .control section 

Warning: m=xx on .subckt line will override multiplier m hierarchy!

