
Note: Compatibility modes selected: hs a


Circuit: * startup @ ss_27c_3.63v -- generated by sim/harness, do not edit

Doing analysis at TEMP = 27.000000 and TNOM = 27.000000

Using SPARSE 1.3 as Direct Linear Solver

Initial Transient Solution
--------------------------

Node                                   Voltage
----                                   -------
vdd                                          0
xtop.xx1.d1                       -1.99265e-15
xtop.fb                             8.1049e-15
xtop.sns1                          5.21849e-15
xtop.casc                         -1.25696e-31
xtop.xx1.d2                        9.76022e-21
xtop.sns2                         -1.40097e-20
xtop.xx1.e2                       -1.40097e-20
xtop.xx1.xr2.11                   -1.40097e-20
xtop.xx1.xr2.21                   -1.40097e-20
xtop.xx1.d3                         -1.554e-15
vref                               4.07352e-15
xtop.xx1.e3                        4.07352e-15
xtop.xx1.xr1.11                    4.07352e-15
xtop.xx1.xr1.21                    4.07352e-15
xtop.xx1.d4                        9.77928e-28
xtop.ibias                        -7.87511e-26
xtop.xx2.nd1                      -1.74063e-15
xtop.xx2.tail                     -6.89171e-15
xtop.vdd_su                                  0
xtop.xx3.det                      1.43043e-295
xtop.xx3.xrpu.11                  1.43043e-295
xtop.xx3.xrpu.21                 -6.78715e-306
v.xtop.vsu_sense#branch           1.58997e-307
vsup#branch                        7.53726e-27

 Reference value :  1.05542e-06
 Reference value :  1.23145e-03
 Reference value :  2.48145e-03
No. of Data Rows : 3051
m_startup_time_s = 3.5285102284e-06
m_vref_final_v = 1.2295461135e+00
m_iq_total_final_ua = 3.7675721701e+01
m_iq_startup_branch_final_ua = 1.4882531466e+00
m_det_final_v = 1.1180807955e-02
m_t0_s = 9.1828559597e-07
m_t_settle_s = 4.4467958244e-06
Note: Simulation executed from .control section 

Warning: m=xx on .subckt line will override multiplier m hierarchy!

