* ====================================================================
* record-id : 20260731-031337-8fb0ea6
* testbench : tb_mos_vth.spice
* corner    : sf
* temp      : 125 C
* supply    : n/a (no supply rail in this device-level testbench)
* pdk       : gf180mcuD (/Users/rwalters/.volare)
* ngspice   : ngspice-46
* run (UTC) : 2026-07-31T03:13:37Z
* ====================================================================

Note: Compatibility modes selected: hs a


Circuit: * tb_mos_vth.spice -- gf180mcu 3.3 v mos threshold characterization

Doing analysis at TEMP = 125.000000 and TNOM = 27.000000

Using SPARSE 1.3 as Direct Linear Solver

No. of Data Rows : 101
                                                                                                                                                                                                                              * tb_mos_vth.spice -- gf180mcu 3.3 v mos threshold characterization
                                                                                                                                                                                                                              DC transfer characteristic  Thu Jul 30 20:13:54  2026
--------------------------------------------------------------------------------------------------------------------------------------------------------------------------------------------------------------------------------------------------------------------------------------------------------------------------------------------------------------------------------------------------------------------------------------------------------------------------------------------------------------------------------
Index   v-sweep         v(gn1)          v(gn4)          v(gp1)          v(gp4)          
--------------------------------------------------------------------------------------------------------------------------------------------------------------------------------------------------------------------------------------------------------------------------------------------------------------------------------------------------------------------------------------------------------------------------------------------------------------------------------------------------------------------------------
0	-8.00000e+00	3.663078e-01	4.080770e-01	-3.45493e-01	-4.18383e-01	
1	-7.95000e+00	3.720185e-01	4.140217e-01	-3.51548e-01	-4.24851e-01	
2	-7.90000e+00	3.777406e-01	4.199870e-01	-3.57627e-01	-4.31356e-01	
3	-7.85000e+00	3.834746e-01	4.259739e-01	-3.63732e-01	-4.37896e-01	
4	-7.80000e+00	3.892210e-01	4.319828e-01	-3.69862e-01	-4.44473e-01	
5	-7.75000e+00	3.949805e-01	4.380146e-01	-3.76020e-01	-4.51089e-01	
6	-7.70000e+00	4.007536e-01	4.440699e-01	-3.82205e-01	-4.57744e-01	
7	-7.65000e+00	4.065409e-01	4.501493e-01	-3.88420e-01	-4.64439e-01	
8	-7.60000e+00	4.123430e-01	4.562537e-01	-3.94664e-01	-4.71178e-01	
9	-7.55000e+00	4.181606e-01	4.623835e-01	-4.00938e-01	-4.77960e-01	
10	-7.50000e+00	4.239943e-01	4.685397e-01	-4.07244e-01	-4.84790e-01	
11	-7.45000e+00	4.298448e-01	4.747227e-01	-4.13581e-01	-4.91666e-01	
12	-7.40000e+00	4.357127e-01	4.809335e-01	-4.19952e-01	-4.98596e-01	
13	-7.35000e+00	4.415988e-01	4.871728e-01	-4.26356e-01	-5.05580e-01	
14	-7.30000e+00	4.475036e-01	4.934415e-01	-4.32795e-01	-5.12624e-01	
15	-7.25000e+00	4.534279e-01	4.997407e-01	-4.39269e-01	-5.19730e-01	
16	-7.20000e+00	4.593723e-01	5.060723e-01	-4.45779e-01	-5.26905e-01	
17	-7.15000e+00	4.653375e-01	5.124342e-01	-4.52326e-01	-5.34153e-01	
18	-7.10000e+00	4.713242e-01	5.188316e-01	-4.58911e-01	-5.41482e-01	
19	-7.05000e+00	4.773331e-01	5.252649e-01	-4.65535e-01	-5.48898e-01	
20	-7.00000e+00	4.833648e-01	5.317360e-01	-4.72200e-01	-5.56408e-01	
21	-6.95000e+00	4.894199e-01	5.382473e-01	-4.78907e-01	-5.64021e-01	
22	-6.90000e+00	4.954992e-01	5.448014e-01	-4.85657e-01	-5.71746e-01	
23	-6.85000e+00	5.016033e-01	5.514016e-01	-4.92453e-01	-5.79594e-01	
24	-6.80000e+00	5.077329e-01	5.580513e-01	-4.99297e-01	-5.87575e-01	
25	-6.75000e+00	5.138887e-01	5.647547e-01	-5.06191e-01	-5.95701e-01	
26	-6.70000e+00	5.200715e-01	5.715165e-01	-5.13139e-01	-6.03985e-01	
27	-6.65000e+00	5.262819e-01	5.783419e-01	-5.20145e-01	-6.12441e-01	
28	-6.60000e+00	5.325210e-01	5.852370e-01	-5.27211e-01	-6.21084e-01	
29	-6.55000e+00	5.387897e-01	5.922083e-01	-5.34343e-01	-6.29931e-01	
30	-6.50000e+00	5.450891e-01	5.992633e-01	-5.41547e-01	-6.38999e-01	
31	-6.45000e+00	5.514204e-01	6.064102e-01	-5.48827e-01	-6.48307e-01	
32	-6.40000e+00	5.577850e-01	6.136579e-01	-5.56191e-01	-6.57877e-01	
33	-6.35000e+00	5.641848e-01	6.210165e-01	-5.63646e-01	-6.67730e-01	
34	-6.30000e+00	5.706217e-01	6.284965e-01	-5.71199e-01	-6.77891e-01	
35	-6.25000e+00	5.770981e-01	6.361100e-01	-5.78860e-01	-6.88386e-01	
36	-6.20000e+00	5.836166e-01	6.438695e-01	-5.86638e-01	-6.99243e-01	
37	-6.15000e+00	5.901821e-01	6.517891e-01	-5.94543e-01	-7.10494e-01	
38	-6.10000e+00	5.967939e-01	6.598837e-01	-6.02587e-01	-7.22171e-01	
39	-6.05000e+00	6.034593e-01	6.681695e-01	-6.10783e-01	-7.34310e-01	
40	-6.00000e+00	6.101828e-01	6.766641e-01	-6.19144e-01	-7.46950e-01	
41	-5.95000e+00	6.169697e-01	6.853863e-01	-6.27684e-01	-7.60133e-01	
42	-5.90000e+00	6.238260e-01	6.943565e-01	-6.36419e-01	-7.73905e-01	
43	-5.85000e+00	6.307584e-01	7.035967e-01	-6.45367e-01	-7.88314e-01	
44	-5.80000e+00	6.377747e-01	7.131302e-01	-6.54546e-01	-8.03412e-01	
45	-5.75000e+00	6.448831e-01	7.229826e-01	-6.63977e-01	-8.19256e-01	
46	-5.70000e+00	6.520944e-01	7.331810e-01	-6.73680e-01	-8.35907e-01	
47	-5.65000e+00	6.594154e-01	7.437546e-01	-6.83680e-01	-8.53428e-01	
48	-5.60000e+00	6.668601e-01	7.547349e-01	-6.94002e-01	-8.71891e-01	
49	-5.55000e+00	6.744405e-01	7.661553e-01	-7.04674e-01	-8.91374e-01	
50	-5.50000e+00	6.821700e-01	7.780521e-01	-7.15726e-01	-9.11954e-01	
51	-5.45000e+00	6.900634e-01	7.904637e-01	-7.27190e-01	-9.33714e-01	
52	-5.40000e+00	6.981366e-01	8.034313e-01	-7.39102e-01	-9.56742e-01	
53	-5.35000e+00	7.064071e-01	8.169990e-01	-7.51499e-01	-9.81129e-01	
54	-5.30000e+00	7.148939e-01	8.312138e-01	-7.64424e-01	-1.00697e+00	
55	-5.25000e+00	7.236190e-01	8.461255e-01	-7.77921e-01	-1.03437e+00	
56	-5.20000e+00	7.326011e-01	8.617875e-01	-7.92039e-01	-1.06344e+00	
57	-5.15000e+00	7.418671e-01	8.782562e-01	-8.06829e-01	-1.09428e+00	
58	-5.10000e+00	7.514431e-01	8.955917e-01	-8.22349e-01	-1.12701e+00	
59	-5.05000e+00	7.613574e-01	9.138575e-01	-8.38658e-01	-1.16177e+00	
60	-5.00000e+00	7.716409e-01	9.331209e-01	-8.55821e-01	-1.19867e+00	
61	-4.95000e+00	7.823268e-01	9.534533e-01	-8.73913e-01	-1.23787e+00	
62	-4.90000e+00	7.934513e-01	9.749301e-01	-8.93010e-01	-1.27951e+00	
63	-4.85000e+00	8.050535e-01	9.976312e-01	-9.13192e-01	-1.32374e+00	
64	-4.80000e+00	8.171756e-01	1.021641e+00	-9.34544e-01	-1.37074e+00	
65	-4.75000e+00	8.298640e-01	1.047049e+00	-9.57157e-01	-1.42069e+00	
66	-4.70000e+00	8.431655e-01	1.073951e+00	-9.81124e-01	-1.47378e+00	
67	-4.65000e+00	8.571346e-01	1.102447e+00	-1.00655e+00	-1.53021e+00	
68	-4.60000e+00	8.718278e-01	1.132645e+00	-1.03354e+00	-1.59021e+00	
69	-4.55000e+00	8.873060e-01	1.164659e+00	-1.06220e+00	-1.65400e+00	
70	-4.50000e+00	9.036343e-01	1.198613e+00	-1.09266e+00	-1.72185e+00	
71	-4.45000e+00	9.208827e-01	1.234636e+00	-1.12504e+00	-1.79401e+00	
72	-4.40000e+00	9.391256e-01	1.272870e+00	-1.15947e+00	-1.87078e+00	
73	-4.35000e+00	9.584429e-01	1.313465e+00	-1.19610e+00	-1.95246e+00	
74	-4.30000e+00	9.789195e-01	1.356583e+00	-1.23508e+00	-2.03938e+00	
75	-4.25000e+00	1.000647e+00	1.402398e+00	-1.27656e+00	-2.13189e+00	
76	-4.20000e+00	1.023720e+00	1.451100e+00	-1.32073e+00	-2.23036e+00	
77	-4.15000e+00	1.048246e+00	1.502890e+00	-1.36776e+00	-2.33519e+00	
78	-4.10000e+00	1.074333e+00	1.557988e+00	-1.41786e+00	-2.44679e+00	
79	-4.05000e+00	1.102103e+00	1.616634e+00	-1.47125e+00	-2.56561e+00	
80	-4.00000e+00	1.131683e+00	1.679084e+00	-1.52814e+00	-2.69213e+00	
81	-3.95000e+00	1.163212e+00	1.745622e+00	-1.58880e+00	-2.82684e+00	
82	-3.90000e+00	1.196842e+00	1.816554e+00	-1.65349e+00	-2.97027e+00	
83	-3.85000e+00	1.232736e+00	1.892214e+00	-1.72250e+00	-3.12297e+00	
84	-3.80000e+00	1.271073e+00	1.972972e+00	-1.79614e+00	-3.28553e+00	
85	-3.75000e+00	1.312047e+00	2.059229e+00	-1.87475e+00	-3.45853e+00	
86	-3.70000e+00	1.355872e+00	2.151430e+00	-1.95869e+00	-3.64261e+00	
87	-3.65000e+00	1.402783e+00	2.250063e+00	-2.04837e+00	-3.83839e+00	
88	-3.60000e+00	1.453038e+00	2.355667e+00	-2.14419e+00	-4.04653e+00	
89	-3.55000e+00	1.506921e+00	2.468838e+00	-2.24662e+00	-4.26767e+00	
90	-3.50000e+00	1.564746e+00	2.590234e+00	-2.35614e+00	-4.50246e+00	
91	-3.45000e+00	1.626862e+00	2.720583e+00	-2.47330e+00	-4.75153e+00	
92	-3.40000e+00	1.693656e+00	2.860688e+00	-2.59866e+00	-5.01547e+00	
93	-3.35000e+00	1.765556e+00	3.011437e+00	-2.73283e+00	-5.29483e+00	
94	-3.30000e+00	1.843045e+00	3.173803e+00	-2.87647e+00	-5.59010e+00	
95	-3.25000e+00	1.926660e+00	3.348853e+00	-3.03029e+00	-5.90167e+00	
96	-3.20000e+00	2.017007e+00	3.537745e+00	-3.19504e+00	-6.22982e+00	
97	-3.15000e+00	2.114769e+00	3.741721e+00	-3.37153e+00	-6.57474e+00	
98	-3.10000e+00	2.220718e+00	3.962094e+00	-3.56061e+00	-6.93645e+00	
99	-3.05000e+00	2.335731e+00	4.200223e+00	-3.76317e+00	-7.31490e+00	
100	-3.00000e+00	2.460809e+00	4.457467e+00	-3.98017e+00	-7.71015e+00	
ngspice-46 done
Warning: m=xx on .subckt line will override multiplier m hierarchy!

