
Note: Compatibility modes selected: hs a


Circuit: * startup @ tt_-40c_2.97v -- generated by sim/harness, do not edit

Doing analysis at TEMP = -40.000000 and TNOM = 27.000000

Using SPARSE 1.3 as Direct Linear Solver

Initial Transient Solution
--------------------------

Node                                   Voltage
----                                   -------
vdd                                          0
xtop.xx1.d1                        2.44682e-32
xtop.fb                            5.92426e-20
xtop.sns1                          -1.2565e-33
xtop.casc                          6.83919e-39
xtop.xx1.d2                        1.77723e-32
xtop.sns2                         -1.20719e-33
xtop.xx1.e2                       -1.20719e-33
xtop.xx1.xr2.11                   -1.20719e-33
xtop.xx1.xr2.21                   -1.20719e-33
xtop.xx1.d3                       -2.45563e-36
vref                               1.35763e-37
xtop.xx1.e3                        1.35763e-37
xtop.xx1.xr1.11                    1.35763e-37
xtop.xx1.xr1.21                    1.35763e-37
xtop.xx1.d4                        1.06951e-43
xtop.ibias                        -3.21091e-44
xtop.xx2.a3                       -1.08332e-20
xtop.xx2.nd1                       9.11712e-20
xtop.xx2.a4                        4.22536e-21
xtop.xx2.pbias                      1.3058e-52
xtop.xx2.ncasc                    -1.53935e-22
xtop.xx2.n1                        8.32713e-18
xtop.xx2.n2                        8.31279e-18
xtop.xx2.tail                     -1.14953e-17
xtop.xx2.nb1                       3.07858e-22
xtop.vdd_su                                  0
xtop.xx3.det                                 0
xtop.xx3.xrpu.11                             0
xtop.xx3.xrpu.21                             0
v.xtop.vsu_sense#branch                      0
vsup#branch                         1.3861e-31

 Reference value :  0.00000e+00
 Reference value :  6.87380e-04
 Reference value :  1.66138e-03
 Reference value :  2.57238e-03
No. of Data Rows : 3085
m_startup_time_s = 1.1570752178e-05
m_vref_final_v = 1.1897219136e+00
m_iq_total_final_ua = 1.5120138612e+01
m_iq_startup_branch_final_ua = 1.3591073211e+00
m_det_final_v = 1.3094214852e-02
m_t0_s = 9.1308186035e-07
m_t_settle_s = 1.2483834039e-05
Note: Simulation executed from .control section 

Warning: m=xx on .subckt line will override multiplier m hierarchy!

