* ====================================================================
* record-id : 20260807-175348-f51397f
* testbench : tb_resistor_tc.spice
* corner    : res_ff
* temp      : 125 C
* supply    : n/a (no supply rail in this device-level testbench)
* pdk       : gf180mcuD (/home/ubuntu/.volare/gf180mcuD)
* ngspice   : ngspice-46 : Circuit level simulation program
* run (UTC) : 2026-08-07T17:53:48Z
* ====================================================================

Note: No compatibility mode selected!


Circuit: *include "corner.spice

Doing analysis at TEMP = 125.000000 and TNOM = 27.000000

Using SPARSE 1.3 as Direct Linear Solver

No. of Data Rows : 1
i(v_pu_w1) = -1.63749e-05
i(v_pu_w5) = -1.75804e-05
i(v_p1k_w1) = -6.41992e-06
i(v_p1k_w5) = -6.65272e-06
i(v_p2k_w1) = -3.35406e-06
i(v_p2k_w5) = -3.54206e-06
i(v_p3k_w1) = -2.38743e-06
i(v_p3k_w5) = -2.51930e-06
i(v_pp_w1) = -2.70111e-05
i(v_pp_w5) = -2.94178e-05
i(v_np_w1) = -9.91142e-05
i(v_np_w5) = -9.76482e-05
i(v_p1k_hv) = -6.41992e-05
i(v_p2k_hv) = -3.35406e-05
i(v_p3k_hv) = -2.38743e-05
ngspice-46 done
