* ====================================================================
* record-id : 20260807-175348-f51397f
* testbench : tb_resistor_tc.spice
* corner    : res_ff
* temp      : 27 C
* supply    : n/a (no supply rail in this device-level testbench)
* pdk       : gf180mcuD (/home/ubuntu/.volare/gf180mcuD)
* ngspice   : ngspice-46 : Circuit level simulation program
* run (UTC) : 2026-08-07T17:53:48Z
* ====================================================================

Note: No compatibility mode selected!


Circuit: *include "corner.spice

Doing analysis at TEMP = 27.000000 and TNOM = 27.000000

Using SPARSE 1.3 as Direct Linear Solver

No. of Data Rows : 1
i(v_pu_w1) = -1.62548e-05
i(v_pu_w5) = -1.75283e-05
i(v_p1k_w1) = -5.95103e-06
i(v_p1k_w5) = -6.19852e-06
i(v_p2k_w1) = -2.92731e-06
i(v_p2k_w5) = -3.09305e-06
i(v_p3k_w1) = -2.08407e-06
i(v_p3k_w5) = -2.20002e-06
i(v_pp_w1) = -3.04118e-05
i(v_pp_w5) = -3.35498e-05
i(v_np_w1) = -1.12639e-04
i(v_np_w5) = -1.11199e-04
i(v_p1k_hv) = -5.95103e-05
i(v_p2k_hv) = -2.92731e-05
i(v_p3k_hv) = -2.08407e-05
ngspice-46 done
