* ====================================================================
* record-id : 20260807-175348-f51397f
* testbench : tb_resistor_tc.spice
* corner    : res_typical
* temp      : -40 C
* supply    : n/a (no supply rail in this device-level testbench)
* pdk       : gf180mcuD (/home/ubuntu/.volare/gf180mcuD)
* ngspice   : ngspice-46 : Circuit level simulation program
* run (UTC) : 2026-08-07T17:53:48Z
* ====================================================================

Note: No compatibility mode selected!


Circuit: *include "corner.spice

Doing analysis at TEMP = -40.000000 and TNOM = 27.000000

Using SPARSE 1.3 as Direct Linear Solver

No. of Data Rows : 1
i(v_pu_w1) = -1.29549e-05
i(v_pu_w5) = -1.39126e-05
i(v_p1k_w1) = -4.40855e-06
i(v_p1k_w5) = -4.61320e-06
i(v_p2k_w1) = -2.07659e-06
i(v_p2k_w5) = -2.19359e-06
i(v_p3k_w1) = -1.38611e-06
i(v_p3k_w5) = -1.46276e-06
i(v_pp_w1) = -2.62109e-05
i(v_pp_w5) = -2.88420e-05
i(v_np_w1) = -9.42047e-05
i(v_np_w5) = -9.17839e-05
i(v_p1k_hv) = -4.40855e-05
i(v_p2k_hv) = -2.07659e-05
i(v_p3k_hv) = -1.38611e-05
ngspice-46 done
