
Note: Compatibility modes selected: hs a


Circuit: * startup-extracted @ bjt_ss_-40c_3.30v -- generated by sim/harness, do not edit

Doing analysis at TEMP = -40.000000 and TNOM = 27.000000

Using SPARSE 1.3 as Direct Linear Solver

Initial Transient Solution
--------------------------

Node                                   Voltage
----                                   -------
vdd                                          0
xtop.core_e3                      -6.73906e-37
xtop.core_e2                      -4.07603e-37
xtop.sns1                         -1.91827e-37
xtop.fb                           -6.43705e-28
xtop.ibias                         8.38972e-51
xtop.amp_nd1                      -2.88041e-27
xtop.amp_ncasc                     -1.5393e-22
xtop.amp_n1                         8.0016e-21
xtop.amp_nb1                        3.0786e-22
xtop.amp_n2                       -8.00162e-21
xtop.sns2                         -4.07603e-37
xtop.amp_tail                      2.35068e-22
xtop.casc                         -1.65337e-22
xtop.startup_det                 -7.39649e-219
xtop.amp_pbias                     1.48776e-55
xtop.amp_a3                       -8.00573e-30
xtop.amp_a4                        1.84693e-30
xtop.core_d4                       9.52796e-51
xtop.core_d1                      -2.40301e-37
xtop.core_d2                      -8.15646e-37
vref                              -6.73907e-37
xtop.core_d3                      -8.44167e-37
xtop.core_tn0                     -6.73907e-37
xtop.xr100.11                     -6.73907e-37
xtop.xr100.21                     -6.73907e-37
xtop.core_trim_u3_0               -6.73907e-37
xtop.xr101.11                     -6.73907e-37
xtop.xr101.21                     -6.73907e-37
xtop.core_trim_u3_1               -6.73907e-37
xtop.xr102.11                     -6.73907e-37
xtop.xr102.21                     -6.73907e-37
xtop.core_trim_u3_2               -6.73907e-37
xtop.xr103.11                     -6.73907e-37
xtop.xr103.21                     -6.73907e-37
xtop.core_trim_u3_3               -6.73907e-37
xtop.xr104.11                     -6.73907e-37
xtop.xr104.21                     -6.73907e-37
xtop.core_trim_u3_4               -6.73907e-37
xtop.xr105.11                     -6.73907e-37
xtop.xr105.21                     -6.73907e-37
xtop.core_trim_u3_5               -6.73907e-37
xtop.xr106.11                     -6.73907e-37
xtop.xr106.21                     -6.73907e-37
xtop.core_trim_u3_6               -6.73907e-37
xtop.xr107.11                     -6.73907e-37
xtop.xr107.21                     -6.73907e-37
xtop.xr108.11                     -6.73907e-37
xtop.xr108.21                     -6.73907e-37
xtop.core_trim_u4_0               -6.73907e-37
xtop.xr109.11                     -6.73907e-37
xtop.xr109.21                     -6.73907e-37
xtop.core_trim_u4_1               -6.73907e-37
xtop.xr110.11                     -6.73907e-37
xtop.xr110.21                     -6.73907e-37
xtop.core_trim_u4_2               -6.73907e-37
xtop.xr111.11                     -6.73907e-37
xtop.xr111.21                     -6.73907e-37
xtop.core_trim_u4_3               -6.73907e-37
xtop.xr112.11                     -6.73907e-37
xtop.xr112.21                     -6.73907e-37
xtop.core_trim_u4_4               -6.73907e-37
xtop.xr113.11                     -6.73907e-37
xtop.xr113.21                     -6.73907e-37
xtop.core_trim_u4_5               -6.73907e-37
xtop.xr114.11                     -6.73907e-37
xtop.xr114.21                     -6.73907e-37
xtop.core_trim_u4_6               -6.73907e-37
xtop.xr115.11                     -6.73907e-37
xtop.xr115.21                     -6.73907e-37
xtop.core_trim_u4_7               -6.73907e-37
xtop.xr116.11                     -6.73907e-37
xtop.xr116.21                     -6.73907e-37
xtop.core_trim_u4_8               -6.73907e-37
xtop.xr117.11                     -6.73907e-37
xtop.xr117.21                     -6.73907e-37
xtop.core_trim_u4_9               -6.73907e-37
xtop.xr118.11                     -6.73907e-37
xtop.xr118.21                     -6.73907e-37
xtop.core_trim_u4_10              -6.73907e-37
xtop.xr119.11                     -6.73907e-37
xtop.xr119.21                     -6.73907e-37
xtop.core_trim_u4_11              -6.73907e-37
xtop.xr120.11                     -6.73907e-37
xtop.xr120.21                     -6.73907e-37
xtop.core_trim_u4_12              -6.73907e-37
xtop.xr121.11                     -6.73907e-37
xtop.xr121.21                     -6.73907e-37
xtop.core_trim_u4_13              -6.73907e-37
xtop.xr122.11                     -6.73907e-37
xtop.xr122.21                     -6.73907e-37
xtop.core_trim_u4_14              -6.73907e-37
xtop.xr123.11                     -6.73907e-37
xtop.xr123.21                     -6.73907e-37
xtop.xr124.11                     -6.73907e-37
xtop.xr124.21                     -6.73907e-37
xtop.core_trim_u5_30              -6.73907e-37
xtop.xr125.11                     -6.73907e-37
xtop.xr125.21                     -6.73907e-37
xtop.core_trim_u5_29              -6.73907e-37
xtop.xr126.11                     -6.73907e-37
xtop.xr126.21                     -6.73907e-37
xtop.core_trim_u5_28              -6.73907e-37
xtop.xr127.11                     -6.73907e-37
xtop.xr127.21                     -6.73907e-37
xtop.core_trim_u5_27              -6.73907e-37
xtop.xr128.11                     -6.73907e-37
xtop.xr128.21                     -6.73907e-37
xtop.core_trim_u5_26              -6.73907e-37
xtop.xr129.11                     -6.73907e-37
xtop.xr129.21                     -6.73907e-37
xtop.core_trim_u5_25              -6.73907e-37
xtop.xr130.11                     -6.73907e-37
xtop.xr130.21                     -6.73907e-37
xtop.core_trim_u5_24              -6.73907e-37
xtop.xr131.11                     -6.73907e-37
xtop.xr131.21                     -6.73907e-37
xtop.core_trim_u5_23              -6.73907e-37
xtop.xr132.11                     -6.73907e-37
xtop.xr132.21                     -6.73907e-37
xtop.core_trim_u5_22              -6.73907e-37
xtop.xr133.11                     -6.73907e-37
xtop.xr133.21                     -6.73907e-37
xtop.core_trim_u5_21              -6.73907e-37
xtop.xr134.11                     -6.73907e-37
xtop.xr134.21                     -6.73907e-37
xtop.core_trim_u5_20              -6.73907e-37
xtop.xr135.11                     -6.73907e-37
xtop.xr135.21                     -6.73907e-37
xtop.core_trim_u5_19              -6.73907e-37
xtop.xr136.11                     -6.73907e-37
xtop.xr136.21                     -6.73907e-37
xtop.core_trim_u5_18              -6.73907e-37
xtop.xr137.11                     -6.73907e-37
xtop.xr137.21                     -6.73907e-37
xtop.core_trim_u5_17              -6.73907e-37
xtop.xr138.11                     -6.73907e-37
xtop.xr138.21                     -6.73907e-37
xtop.core_trim_u5_16              -6.73907e-37
xtop.xr139.11                     -6.73907e-37
xtop.xr139.21                     -6.73907e-37
xtop.core_trim_u5_15              -6.73907e-37
xtop.xr140.11                     -6.73907e-37
xtop.xr140.21                     -6.73907e-37
xtop.core_trim_u5_14              -6.73907e-37
xtop.xr141.11                     -6.73907e-37
xtop.xr141.21                     -6.73907e-37
xtop.core_trim_u5_13              -6.73907e-37
xtop.xr142.11                     -6.73907e-37
xtop.xr142.21                     -6.73907e-37
xtop.core_trim_u5_12              -6.73907e-37
xtop.xr143.11                     -6.73907e-37
xtop.xr143.21                     -6.73907e-37
xtop.core_trim_u5_11              -6.73907e-37
xtop.xr144.11                     -6.73907e-37
xtop.xr144.21                     -6.73907e-37
xtop.core_trim_u5_10              -6.73907e-37
xtop.xr145.11                     -6.73907e-37
xtop.xr145.21                     -6.73907e-37
xtop.core_trim_u5_9               -6.73907e-37
xtop.xr146.11                     -6.73907e-37
xtop.xr146.21                     -6.73907e-37
xtop.core_trim_u5_8               -6.73907e-37
xtop.xr147.11                     -6.73907e-37
xtop.xr147.21                     -6.73907e-37
xtop.core_trim_u5_7               -6.73907e-37
xtop.xr148.11                     -6.73907e-37
xtop.xr148.21                     -6.73907e-37
xtop.core_trim_u5_6               -6.73907e-37
xtop.xr149.11                     -6.73907e-37
xtop.xr149.21                     -6.73907e-37
xtop.core_trim_u5_5               -6.73907e-37
xtop.xr150.11                     -6.73907e-37
xtop.xr150.21                     -6.73907e-37
xtop.core_trim_u5_4               -6.73907e-37
xtop.xr151.11                     -6.73907e-37
xtop.xr151.21                     -6.73907e-37
xtop.core_trim_u5_3               -6.73907e-37
xtop.xr152.11                     -6.73907e-37
xtop.xr152.21                     -6.73907e-37
xtop.core_trim_u5_2               -6.73907e-37
xtop.xr153.11                     -6.73907e-37
xtop.xr153.21                     -6.73907e-37
xtop.core_trim_u5_1               -6.73907e-37
xtop.xr154.11                     -6.73907e-37
xtop.xr154.21                     -6.73907e-37
xtop.core_trim_u5_0               -6.73907e-37
xtop.xr155.11                     -6.73907e-37
xtop.xr155.21                     -6.73907e-37
xtop.xr91.11                      -4.07603e-37
xtop.xr91.21                      -4.07603e-37
xtop.xr92.11                      -6.73907e-37
xtop.xr92.21                      -6.73907e-37
xtop.xr93.11                      -6.73907e-37
xtop.xr93.21                      -6.73907e-37
xtop.core_trim_u1_0               -6.73907e-37
xtop.xr94.11                      -6.73907e-37
xtop.xr94.21                      -6.73907e-37
xtop.xr95.11                      -6.73906e-37
xtop.xr95.21                      -6.73907e-37
xtop.xr96.11                      -6.73907e-37
xtop.xr96.21                      -6.73907e-37
xtop.core_trim_u2_0               -6.73907e-37
xtop.xr97.11                      -6.73907e-37
xtop.xr97.21                      -6.73907e-37
xtop.core_trim_u2_1               -6.73907e-37
xtop.xr98.11                      -6.73907e-37
xtop.xr98.21                      -6.73907e-37
xtop.core_trim_u2_2               -6.73907e-37
xtop.xr99.11                      -6.73907e-37
xtop.xr99.21                      -6.73907e-37
xtop.xr156.11                    -7.39649e-219
xtop.xr156.21                     1.08831e-228
xtop.amp_nd1__par                 -2.88041e-27
xtop.amp_n2__par                  -8.00162e-21
xtop.fb__par                      -6.43705e-28
xtop.amp_tail__par                 2.35068e-22
xtop.amp_a3__par                  -8.00573e-30
xtop.amp_a4__par                   1.84693e-30
xtop.core_d4__par                  9.52796e-51
xtop.core_d1__par                 -2.40301e-37
xtop.sns1__par                    -1.91827e-37
xtop.core_d2__par                 -8.15646e-37
xtop.sns2__par                    -4.07603e-37
xtop.core_d3__par                 -8.44167e-37
xtop.core_e3__par                 -6.73906e-37
xtop.core_e2__par                 -4.07603e-37
xtop.ibias__par                    8.38972e-51
xtop.core_trim_u1_0__par          -6.73907e-37
xtop.core_trim_u2_0__par          -6.73907e-37
xtop.core_trim_u2_1__par          -6.73907e-37
xtop.core_trim_u2_2__par          -6.73907e-37
xtop.core_trim_u3_0__par          -6.73907e-37
xtop.core_trim_u3_1__par          -6.73907e-37
xtop.casc__par                    -1.65337e-22
xtop.core_trim_u3_2__par          -6.73907e-37
xtop.core_trim_u3_3__par          -6.73907e-37
xtop.core_trim_u3_4__par          -6.73907e-37
xtop.core_trim_u3_5__par          -6.73907e-37
xtop.core_trim_u3_6__par          -6.73907e-37
xtop.core_trim_u4_0__par          -6.73907e-37
xtop.core_trim_u4_1__par          -6.73907e-37
xtop.core_trim_u4_2__par          -6.73907e-37
xtop.core_trim_u4_3__par          -6.73907e-37
xtop.core_trim_u4_4__par          -6.73907e-37
xtop.startup_det__par            -7.39649e-219
xtop.core_trim_u4_5__par          -6.73907e-37
xtop.core_trim_u4_6__par          -6.73907e-37
xtop.core_trim_u4_7__par          -6.73907e-37
xtop.core_trim_u4_8__par          -6.73907e-37
xtop.core_trim_u4_9__par          -6.73907e-37
xtop.core_trim_u4_10__par         -6.73907e-37
xtop.core_trim_u4_11__par         -6.73907e-37
xtop.core_trim_u4_12__par         -6.73907e-37
xtop.core_trim_u4_13__par         -6.73907e-37
xtop.core_trim_u4_14__par         -6.73907e-37
xtop.amp_pbias__par                1.48776e-55
xtop.core_tn0__par                -6.73907e-37
xtop.core_trim_u5_30__par         -6.73907e-37
xtop.core_trim_u5_29__par         -6.73907e-37
xtop.core_trim_u5_28__par         -6.73907e-37
xtop.core_trim_u5_27__par         -6.73907e-37
xtop.core_trim_u5_26__par         -6.73907e-37
xtop.core_trim_u5_25__par         -6.73907e-37
xtop.core_trim_u5_24__par         -6.73907e-37
xtop.core_trim_u5_23__par         -6.73907e-37
xtop.core_trim_u5_22__par         -6.73907e-37
xtop.amp_nb1__par                   3.0786e-22
xtop.core_trim_u5_21__par         -6.73907e-37
xtop.core_trim_u5_20__par         -6.73907e-37
xtop.core_trim_u5_19__par         -6.73907e-37
xtop.core_trim_u5_18__par         -6.73907e-37
xtop.core_trim_u5_17__par         -6.73907e-37
xtop.core_trim_u5_16__par         -6.73907e-37
xtop.core_trim_u5_15__par         -6.73907e-37
xtop.core_trim_u5_14__par         -6.73907e-37
xtop.core_trim_u5_13__par         -6.73907e-37
xtop.core_trim_u5_12__par         -6.73907e-37
xtop.amp_ncasc__par                -1.5393e-22
xtop.core_trim_u5_11__par         -6.73907e-37
xtop.core_trim_u5_10__par         -6.73907e-37
xtop.core_trim_u5_9__par          -6.73907e-37
xtop.core_trim_u5_8__par          -6.73907e-37
xtop.core_trim_u5_7__par          -6.73907e-37
xtop.core_trim_u5_6__par          -6.73907e-37
xtop.core_trim_u5_5__par          -6.73907e-37
xtop.core_trim_u5_4__par          -6.73907e-37
xtop.core_trim_u5_3__par          -6.73907e-37
xtop.core_trim_u5_2__par          -6.73907e-37
xtop.amp_n1__par                    8.0016e-21
xtop.core_trim_u5_1__par          -6.73907e-37
xtop.core_trim_u5_0__par          -6.73907e-37
xtop.vdd__par                                0
xtop.vref__par                    -6.73907e-37
xtop.vss__par                                0
vsup#branch                        1.61574e-33

 Reference value :  0.00000e+00
 Reference value :  6.53632e-06
 Reference value :  2.46329e-05
 Reference value :  1.35633e-04
 Reference value :  2.59633e-04
 Reference value :  3.85633e-04
 Reference value :  5.10633e-04
 Reference value :  6.38633e-04
 Reference value :  7.62633e-04
 Reference value :  8.88633e-04
 Reference value :  1.00963e-03
 Reference value :  1.13263e-03
 Reference value :  1.25863e-03
 Reference value :  1.38463e-03
 Reference value :  1.50963e-03
 Reference value :  1.63363e-03
 Reference value :  1.75263e-03
 Reference value :  1.88163e-03
 Reference value :  2.00463e-03
 Reference value :  2.13263e-03
 Reference value :  2.26763e-03
 Reference value :  2.39263e-03
 Reference value :  2.51963e-03
 Reference value :  2.64663e-03
 Reference value :  2.77363e-03
 Reference value :  2.90263e-03
No. of Data Rows : 3083
m_startup_time_s = 9.6790916745e-06
m_vref_final_v = 1.2335489333e+00
m_iq_total_final_ua = 1.7659251967e+01
m_det_final_v = 1.3746360142e-02
m_t0_s = 9.5384807979e-07
m_t_settle_s = 1.0632939754e-05
Note: Simulation executed from .control section 

Warning: m=xx on .subckt line will override multiplier m hierarchy!

