
Note: Compatibility modes selected: hs a


Circuit: * startup-extracted @ fs_-40c_3.63v -- generated by sim/harness, do not edit

Doing analysis at TEMP = -40.000000 and TNOM = 27.000000

Using SPARSE 1.3 as Direct Linear Solver

Initial Transient Solution
--------------------------

Node                                   Voltage
----                                   -------
vdd                                          0
xtop.core_e3                      -2.78211e-22
xtop.core_e2                      -4.56759e-21
xtop.sns1                          1.31302e-20
xtop.fb                           -3.09446e-21
xtop.ibias                         3.20571e-55
xtop.amp_nd1                       5.04268e-21
xtop.amp_ncasc                    -3.85253e-66
xtop.amp_n1                         4.3062e-21
xtop.amp_nb1                       6.23418e-66
xtop.amp_n2                        9.45873e-20
xtop.sns2                         -4.56759e-21
xtop.amp_tail                     -6.46547e-20
xtop.casc                         -1.08276e-51
xtop.startup_det                             0
xtop.amp_pbias                     -1.8785e-21
xtop.amp_a3                        2.29937e-22
xtop.amp_a4                        2.93931e-22
xtop.core_d4                      -6.97883e-60
xtop.core_d1                       1.08754e-20
xtop.core_d2                       -6.5902e-21
vref                              -2.78211e-22
xtop.core_d3                        -8.415e-24
xtop.core_tn0                     -2.78211e-22
xtop.xr100.11                     -2.78211e-22
xtop.xr100.21                     -2.78211e-22
xtop.core_trim_u3_0               -2.78211e-22
xtop.xr101.11                     -2.78211e-22
xtop.xr101.21                     -2.78211e-22
xtop.core_trim_u3_1               -2.78211e-22
xtop.xr102.11                     -2.78211e-22
xtop.xr102.21                     -2.78211e-22
xtop.core_trim_u3_2               -2.78211e-22
xtop.xr103.11                     -2.78211e-22
xtop.xr103.21                     -2.78211e-22
xtop.core_trim_u3_3               -2.78211e-22
xtop.xr104.11                     -2.78211e-22
xtop.xr104.21                     -2.78211e-22
xtop.core_trim_u3_4               -2.78211e-22
xtop.xr105.11                     -2.78211e-22
xtop.xr105.21                     -2.78211e-22
xtop.core_trim_u3_5               -2.78211e-22
xtop.xr106.11                     -2.78211e-22
xtop.xr106.21                     -2.78211e-22
xtop.core_trim_u3_6               -2.78211e-22
xtop.xr107.11                     -2.78211e-22
xtop.xr107.21                     -2.78211e-22
xtop.xr108.11                     -2.78211e-22
xtop.xr108.21                     -2.78211e-22
xtop.core_trim_u4_0               -2.78211e-22
xtop.xr109.11                     -2.78211e-22
xtop.xr109.21                     -2.78211e-22
xtop.core_trim_u4_1               -2.78211e-22
xtop.xr110.11                     -2.78211e-22
xtop.xr110.21                     -2.78211e-22
xtop.core_trim_u4_2               -2.78211e-22
xtop.xr111.11                     -2.78211e-22
xtop.xr111.21                     -2.78211e-22
xtop.core_trim_u4_3               -2.78211e-22
xtop.xr112.11                     -2.78211e-22
xtop.xr112.21                     -2.78211e-22
xtop.core_trim_u4_4               -2.78211e-22
xtop.xr113.11                     -2.78211e-22
xtop.xr113.21                     -2.78211e-22
xtop.core_trim_u4_5               -2.78211e-22
xtop.xr114.11                     -2.78211e-22
xtop.xr114.21                     -2.78211e-22
xtop.core_trim_u4_6               -2.78211e-22
xtop.xr115.11                     -2.78211e-22
xtop.xr115.21                     -2.78211e-22
xtop.core_trim_u4_7               -2.78211e-22
xtop.xr116.11                     -2.78211e-22
xtop.xr116.21                     -2.78211e-22
xtop.core_trim_u4_8               -2.78211e-22
xtop.xr117.11                     -2.78211e-22
xtop.xr117.21                     -2.78211e-22
xtop.core_trim_u4_9               -2.78211e-22
xtop.xr118.11                     -2.78211e-22
xtop.xr118.21                     -2.78211e-22
xtop.core_trim_u4_10              -2.78211e-22
xtop.xr119.11                     -2.78211e-22
xtop.xr119.21                     -2.78211e-22
xtop.core_trim_u4_11              -2.78211e-22
xtop.xr120.11                     -2.78211e-22
xtop.xr120.21                     -2.78211e-22
xtop.core_trim_u4_12              -2.78211e-22
xtop.xr121.11                     -2.78211e-22
xtop.xr121.21                     -2.78211e-22
xtop.core_trim_u4_13              -2.78211e-22
xtop.xr122.11                     -2.78211e-22
xtop.xr122.21                     -2.78211e-22
xtop.core_trim_u4_14              -2.78211e-22
xtop.xr123.11                     -2.78211e-22
xtop.xr123.21                     -2.78211e-22
xtop.xr124.11                     -2.78211e-22
xtop.xr124.21                     -2.78211e-22
xtop.core_trim_u5_30              -2.78211e-22
xtop.xr125.11                     -2.78211e-22
xtop.xr125.21                     -2.78211e-22
xtop.core_trim_u5_29              -2.78211e-22
xtop.xr126.11                     -2.78211e-22
xtop.xr126.21                     -2.78211e-22
xtop.core_trim_u5_28              -2.78211e-22
xtop.xr127.11                     -2.78211e-22
xtop.xr127.21                     -2.78211e-22
xtop.core_trim_u5_27              -2.78211e-22
xtop.xr128.11                     -2.78211e-22
xtop.xr128.21                     -2.78211e-22
xtop.core_trim_u5_26              -2.78211e-22
xtop.xr129.11                     -2.78211e-22
xtop.xr129.21                     -2.78211e-22
xtop.core_trim_u5_25              -2.78211e-22
xtop.xr130.11                     -2.78211e-22
xtop.xr130.21                     -2.78211e-22
xtop.core_trim_u5_24              -2.78211e-22
xtop.xr131.11                     -2.78211e-22
xtop.xr131.21                     -2.78211e-22
xtop.core_trim_u5_23              -2.78211e-22
xtop.xr132.11                     -2.78211e-22
xtop.xr132.21                     -2.78211e-22
xtop.core_trim_u5_22              -2.78211e-22
xtop.xr133.11                     -2.78211e-22
xtop.xr133.21                     -2.78211e-22
xtop.core_trim_u5_21              -2.78211e-22
xtop.xr134.11                     -2.78211e-22
xtop.xr134.21                     -2.78211e-22
xtop.core_trim_u5_20              -2.78211e-22
xtop.xr135.11                     -2.78211e-22
xtop.xr135.21                     -2.78211e-22
xtop.core_trim_u5_19              -2.78211e-22
xtop.xr136.11                     -2.78211e-22
xtop.xr136.21                     -2.78211e-22
xtop.core_trim_u5_18              -2.78211e-22
xtop.xr137.11                     -2.78211e-22
xtop.xr137.21                     -2.78211e-22
xtop.core_trim_u5_17              -2.78211e-22
xtop.xr138.11                     -2.78211e-22
xtop.xr138.21                     -2.78211e-22
xtop.core_trim_u5_16              -2.78211e-22
xtop.xr139.11                     -2.78211e-22
xtop.xr139.21                     -2.78211e-22
xtop.core_trim_u5_15              -2.78211e-22
xtop.xr140.11                     -2.78211e-22
xtop.xr140.21                     -2.78211e-22
xtop.core_trim_u5_14              -2.78211e-22
xtop.xr141.11                     -2.78211e-22
xtop.xr141.21                     -2.78211e-22
xtop.core_trim_u5_13              -2.78211e-22
xtop.xr142.11                     -2.78211e-22
xtop.xr142.21                     -2.78211e-22
xtop.core_trim_u5_12              -2.78211e-22
xtop.xr143.11                     -2.78211e-22
xtop.xr143.21                     -2.78211e-22
xtop.core_trim_u5_11              -2.78211e-22
xtop.xr144.11                     -2.78211e-22
xtop.xr144.21                     -2.78211e-22
xtop.core_trim_u5_10              -2.78211e-22
xtop.xr145.11                     -2.78211e-22
xtop.xr145.21                     -2.78211e-22
xtop.core_trim_u5_9               -2.78211e-22
xtop.xr146.11                     -2.78211e-22
xtop.xr146.21                     -2.78211e-22
xtop.core_trim_u5_8               -2.78211e-22
xtop.xr147.11                     -2.78211e-22
xtop.xr147.21                     -2.78211e-22
xtop.core_trim_u5_7               -2.78211e-22
xtop.xr148.11                     -2.78211e-22
xtop.xr148.21                     -2.78211e-22
xtop.core_trim_u5_6               -2.78211e-22
xtop.xr149.11                     -2.78211e-22
xtop.xr149.21                     -2.78211e-22
xtop.core_trim_u5_5               -2.78211e-22
xtop.xr150.11                     -2.78211e-22
xtop.xr150.21                     -2.78211e-22
xtop.core_trim_u5_4               -2.78211e-22
xtop.xr151.11                     -2.78211e-22
xtop.xr151.21                     -2.78211e-22
xtop.core_trim_u5_3               -2.78211e-22
xtop.xr152.11                     -2.78211e-22
xtop.xr152.21                     -2.78211e-22
xtop.core_trim_u5_2               -2.78211e-22
xtop.xr153.11                     -2.78211e-22
xtop.xr153.21                     -2.78211e-22
xtop.core_trim_u5_1               -2.78211e-22
xtop.xr154.11                     -2.78211e-22
xtop.xr154.21                     -2.78211e-22
xtop.core_trim_u5_0               -2.78211e-22
xtop.xr155.11                     -2.78211e-22
xtop.xr155.21                     -2.78211e-22
xtop.xr91.11                      -4.56759e-21
xtop.xr91.21                      -4.56759e-21
xtop.xr92.11                      -2.78211e-22
xtop.xr92.21                      -2.78211e-22
xtop.xr93.11                      -2.78211e-22
xtop.xr93.21                      -2.78211e-22
xtop.core_trim_u1_0               -2.78211e-22
xtop.xr94.11                      -2.78211e-22
xtop.xr94.21                      -2.78211e-22
xtop.xr95.11                      -2.78211e-22
xtop.xr95.21                      -2.78211e-22
xtop.xr96.11                      -2.78211e-22
xtop.xr96.21                      -2.78211e-22
xtop.core_trim_u2_0               -2.78211e-22
xtop.xr97.11                      -2.78211e-22
xtop.xr97.21                      -2.78211e-22
xtop.core_trim_u2_1               -2.78211e-22
xtop.xr98.11                      -2.78211e-22
xtop.xr98.21                      -2.78211e-22
xtop.core_trim_u2_2               -2.78211e-22
xtop.xr99.11                      -2.78211e-22
xtop.xr99.21                      -2.78211e-22
xtop.xr156.11                                0
xtop.xr156.21                                0
xtop.amp_nd1__par                  5.04268e-21
xtop.amp_n2__par                   9.45873e-20
xtop.fb__par                      -3.09446e-21
xtop.amp_tail__par                -6.46547e-20
xtop.amp_a3__par                   2.29937e-22
xtop.amp_a4__par                   2.93931e-22
xtop.core_d4__par                 -6.97883e-60
xtop.core_d1__par                  1.08754e-20
xtop.sns1__par                     1.31302e-20
xtop.core_d2__par                  -6.5902e-21
xtop.sns2__par                    -4.56759e-21
xtop.core_d3__par                   -8.415e-24
xtop.core_e3__par                 -2.78211e-22
xtop.core_e2__par                 -4.56759e-21
xtop.ibias__par                    3.20571e-55
xtop.core_trim_u1_0__par          -2.78211e-22
xtop.core_trim_u2_0__par          -2.78211e-22
xtop.core_trim_u2_1__par          -2.78211e-22
xtop.core_trim_u2_2__par          -2.78211e-22
xtop.core_trim_u3_0__par          -2.78211e-22
xtop.core_trim_u3_1__par          -2.78211e-22
xtop.casc__par                    -1.08276e-51
xtop.core_trim_u3_2__par          -2.78211e-22
xtop.core_trim_u3_3__par          -2.78211e-22
xtop.core_trim_u3_4__par          -2.78211e-22
xtop.core_trim_u3_5__par          -2.78211e-22
xtop.core_trim_u3_6__par          -2.78211e-22
xtop.core_trim_u4_0__par          -2.78211e-22
xtop.core_trim_u4_1__par          -2.78211e-22
xtop.core_trim_u4_2__par          -2.78211e-22
xtop.core_trim_u4_3__par          -2.78211e-22
xtop.core_trim_u4_4__par          -2.78211e-22
xtop.startup_det__par                        0
xtop.core_trim_u4_5__par          -2.78211e-22
xtop.core_trim_u4_6__par          -2.78211e-22
xtop.core_trim_u4_7__par          -2.78211e-22
xtop.core_trim_u4_8__par          -2.78211e-22
xtop.core_trim_u4_9__par          -2.78211e-22
xtop.core_trim_u4_10__par         -2.78211e-22
xtop.core_trim_u4_11__par         -2.78211e-22
xtop.core_trim_u4_12__par         -2.78211e-22
xtop.core_trim_u4_13__par         -2.78211e-22
xtop.core_trim_u4_14__par         -2.78211e-22
xtop.amp_pbias__par                -1.8785e-21
xtop.core_tn0__par                -2.78211e-22
xtop.core_trim_u5_30__par         -2.78211e-22
xtop.core_trim_u5_29__par         -2.78211e-22
xtop.core_trim_u5_28__par         -2.78211e-22
xtop.core_trim_u5_27__par         -2.78211e-22
xtop.core_trim_u5_26__par         -2.78211e-22
xtop.core_trim_u5_25__par         -2.78211e-22
xtop.core_trim_u5_24__par         -2.78211e-22
xtop.core_trim_u5_23__par         -2.78211e-22
xtop.core_trim_u5_22__par         -2.78211e-22
xtop.amp_nb1__par                  6.23418e-66
xtop.core_trim_u5_21__par         -2.78211e-22
xtop.core_trim_u5_20__par         -2.78211e-22
xtop.core_trim_u5_19__par         -2.78211e-22
xtop.core_trim_u5_18__par         -2.78211e-22
xtop.core_trim_u5_17__par         -2.78211e-22
xtop.core_trim_u5_16__par         -2.78211e-22
xtop.core_trim_u5_15__par         -2.78211e-22
xtop.core_trim_u5_14__par         -2.78211e-22
xtop.core_trim_u5_13__par         -2.78211e-22
xtop.core_trim_u5_12__par         -2.78211e-22
xtop.amp_ncasc__par               -3.85253e-66
xtop.core_trim_u5_11__par         -2.78211e-22
xtop.core_trim_u5_10__par         -2.78211e-22
xtop.core_trim_u5_9__par          -2.78211e-22
xtop.core_trim_u5_8__par          -2.78211e-22
xtop.core_trim_u5_7__par          -2.78211e-22
xtop.core_trim_u5_6__par          -2.78211e-22
xtop.core_trim_u5_5__par          -2.78211e-22
xtop.core_trim_u5_4__par          -2.78211e-22
xtop.core_trim_u5_3__par          -2.78211e-22
xtop.core_trim_u5_2__par          -2.78211e-22
xtop.amp_n1__par                    4.3062e-21
xtop.core_trim_u5_1__par          -2.78211e-22
xtop.core_trim_u5_0__par          -2.78211e-22
xtop.vdd__par                                0
xtop.vref__par                    -2.78211e-22
xtop.vss__par                                0
vsup#branch                        1.29396e-32

 Reference value :  0.00000e+00
 Reference value :  7.01836e-06
 Reference value :  1.41087e-05
 Reference value :  1.47109e-04
 Reference value :  2.77109e-04
 Reference value :  4.02109e-04
 Reference value :  5.31109e-04
 Reference value :  6.60109e-04
 Reference value :  7.94109e-04
 Reference value :  9.22109e-04
 Reference value :  1.05011e-03
 Reference value :  1.18511e-03
 Reference value :  1.31811e-03
 Reference value :  1.44311e-03
 Reference value :  1.56911e-03
 Reference value :  1.69811e-03
 Reference value :  1.82511e-03
 Reference value :  1.94711e-03
 Reference value :  2.08311e-03
 Reference value :  2.20911e-03
 Reference value :  2.33611e-03
 Reference value :  2.45911e-03
 Reference value :  2.58511e-03
 Reference value :  2.71311e-03
 Reference value :  2.83811e-03
 Reference value :  2.96211e-03
No. of Data Rows : 3089
m_startup_time_s = 9.5381589641e-06
m_vref_final_v = 1.2265814362e+00
m_iq_total_final_ua = 1.7945208480e+01
m_det_final_v = 1.5153605446e-02
m_t0_s = 9.5351926951e-07
m_t_settle_s = 1.0491678234e-05
Note: Simulation executed from .control section 

Warning: m=xx on .subckt line will override multiplier m hierarchy!

