
Note: Compatibility modes selected: hs a


Circuit: * startup-extracted @ fs_27c_2.97v -- generated by sim/harness, do not edit

Doing analysis at TEMP = 27.000000 and TNOM = 27.000000

Using SPARSE 1.3 as Direct Linear Solver

Initial Transient Solution
--------------------------

Node                                   Voltage
----                                   -------
vdd                                          0
xtop.core_e3                        8.6706e-25
xtop.core_e2                        4.1462e-25
xtop.sns1                           4.0176e-25
xtop.fb                           -1.86143e-18
xtop.ibias                         2.95707e-14
xtop.amp_nd1                      -7.37436e-18
xtop.amp_ncasc                    -1.98118e-24
xtop.amp_n1                       -6.13098e-18
xtop.amp_nb1                       3.20531e-24
xtop.amp_n2                       -2.17484e-18
xtop.sns2                           4.1462e-25
xtop.amp_tail                      2.91925e-18
xtop.casc                         -7.69876e-20
xtop.startup_det                             0
xtop.amp_pbias                     1.02471e-52
xtop.amp_a3                       -2.55715e-20
xtop.amp_a4                        3.70784e-21
xtop.core_d4                      -2.10164e-17
xtop.core_d1                      -3.44158e-25
xtop.core_d2                      -1.41621e-25
vref                                8.6706e-25
xtop.core_d3                      -7.20271e-25
xtop.core_tn0                       8.6706e-25
xtop.xr100.11                       8.6706e-25
xtop.xr100.21                       8.6706e-25
xtop.core_trim_u3_0                 8.6706e-25
xtop.xr101.11                       8.6706e-25
xtop.xr101.21                       8.6706e-25
xtop.core_trim_u3_1                 8.6706e-25
xtop.xr102.11                       8.6706e-25
xtop.xr102.21                       8.6706e-25
xtop.core_trim_u3_2                 8.6706e-25
xtop.xr103.11                       8.6706e-25
xtop.xr103.21                       8.6706e-25
xtop.core_trim_u3_3                 8.6706e-25
xtop.xr104.11                       8.6706e-25
xtop.xr104.21                       8.6706e-25
xtop.core_trim_u3_4                 8.6706e-25
xtop.xr105.11                       8.6706e-25
xtop.xr105.21                       8.6706e-25
xtop.core_trim_u3_5                 8.6706e-25
xtop.xr106.11                       8.6706e-25
xtop.xr106.21                       8.6706e-25
xtop.core_trim_u3_6                 8.6706e-25
xtop.xr107.11                       8.6706e-25
xtop.xr107.21                       8.6706e-25
xtop.xr108.11                       8.6706e-25
xtop.xr108.21                       8.6706e-25
xtop.core_trim_u4_0                 8.6706e-25
xtop.xr109.11                       8.6706e-25
xtop.xr109.21                       8.6706e-25
xtop.core_trim_u4_1                 8.6706e-25
xtop.xr110.11                       8.6706e-25
xtop.xr110.21                       8.6706e-25
xtop.core_trim_u4_2                 8.6706e-25
xtop.xr111.11                       8.6706e-25
xtop.xr111.21                       8.6706e-25
xtop.core_trim_u4_3                 8.6706e-25
xtop.xr112.11                       8.6706e-25
xtop.xr112.21                       8.6706e-25
xtop.core_trim_u4_4                 8.6706e-25
xtop.xr113.11                       8.6706e-25
xtop.xr113.21                       8.6706e-25
xtop.core_trim_u4_5                 8.6706e-25
xtop.xr114.11                       8.6706e-25
xtop.xr114.21                       8.6706e-25
xtop.core_trim_u4_6                 8.6706e-25
xtop.xr115.11                       8.6706e-25
xtop.xr115.21                       8.6706e-25
xtop.core_trim_u4_7                 8.6706e-25
xtop.xr116.11                       8.6706e-25
xtop.xr116.21                       8.6706e-25
xtop.core_trim_u4_8                 8.6706e-25
xtop.xr117.11                       8.6706e-25
xtop.xr117.21                       8.6706e-25
xtop.core_trim_u4_9                 8.6706e-25
xtop.xr118.11                       8.6706e-25
xtop.xr118.21                       8.6706e-25
xtop.core_trim_u4_10                8.6706e-25
xtop.xr119.11                       8.6706e-25
xtop.xr119.21                       8.6706e-25
xtop.core_trim_u4_11                8.6706e-25
xtop.xr120.11                       8.6706e-25
xtop.xr120.21                       8.6706e-25
xtop.core_trim_u4_12                8.6706e-25
xtop.xr121.11                       8.6706e-25
xtop.xr121.21                       8.6706e-25
xtop.core_trim_u4_13                8.6706e-25
xtop.xr122.11                       8.6706e-25
xtop.xr122.21                       8.6706e-25
xtop.core_trim_u4_14                8.6706e-25
xtop.xr123.11                       8.6706e-25
xtop.xr123.21                       8.6706e-25
xtop.xr124.11                       8.6706e-25
xtop.xr124.21                       8.6706e-25
xtop.core_trim_u5_30                8.6706e-25
xtop.xr125.11                       8.6706e-25
xtop.xr125.21                       8.6706e-25
xtop.core_trim_u5_29                8.6706e-25
xtop.xr126.11                       8.6706e-25
xtop.xr126.21                       8.6706e-25
xtop.core_trim_u5_28                8.6706e-25
xtop.xr127.11                       8.6706e-25
xtop.xr127.21                       8.6706e-25
xtop.core_trim_u5_27                8.6706e-25
xtop.xr128.11                       8.6706e-25
xtop.xr128.21                       8.6706e-25
xtop.core_trim_u5_26                8.6706e-25
xtop.xr129.11                       8.6706e-25
xtop.xr129.21                       8.6706e-25
xtop.core_trim_u5_25                8.6706e-25
xtop.xr130.11                       8.6706e-25
xtop.xr130.21                       8.6706e-25
xtop.core_trim_u5_24                8.6706e-25
xtop.xr131.11                       8.6706e-25
xtop.xr131.21                       8.6706e-25
xtop.core_trim_u5_23                8.6706e-25
xtop.xr132.11                       8.6706e-25
xtop.xr132.21                       8.6706e-25
xtop.core_trim_u5_22                8.6706e-25
xtop.xr133.11                       8.6706e-25
xtop.xr133.21                       8.6706e-25
xtop.core_trim_u5_21                8.6706e-25
xtop.xr134.11                       8.6706e-25
xtop.xr134.21                       8.6706e-25
xtop.core_trim_u5_20                8.6706e-25
xtop.xr135.11                       8.6706e-25
xtop.xr135.21                       8.6706e-25
xtop.core_trim_u5_19                8.6706e-25
xtop.xr136.11                       8.6706e-25
xtop.xr136.21                       8.6706e-25
xtop.core_trim_u5_18                8.6706e-25
xtop.xr137.11                       8.6706e-25
xtop.xr137.21                       8.6706e-25
xtop.core_trim_u5_17                8.6706e-25
xtop.xr138.11                       8.6706e-25
xtop.xr138.21                       8.6706e-25
xtop.core_trim_u5_16                8.6706e-25
xtop.xr139.11                       8.6706e-25
xtop.xr139.21                       8.6706e-25
xtop.core_trim_u5_15                8.6706e-25
xtop.xr140.11                       8.6706e-25
xtop.xr140.21                       8.6706e-25
xtop.core_trim_u5_14                8.6706e-25
xtop.xr141.11                       8.6706e-25
xtop.xr141.21                       8.6706e-25
xtop.core_trim_u5_13                8.6706e-25
xtop.xr142.11                       8.6706e-25
xtop.xr142.21                       8.6706e-25
xtop.core_trim_u5_12                8.6706e-25
xtop.xr143.11                       8.6706e-25
xtop.xr143.21                       8.6706e-25
xtop.core_trim_u5_11                8.6706e-25
xtop.xr144.11                       8.6706e-25
xtop.xr144.21                       8.6706e-25
xtop.core_trim_u5_10                8.6706e-25
xtop.xr145.11                       8.6706e-25
xtop.xr145.21                       8.6706e-25
xtop.core_trim_u5_9                 8.6706e-25
xtop.xr146.11                       8.6706e-25
xtop.xr146.21                       8.6706e-25
xtop.core_trim_u5_8                 8.6706e-25
xtop.xr147.11                       8.6706e-25
xtop.xr147.21                       8.6706e-25
xtop.core_trim_u5_7                 8.6706e-25
xtop.xr148.11                       8.6706e-25
xtop.xr148.21                       8.6706e-25
xtop.core_trim_u5_6                 8.6706e-25
xtop.xr149.11                       8.6706e-25
xtop.xr149.21                       8.6706e-25
xtop.core_trim_u5_5                 8.6706e-25
xtop.xr150.11                       8.6706e-25
xtop.xr150.21                       8.6706e-25
xtop.core_trim_u5_4                 8.6706e-25
xtop.xr151.11                       8.6706e-25
xtop.xr151.21                       8.6706e-25
xtop.core_trim_u5_3                 8.6706e-25
xtop.xr152.11                       8.6706e-25
xtop.xr152.21                       8.6706e-25
xtop.core_trim_u5_2                 8.6706e-25
xtop.xr153.11                       8.6706e-25
xtop.xr153.21                       8.6706e-25
xtop.core_trim_u5_1                 8.6706e-25
xtop.xr154.11                       8.6706e-25
xtop.xr154.21                       8.6706e-25
xtop.core_trim_u5_0                 8.6706e-25
xtop.xr155.11                       8.6706e-25
xtop.xr155.21                       8.6706e-25
xtop.xr91.11                        4.1462e-25
xtop.xr91.21                        4.1462e-25
xtop.xr92.11                        8.6706e-25
xtop.xr92.21                        8.6706e-25
xtop.xr93.11                        8.6706e-25
xtop.xr93.21                        8.6706e-25
xtop.core_trim_u1_0                 8.6706e-25
xtop.xr94.11                        8.6706e-25
xtop.xr94.21                        8.6706e-25
xtop.xr95.11                        8.6706e-25
xtop.xr95.21                        8.6706e-25
xtop.xr96.11                        8.6706e-25
xtop.xr96.21                        8.6706e-25
xtop.core_trim_u2_0                 8.6706e-25
xtop.xr97.11                        8.6706e-25
xtop.xr97.21                        8.6706e-25
xtop.core_trim_u2_1                 8.6706e-25
xtop.xr98.11                        8.6706e-25
xtop.xr98.21                        8.6706e-25
xtop.core_trim_u2_2                 8.6706e-25
xtop.xr99.11                        8.6706e-25
xtop.xr99.21                        8.6706e-25
xtop.xr156.11                                0
xtop.xr156.21                                0
xtop.amp_nd1__par                 -7.37436e-18
xtop.amp_n2__par                  -2.17484e-18
xtop.fb__par                      -1.86143e-18
xtop.amp_tail__par                 2.91925e-18
xtop.amp_a3__par                  -2.55715e-20
xtop.amp_a4__par                   3.70784e-21
xtop.core_d4__par                 -2.10164e-17
xtop.core_d1__par                 -3.44158e-25
xtop.sns1__par                      4.0176e-25
xtop.core_d2__par                 -1.41621e-25
xtop.sns2__par                      4.1462e-25
xtop.core_d3__par                 -7.20271e-25
xtop.core_e3__par                   8.6706e-25
xtop.core_e2__par                   4.1462e-25
xtop.ibias__par                    2.95707e-14
xtop.core_trim_u1_0__par            8.6706e-25
xtop.core_trim_u2_0__par            8.6706e-25
xtop.core_trim_u2_1__par            8.6706e-25
xtop.core_trim_u2_2__par            8.6706e-25
xtop.core_trim_u3_0__par            8.6706e-25
xtop.core_trim_u3_1__par            8.6706e-25
xtop.casc__par                    -7.69876e-20
xtop.core_trim_u3_2__par            8.6706e-25
xtop.core_trim_u3_3__par            8.6706e-25
xtop.core_trim_u3_4__par            8.6706e-25
xtop.core_trim_u3_5__par            8.6706e-25
xtop.core_trim_u3_6__par            8.6706e-25
xtop.core_trim_u4_0__par            8.6706e-25
xtop.core_trim_u4_1__par            8.6706e-25
xtop.core_trim_u4_2__par            8.6706e-25
xtop.core_trim_u4_3__par            8.6706e-25
xtop.core_trim_u4_4__par            8.6706e-25
xtop.startup_det__par                        0
xtop.core_trim_u4_5__par            8.6706e-25
xtop.core_trim_u4_6__par            8.6706e-25
xtop.core_trim_u4_7__par            8.6706e-25
xtop.core_trim_u4_8__par            8.6706e-25
xtop.core_trim_u4_9__par            8.6706e-25
xtop.core_trim_u4_10__par           8.6706e-25
xtop.core_trim_u4_11__par           8.6706e-25
xtop.core_trim_u4_12__par           8.6706e-25
xtop.core_trim_u4_13__par           8.6706e-25
xtop.core_trim_u4_14__par           8.6706e-25
xtop.amp_pbias__par                1.02471e-52
xtop.core_tn0__par                  8.6706e-25
xtop.core_trim_u5_30__par           8.6706e-25
xtop.core_trim_u5_29__par           8.6706e-25
xtop.core_trim_u5_28__par           8.6706e-25
xtop.core_trim_u5_27__par           8.6706e-25
xtop.core_trim_u5_26__par           8.6706e-25
xtop.core_trim_u5_25__par           8.6706e-25
xtop.core_trim_u5_24__par           8.6706e-25
xtop.core_trim_u5_23__par           8.6706e-25
xtop.core_trim_u5_22__par           8.6706e-25
xtop.amp_nb1__par                  3.20531e-24
xtop.core_trim_u5_21__par           8.6706e-25
xtop.core_trim_u5_20__par           8.6706e-25
xtop.core_trim_u5_19__par           8.6706e-25
xtop.core_trim_u5_18__par           8.6706e-25
xtop.core_trim_u5_17__par           8.6706e-25
xtop.core_trim_u5_16__par           8.6706e-25
xtop.core_trim_u5_15__par           8.6706e-25
xtop.core_trim_u5_14__par           8.6706e-25
xtop.core_trim_u5_13__par           8.6706e-25
xtop.core_trim_u5_12__par           8.6706e-25
xtop.amp_ncasc__par               -1.98118e-24
xtop.core_trim_u5_11__par           8.6706e-25
xtop.core_trim_u5_10__par           8.6706e-25
xtop.core_trim_u5_9__par            8.6706e-25
xtop.core_trim_u5_8__par            8.6706e-25
xtop.core_trim_u5_7__par            8.6706e-25
xtop.core_trim_u5_6__par            8.6706e-25
xtop.core_trim_u5_5__par            8.6706e-25
xtop.core_trim_u5_4__par            8.6706e-25
xtop.core_trim_u5_3__par            8.6706e-25
xtop.core_trim_u5_2__par            8.6706e-25
xtop.amp_n1__par                  -6.13098e-18
xtop.core_trim_u5_1__par            8.6706e-25
xtop.core_trim_u5_0__par            8.6706e-25
xtop.vdd__par                                0
xtop.vref__par                      8.6706e-25
xtop.vss__par                                0
vsup#branch                        2.95149e-26

 Reference value :  0.00000e+00
 Reference value :  9.18117e-06
 Reference value :  6.84972e-05
 Reference value :  2.00497e-04
 Reference value :  3.28497e-04
 Reference value :  4.58497e-04
 Reference value :  5.88497e-04
 Reference value :  7.23497e-04
 Reference value :  8.47497e-04
 Reference value :  9.87497e-04
 Reference value :  1.11550e-03
 Reference value :  1.24350e-03
 Reference value :  1.36850e-03
 Reference value :  1.49650e-03
 Reference value :  1.62550e-03
 Reference value :  1.75050e-03
 Reference value :  1.87550e-03
 Reference value :  2.00150e-03
 Reference value :  2.12950e-03
 Reference value :  2.25650e-03
 Reference value :  2.38250e-03
 Reference value :  2.51050e-03
 Reference value :  2.63650e-03
 Reference value :  2.76450e-03
 Reference value :  2.88850e-03
No. of Data Rows : 3077
m_startup_time_s = 1.1230278718e-05
m_vref_final_v = 1.2335127450e+00
m_iq_total_final_ua = 2.1676832335e+01
m_det_final_v = 1.3937852159e-02
m_t0_s = 9.4049308114e-07
m_t_settle_s = 1.2170771799e-05
Note: Simulation executed from .control section 

Warning: m=xx on .subckt line will override multiplier m hierarchy!

