
Note: Compatibility modes selected: hs a


Circuit: * startup-extracted @ res_ss_-40c_2.97v -- generated by sim/harness, do not edit

Doing analysis at TEMP = -40.000000 and TNOM = 27.000000

Using SPARSE 1.3 as Direct Linear Solver

Initial Transient Solution
--------------------------

Node                                   Voltage
----                                   -------
vdd                                          0
xtop.core_e3                      -8.29317e-24
xtop.core_e2                        1.2384e-24
xtop.sns1                         -4.89711e-24
xtop.fb                            2.50975e-21
xtop.ibias                        -1.63983e-50
xtop.amp_nd1                      -9.65283e-21
xtop.amp_ncasc                      1.5393e-22
xtop.amp_n1                        8.14763e-21
xtop.amp_nb1                       -3.0786e-22
xtop.amp_n2                       -2.15236e-21
xtop.sns2                           1.2384e-24
xtop.amp_tail                     -3.42197e-21
xtop.casc                          2.30417e-81
xtop.startup_det                             0
xtop.amp_pbias                    -1.16025e-55
xtop.amp_a3                        6.41845e-22
xtop.amp_a4                       -1.39701e-20
xtop.core_d4                       5.91108e-49
xtop.core_d1                      -8.68644e-24
xtop.core_d2                       1.20906e-22
vref                              -8.29317e-24
xtop.core_d3                       -1.1726e-23
xtop.core_tn0                     -8.29317e-24
xtop.xr100.11                     -8.29317e-24
xtop.xr100.21                     -8.29317e-24
xtop.core_trim_u3_0               -8.29317e-24
xtop.xr101.11                     -8.29317e-24
xtop.xr101.21                     -8.29317e-24
xtop.core_trim_u3_1               -8.29317e-24
xtop.xr102.11                     -8.29317e-24
xtop.xr102.21                     -8.29317e-24
xtop.core_trim_u3_2               -8.29317e-24
xtop.xr103.11                     -8.29317e-24
xtop.xr103.21                     -8.29317e-24
xtop.core_trim_u3_3               -8.29317e-24
xtop.xr104.11                     -8.29317e-24
xtop.xr104.21                     -8.29317e-24
xtop.core_trim_u3_4               -8.29317e-24
xtop.xr105.11                     -8.29317e-24
xtop.xr105.21                     -8.29317e-24
xtop.core_trim_u3_5               -8.29317e-24
xtop.xr106.11                     -8.29317e-24
xtop.xr106.21                     -8.29317e-24
xtop.core_trim_u3_6               -8.29317e-24
xtop.xr107.11                     -8.29317e-24
xtop.xr107.21                     -8.29317e-24
xtop.xr108.11                     -8.29317e-24
xtop.xr108.21                     -8.29317e-24
xtop.core_trim_u4_0               -8.29317e-24
xtop.xr109.11                     -8.29317e-24
xtop.xr109.21                     -8.29317e-24
xtop.core_trim_u4_1               -8.29317e-24
xtop.xr110.11                     -8.29317e-24
xtop.xr110.21                     -8.29317e-24
xtop.core_trim_u4_2               -8.29317e-24
xtop.xr111.11                     -8.29317e-24
xtop.xr111.21                     -8.29317e-24
xtop.core_trim_u4_3               -8.29317e-24
xtop.xr112.11                     -8.29317e-24
xtop.xr112.21                     -8.29317e-24
xtop.core_trim_u4_4               -8.29317e-24
xtop.xr113.11                     -8.29317e-24
xtop.xr113.21                     -8.29317e-24
xtop.core_trim_u4_5               -8.29317e-24
xtop.xr114.11                     -8.29317e-24
xtop.xr114.21                     -8.29317e-24
xtop.core_trim_u4_6               -8.29317e-24
xtop.xr115.11                     -8.29317e-24
xtop.xr115.21                     -8.29317e-24
xtop.core_trim_u4_7               -8.29317e-24
xtop.xr116.11                     -8.29317e-24
xtop.xr116.21                     -8.29317e-24
xtop.core_trim_u4_8               -8.29317e-24
xtop.xr117.11                     -8.29317e-24
xtop.xr117.21                     -8.29317e-24
xtop.core_trim_u4_9               -8.29317e-24
xtop.xr118.11                     -8.29317e-24
xtop.xr118.21                     -8.29317e-24
xtop.core_trim_u4_10              -8.29317e-24
xtop.xr119.11                     -8.29317e-24
xtop.xr119.21                     -8.29317e-24
xtop.core_trim_u4_11              -8.29317e-24
xtop.xr120.11                     -8.29317e-24
xtop.xr120.21                     -8.29317e-24
xtop.core_trim_u4_12              -8.29317e-24
xtop.xr121.11                     -8.29317e-24
xtop.xr121.21                     -8.29317e-24
xtop.core_trim_u4_13              -8.29317e-24
xtop.xr122.11                     -8.29317e-24
xtop.xr122.21                     -8.29317e-24
xtop.core_trim_u4_14              -8.29317e-24
xtop.xr123.11                     -8.29317e-24
xtop.xr123.21                     -8.29317e-24
xtop.xr124.11                     -8.29317e-24
xtop.xr124.21                     -8.29317e-24
xtop.core_trim_u5_30              -8.29317e-24
xtop.xr125.11                     -8.29317e-24
xtop.xr125.21                     -8.29317e-24
xtop.core_trim_u5_29              -8.29317e-24
xtop.xr126.11                     -8.29317e-24
xtop.xr126.21                     -8.29317e-24
xtop.core_trim_u5_28              -8.29317e-24
xtop.xr127.11                     -8.29317e-24
xtop.xr127.21                     -8.29317e-24
xtop.core_trim_u5_27              -8.29317e-24
xtop.xr128.11                     -8.29317e-24
xtop.xr128.21                     -8.29317e-24
xtop.core_trim_u5_26              -8.29317e-24
xtop.xr129.11                     -8.29317e-24
xtop.xr129.21                     -8.29317e-24
xtop.core_trim_u5_25              -8.29317e-24
xtop.xr130.11                     -8.29317e-24
xtop.xr130.21                     -8.29317e-24
xtop.core_trim_u5_24              -8.29317e-24
xtop.xr131.11                     -8.29317e-24
xtop.xr131.21                     -8.29317e-24
xtop.core_trim_u5_23              -8.29317e-24
xtop.xr132.11                     -8.29317e-24
xtop.xr132.21                     -8.29317e-24
xtop.core_trim_u5_22              -8.29317e-24
xtop.xr133.11                     -8.29317e-24
xtop.xr133.21                     -8.29317e-24
xtop.core_trim_u5_21              -8.29317e-24
xtop.xr134.11                     -8.29317e-24
xtop.xr134.21                     -8.29317e-24
xtop.core_trim_u5_20              -8.29317e-24
xtop.xr135.11                     -8.29317e-24
xtop.xr135.21                     -8.29317e-24
xtop.core_trim_u5_19              -8.29317e-24
xtop.xr136.11                     -8.29317e-24
xtop.xr136.21                     -8.29317e-24
xtop.core_trim_u5_18              -8.29317e-24
xtop.xr137.11                     -8.29317e-24
xtop.xr137.21                     -8.29317e-24
xtop.core_trim_u5_17              -8.29317e-24
xtop.xr138.11                     -8.29317e-24
xtop.xr138.21                     -8.29317e-24
xtop.core_trim_u5_16              -8.29317e-24
xtop.xr139.11                     -8.29317e-24
xtop.xr139.21                     -8.29317e-24
xtop.core_trim_u5_15              -8.29317e-24
xtop.xr140.11                     -8.29317e-24
xtop.xr140.21                     -8.29317e-24
xtop.core_trim_u5_14              -8.29317e-24
xtop.xr141.11                     -8.29317e-24
xtop.xr141.21                     -8.29317e-24
xtop.core_trim_u5_13              -8.29317e-24
xtop.xr142.11                     -8.29317e-24
xtop.xr142.21                     -8.29317e-24
xtop.core_trim_u5_12              -8.29317e-24
xtop.xr143.11                     -8.29317e-24
xtop.xr143.21                     -8.29317e-24
xtop.core_trim_u5_11              -8.29317e-24
xtop.xr144.11                     -8.29317e-24
xtop.xr144.21                     -8.29317e-24
xtop.core_trim_u5_10              -8.29317e-24
xtop.xr145.11                     -8.29317e-24
xtop.xr145.21                     -8.29317e-24
xtop.core_trim_u5_9               -8.29317e-24
xtop.xr146.11                     -8.29317e-24
xtop.xr146.21                     -8.29317e-24
xtop.core_trim_u5_8               -8.29317e-24
xtop.xr147.11                     -8.29317e-24
xtop.xr147.21                     -8.29317e-24
xtop.core_trim_u5_7               -8.29317e-24
xtop.xr148.11                     -8.29317e-24
xtop.xr148.21                     -8.29317e-24
xtop.core_trim_u5_6               -8.29317e-24
xtop.xr149.11                     -8.29317e-24
xtop.xr149.21                     -8.29317e-24
xtop.core_trim_u5_5               -8.29317e-24
xtop.xr150.11                     -8.29317e-24
xtop.xr150.21                     -8.29317e-24
xtop.core_trim_u5_4               -8.29317e-24
xtop.xr151.11                     -8.29317e-24
xtop.xr151.21                     -8.29317e-24
xtop.core_trim_u5_3               -8.29317e-24
xtop.xr152.11                     -8.29317e-24
xtop.xr152.21                     -8.29317e-24
xtop.core_trim_u5_2               -8.29317e-24
xtop.xr153.11                     -8.29317e-24
xtop.xr153.21                     -8.29317e-24
xtop.core_trim_u5_1               -8.29317e-24
xtop.xr154.11                     -8.29317e-24
xtop.xr154.21                     -8.29317e-24
xtop.core_trim_u5_0               -8.29317e-24
xtop.xr155.11                     -8.29317e-24
xtop.xr155.21                     -8.29317e-24
xtop.xr91.11                        1.2384e-24
xtop.xr91.21                        1.2384e-24
xtop.xr92.11                      -8.29317e-24
xtop.xr92.21                      -8.29317e-24
xtop.xr93.11                      -8.29317e-24
xtop.xr93.21                      -8.29317e-24
xtop.core_trim_u1_0               -8.29317e-24
xtop.xr94.11                      -8.29317e-24
xtop.xr94.21                      -8.29317e-24
xtop.xr95.11                      -8.29317e-24
xtop.xr95.21                      -8.29317e-24
xtop.xr96.11                      -8.29317e-24
xtop.xr96.21                      -8.29317e-24
xtop.core_trim_u2_0               -8.29317e-24
xtop.xr97.11                      -8.29317e-24
xtop.xr97.21                      -8.29317e-24
xtop.core_trim_u2_1               -8.29317e-24
xtop.xr98.11                      -8.29317e-24
xtop.xr98.21                      -8.29317e-24
xtop.core_trim_u2_2               -8.29317e-24
xtop.xr99.11                      -8.29317e-24
xtop.xr99.21                      -8.29317e-24
xtop.xr156.11                                0
xtop.xr156.21                                0
xtop.amp_nd1__par                 -9.65283e-21
xtop.amp_n2__par                  -2.15236e-21
xtop.fb__par                       2.50975e-21
xtop.amp_tail__par                -3.42197e-21
xtop.amp_a3__par                   6.41845e-22
xtop.amp_a4__par                  -1.39701e-20
xtop.core_d4__par                  5.91108e-49
xtop.core_d1__par                 -8.68644e-24
xtop.sns1__par                    -4.89711e-24
xtop.core_d2__par                  1.20906e-22
xtop.sns2__par                      1.2384e-24
xtop.core_d3__par                  -1.1726e-23
xtop.core_e3__par                 -8.29317e-24
xtop.core_e2__par                   1.2384e-24
xtop.ibias__par                   -1.63983e-50
xtop.core_trim_u1_0__par          -8.29317e-24
xtop.core_trim_u2_0__par          -8.29317e-24
xtop.core_trim_u2_1__par          -8.29317e-24
xtop.core_trim_u2_2__par          -8.29317e-24
xtop.core_trim_u3_0__par          -8.29317e-24
xtop.core_trim_u3_1__par          -8.29317e-24
xtop.casc__par                     2.30417e-81
xtop.core_trim_u3_2__par          -8.29317e-24
xtop.core_trim_u3_3__par          -8.29317e-24
xtop.core_trim_u3_4__par          -8.29317e-24
xtop.core_trim_u3_5__par          -8.29317e-24
xtop.core_trim_u3_6__par          -8.29317e-24
xtop.core_trim_u4_0__par          -8.29317e-24
xtop.core_trim_u4_1__par          -8.29317e-24
xtop.core_trim_u4_2__par          -8.29317e-24
xtop.core_trim_u4_3__par          -8.29317e-24
xtop.core_trim_u4_4__par          -8.29317e-24
xtop.startup_det__par                        0
xtop.core_trim_u4_5__par          -8.29317e-24
xtop.core_trim_u4_6__par          -8.29317e-24
xtop.core_trim_u4_7__par          -8.29317e-24
xtop.core_trim_u4_8__par          -8.29317e-24
xtop.core_trim_u4_9__par          -8.29317e-24
xtop.core_trim_u4_10__par         -8.29317e-24
xtop.core_trim_u4_11__par         -8.29317e-24
xtop.core_trim_u4_12__par         -8.29317e-24
xtop.core_trim_u4_13__par         -8.29317e-24
xtop.core_trim_u4_14__par         -8.29317e-24
xtop.amp_pbias__par               -1.16025e-55
xtop.core_tn0__par                -8.29317e-24
xtop.core_trim_u5_30__par         -8.29317e-24
xtop.core_trim_u5_29__par         -8.29317e-24
xtop.core_trim_u5_28__par         -8.29317e-24
xtop.core_trim_u5_27__par         -8.29317e-24
xtop.core_trim_u5_26__par         -8.29317e-24
xtop.core_trim_u5_25__par         -8.29317e-24
xtop.core_trim_u5_24__par         -8.29317e-24
xtop.core_trim_u5_23__par         -8.29317e-24
xtop.core_trim_u5_22__par         -8.29317e-24
xtop.amp_nb1__par                  -3.0786e-22
xtop.core_trim_u5_21__par         -8.29317e-24
xtop.core_trim_u5_20__par         -8.29317e-24
xtop.core_trim_u5_19__par         -8.29317e-24
xtop.core_trim_u5_18__par         -8.29317e-24
xtop.core_trim_u5_17__par         -8.29317e-24
xtop.core_trim_u5_16__par         -8.29317e-24
xtop.core_trim_u5_15__par         -8.29317e-24
xtop.core_trim_u5_14__par         -8.29317e-24
xtop.core_trim_u5_13__par         -8.29317e-24
xtop.core_trim_u5_12__par         -8.29317e-24
xtop.amp_ncasc__par                 1.5393e-22
xtop.core_trim_u5_11__par         -8.29317e-24
xtop.core_trim_u5_10__par         -8.29317e-24
xtop.core_trim_u5_9__par          -8.29317e-24
xtop.core_trim_u5_8__par          -8.29317e-24
xtop.core_trim_u5_7__par          -8.29317e-24
xtop.core_trim_u5_6__par          -8.29317e-24
xtop.core_trim_u5_5__par          -8.29317e-24
xtop.core_trim_u5_4__par          -8.29317e-24
xtop.core_trim_u5_3__par          -8.29317e-24
xtop.core_trim_u5_2__par          -8.29317e-24
xtop.amp_n1__par                   8.14763e-21
xtop.core_trim_u5_1__par          -8.29317e-24
xtop.core_trim_u5_0__par          -8.29317e-24
xtop.vdd__par                                0
xtop.vref__par                    -8.29317e-24
xtop.vss__par                                0
vsup#branch                        8.37506e-33

 Reference value :  0.00000e+00
 Reference value :  8.01670e-06
 Reference value :  5.59992e-05
 Reference value :  1.84999e-04
 Reference value :  3.10999e-04
 Reference value :  4.32999e-04
 Reference value :  5.56999e-04
 Reference value :  6.78999e-04
 Reference value :  7.99999e-04
 Reference value :  9.25999e-04
 Reference value :  1.05100e-03
 Reference value :  1.17400e-03
 Reference value :  1.29900e-03
 Reference value :  1.42100e-03
 Reference value :  1.55200e-03
 Reference value :  1.68200e-03
 Reference value :  1.80500e-03
 Reference value :  1.94400e-03
 Reference value :  2.07700e-03
 Reference value :  2.20700e-03
 Reference value :  2.33800e-03
 Reference value :  2.46200e-03
 Reference value :  2.58700e-03
 Reference value :  2.72000e-03
 Reference value :  2.84900e-03
 Reference value :  2.97500e-03
No. of Data Rows : 3081
m_startup_time_s = 1.1226096617e-05
m_vref_final_v = 1.2216884289e+00
m_iq_total_final_ua = 1.6859959338e+01
m_det_final_v = 1.1504638799e-02
m_t0_s = 1.0000000000e-06
m_t_settle_s = 1.2226096617e-05
Note: Simulation executed from .control section 

Warning: m=xx on .subckt line will override multiplier m hierarchy!

