
Note: Compatibility modes selected: hs a


Circuit: * startup-extracted @ sf_27c_3.63v -- generated by sim/harness, do not edit

Doing analysis at TEMP = 27.000000 and TNOM = 27.000000

Using SPARSE 1.3 as Direct Linear Solver

Initial Transient Solution
--------------------------

Node                                   Voltage
----                                   -------
vdd                                          0
xtop.core_e3                       6.06225e-15
xtop.core_e2                       3.21492e-19
xtop.sns1                         -3.65562e-21
xtop.fb                           -2.10943e-19
xtop.ibias                        -6.41432e-24
xtop.amp_nd1                      -5.08985e-20
xtop.amp_ncasc                    -6.19624e-30
xtop.amp_n1                         7.4855e-19
xtop.amp_nb1                       1.05184e-29
xtop.amp_n2                       -6.07556e-19
xtop.sns2                          3.21492e-19
xtop.amp_tail                     -1.00894e-19
xtop.casc                         -2.97579e-35
xtop.startup_det                             0
xtop.amp_pbias                     2.26424e-61
xtop.amp_a3                        5.91127e-20
xtop.amp_a4                        1.02562e-19
xtop.core_d4                       7.33017e-24
xtop.core_d1                       1.45283e-19
xtop.core_d2                      -4.28982e-19
vref                               6.06225e-15
xtop.core_d3                      -3.01538e-15
xtop.core_tn0                      6.06225e-15
xtop.xr100.11                      6.06225e-15
xtop.xr100.21                      6.06225e-15
xtop.core_trim_u3_0                6.06225e-15
xtop.xr101.11                      6.06225e-15
xtop.xr101.21                      6.06225e-15
xtop.core_trim_u3_1                6.06225e-15
xtop.xr102.11                      6.06225e-15
xtop.xr102.21                      6.06225e-15
xtop.core_trim_u3_2                6.06225e-15
xtop.xr103.11                      6.06225e-15
xtop.xr103.21                      6.06225e-15
xtop.core_trim_u3_3                6.06225e-15
xtop.xr104.11                      6.06225e-15
xtop.xr104.21                      6.06225e-15
xtop.core_trim_u3_4                6.06225e-15
xtop.xr105.11                      6.06225e-15
xtop.xr105.21                      6.06225e-15
xtop.core_trim_u3_5                6.06225e-15
xtop.xr106.11                      6.06225e-15
xtop.xr106.21                      6.06225e-15
xtop.core_trim_u3_6                6.06225e-15
xtop.xr107.11                      6.06225e-15
xtop.xr107.21                      6.06225e-15
xtop.xr108.11                      6.06225e-15
xtop.xr108.21                      6.06225e-15
xtop.core_trim_u4_0                6.06225e-15
xtop.xr109.11                      6.06225e-15
xtop.xr109.21                      6.06225e-15
xtop.core_trim_u4_1                6.06225e-15
xtop.xr110.11                      6.06225e-15
xtop.xr110.21                      6.06225e-15
xtop.core_trim_u4_2                6.06225e-15
xtop.xr111.11                      6.06225e-15
xtop.xr111.21                      6.06225e-15
xtop.core_trim_u4_3                6.06225e-15
xtop.xr112.11                      6.06225e-15
xtop.xr112.21                      6.06225e-15
xtop.core_trim_u4_4                6.06225e-15
xtop.xr113.11                      6.06225e-15
xtop.xr113.21                      6.06225e-15
xtop.core_trim_u4_5                6.06225e-15
xtop.xr114.11                      6.06225e-15
xtop.xr114.21                      6.06225e-15
xtop.core_trim_u4_6                6.06225e-15
xtop.xr115.11                      6.06225e-15
xtop.xr115.21                      6.06225e-15
xtop.core_trim_u4_7                6.06225e-15
xtop.xr116.11                      6.06225e-15
xtop.xr116.21                      6.06225e-15
xtop.core_trim_u4_8                6.06225e-15
xtop.xr117.11                      6.06225e-15
xtop.xr117.21                      6.06225e-15
xtop.core_trim_u4_9                6.06225e-15
xtop.xr118.11                      6.06225e-15
xtop.xr118.21                      6.06225e-15
xtop.core_trim_u4_10               6.06225e-15
xtop.xr119.11                      6.06225e-15
xtop.xr119.21                      6.06225e-15
xtop.core_trim_u4_11               6.06225e-15
xtop.xr120.11                      6.06225e-15
xtop.xr120.21                      6.06225e-15
xtop.core_trim_u4_12               6.06225e-15
xtop.xr121.11                      6.06225e-15
xtop.xr121.21                      6.06225e-15
xtop.core_trim_u4_13               6.06225e-15
xtop.xr122.11                      6.06225e-15
xtop.xr122.21                      6.06225e-15
xtop.core_trim_u4_14               6.06225e-15
xtop.xr123.11                      6.06225e-15
xtop.xr123.21                      6.06225e-15
xtop.xr124.11                      6.06225e-15
xtop.xr124.21                      6.06225e-15
xtop.core_trim_u5_30               6.06225e-15
xtop.xr125.11                      6.06225e-15
xtop.xr125.21                      6.06225e-15
xtop.core_trim_u5_29               6.06225e-15
xtop.xr126.11                      6.06225e-15
xtop.xr126.21                      6.06225e-15
xtop.core_trim_u5_28               6.06225e-15
xtop.xr127.11                      6.06225e-15
xtop.xr127.21                      6.06225e-15
xtop.core_trim_u5_27               6.06225e-15
xtop.xr128.11                      6.06225e-15
xtop.xr128.21                      6.06225e-15
xtop.core_trim_u5_26               6.06225e-15
xtop.xr129.11                      6.06225e-15
xtop.xr129.21                      6.06225e-15
xtop.core_trim_u5_25               6.06225e-15
xtop.xr130.11                      6.06225e-15
xtop.xr130.21                      6.06225e-15
xtop.core_trim_u5_24               6.06225e-15
xtop.xr131.11                      6.06225e-15
xtop.xr131.21                      6.06225e-15
xtop.core_trim_u5_23               6.06225e-15
xtop.xr132.11                      6.06225e-15
xtop.xr132.21                      6.06225e-15
xtop.core_trim_u5_22               6.06225e-15
xtop.xr133.11                      6.06225e-15
xtop.xr133.21                      6.06225e-15
xtop.core_trim_u5_21               6.06225e-15
xtop.xr134.11                      6.06225e-15
xtop.xr134.21                      6.06225e-15
xtop.core_trim_u5_20               6.06225e-15
xtop.xr135.11                      6.06225e-15
xtop.xr135.21                      6.06225e-15
xtop.core_trim_u5_19               6.06225e-15
xtop.xr136.11                      6.06225e-15
xtop.xr136.21                      6.06225e-15
xtop.core_trim_u5_18               6.06225e-15
xtop.xr137.11                      6.06225e-15
xtop.xr137.21                      6.06225e-15
xtop.core_trim_u5_17               6.06225e-15
xtop.xr138.11                      6.06225e-15
xtop.xr138.21                      6.06225e-15
xtop.core_trim_u5_16               6.06225e-15
xtop.xr139.11                      6.06225e-15
xtop.xr139.21                      6.06225e-15
xtop.core_trim_u5_15               6.06225e-15
xtop.xr140.11                      6.06225e-15
xtop.xr140.21                      6.06225e-15
xtop.core_trim_u5_14               6.06225e-15
xtop.xr141.11                      6.06225e-15
xtop.xr141.21                      6.06225e-15
xtop.core_trim_u5_13               6.06225e-15
xtop.xr142.11                      6.06225e-15
xtop.xr142.21                      6.06225e-15
xtop.core_trim_u5_12               6.06225e-15
xtop.xr143.11                      6.06225e-15
xtop.xr143.21                      6.06225e-15
xtop.core_trim_u5_11               6.06225e-15
xtop.xr144.11                      6.06225e-15
xtop.xr144.21                      6.06225e-15
xtop.core_trim_u5_10               6.06225e-15
xtop.xr145.11                      6.06225e-15
xtop.xr145.21                      6.06225e-15
xtop.core_trim_u5_9                6.06225e-15
xtop.xr146.11                      6.06225e-15
xtop.xr146.21                      6.06225e-15
xtop.core_trim_u5_8                6.06225e-15
xtop.xr147.11                      6.06225e-15
xtop.xr147.21                      6.06225e-15
xtop.core_trim_u5_7                6.06225e-15
xtop.xr148.11                      6.06225e-15
xtop.xr148.21                      6.06225e-15
xtop.core_trim_u5_6                6.06225e-15
xtop.xr149.11                      6.06225e-15
xtop.xr149.21                      6.06225e-15
xtop.core_trim_u5_5                6.06225e-15
xtop.xr150.11                      6.06225e-15
xtop.xr150.21                      6.06225e-15
xtop.core_trim_u5_4                6.06225e-15
xtop.xr151.11                      6.06225e-15
xtop.xr151.21                      6.06225e-15
xtop.core_trim_u5_3                6.06225e-15
xtop.xr152.11                      6.06225e-15
xtop.xr152.21                      6.06225e-15
xtop.core_trim_u5_2                6.06225e-15
xtop.xr153.11                      6.06225e-15
xtop.xr153.21                      6.06225e-15
xtop.core_trim_u5_1                6.06225e-15
xtop.xr154.11                      6.06225e-15
xtop.xr154.21                      6.06225e-15
xtop.core_trim_u5_0                6.06225e-15
xtop.xr155.11                      6.06225e-15
xtop.xr155.21                      6.06225e-15
xtop.xr91.11                       3.21492e-19
xtop.xr91.21                       3.21492e-19
xtop.xr92.11                       6.06225e-15
xtop.xr92.21                       6.06225e-15
xtop.xr93.11                       6.06225e-15
xtop.xr93.21                       6.06225e-15
xtop.core_trim_u1_0                6.06225e-15
xtop.xr94.11                       6.06225e-15
xtop.xr94.21                       6.06225e-15
xtop.xr95.11                       6.06225e-15
xtop.xr95.21                       6.06225e-15
xtop.xr96.11                       6.06225e-15
xtop.xr96.21                       6.06225e-15
xtop.core_trim_u2_0                6.06225e-15
xtop.xr97.11                       6.06225e-15
xtop.xr97.21                       6.06225e-15
xtop.core_trim_u2_1                6.06225e-15
xtop.xr98.11                       6.06225e-15
xtop.xr98.21                       6.06225e-15
xtop.core_trim_u2_2                6.06225e-15
xtop.xr99.11                       6.06225e-15
xtop.xr99.21                       6.06225e-15
xtop.xr156.11                                0
xtop.xr156.21                                0
xtop.amp_nd1__par                 -5.08985e-20
xtop.amp_n2__par                  -6.07556e-19
xtop.fb__par                      -2.10943e-19
xtop.amp_tail__par                -1.00894e-19
xtop.amp_a3__par                   5.91127e-20
xtop.amp_a4__par                   1.02562e-19
xtop.core_d4__par                  7.33017e-24
xtop.core_d1__par                  1.45283e-19
xtop.sns1__par                    -3.65562e-21
xtop.core_d2__par                 -4.28982e-19
xtop.sns2__par                     3.21492e-19
xtop.core_d3__par                 -3.01538e-15
xtop.core_e3__par                  6.06225e-15
xtop.core_e2__par                  3.21492e-19
xtop.ibias__par                   -6.41432e-24
xtop.core_trim_u1_0__par           6.06225e-15
xtop.core_trim_u2_0__par           6.06225e-15
xtop.core_trim_u2_1__par           6.06225e-15
xtop.core_trim_u2_2__par           6.06225e-15
xtop.core_trim_u3_0__par           6.06225e-15
xtop.core_trim_u3_1__par           6.06225e-15
xtop.casc__par                    -2.97579e-35
xtop.core_trim_u3_2__par           6.06225e-15
xtop.core_trim_u3_3__par           6.06225e-15
xtop.core_trim_u3_4__par           6.06225e-15
xtop.core_trim_u3_5__par           6.06225e-15
xtop.core_trim_u3_6__par           6.06225e-15
xtop.core_trim_u4_0__par           6.06225e-15
xtop.core_trim_u4_1__par           6.06225e-15
xtop.core_trim_u4_2__par           6.06225e-15
xtop.core_trim_u4_3__par           6.06225e-15
xtop.core_trim_u4_4__par           6.06225e-15
xtop.startup_det__par                        0
xtop.core_trim_u4_5__par           6.06225e-15
xtop.core_trim_u4_6__par           6.06225e-15
xtop.core_trim_u4_7__par           6.06225e-15
xtop.core_trim_u4_8__par           6.06225e-15
xtop.core_trim_u4_9__par           6.06225e-15
xtop.core_trim_u4_10__par          6.06225e-15
xtop.core_trim_u4_11__par          6.06225e-15
xtop.core_trim_u4_12__par          6.06225e-15
xtop.core_trim_u4_13__par          6.06225e-15
xtop.core_trim_u4_14__par          6.06225e-15
xtop.amp_pbias__par                2.26424e-61
xtop.core_tn0__par                 6.06225e-15
xtop.core_trim_u5_30__par          6.06225e-15
xtop.core_trim_u5_29__par          6.06225e-15
xtop.core_trim_u5_28__par          6.06225e-15
xtop.core_trim_u5_27__par          6.06225e-15
xtop.core_trim_u5_26__par          6.06225e-15
xtop.core_trim_u5_25__par          6.06225e-15
xtop.core_trim_u5_24__par          6.06225e-15
xtop.core_trim_u5_23__par          6.06225e-15
xtop.core_trim_u5_22__par          6.06225e-15
xtop.amp_nb1__par                  1.05184e-29
xtop.core_trim_u5_21__par          6.06225e-15
xtop.core_trim_u5_20__par          6.06225e-15
xtop.core_trim_u5_19__par          6.06225e-15
xtop.core_trim_u5_18__par          6.06225e-15
xtop.core_trim_u5_17__par          6.06225e-15
xtop.core_trim_u5_16__par          6.06225e-15
xtop.core_trim_u5_15__par          6.06225e-15
xtop.core_trim_u5_14__par          6.06225e-15
xtop.core_trim_u5_13__par          6.06225e-15
xtop.core_trim_u5_12__par          6.06225e-15
xtop.amp_ncasc__par               -6.19624e-30
xtop.core_trim_u5_11__par          6.06225e-15
xtop.core_trim_u5_10__par          6.06225e-15
xtop.core_trim_u5_9__par           6.06225e-15
xtop.core_trim_u5_8__par           6.06225e-15
xtop.core_trim_u5_7__par           6.06225e-15
xtop.core_trim_u5_6__par           6.06225e-15
xtop.core_trim_u5_5__par           6.06225e-15
xtop.core_trim_u5_4__par           6.06225e-15
xtop.core_trim_u5_3__par           6.06225e-15
xtop.core_trim_u5_2__par           6.06225e-15
xtop.amp_n1__par                    7.4855e-19
xtop.core_trim_u5_1__par           6.06225e-15
xtop.core_trim_u5_0__par           6.06225e-15
xtop.vdd__par                                0
xtop.vref__par                     6.06225e-15
xtop.vss__par                                0
vsup#branch                       -5.87775e-27

 Reference value :  0.00000e+00
 Reference value :  7.30986e-06
 Reference value :  5.45292e-05
 Reference value :  1.84529e-04
 Reference value :  3.11529e-04
 Reference value :  4.38529e-04
 Reference value :  5.67529e-04
 Reference value :  6.92529e-04
 Reference value :  8.27529e-04
 Reference value :  9.54529e-04
 Reference value :  1.08753e-03
 Reference value :  1.21753e-03
 Reference value :  1.34053e-03
 Reference value :  1.46453e-03
 Reference value :  1.59553e-03
 Reference value :  1.72153e-03
 Reference value :  1.84853e-03
 Reference value :  1.97553e-03
 Reference value :  2.10653e-03
 Reference value :  2.24153e-03
 Reference value :  2.36953e-03
 Reference value :  2.49753e-03
 Reference value :  2.63253e-03
 Reference value :  2.76153e-03
 Reference value :  2.88953e-03
No. of Data Rows : 3068
m_startup_time_s = 1.1580674835e-05
m_vref_final_v = 1.2335640088e+00
m_iq_total_final_ua = 2.0808596500e+01
m_det_final_v = 1.7776806272e-02
m_t0_s = 9.4853352301e-07
m_t_settle_s = 1.2529208358e-05
Note: Simulation executed from .control section 

Warning: m=xx on .subckt line will override multiplier m hierarchy!

