* record-id : 20261008-204016-aeaca90
* klt corner : ff/3.630V/27C (status pass); outer-axis point -40 C of the internal -40..125 C sweep

Note: No compatibility mode selected!


Circuit: * klt sim -- generated corner deck, do not edit

Warning : IC on non-existent node - xdut.xx1.casc, ignored
   Please check line .ic v(xdut.fb)=1.0 v(xdut.sns1)=0.6 v(xdut.sns2)=0.6 v(vref)=1.2 v(xdut.ibias)=0.6 v(xdut.xx1.casc)=1.8

Doing analysis at TEMP = 27.000000 and TNOM = 27.000000

Using SPARSE 1.3 as Direct Linear Solver
Note: Starting dynamic gmin stepping
Note: Dynamic gmin stepping completed

No. of Data Rows : 166

  Measurements for DC Analysis

vref_m40            =  1.20066e+00
vref_27             =  1.19978e+00
vref_125            =  1.19409e+00
vref_box_max        =  1.20075e+00 at=  -2.50000e+01
vref_box_min        =  1.19409e+00 at=  1.25000e+02
vref_tm40           =  1.20066e+00
vref_tm35           =  1.20071e+00
vref_tm30           =  1.20074e+00
vref_tm25           =  1.20075e+00
vref_tm20           =  1.20074e+00
vref_tm15           =  1.20072e+00
vref_tm10           =  1.20067e+00
vref_tm5            =  1.20060e+00
vref_t0             =  1.20052e+00
vref_t5             =  1.20042e+00
vref_t10            =  1.20030e+00
vref_t15            =  1.20016e+00
vref_t20            =  1.20001e+00
vref_t25            =  1.19985e+00
vref_t30            =  1.19966e+00
vref_t35            =  1.19947e+00
vref_t40            =  1.19926e+00
vref_t45            =  1.19903e+00
vref_t50            =  1.19880e+00
vref_t55            =  1.19855e+00
vref_t60            =  1.19828e+00
vref_t65            =  1.19801e+00
vref_t70            =  1.19773e+00
vref_t75            =  1.19743e+00
vref_t80            =  1.19713e+00
vref_t85            =  1.19681e+00
vref_t90            =  1.19649e+00
vref_t95            =  1.19616e+00
vref_t100           =  1.19582e+00
vref_t105           =  1.19548e+00
vref_t110           =  1.19514e+00
vref_t115           =  1.19479e+00
vref_t120           =  1.19444e+00
vref_t125           =  1.19409e+00

ngspice-46 done

* ---- derived by sim/tools/tc_ingest.py from the fleet .meas values in this log ----
m_vref = 1.2006600000e+00
m_tc_ppm = 3.3642531434e+01
m_vref_box_max = 1.2007500000e+00
m_vref_box_min = 1.1940900000e+00
m_vref_m40 = 1.2006600000e+00
m_vref_27 = 1.1997800000e+00
m_vref_125 = 1.1940900000e+00
