* record-id : 20261008-204016-aeaca90
* klt corner : res_ss/3.630V/27C (status pass); outer-axis point 27 C of the internal -40..125 C sweep

Note: No compatibility mode selected!


Circuit: * klt sim -- generated corner deck, do not edit

Warning : IC on non-existent node - xdut.xx1.casc, ignored
   Please check line .ic v(xdut.fb)=1.0 v(xdut.sns1)=0.6 v(xdut.sns2)=0.6 v(vref)=1.2 v(xdut.ibias)=0.6 v(xdut.xx1.casc)=1.8

Doing analysis at TEMP = 27.000000 and TNOM = 27.000000

Using SPARSE 1.3 as Direct Linear Solver
Note: Starting dynamic gmin stepping
Note: Dynamic gmin stepping completed

No. of Data Rows : 166

  Measurements for DC Analysis

vref_m40            =  1.19473e+00
vref_27             =  1.19265e+00
vref_125            =  1.18489e+00
vref_box_max        =  1.19473e+00 at=  -4.00000e+01
vref_box_min        =  1.18489e+00 at=  1.25000e+02
vref_tm40           =  1.19473e+00
vref_tm35           =  1.19469e+00
vref_tm30           =  1.19464e+00
vref_tm25           =  1.19456e+00
vref_tm20           =  1.19446e+00
vref_tm15           =  1.19434e+00
vref_tm10           =  1.19421e+00
vref_tm5            =  1.19405e+00
vref_t0             =  1.19388e+00
vref_t5             =  1.19369e+00
vref_t10            =  1.19348e+00
vref_t15            =  1.19326e+00
vref_t20            =  1.19302e+00
vref_t25            =  1.19276e+00
vref_t30            =  1.19249e+00
vref_t35            =  1.19220e+00
vref_t40            =  1.19190e+00
vref_t45            =  1.19158e+00
vref_t50            =  1.19125e+00
vref_t55            =  1.19090e+00
vref_t60            =  1.19054e+00
vref_t65            =  1.19017e+00
vref_t70            =  1.18979e+00
vref_t75            =  1.18939e+00
vref_t80            =  1.18899e+00
vref_t85            =  1.18857e+00
vref_t90            =  1.18814e+00
vref_t95            =  1.18770e+00
vref_t100           =  1.18725e+00
vref_t105           =  1.18679e+00
vref_t110           =  1.18633e+00
vref_t115           =  1.18586e+00
vref_t120           =  1.18538e+00
vref_t125           =  1.18489e+00

ngspice-46 done

* ---- derived by sim/tools/tc_ingest.py from the fleet .meas values in this log ----
m_vref = 1.1926500000e+00
m_tc_ppm = 5.0003239539e+01
m_vref_box_max = 1.1947300000e+00
m_vref_box_min = 1.1848900000e+00
m_vref_m40 = 1.1947300000e+00
m_vref_27 = 1.1926500000e+00
m_vref_125 = 1.1848900000e+00
