* record-id : 20261008-204016-aeaca90
* klt corner : res_ff/2.970V/27C (status pass); outer-axis point 125 C of the internal -40..125 C sweep

Note: No compatibility mode selected!


Circuit: * klt sim -- generated corner deck, do not edit

Warning : IC on non-existent node - xdut.xx1.casc, ignored
   Please check line .ic v(xdut.fb)=1.0 v(xdut.sns1)=0.6 v(xdut.sns2)=0.6 v(vref)=1.2 v(xdut.ibias)=0.6 v(xdut.xx1.casc)=1.8

Doing analysis at TEMP = 27.000000 and TNOM = 27.000000

Using SPARSE 1.3 as Direct Linear Solver

No. of Data Rows : 166

  Measurements for DC Analysis

vref_m40            =  1.20534e+00
vref_27             =  1.20613e+00
vref_125            =  1.20275e+00
vref_box_max        =  1.20623e+00 at=  9.00000e+00
vref_box_min        =  1.20275e+00 at=  1.25000e+02
vref_tm40           =  1.20534e+00
vref_tm35           =  1.20552e+00
vref_tm30           =  1.20568e+00
vref_tm25           =  1.20581e+00
vref_tm20           =  1.20593e+00
vref_tm15           =  1.20602e+00
vref_tm10           =  1.20610e+00
vref_tm5            =  1.20616e+00
vref_t0             =  1.20620e+00
vref_t5             =  1.20622e+00
vref_t10            =  1.20623e+00
vref_t15            =  1.20622e+00
vref_t20            =  1.20619e+00
vref_t25            =  1.20615e+00
vref_t30            =  1.20609e+00
vref_t35            =  1.20602e+00
vref_t40            =  1.20593e+00
vref_t45            =  1.20583e+00
vref_t50            =  1.20571e+00
vref_t55            =  1.20559e+00
vref_t60            =  1.20544e+00
vref_t65            =  1.20529e+00
vref_t70            =  1.20513e+00
vref_t75            =  1.20495e+00
vref_t80            =  1.20477e+00
vref_t85            =  1.20457e+00
vref_t90            =  1.20437e+00
vref_t95            =  1.20415e+00
vref_t100           =  1.20393e+00
vref_t105           =  1.20371e+00
vref_t110           =  1.20347e+00
vref_t115           =  1.20324e+00
vref_t120           =  1.20300e+00
vref_t125           =  1.20275e+00

ngspice-46 done

* ---- derived by sim/tools/tc_ingest.py from the fleet .meas values in this log ----
m_vref = 1.2027500000e+00
m_tc_ppm = 1.7486431057e+01
m_vref_box_max = 1.2062300000e+00
m_vref_box_min = 1.2027500000e+00
m_vref_m40 = 1.2053400000e+00
m_vref_27 = 1.2061300000e+00
m_vref_125 = 1.2027500000e+00
