* record-id : 20261008-204016-aeaca90
* klt corner : sf/2.970V/27C (status pass); outer-axis point -40 C of the internal -40..125 C sweep

Note: No compatibility mode selected!


Circuit: * klt sim -- generated corner deck, do not edit

Warning : IC on non-existent node - xdut.xx1.casc, ignored
   Please check line .ic v(xdut.fb)=1.0 v(xdut.sns1)=0.6 v(xdut.sns2)=0.6 v(vref)=1.2 v(xdut.ibias)=0.6 v(xdut.xx1.casc)=1.8

Doing analysis at TEMP = 27.000000 and TNOM = 27.000000

Using SPARSE 1.3 as Direct Linear Solver
Note: Starting dynamic gmin stepping
Note: Dynamic gmin stepping completed

No. of Data Rows : 166

  Measurements for DC Analysis

vref_m40            =  1.19938e+00
vref_27             =  1.19857e+00
vref_125            =  1.19273e+00
vref_box_max        =  1.19950e+00 at=  -2.30000e+01
vref_box_min        =  1.19273e+00 at=  1.25000e+02
vref_tm40           =  1.19938e+00
vref_tm35           =  1.19944e+00
vref_tm30           =  1.19948e+00
vref_tm25           =  1.19949e+00
vref_tm20           =  1.19949e+00
vref_tm15           =  1.19947e+00
vref_tm10           =  1.19943e+00
vref_tm5            =  1.19937e+00
vref_t0             =  1.19929e+00
vref_t5             =  1.19919e+00
vref_t10            =  1.19908e+00
vref_t15            =  1.19895e+00
vref_t20            =  1.19880e+00
vref_t25            =  1.19864e+00
vref_t30            =  1.19846e+00
vref_t35            =  1.19827e+00
vref_t40            =  1.19806e+00
vref_t45            =  1.19784e+00
vref_t50            =  1.19760e+00
vref_t55            =  1.19735e+00
vref_t60            =  1.19709e+00
vref_t65            =  1.19681e+00
vref_t70            =  1.19653e+00
vref_t75            =  1.19623e+00
vref_t80            =  1.19592e+00
vref_t85            =  1.19560e+00
vref_t90            =  1.19527e+00
vref_t95            =  1.19493e+00
vref_t100           =  1.19458e+00
vref_t105           =  1.19422e+00
vref_t110           =  1.19386e+00
vref_t115           =  1.19349e+00
vref_t120           =  1.19311e+00
vref_t125           =  1.19273e+00

ngspice-46 done

* ---- derived by sim/tools/tc_ingest.py from the fleet .meas values in this log ----
m_vref = 1.1993800000e+00
m_tc_ppm = 3.4232713175e+01
m_vref_box_max = 1.1995000000e+00
m_vref_box_min = 1.1927300000e+00
m_vref_m40 = 1.1993800000e+00
m_vref_27 = 1.1985700000e+00
m_vref_125 = 1.1927300000e+00
