* record-id : 20261008-204016-aeaca90
* klt corner : ss/3.630V/27C (status pass); outer-axis point -40 C of the internal -40..125 C sweep

Note: No compatibility mode selected!


Circuit: * klt sim -- generated corner deck, do not edit

Warning : IC on non-existent node - xdut.xx1.casc, ignored
   Please check line .ic v(xdut.fb)=1.0 v(xdut.sns1)=0.6 v(xdut.sns2)=0.6 v(vref)=1.2 v(xdut.ibias)=0.6 v(xdut.xx1.casc)=1.8

Doing analysis at TEMP = 27.000000 and TNOM = 27.000000

Using SPARSE 1.3 as Direct Linear Solver
Note: Starting dynamic gmin stepping
Note: Dynamic gmin stepping completed

No. of Data Rows : 166

  Measurements for DC Analysis

vref_m40            =  1.20142e+00
vref_27             =  1.20171e+00
vref_125            =  1.19738e+00
vref_box_max        =  1.20199e+00 at=  -1.00000e+00
vref_box_min        =  1.19738e+00 at=  1.25000e+02
vref_tm40           =  1.20142e+00
vref_tm35           =  1.20156e+00
vref_tm30           =  1.20168e+00
vref_tm25           =  1.20178e+00
vref_tm20           =  1.20186e+00
vref_tm15           =  1.20192e+00
vref_tm10           =  1.20196e+00
vref_tm5            =  1.20198e+00
vref_t0             =  1.20198e+00
vref_t5             =  1.20197e+00
vref_t10            =  1.20194e+00
vref_t15            =  1.20189e+00
vref_t20            =  1.20183e+00
vref_t25            =  1.20175e+00
vref_t30            =  1.20166e+00
vref_t35            =  1.20154e+00
vref_t40            =  1.20142e+00
vref_t45            =  1.20128e+00
vref_t50            =  1.20112e+00
vref_t55            =  1.20096e+00
vref_t60            =  1.20077e+00
vref_t65            =  1.20058e+00
vref_t70            =  1.20037e+00
vref_t75            =  1.20015e+00
vref_t80            =  1.19992e+00
vref_t85            =  1.19968e+00
vref_t90            =  1.19942e+00
vref_t95            =  1.19916e+00
vref_t100           =  1.19888e+00
vref_t105           =  1.19860e+00
vref_t110           =  1.19830e+00
vref_t115           =  1.19800e+00
vref_t120           =  1.19769e+00
vref_t125           =  1.19738e+00

ngspice-46 done

* ---- derived by sim/tools/tc_ingest.py from the fleet .meas values in this log ----
m_vref = 1.2014200000e+00
m_tc_ppm = 2.3249697464e+01
m_vref_box_max = 1.2019900000e+00
m_vref_box_min = 1.1973800000e+00
m_vref_m40 = 1.2014200000e+00
m_vref_27 = 1.2017100000e+00
m_vref_125 = 1.1973800000e+00
