
Note: Compatibility modes selected: hs a


Circuit: * startup @ bjt_ss_-40c_3.63v -- generated by sim/harness, do not edit

Doing analysis at TEMP = -40.000000 and TNOM = 27.000000

Using SPARSE 1.3 as Direct Linear Solver

Initial Transient Solution
--------------------------

Node                                   Voltage
----                                   -------
vdd                                          0
xtop.xx1.d1                       -1.5674e-101
xtop.fb                           -6.00891e-24
xtop.sns1                         4.01233e-103
xtop.casc                        -1.93701e-158
xtop.xx1.d2                       6.77754e-112
xtop.sns2                        -1.04127e-113
xtop.xx1.e2                      -1.04127e-113
xtop.xx1.xr2.11                  -1.04127e-113
xtop.xx1.xr2.21                  -1.04127e-113
xtop.xx1.d3                       2.73456e-112
vref                             -4.35926e-114
xtop.xx1.e3                      -4.35926e-114
xtop.xx1.xr1.11                  -4.35926e-114
xtop.xx1.xr1.21                  -4.35926e-114
xtop.xx1.d4                       -3.3704e-164
xtop.ibias                       -4.84653e-166
xtop.xx2.a3                        1.47405e-29
xtop.xx2.nd1                       9.03822e-24
xtop.xx2.a4                           -9.8e-30
xtop.xx2.pbias                   -8.06612e-171
xtop.xx2.ncasc                    -1.53917e-22
xtop.xx2.n1                        4.00666e-20
xtop.xx2.n2                       -4.00823e-20
xtop.xx2.tail                     -1.33441e-21
xtop.xx2.nb1                        3.0784e-22
xtop.vdd_su                                  0
xtop.xx3.det                      -1.1491e-174
xtop.xx3.xrpu.11                 -1.14907e-174
xtop.xx3.xrpu.21                 -3.88097e-179
v.xtop.vsu_sense#branch           5.28172e-181
vsup#branch                       -1.50942e-34

 Reference value :  0.00000e+00
 Reference value :  5.94474e-04
 Reference value :  1.47047e-03
 Reference value :  2.35647e-03
No. of Data Rows : 3090
m_startup_time_s = 3.2554472145e-05
m_vref_final_v = 1.2120895978e+00
m_iq_total_final_ua = 1.7716709409e+01
m_iq_startup_branch_final_ua = 1.6609003896e+00
m_det_final_v = 1.6506132052e-02
m_t0_s = 9.1982332212e-07
m_t_settle_s = 3.3474295468e-05
Note: Simulation executed from .control section 

Warning: m=xx on .subckt line will override multiplier m hierarchy!

Note: Starting dynamic gmin stepping
Note: Dynamic gmin stepping completed
