
Note: Compatibility modes selected: hs a


Circuit: * startup @ bjt_ss_125c_3.63v -- generated by sim/harness, do not edit

Doing analysis at TEMP = 125.000000 and TNOM = 27.000000

Using SPARSE 1.3 as Direct Linear Solver

Initial Transient Solution
--------------------------

Node                                   Voltage
----                                   -------
vdd                                          0
xtop.xx1.d1                        -1.2776e-53
xtop.fb                           -4.56709e-36
xtop.sns1                         -1.72032e-53
xtop.casc                          6.01929e-72
xtop.xx1.d2                       -1.02577e-53
xtop.sns2                         -1.64244e-53
xtop.xx1.e2                       -1.64244e-53
xtop.xx1.xr2.11                   -1.64244e-53
xtop.xx1.xr2.21                   -1.64244e-53
xtop.xx1.d3                       -2.69568e-54
vref                               -3.6105e-54
xtop.xx1.e3                        -3.6105e-54
xtop.xx1.xr1.11                    -3.6105e-54
xtop.xx1.xr1.21                    -3.6105e-54
xtop.xx1.d4                       -1.11199e-77
xtop.ibias                         1.49559e-75
xtop.xx2.a3                       -2.68881e-37
xtop.xx2.nd1                      -4.62202e-36
xtop.xx2.a4                       -3.41957e-37
xtop.xx2.pbias                    -2.87384e-99
xtop.xx2.ncasc                     5.09391e-80
xtop.xx2.n1                       -4.65273e-36
xtop.xx2.n2                       -4.65767e-36
xtop.xx2.tail                      1.21094e-35
xtop.xx2.nb1                      -8.25484e-80
xtop.vdd_su                                  0
xtop.xx3.det                      -2.18369e-81
xtop.xx3.xrpu.11                  -2.18366e-81
xtop.xx3.xrpu.21                  -3.17096e-86
v.xtop.vsu_sense#branch            1.15513e-87
vsup#branch                       -1.15221e-47

 Reference value :  0.00000e+00
 Reference value :  5.72042e-04
 Reference value :  1.44904e-03
 Reference value :  2.32604e-03
No. of Data Rows : 3071
m_startup_time_s = 1.6057932587e-05
m_vref_final_v = 1.2328313153e+00
m_iq_total_final_ua = 2.6970488085e+01
m_iq_startup_branch_final_ua = 1.9087872228e+00
m_det_final_v = 2.1566685630e-02
m_t0_s = 9.8392911509e-07
m_t_settle_s = 1.7041861702e-05
Note: Simulation executed from .control section 

Warning: m=xx on .subckt line will override multiplier m hierarchy!

Note: Starting dynamic gmin stepping
Note: Dynamic gmin stepping completed
