
Note: Compatibility modes selected: hs a


Circuit: * startup @ ff_27c_3.63v -- generated by sim/harness, do not edit

Doing analysis at TEMP = 27.000000 and TNOM = 27.000000

Using SPARSE 1.3 as Direct Linear Solver

Initial Transient Solution
--------------------------

Node                                   Voltage
----                                   -------
vdd                                          0
xtop.xx1.d1                        3.12955e-19
xtop.fb                             4.1522e-20
xtop.sns1                         -2.37388e-19
xtop.casc                          1.34245e-18
xtop.xx1.d2                        1.24516e-19
xtop.sns2                         -1.08304e-20
xtop.xx1.e2                       -1.08304e-20
xtop.xx1.xr2.11                   -1.08304e-20
xtop.xx1.xr2.21                   -1.08304e-20
xtop.xx1.d3                        7.07231e-19
vref                               4.55443e-18
xtop.xx1.e3                        4.55443e-18
xtop.xx1.xr1.11                    4.55443e-18
xtop.xx1.xr1.21                    4.55443e-18
xtop.xx1.d4                        3.89197e-20
xtop.ibias                        -1.85046e-18
xtop.xx2.a3                        6.58926e-20
xtop.xx2.nd1                       3.44758e-20
xtop.xx2.a4                        2.75503e-20
xtop.xx2.pbias                     7.50306e-94
xtop.xx2.ncasc                    -1.02033e-20
xtop.xx2.n1                        1.24204e-20
xtop.xx2.n2                        4.97639e-21
xtop.xx2.tail                     -1.18433e-20
xtop.xx2.nb1                       2.28458e-20
xtop.vdd_su                                  0
xtop.xx3.det                                 0
xtop.xx3.xrpu.11                             0
xtop.xx3.xrpu.21                             0
v.xtop.vsu_sense#branch                      0
vsup#branch                       -4.45581e-30

 Reference value :  0.00000e+00
 Reference value :  5.41347e-04
 Reference value :  1.44035e-03
 Reference value :  2.31935e-03
No. of Data Rows : 3068
m_startup_time_s = 1.5391574339e-05
m_vref_final_v = 1.2134523253e+00
m_iq_total_final_ua = 2.6220770919e+01
m_iq_startup_branch_final_ua = 2.2270237671e+00
m_det_final_v = 1.9799746286e-02
m_t0_s = 9.5561622087e-07
m_t_settle_s = 1.6347190560e-05
Note: Simulation executed from .control section 

Warning: m=xx on .subckt line will override multiplier m hierarchy!

