
Note: Compatibility modes selected: hs a


Circuit: * startup @ res_ff_125c_2.97v -- generated by sim/harness, do not edit

Doing analysis at TEMP = 125.000000 and TNOM = 27.000000

Using SPARSE 1.3 as Direct Linear Solver

Initial Transient Solution
--------------------------

Node                                   Voltage
----                                   -------
vdd                                          0
xtop.xx1.d1                       -4.16899e-53
xtop.fb                           -1.03029e-36
xtop.sns1                         -5.92545e-53
xtop.casc                          5.96432e-72
xtop.xx1.d2                        6.26445e-53
xtop.sns2                           1.0711e-52
xtop.xx1.e2                         1.0711e-52
xtop.xx1.xr2.11                     1.0711e-52
xtop.xx1.xr2.21                     1.0711e-52
xtop.xx1.d3                        2.47529e-54
vref                               3.46054e-54
xtop.xx1.e3                        3.46055e-54
xtop.xx1.xr1.11                    3.46055e-54
xtop.xx1.xr1.21                    3.46054e-54
xtop.xx1.d4                        -9.7335e-78
xtop.ibias                         1.30912e-75
xtop.xx2.a3                       -6.75557e-38
xtop.xx2.nd1                      -1.14914e-36
xtop.xx2.a4                        -7.6994e-38
xtop.xx2.pbias                    -3.28175e-99
xtop.xx2.ncasc                      5.0939e-80
xtop.xx2.n1                       -1.15681e-36
xtop.xx2.n2                       -1.05064e-36
xtop.xx2.tail                      2.85255e-36
xtop.xx2.nb1                      -8.25482e-80
xtop.vdd_su                                  0
xtop.xx3.det                      -3.84987e-82
xtop.xx3.xrpu.11                   -3.8498e-82
xtop.xx3.xrpu.21                    -6.988e-87
v.xtop.vsu_sense#branch            2.54561e-88
vsup#branch                       -2.72366e-48

 Reference value :  0.00000e+00
 Reference value :  7.38898e-04
 Reference value :  1.61590e-03
 Reference value :  2.53290e-03
No. of Data Rows : 3056
m_startup_time_s = 2.0898429767e-05
m_vref_final_v = 1.2276660967e+00
m_iq_total_final_ua = 3.2893034382e+01
m_iq_startup_branch_final_ua = 1.9514458863e+00
m_det_final_v = 1.8717263116e-02
m_t0_s = 1.0000000000e-06
m_t_settle_s = 2.1898429767e-05
Note: Simulation executed from .control section 

Warning: m=xx on .subckt line will override multiplier m hierarchy!

Note: Starting dynamic gmin stepping
Note: Dynamic gmin stepping completed
