
Note: Compatibility modes selected: hs a


Circuit: * startup @ res_ss_125c_3.63v -- generated by sim/harness, do not edit

Doing analysis at TEMP = 125.000000 and TNOM = 27.000000

Using SPARSE 1.3 as Direct Linear Solver

Initial Transient Solution
--------------------------

Node                                   Voltage
----                                   -------
vdd                                          0
xtop.xx1.d1                       -1.16953e-19
xtop.fb                            3.42095e-18
xtop.sns1                         -3.15867e-18
xtop.casc                          3.66983e-32
xtop.xx1.d2                        5.73446e-19
xtop.sns2                          1.24988e-18
xtop.xx1.e2                        1.24988e-18
xtop.xx1.xr2.11                    1.24988e-18
xtop.xx1.xr2.21                    1.24988e-18
xtop.xx1.d3                        1.39733e-18
vref                               2.86379e-19
xtop.xx1.e3                        2.86378e-19
xtop.xx1.xr1.11                    2.86378e-19
xtop.xx1.xr1.21                    2.86379e-19
xtop.xx1.d4                       -2.42387e-19
xtop.ibias                         -1.9418e-18
xtop.xx2.a3                       -7.50302e-19
xtop.xx2.nd1                       6.29805e-19
xtop.xx2.a4                        1.16736e-18
xtop.xx2.pbias                     5.23089e-71
xtop.xx2.ncasc                    -2.70799e-19
xtop.xx2.n1                       -5.45401e-18
xtop.xx2.n2                       -8.82053e-18
xtop.xx2.tail                     -8.60006e-18
xtop.xx2.nb1                       6.62879e-19
xtop.vdd_su                                  0
xtop.xx3.det                                 0
xtop.xx3.xrpu.11                             0
xtop.xx3.xrpu.21                             0
v.xtop.vsu_sense#branch                      0
vsup#branch                         1.8689e-28

 Reference value :  0.00000e+00
 Reference value :  6.61854e-04
 Reference value :  1.65485e-03
 Reference value :  2.59185e-03
No. of Data Rows : 3063
m_startup_time_s = 1.7854240873e-05
m_vref_final_v = 1.2150493880e+00
m_iq_total_final_ua = 2.2678825048e+01
m_iq_startup_branch_final_ua = 1.5912252083e+00
m_det_final_v = 2.0292941335e-02
m_t0_s = 1.0000000000e-06
m_t_settle_s = 1.8854240873e-05
Note: Simulation executed from .control section 

Warning: m=xx on .subckt line will override multiplier m hierarchy!

