
Note: Compatibility modes selected: hs a


Circuit: * startup @ tt_27c_2.97v -- generated by sim/harness, do not edit

Doing analysis at TEMP = 27.000000 and TNOM = 27.000000

Using SPARSE 1.3 as Direct Linear Solver

Initial Transient Solution
--------------------------

Node                                   Voltage
----                                   -------
vdd                                          0
xtop.xx1.d1                        6.53878e-27
xtop.fb                           -1.32106e-18
xtop.sns1                         -4.21123e-27
xtop.casc                          4.37159e-26
xtop.xx1.d2                        -8.5851e-18
xtop.sns2                           2.8714e-17
xtop.xx1.e2                         2.8714e-17
xtop.xx1.xr2.11                     2.8714e-17
xtop.xx1.xr2.21                     2.8714e-17
xtop.xx1.d3                        9.01721e-29
vref                              -5.83043e-29
xtop.xx1.e3                       -5.83043e-29
xtop.xx1.xr1.11                   -5.83043e-29
xtop.xx1.xr1.21                   -5.83043e-29
xtop.xx1.d4                       -2.87304e-30
xtop.ibias                         1.60061e-28
xtop.xx2.a3                        9.88691e-21
xtop.xx2.nd1                       2.31661e-18
xtop.xx2.a4                       -3.21398e-20
xtop.xx2.pbias                    -2.37134e-38
xtop.xx2.ncasc                    -3.89809e-32
xtop.xx2.n1                       -3.96885e-19
xtop.xx2.n2                        2.64359e-18
xtop.xx2.tail                     -1.65302e-18
xtop.xx2.nb1                       6.28782e-32
xtop.vdd_su                                  0
xtop.xx3.det                                 0
xtop.xx3.xrpu.11                             0
xtop.xx3.xrpu.21                             0
v.xtop.vsu_sense#branch                      0
vsup#branch                       -2.28114e-29

 Reference value :  0.00000e+00
 Reference value :  6.19750e-04
 Reference value :  1.53375e-03
 Reference value :  2.39275e-03
No. of Data Rows : 3077
m_startup_time_s = 1.3749585643e-05
m_vref_final_v = 1.2142879244e+00
m_iq_total_final_ua = 2.1524887468e+01
m_iq_startup_branch_final_ua = 1.4583279960e+00
m_det_final_v = 1.4934631842e-02
m_t0_s = 1.0000000000e-06
m_t_settle_s = 1.4749585643e-05
Note: Simulation executed from .control section 

Warning: m=xx on .subckt line will override multiplier m hierarchy!

