
Note: No compatibility mode selected!


Circuit: * output-voltage-tc @ sf_27c_3.30v -- generated by sim/harness, do not edit

Doing analysis at TEMP = 27.000000 and TNOM = 27.000000

Using SPARSE 1.3 as Direct Linear Solver
 Reference value :  0.00000e+00
No. of Data Rows : 1
Doing analysis at TEMP = 27.000000 and TNOM = 27.000000

Using SPARSE 1.3 as Direct Linear Solver
 Reference value : -4.00000e+01
 Reference value : -3.60000e+01
 Reference value : -3.20000e+01
 Reference value : -2.80000e+01
 Reference value : -2.40000e+01
 Reference value : -2.00000e+01
 Reference value : -1.60000e+01
 Reference value : -1.20000e+01
 Reference value : -9.00000e+00
 Reference value : -5.00000e+00
 Reference value : -2.00000e+00
 Reference value :  2.00000e+00
 Reference value :  6.00000e+00
 Reference value :  9.00000e+00
 Reference value :  1.30000e+01
 Reference value :  1.70000e+01
 Reference value :  2.00000e+01
 Reference value :  2.30000e+01
 Reference value :  2.60000e+01
 Reference value :  2.90000e+01
 Reference value :  3.20000e+01
 Reference value :  3.60000e+01
 Reference value :  3.90000e+01
 Reference value :  4.30000e+01
 Reference value :  4.70000e+01
 Reference value :  5.10000e+01
 Reference value :  5.50000e+01
 Reference value :  5.90000e+01
 Reference value :  6.30000e+01
 Reference value :  6.60000e+01
 Reference value :  6.90000e+01
 Reference value :  7.20000e+01
 Reference value :  7.60000e+01
 Reference value :  8.00000e+01
 Reference value :  8.40000e+01
 Reference value :  8.80000e+01
 Reference value :  9.10000e+01
 Reference value :  9.50000e+01
 Reference value :  9.90000e+01
 Reference value :  1.02000e+02
 Reference value :  1.05000e+02
 Reference value :  1.08000e+02
 Reference value :  1.11000e+02
 Reference value :  1.15000e+02
 Reference value :  1.19000e+02
 Reference value :  1.23000e+02
No. of Data Rows : 166
m_vref = 1.1924876156e+00
m_tc_ppm = 1.3712051788e+01
m_vref_box_max = 1.1924880846e+00
m_vref_box_min = 1.1897900951e+00
m_vref_m40 = 1.1904274672e+00
m_vref_27 = 1.1924875681e+00
m_vref_125 = 1.1897900951e+00
m_sweep_points = 1.6600000000e+02
Note: Simulation executed from .control section 

Warning : IC on non-existent node - xdut.xx1.casc, ignored
   Please check line .ic v(xdut.fb)=1.0 v(xdut.sns1)=0.6 v(xdut.sns2)=0.6 v(vref)=1.2 v(xdut.ibias)=0.6 v(xdut.xx1.casc)=1.8

Note: Starting dynamic gmin stepping
Note: Dynamic gmin stepping completed
Note: Starting dynamic gmin stepping
Note: Dynamic gmin stepping completed
