
Note: Compatibility modes selected: hs a


Circuit: * psrr-dc @ bjt_ss_27c_3.63v -- generated by sim/harness, do not edit

Doing analysis at TEMP = 27.000000 and TNOM = 27.000000

Using SPARSE 1.3 as Direct Linear Solver
 Reference value :  0.00000e+00
No. of Data Rows : 1
Doing analysis at TEMP = 27.000000 and TNOM = 27.000000

Using SPARSE 1.3 as Direct Linear Solver

No. of Data Rows : 161
     * psrr-dc @ bjt_ss_27c_3.63v -- generated by sim/harness, do not edit
     AC Analysis  Mon Aug  3 02:46:12  2026
--------------------------------------------------------------------------------
Index   frequency       psrr_db         
--------------------------------------------------------------------------------
0	1.0000000000e-01	8.2479821522e+01	
1	1.1220184543e-01	8.2479821519e+01	
2	1.2589254118e-01	8.2479821517e+01	
3	1.4125375446e-01	8.2479821514e+01	
4	1.5848931925e-01	8.2479821508e+01	
5	1.7782794100e-01	8.2479821504e+01	
6	1.9952623150e-01	8.2479821496e+01	
7	2.2387211386e-01	8.2479821487e+01	
8	2.5118864315e-01	8.2479821476e+01	
9	2.8183829313e-01	8.2479821462e+01	
10	3.1622776602e-01	8.2479821444e+01	
11	3.5481338923e-01	8.2479821422e+01	
12	3.9810717055e-01	8.2479821393e+01	
13	4.4668359215e-01	8.2479821359e+01	
14	5.0118723363e-01	8.2479821314e+01	
15	5.6234132519e-01	8.2479821258e+01	
16	6.3095734448e-01	8.2479821187e+01	
17	7.0794578438e-01	8.2479821097e+01	
18	7.9432823472e-01	8.2479820986e+01	
19	8.9125093813e-01	8.2479820845e+01	
20	1.0000000000e+00	8.2479820667e+01	
21	1.1220184543e+00	8.2479820445e+01	
22	1.2589254118e+00	8.2479820163e+01	
23	1.4125375446e+00	8.2479819808e+01	
24	1.5848931925e+00	8.2479819363e+01	
25	1.7782794100e+00	8.2479818800e+01	
26	1.9952623150e+00	8.2479818094e+01	
27	2.2387211386e+00	8.2479817204e+01	
28	2.5118864315e+00	8.2479816084e+01	
29	2.8183829313e+00	8.2479814674e+01	
30	3.1622776602e+00	8.2479812898e+01	
31	3.5481338923e+00	8.2479810664e+01	
32	3.9810717055e+00	8.2479807851e+01	
33	4.4668359215e+00	8.2479804308e+01	
34	5.0118723363e+00	8.2479799849e+01	
35	5.6234132519e+00	8.2479794235e+01	
36	6.3095734448e+00	8.2479787168e+01	
37	7.0794578438e+00	8.2479778272e+01	
38	7.9432823472e+00	8.2479767070e+01	
39	8.9125093813e+00	8.2479752968e+01	
40	1.0000000000e+01	8.2479735217e+01	
41	1.1220184543e+01	8.2479712868e+01	
42	1.2589254118e+01	8.2479684733e+01	
43	1.4125375446e+01	8.2479649313e+01	
44	1.5848931925e+01	8.2479604722e+01	
45	1.7782794100e+01	8.2479548586e+01	
46	1.9952623150e+01	8.2479837114e+01	
47	2.2387211386e+01	8.2479748140e+01	
48	2.5118864315e+01	8.2479636135e+01	
49	2.8183829313e+01	8.2479495129e+01	
50	3.1622776602e+01	8.2479676803e+01	
51	3.5481338923e+01	8.2479453325e+01	
52	3.9810717055e+01	8.2479531170e+01	
53	4.4668359215e+01	8.2479176995e+01	
54	5.0118723363e+01	8.2479090295e+01	

Index   frequency       psrr_db         
--------------------------------------------------------------------------------
55	5.6234132519e+01	8.2478888156e+01	
56	6.3095734448e+01	8.2478899836e+01	
57	7.0794578438e+01	8.2478728561e+01	
58	7.9432823472e+01	8.2478326984e+01	
59	8.9125093813e+01	8.2477994604e+01	
60	1.0000000000e+02	8.2477656344e+01	
61	1.1220184543e+02	8.2476858720e+01	
62	1.2589254118e+02	8.2476200879e+01	
63	1.4125375446e+02	8.2475174190e+01	
64	1.5848931925e+02	8.2473590494e+01	
65	1.7782794100e+02	8.2472109852e+01	
66	1.9952623150e+02	8.2470433813e+01	
67	2.2387211386e+02	8.2468366327e+01	
68	2.5118864315e+02	8.2465435532e+01	
69	2.8183829313e+02	8.2461406715e+01	
70	3.1622776602e+02	8.2456429212e+01	
71	3.5481338923e+02	8.2450280697e+01	
72	3.9810717055e+02	8.2442497974e+01	
73	4.4668359215e+02	8.2433384852e+01	
74	5.0118723363e+02	8.2421795920e+01	
75	5.6234132519e+02	8.2406649971e+01	
76	6.3095734448e+02	8.2389986430e+01	
77	7.0794578438e+02	8.2366565811e+01	
78	7.9432823472e+02	8.2336951189e+01	
79	8.9125093813e+02	8.2300540452e+01	
80	1.0000000000e+03	8.2254622576e+01	
81	1.1220184543e+03	8.2199732807e+01	
82	1.2589254118e+03	8.2128817201e+01	
83	1.4125375446e+03	8.2043078621e+01	
84	1.5848931925e+03	8.1937303336e+01	
85	1.7782794100e+03	8.1807300553e+01	
86	1.9952623150e+03	8.1647466768e+01	
87	2.2387211386e+03	8.1454194324e+01	
88	2.5118864315e+03	8.1222878806e+01	
89	2.8183829313e+03	8.0948177051e+01	
90	3.1622776602e+03	8.0623788696e+01	
91	3.5481338923e+03	8.0245816669e+01	
92	3.9810717055e+03	7.9809352198e+01	
93	4.4668359215e+03	7.9315183539e+01	
94	5.0118723363e+03	7.8757932773e+01	
95	5.6234132519e+03	7.8140751769e+01	
96	6.3095734448e+03	7.7464077773e+01	
97	7.0794578438e+03	7.6729623177e+01	
98	7.9432823472e+03	7.5941805430e+01	
99	8.9125093813e+03	7.5102694759e+01	
100	1.0000000000e+04	7.4215395657e+01	
101	1.1220184543e+04	7.3283388274e+01	
102	1.2589254118e+04	7.2308378749e+01	
103	1.4125375446e+04	7.1291581515e+01	
104	1.5848931925e+04	7.0233574593e+01	
105	1.7782794100e+04	6.9134671894e+01	
106	1.9952623150e+04	6.7992996176e+01	
107	2.2387211386e+04	6.6807471996e+01	
108	2.5118864315e+04	6.5576501279e+01	
109	2.8183829313e+04	6.4298396591e+01	
110	3.1622776602e+04	6.2971878527e+01	
111	3.5481338923e+04	6.1597234465e+01	
112	3.9810717055e+04	6.0175985030e+01	

Index   frequency       psrr_db         
--------------------------------------------------------------------------------
113	4.4668359215e+04	5.8711201325e+01	
114	5.0118723363e+04	5.7208028080e+01	
115	5.6234132519e+04	5.5673157978e+01	
116	6.3095734448e+04	5.4114974932e+01	
117	7.0794578438e+04	5.2542988675e+01	
118	7.9432823472e+04	5.0967544652e+01	
119	8.9125093813e+04	4.9399205229e+01	
120	1.0000000000e+05	4.7848357682e+01	
121	1.1220184543e+05	4.6324551170e+01	
122	1.2589254118e+05	4.4836420950e+01	
123	1.4125375446e+05	4.3391002514e+01	
124	1.5848931925e+05	4.1993758511e+01	
125	1.7782794100e+05	4.0648516425e+01	
126	1.9952623150e+05	3.9357627754e+01	
127	2.2387211386e+05	3.8122649472e+01	
128	2.5118864315e+05	3.6944913849e+01	
129	2.8183829313e+05	3.5826760125e+01	
130	3.1622776602e+05	3.4772941605e+01	
131	3.5481338923e+05	3.3792619497e+01	
132	3.9810717055e+05	3.2901848570e+01	
133	4.4668359215e+05	3.2126235639e+01	
134	5.0118723363e+05	3.1502572596e+01	
135	5.6234132519e+05	3.1076917853e+01	
136	6.3095734448e+05	3.0895276706e+01	
137	7.0794578438e+05	3.0984645184e+01	
138	7.9432823472e+05	3.1327644388e+01	
139	8.9125093813e+05	3.1839569429e+01	
140	1.0000000000e+06	3.2358331501e+01	
141	1.1220184543e+06	3.2666149099e+01	
142	1.2589254118e+06	3.2571602998e+01	
143	1.4125375446e+06	3.2020115718e+01	
144	1.5848931925e+06	3.1110274483e+01	
145	1.7782794100e+06	2.9996513787e+01	
146	1.9952623150e+06	2.8802664686e+01	
147	2.2387211386e+06	2.7601939174e+01	
148	2.5118864315e+06	2.6430184753e+01	
149	2.8183829313e+06	2.5301767722e+01	
150	3.1622776602e+06	2.4219847196e+01	
151	3.5481338923e+06	2.3181941518e+01	
152	3.9810717055e+06	2.2182899748e+01	
153	4.4668359215e+06	2.1216669664e+01	
154	5.0118723363e+06	2.0277541765e+01	
155	5.6234132519e+06	1.9361093420e+01	
156	6.3095734448e+06	1.8464860121e+01	
157	7.0794578438e+06	1.7588687461e+01	
158	7.9432823472e+06	1.6734736164e+01	
159	8.9125093813e+06	1.5907148119e+01	
160	1.0000000000e+07	1.5111450147e+01	
m_psrr_1hz_db = 8.2479820667e+01
m_psrr_1khz_db = 8.2254622576e+01
m_psrr_10hz_db = 8.2479735217e+01
m_psrr_100hz_db = 8.2477656344e+01
m_psrr_10khz_db = 7.4215395657e+01
m_psrr_100khz_db = 4.7848357682e+01
m_psrr_1mhz_db = 3.2358331501e+01
m_vref_op = 1.2007517875e+00
m_f_dc_hz = 1.0000000000e+00
m_f_band_edge_hz = 1.0000000000e+03
Note: Simulation executed from .control section 

Warning: m=xx on .subckt line will override multiplier m hierarchy!

Warning : IC on non-existent node - xdut.xx1.casc, ignored
   Please check line .ic v(xdut.fb)=1.0 v(xdut.sns1)=0.6 v(xdut.sns2)=0.6 v(vref)=1.2 v(xdut.ibias)=0.6 v(xdut.xx1.casc)=1.8

Note: Starting dynamic gmin stepping
Note: Dynamic gmin stepping completed
Note: Starting dynamic gmin stepping
Note: Dynamic gmin stepping completed
