
Note: Compatibility modes selected: hs a


Circuit: * psrr-dc @ bjt_ff_125c_3.63v -- generated by sim/harness, do not edit

Doing analysis at TEMP = 125.000000 and TNOM = 27.000000

Using SPARSE 1.3 as Direct Linear Solver
 Reference value :  0.00000e+00
No. of Data Rows : 1
Doing analysis at TEMP = 125.000000 and TNOM = 27.000000

Using SPARSE 1.3 as Direct Linear Solver
 Reference value :  1.00000e-01
No. of Data Rows : 161
     * psrr-dc @ bjt_ff_125c_3.63v -- generated by sim/harness, do not edit
     AC Analysis  Mon Aug  3 02:46:10  2026
--------------------------------------------------------------------------------
Index   frequency       psrr_db         
--------------------------------------------------------------------------------
0	1.0000000000e-01	7.6530178202e+01	
1	1.1220184543e-01	7.6530178201e+01	
2	1.2589254118e-01	7.6530178199e+01	
3	1.4125375446e-01	7.6530178197e+01	
4	1.5848931925e-01	7.6530178195e+01	
5	1.7782794100e-01	7.6530178191e+01	
6	1.9952623150e-01	7.6530178187e+01	
7	2.2387211386e-01	7.6530178182e+01	
8	2.5118864315e-01	7.6530178175e+01	
9	2.8183829313e-01	7.6530178167e+01	
10	3.1622776602e-01	7.6530178157e+01	
11	3.5481338923e-01	7.6530178144e+01	
12	3.9810717055e-01	7.6530178127e+01	
13	4.4668359215e-01	7.6530178106e+01	
14	5.0118723363e-01	7.6530178081e+01	
15	5.6234132519e-01	7.6530178047e+01	
16	6.3095734448e-01	7.6530178006e+01	
17	7.0794578438e-01	7.6530177954e+01	
18	7.9432823472e-01	7.6530177888e+01	
19	8.9125093813e-01	7.6530177806e+01	
20	1.0000000000e+00	7.6530177702e+01	
21	1.1220184543e+00	7.6530177571e+01	
22	1.2589254118e+00	7.6530177406e+01	
23	1.4125375446e+00	7.6530177199e+01	
24	1.5848931925e+00	7.6530176938e+01	
25	1.7782794100e+00	7.6530176609e+01	
26	1.9952623150e+00	7.6530176196e+01	
27	2.2387211386e+00	7.6530175675e+01	
28	2.5118864315e+00	7.6530175020e+01	
29	2.8183829313e+00	7.6530174194e+01	
30	3.1622776602e+00	7.6530173155e+01	
31	3.5481338923e+00	7.6530171846e+01	
32	3.9810717055e+00	7.6530170199e+01	
33	4.4668359215e+00	7.6530168126e+01	
34	5.0118723363e+00	7.6530165516e+01	
35	5.6234132519e+00	7.6530162230e+01	
36	6.3095734448e+00	7.6530158093e+01	
37	7.0794578438e+00	7.6530152885e+01	
38	7.9432823472e+00	7.6530146328e+01	
39	8.9125093813e+00	7.6530138073e+01	
40	1.0000000000e+01	7.6530127682e+01	
41	1.1220184543e+01	7.6530114600e+01	
42	1.2589254118e+01	7.6530098131e+01	
43	1.4125375446e+01	7.6530077397e+01	
44	1.5848931925e+01	7.6530051295e+01	
45	1.7782794100e+01	7.6530018434e+01	
46	1.9952623150e+01	7.6529977065e+01	
47	2.2387211386e+01	7.6530140293e+01	
48	2.5118864315e+01	7.6530074727e+01	
49	2.8183829313e+01	7.6529992185e+01	
50	3.1622776602e+01	7.6530103578e+01	
51	3.5481338923e+01	7.6529972759e+01	
52	3.9810717055e+01	7.6530023372e+01	
53	4.4668359215e+01	7.6529816041e+01	
54	5.0118723363e+01	7.6529770330e+01	

Index   frequency       psrr_db         
--------------------------------------------------------------------------------
55	5.6234132519e+01	7.6529872336e+01	
56	6.3095734448e+01	7.6529673965e+01	
57	7.0794578438e+01	7.6529583783e+01	
58	7.9432823472e+01	7.6529574054e+01	
59	8.9125093813e+01	7.6529394578e+01	
60	1.0000000000e+02	7.6529216696e+01	
61	1.1220184543e+02	7.6528985078e+01	
62	1.2589254118e+02	7.6528630087e+01	
63	1.4125375446e+02	7.6528279308e+01	
64	1.5848931925e+02	7.6527822374e+01	
65	1.7782794100e+02	7.6527335584e+01	
66	1.9952623150e+02	7.6526428903e+01	
67	2.2387211386e+02	7.6525635366e+01	
68	2.5118864315e+02	7.6524247701e+01	
69	2.8183829313e+02	7.6522885272e+01	
70	3.1622776602e+02	7.6520894320e+01	
71	3.5481338923e+02	7.6518690252e+01	
72	3.9810717055e+02	7.6515578643e+01	
73	4.4668359215e+02	7.6511438257e+01	
74	5.0118723363e+02	7.6506994704e+01	
75	5.6234132519e+02	7.6500973704e+01	
76	6.3095734448e+02	7.6494637447e+01	
77	7.0794578438e+02	7.6484949013e+01	
78	7.9432823472e+02	7.6473551815e+01	
79	8.9125093813e+02	7.6458183286e+01	
80	1.0000000000e+03	7.6439218717e+01	
81	1.1220184543e+03	7.6416768195e+01	
82	1.2589254118e+03	7.6387669203e+01	
83	1.4125375446e+03	7.6352003060e+01	
84	1.5848931925e+03	7.6305745805e+01	
85	1.7782794100e+03	7.6250234017e+01	
86	1.9952623150e+03	7.6179828136e+01	
87	2.2387211386e+03	7.6092594600e+01	
88	2.5118864315e+03	7.5986368542e+01	
89	2.8183829313e+03	7.5855026216e+01	
90	3.1622776602e+03	7.5696100112e+01	
91	3.5481338923e+03	7.5501973596e+01	
92	3.9810717055e+03	7.5269150984e+01	
93	4.4668359215e+03	7.4990910427e+01	
94	5.0118723363e+03	7.4662360720e+01	
95	5.6234132519e+03	7.4278845918e+01	
96	6.3095734448e+03	7.3835460907e+01	
97	7.0794578438e+03	7.3329669564e+01	
98	7.9432823472e+03	7.2758899117e+01	
99	8.9125093813e+03	7.2123201520e+01	
100	1.0000000000e+04	7.1422184489e+01	
101	1.1220184543e+04	7.0658283783e+01	
102	1.2589254118e+04	6.9832293463e+01	
103	1.4125375446e+04	6.8946796555e+01	
104	1.5848931925e+04	6.8003486154e+01	
105	1.7782794100e+04	6.7004200230e+01	
106	1.9952623150e+04	6.5950273116e+01	
107	2.2387211386e+04	6.4842187573e+01	
108	2.5118864315e+04	6.3680963881e+01	
109	2.8183829313e+04	6.2467393196e+01	
110	3.1622776602e+04	6.1203039203e+01	
111	3.5481338923e+04	5.9890486655e+01	
112	3.9810717055e+04	5.8533911836e+01	

Index   frequency       psrr_db         
--------------------------------------------------------------------------------
113	4.4668359215e+04	5.7138776282e+01	
114	5.0118723363e+04	5.5712277507e+01	
115	5.6234132519e+04	5.4263075092e+01	
116	6.3095734448e+04	5.2801195831e+01	
117	7.0794578438e+04	5.1336555527e+01	
118	7.9432823472e+04	4.9879547586e+01	
119	8.9125093813e+04	4.8439656540e+01	
120	1.0000000000e+05	4.7025006991e+01	
121	1.1220184543e+05	4.5642032128e+01	
122	1.2589254118e+05	4.4295408363e+01	
123	1.4125375446e+05	4.2987863890e+01	
124	1.5848931925e+05	4.1720399881e+01	
125	1.7782794100e+05	4.0492875019e+01	
126	1.9952623150e+05	3.9304400070e+01	
127	2.2387211386e+05	3.8154260735e+01	
128	2.5118864315e+05	3.7042728797e+01	
129	2.8183829313e+05	3.5972404643e+01	
130	3.1622776602e+05	3.4949872126e+01	
131	3.5481338923e+05	3.3988125697e+01	
132	3.9810717055e+05	3.3109656462e+01	
133	4.4668359215e+05	3.2349715540e+01	
134	5.0118723363e+05	3.1757490930e+01	
135	5.6234132519e+05	3.1390585360e+01	
136	6.3095734448e+05	3.1296958438e+01	
137	7.0794578438e+05	3.1484084322e+01	
138	7.9432823472e+05	3.1887299051e+01	
139	8.9125093813e+05	3.2356800367e+01	
140	1.0000000000e+06	3.2681708246e+01	
141	1.1220184543e+06	3.2666433545e+01	
142	1.2589254118e+06	3.2231425588e+01	
143	1.4125375446e+06	3.1440902751e+01	
144	1.5848931925e+06	3.0427304024e+01	
145	1.7782794100e+06	2.9308674803e+01	
146	1.9952623150e+06	2.8160522949e+01	
147	2.2387211386e+06	2.7022795886e+01	
148	2.5118864315e+06	2.5913565106e+01	
149	2.8183829313e+06	2.4839031620e+01	
150	3.1622776602e+06	2.3799318438e+01	
151	3.5481338923e+06	2.2791616539e+01	
152	3.9810717055e+06	2.1811970032e+01	
153	4.4668359215e+06	2.0856411713e+01	
154	5.0118723363e+06	1.9921762394e+01	
155	5.6234132519e+06	1.9006195823e+01	
156	6.3095734448e+06	1.8109579100e+01	
157	7.0794578438e+06	1.7233573834e+01	
158	7.9432823472e+06	1.6381502768e+01	
159	8.9125093813e+06	1.5558010169e+01	
160	1.0000000000e+07	1.4768569319e+01	
m_psrr_1hz_db = 7.6530177702e+01
m_psrr_1khz_db = 7.6439218717e+01
m_psrr_10hz_db = 7.6530127682e+01
m_psrr_100hz_db = 7.6529216696e+01
m_psrr_10khz_db = 7.1422184489e+01
m_psrr_100khz_db = 4.7025006991e+01
m_psrr_1mhz_db = 3.2681708246e+01
m_vref_op = 1.1814205011e+00
m_f_dc_hz = 1.0000000000e+00
m_f_band_edge_hz = 1.0000000000e+03
Note: Simulation executed from .control section 

Warning: m=xx on .subckt line will override multiplier m hierarchy!

Warning : IC on non-existent node - xdut.xx1.casc, ignored
   Please check line .ic v(xdut.fb)=1.0 v(xdut.sns1)=0.6 v(xdut.sns2)=0.6 v(vref)=1.2 v(xdut.ibias)=0.6 v(xdut.xx1.casc)=1.8

Note: Starting dynamic gmin stepping
Note: Dynamic gmin stepping completed
Note: Starting dynamic gmin stepping
Note: Dynamic gmin stepping completed
