
Note: Compatibility modes selected: hs a


Circuit: * psrr-dc @ ff_125c_3.30v -- generated by sim/harness, do not edit

Doing analysis at TEMP = 125.000000 and TNOM = 27.000000

Using SPARSE 1.3 as Direct Linear Solver
 Reference value :  0.00000e+00
No. of Data Rows : 1
Doing analysis at TEMP = 125.000000 and TNOM = 27.000000

Using SPARSE 1.3 as Direct Linear Solver
 Reference value :  1.99526e-01
No. of Data Rows : 161
       * psrr-dc @ ff_125c_3.30v -- generated by sim/harness, do not edit
       AC Analysis  Mon Aug  3 02:45:37  2026
--------------------------------------------------------------------------------
Index   frequency       psrr_db         
--------------------------------------------------------------------------------
0	1.0000000000e-01	1.0669047627e+02	
1	1.1220184543e-01	1.0669047623e+02	
2	1.2589254118e-01	1.0669047618e+02	
3	1.4125375446e-01	1.0669047612e+02	
4	1.5848931925e-01	1.0669047604e+02	
5	1.7782794100e-01	1.0669047596e+02	
6	1.9952623150e-01	1.0669047584e+02	
7	2.2387211386e-01	1.0669047569e+02	
8	2.5118864315e-01	1.0669047550e+02	
9	2.8183829313e-01	1.0669047525e+02	
10	3.1622776602e-01	1.0669047496e+02	
11	3.5481338923e-01	1.0669047458e+02	
12	3.9810717055e-01	1.0669047408e+02	
13	4.4668359215e-01	1.0669047349e+02	
14	5.0118723363e-01	1.0669047271e+02	
15	5.6234132519e-01	1.0669047178e+02	
16	6.3095734448e-01	1.0669047057e+02	
17	7.0794578438e-01	1.0669046905e+02	
18	7.9432823472e-01	1.0669046715e+02	
19	8.9125093813e-01	1.0669046474e+02	
20	1.0000000000e+00	1.0669046172e+02	
21	1.1220184543e+00	1.0669045792e+02	
22	1.2589254118e+00	1.0669045311e+02	
23	1.4125375446e+00	1.0669044709e+02	
24	1.5848931925e+00	1.0669043949e+02	
25	1.7782794100e+00	1.0669042993e+02	
26	1.9952623150e+00	1.0669041790e+02	
27	2.2387211386e+00	1.0669040275e+02	
28	2.5118864315e+00	1.0669038365e+02	
29	2.8183829313e+00	1.0669035964e+02	
30	3.1622776602e+00	1.0669032941e+02	
31	3.5481338923e+00	1.0669029135e+02	
32	3.9810717055e+00	1.0669024344e+02	
33	4.4668359215e+00	1.0669018311e+02	
34	5.0118723363e+00	1.0669010717e+02	
35	5.6234132519e+00	1.0668505964e+02	
36	6.3095734448e+00	1.0668493945e+02	
37	7.0794578438e+00	1.0668478815e+02	
38	7.9432823472e+00	1.0668459771e+02	
39	8.9125093813e+00	1.0668435795e+02	
40	1.0000000000e+01	1.0668405612e+02	
41	1.1220184543e+01	1.0668367615e+02	
42	1.2589254118e+01	1.0668319786e+02	
43	1.4125375446e+01	1.0668259578e+02	
44	1.5848931925e+01	1.0668183789e+02	
45	1.7782794100e+01	1.0668088392e+02	
46	1.9952623150e+01	1.0667968317e+02	
47	2.2387211386e+01	1.0667817190e+02	
48	2.5118864315e+01	1.0667133404e+02	
49	2.8183829313e+01	1.0666894410e+02	
50	3.1622776602e+01	1.0666593682e+02	
51	3.5481338923e+01	1.0665723398e+02	
52	3.9810717055e+01	1.0665248151e+02	
53	4.4668359215e+01	1.0664160397e+02	
54	5.0118723363e+01	1.0662921317e+02	

Index   frequency       psrr_db         
--------------------------------------------------------------------------------
55	5.6234132519e+01	1.0661492461e+02	
56	6.3095734448e+01	1.0659341119e+02	
57	7.0794578438e+01	1.0657379171e+02	
58	7.9432823472e+01	1.0654087749e+02	
59	8.9125093813e+01	1.0649399161e+02	
60	1.0000000000e+02	1.0645110412e+02	
61	1.1220184543e+02	1.0639204233e+02	
62	1.2589254118e+02	1.0632015267e+02	
63	1.4125375446e+02	1.0623377612e+02	
64	1.5848931925e+02	1.0611791299e+02	
65	1.7782794100e+02	1.0598829824e+02	
66	1.9952623150e+02	1.0582981421e+02	
67	2.2387211386e+02	1.0563865629e+02	
68	2.5118864315e+02	1.0540213933e+02	
69	2.8183829313e+02	1.0512577498e+02	
70	3.1622776602e+02	1.0479636941e+02	
71	3.5481338923e+02	1.0442258054e+02	
72	3.9810717055e+02	1.0398868057e+02	
73	4.4668359215e+02	1.0350382674e+02	
74	5.0118723363e+02	1.0295917280e+02	
75	5.6234132519e+02	1.0235005754e+02	
76	6.3095734448e+02	1.0169100324e+02	
77	7.0794578438e+02	1.0097454786e+02	
78	7.9432823472e+02	1.0022647479e+02	
79	8.9125093813e+02	9.9431660674e+01	
80	1.0000000000e+03	9.8605927289e+01	
81	1.1220184543e+03	9.7746555830e+01	
82	1.2589254118e+03	9.6859333771e+01	
83	1.4125375446e+03	9.5952475204e+01	
84	1.5848931925e+03	9.5025739276e+01	
85	1.7782794100e+03	9.4084842121e+01	
86	1.9952623150e+03	9.3129538277e+01	
87	2.2387211386e+03	9.2164335453e+01	
88	2.5118864315e+03	9.1189540931e+01	
89	2.8183829313e+03	9.0207123888e+01	
90	3.1622776602e+03	8.9217456141e+01	
91	3.5481338923e+03	8.8221156331e+01	
92	3.9810717055e+03	8.7218331313e+01	
93	4.4668359215e+03	8.6208926947e+01	
94	5.0118723363e+03	8.5192589503e+01	
95	5.6234132519e+03	8.4168698308e+01	
96	6.3095734448e+03	8.3135941470e+01	
97	7.0794578438e+03	8.2093308065e+01	
98	7.9432823472e+03	8.1038720179e+01	
99	8.9125093813e+03	7.9970219377e+01	
100	1.0000000000e+04	7.8885572047e+01	
101	1.1220184543e+04	7.7781803211e+01	
102	1.2589254118e+04	7.6655518302e+01	
103	1.4125375446e+04	7.5503310941e+01	
104	1.5848931925e+04	7.4321054974e+01	
105	1.7782794100e+04	7.3105544833e+01	
106	1.9952623150e+04	7.1851692445e+01	
107	2.2387211386e+04	7.0556275964e+01	
108	2.5118864315e+04	6.9215651255e+01	
109	2.8183829313e+04	6.7827274476e+01	
110	3.1622776602e+04	6.6390177585e+01	
111	3.5481338923e+04	6.4904039305e+01	
112	3.9810717055e+04	6.3370792980e+01	

Index   frequency       psrr_db         
--------------------------------------------------------------------------------
113	4.4668359215e+04	6.1794160747e+01	
114	5.0118723363e+04	6.0179078550e+01	
115	5.6234132519e+04	5.8532595858e+01	
116	6.3095734448e+04	5.6862167242e+01	
117	7.0794578438e+04	5.5176739473e+01	
118	7.9432823472e+04	5.3485652275e+01	
119	8.9125093813e+04	5.1798522367e+01	
120	1.0000000000e+05	5.0125056527e+01	
121	1.1220184543e+05	4.8474567114e+01	
122	1.2589254118e+05	4.6856141129e+01	
123	1.4125375446e+05	4.5277891063e+01	
124	1.5848931925e+05	4.3746999563e+01	
125	1.7782794100e+05	4.2269312681e+01	
126	1.9952623150e+05	4.0849521408e+01	
127	2.2387211386e+05	3.9491256072e+01	
128	2.5118864315e+05	3.8197528568e+01	
129	2.8183829313e+05	3.6971676899e+01	
130	3.1622776602e+05	3.5818658745e+01	
131	3.5481338923e+05	3.4746961628e+01	
132	3.9810717055e+05	3.3771018227e+01	
133	4.4668359215e+05	3.2913969594e+01	
134	5.0118723363e+05	3.2209815711e+01	
135	5.6234132519e+05	3.1702691371e+01	
136	6.3095734448e+05	3.1439951679e+01	
137	7.0794578438e+05	3.1456520880e+01	
138	7.9432823472e+05	3.1752806974e+01	
139	8.9125093813e+05	3.2273571082e+01	
140	1.0000000000e+06	3.2894195659e+01	
141	1.1220184543e+06	3.3421136785e+01	
142	1.2589254118e+06	3.3631714925e+01	
143	1.4125375446e+06	3.3376604390e+01	
144	1.5848931925e+06	3.2670730151e+01	
145	1.7782794100e+06	3.1655354302e+01	
146	1.9952623150e+06	3.0485847991e+01	
147	2.2387211386e+06	2.9269674989e+01	
148	2.5118864315e+06	2.8065033475e+01	
149	2.8183829313e+06	2.6898262688e+01	
150	3.1622776602e+06	2.5778319471e+01	
151	3.5481338923e+06	2.4705226870e+01	
152	3.9810717055e+06	2.3674528585e+01	
153	4.4668359215e+06	2.2679734938e+01	
154	5.0118723363e+06	2.1713882022e+01	
155	5.6234132519e+06	2.0770691413e+01	
156	6.3095734448e+06	1.9845460023e+01	
157	7.0794578438e+06	1.8935666733e+01	
158	7.9432823472e+06	1.8041246186e+01	
159	8.9125093813e+06	1.7164515648e+01	
160	1.0000000000e+07	1.6309792608e+01	
m_psrr_1hz_db = 1.0669046172e+02
m_psrr_1khz_db = 9.8605927289e+01
m_psrr_10hz_db = 1.0668405612e+02
m_psrr_100hz_db = 1.0645110412e+02
m_psrr_10khz_db = 7.8885572047e+01
m_psrr_100khz_db = 5.0125056527e+01
m_psrr_1mhz_db = 3.2894195659e+01
m_vref_op = 1.1912620194e+00
m_f_dc_hz = 1.0000000000e+00
m_f_band_edge_hz = 1.0000000000e+03
Note: Simulation executed from .control section 

Warning: m=xx on .subckt line will override multiplier m hierarchy!

Warning : IC on non-existent node - xdut.xx1.casc, ignored
   Please check line .ic v(xdut.fb)=1.0 v(xdut.sns1)=0.6 v(xdut.sns2)=0.6 v(vref)=1.2 v(xdut.ibias)=0.6 v(xdut.xx1.casc)=1.8

Note: Starting dynamic gmin stepping
Note: Dynamic gmin stepping completed
Note: Starting dynamic gmin stepping
Note: Dynamic gmin stepping completed
