
Note: Compatibility modes selected: hs a


Circuit: * psrr-dc @ fs_27c_3.63v -- generated by sim/harness, do not edit

Doing analysis at TEMP = 27.000000 and TNOM = 27.000000

Using SPARSE 1.3 as Direct Linear Solver
 Reference value :  0.00000e+00
No. of Data Rows : 1
Doing analysis at TEMP = 27.000000 and TNOM = 27.000000

Using SPARSE 1.3 as Direct Linear Solver

No. of Data Rows : 161
       * psrr-dc @ fs_27c_3.63v -- generated by sim/harness, do not edit
       AC Analysis  Mon Aug  3 02:45:44  2026
--------------------------------------------------------------------------------
Index   frequency       psrr_db         
--------------------------------------------------------------------------------
0	1.0000000000e-01	8.2361900620e+01	
1	1.1220184543e-01	8.2361900618e+01	
2	1.2589254118e-01	8.2361900615e+01	
3	1.4125375446e-01	8.2361900612e+01	
4	1.5848931925e-01	8.2361900607e+01	
5	1.7782794100e-01	8.2361900602e+01	
6	1.9952623150e-01	8.2361900595e+01	
7	2.2387211386e-01	8.2361900588e+01	
8	2.5118864315e-01	8.2361900576e+01	
9	2.8183829313e-01	8.2361900563e+01	
10	3.1622776602e-01	8.2361900546e+01	
11	3.5481338923e-01	8.2361900526e+01	
12	3.9810717055e-01	8.2361900499e+01	
13	4.4668359215e-01	8.2361900466e+01	
14	5.0118723363e-01	8.2361900424e+01	
15	5.6234132519e-01	8.2361900371e+01	
16	6.3095734448e-01	8.2361900304e+01	
17	7.0794578438e-01	8.2361900221e+01	
18	7.9432823472e-01	8.2361900116e+01	
19	8.9125093813e-01	8.2361899984e+01	
20	1.0000000000e+00	8.2361899817e+01	
21	1.1220184543e+00	8.2361899606e+01	
22	1.2589254118e+00	8.2361899341e+01	
23	1.4125375446e+00	8.2361899010e+01	
24	1.5848931925e+00	8.2361898591e+01	
25	1.7782794100e+00	8.2361898063e+01	
26	1.9952623150e+00	8.2361897399e+01	
27	2.2387211386e+00	8.2361896563e+01	
28	2.5118864315e+00	8.2361895511e+01	
29	2.8183829313e+00	8.2361894186e+01	
30	3.1622776602e+00	8.2361892519e+01	
31	3.5481338923e+00	8.2361890419e+01	
32	3.9810717055e+00	8.2361887775e+01	
33	4.4668359215e+00	8.2361884447e+01	
34	5.0118723363e+00	8.2361880259e+01	
35	5.6234132519e+00	8.2361874984e+01	
36	6.3095734448e+00	8.2361868344e+01	
37	7.0794578438e+00	8.2361859985e+01	
38	7.9432823472e+00	8.2361849462e+01	
39	8.9125093813e+00	8.2361836213e+01	
40	1.0000000000e+01	8.2361819535e+01	
41	1.1220184543e+01	8.2361798539e+01	
42	1.2589254118e+01	8.2361772106e+01	
43	1.4125375446e+01	8.2361738829e+01	
44	1.5848931925e+01	8.2362043923e+01	
45	1.7782794100e+01	8.2361991179e+01	
46	1.9952623150e+01	8.2361924781e+01	
47	2.2387211386e+01	8.2361841191e+01	
48	2.5118864315e+01	8.2361735960e+01	
49	2.8183829313e+01	8.2361950464e+01	
50	3.1622776602e+01	8.2361783683e+01	
51	3.5481338923e+01	8.2361573724e+01	
52	3.9810717055e+01	8.2361656374e+01	
53	4.4668359215e+01	8.2361670584e+01	
54	5.0118723363e+01	8.2361598634e+01	

Index   frequency       psrr_db         
--------------------------------------------------------------------------------
55	5.6234132519e+01	8.2361418222e+01	
56	6.3095734448e+01	8.2361101275e+01	
57	7.0794578438e+01	8.2360612467e+01	
58	7.9432823472e+01	8.2360254218e+01	
59	8.9125093813e+01	8.2359970484e+01	
60	1.0000000000e+02	8.2359690735e+01	
61	1.1220184543e+02	8.2358979392e+01	
62	1.2589254118e+02	8.2358418381e+01	
63	1.4125375446e+02	8.2357520298e+01	
64	1.5848931925e+02	8.2356454929e+01	
65	1.7782794100e+02	8.2355172864e+01	
66	1.9952623150e+02	8.2353393902e+01	
67	2.2387211386e+02	8.2351285175e+01	
68	2.5118864315e+02	8.2348749295e+01	
69	2.8183829313e+02	8.2344882639e+01	
70	3.1622776602e+02	8.2340886329e+01	
71	3.5481338923e+02	8.2334841845e+01	
72	3.9810717055e+02	8.2327714388e+01	
73	4.4668359215e+02	8.2319490063e+01	
74	5.0118723363e+02	8.2308765339e+01	
75	5.6234132519e+02	8.2295582814e+01	
76	6.3095734448e+02	8.2279933348e+01	
77	7.0794578438e+02	8.2258891006e+01	
78	7.9432823472e+02	8.2230730964e+01	
79	8.9125093813e+02	8.2197719707e+01	
80	1.0000000000e+03	8.2155700334e+01	
81	1.1220184543e+03	8.2105232065e+01	
82	1.2589254118e+03	8.2040689607e+01	
83	1.4125375446e+03	8.1961714118e+01	
84	1.5848931925e+03	8.1864847602e+01	
85	1.7782794100e+03	8.1744777301e+01	
86	1.9952623150e+03	8.1597056060e+01	
87	2.2387211386e+03	8.1417519073e+01	
88	2.5118864315e+03	8.1202945387e+01	
89	2.8183829313e+03	8.0945999279e+01	
90	3.1622776602e+03	8.0640771171e+01	
91	3.5481338923e+03	8.0284240755e+01	
92	3.9810717055e+03	7.9872003035e+01	
93	4.4668359215e+03	7.9399242179e+01	
94	5.0118723363e+03	7.8865765998e+01	
95	5.6234132519e+03	7.8270050391e+01	
96	6.3095734448e+03	7.7613985822e+01	
97	7.0794578438e+03	7.6899388720e+01	
98	7.9432823472e+03	7.6127562242e+01	
99	8.9125093813e+03	7.5302388289e+01	
100	1.0000000000e+04	7.4426685950e+01	
101	1.1220184543e+04	7.3503350009e+01	
102	1.2589254118e+04	7.2534428670e+01	
103	1.4125375446e+04	7.1521371327e+01	
104	1.5848931925e+04	7.0464483543e+01	
105	1.7782794100e+04	6.9364125879e+01	
106	1.9952623150e+04	6.8219149904e+01	
107	2.2387211386e+04	6.7028450708e+01	
108	2.5118864315e+04	6.5790234246e+01	
109	2.8183829313e+04	6.4503166304e+01	
110	3.1622776602e+04	6.3166791034e+01	
111	3.5481338923e+04	6.1781327599e+01	
112	3.9810717055e+04	6.0348656042e+01	

Index   frequency       psrr_db         
--------------------------------------------------------------------------------
113	4.4668359215e+04	5.8872395247e+01	
114	5.0118723363e+04	5.7357979875e+01	
115	5.6234132519e+04	5.5812501966e+01	
116	6.3095734448e+04	5.4244553041e+01	
117	7.0794578438e+04	5.2663763767e+01	
118	7.9432823472e+04	5.1080671103e+01	
119	8.9125093813e+04	4.9505764070e+01	
120	1.0000000000e+05	4.7949371768e+01	
121	1.1220184543e+05	4.6421091771e+01	
122	1.2589254118e+05	4.4929329391e+01	
123	1.4125375446e+05	4.3481114009e+01	
124	1.5848931925e+05	4.2081756788e+01	
125	1.7782794100e+05	4.0734983652e+01	
126	1.9952623150e+05	3.9443093867e+01	
127	2.2387211386e+05	3.8207500500e+01	
128	2.5118864315e+05	3.7029478421e+01	
129	2.8183829313e+05	3.5911274905e+01	
130	3.1622776602e+05	3.4857571036e+01	
131	3.5481338923e+05	3.3877506168e+01	
132	3.9810717055e+05	3.2987161239e+01	
133	4.4668359215e+05	3.2212210444e+01	
134	5.0118723363e+05	3.1589552369e+01	
135	5.6234132519e+05	3.1165194965e+01	
136	6.3095734448e+05	3.0984542012e+01	
137	7.0794578438e+05	3.1072740086e+01	
138	7.9432823472e+05	3.1408533134e+01	
139	8.9125093813e+05	3.1901173253e+01	
140	1.0000000000e+06	3.2382441900e+01	
141	1.1220184543e+06	3.2634728496e+01	
142	1.2589254118e+06	3.2479551927e+01	
143	1.4125375446e+06	3.1881089692e+01	
144	1.5848931925e+06	3.0946235908e+01	
145	1.7782794100e+06	2.9824975783e+01	
146	1.9952623150e+06	2.8633143925e+01	
147	2.2387211386e+06	2.7438127026e+01	
148	2.5118864315e+06	2.6272705093e+01	
149	2.8183829313e+06	2.5149964266e+01	
150	3.1622776602e+06	2.4072719679e+01	
151	3.5481338923e+06	2.3038582060e+01	
152	3.9810717055e+06	2.2042663060e+01	
153	4.4668359215e+06	2.1079206162e+01	
154	5.0118723363e+06	2.0142755833e+01	
155	5.6234132519e+06	1.9229069690e+01	
156	6.3095734448e+06	1.8335783689e+01	
157	7.0794578438e+06	1.7462775359e+01	
158	7.9432823472e+06	1.6612190103e+01	
159	8.9125093813e+06	1.5788131383e+01	
160	1.0000000000e+07	1.4996082995e+01	
m_psrr_1hz_db = 8.2361899817e+01
m_psrr_1khz_db = 8.2155700334e+01
m_psrr_10hz_db = 8.2361819535e+01
m_psrr_100hz_db = 8.2359690735e+01
m_psrr_10khz_db = 7.4426685950e+01
m_psrr_100khz_db = 4.7949371768e+01
m_psrr_1mhz_db = 3.2382441900e+01
m_vref_op = 1.1924784558e+00
m_f_dc_hz = 1.0000000000e+00
m_f_band_edge_hz = 1.0000000000e+03
Note: Simulation executed from .control section 

Warning: m=xx on .subckt line will override multiplier m hierarchy!

Warning : IC on non-existent node - xdut.xx1.casc, ignored
   Please check line .ic v(xdut.fb)=1.0 v(xdut.sns1)=0.6 v(xdut.sns2)=0.6 v(vref)=1.2 v(xdut.ibias)=0.6 v(xdut.xx1.casc)=1.8

Note: Starting dynamic gmin stepping
Note: Dynamic gmin stepping completed
Note: Starting dynamic gmin stepping
Note: Dynamic gmin stepping completed
