
Note: Compatibility modes selected: hs a


Circuit: * psrr-dc @ sf_-40c_3.63v -- generated by sim/harness, do not edit

Doing analysis at TEMP = -40.000000 and TNOM = 27.000000

Using SPARSE 1.3 as Direct Linear Solver
 Reference value :  0.00000e+00
No. of Data Rows : 1
Doing analysis at TEMP = -40.000000 and TNOM = 27.000000

Using SPARSE 1.3 as Direct Linear Solver
 Reference value :  1.00000e-01
No. of Data Rows : 161
       * psrr-dc @ sf_-40c_3.63v -- generated by sim/harness, do not edit
       AC Analysis  Mon Aug  3 02:45:50  2026
--------------------------------------------------------------------------------
Index   frequency       psrr_db         
--------------------------------------------------------------------------------
0	1.0000000000e-01	8.5480936235e+01	
1	1.1220184543e-01	8.5480936231e+01	
2	1.2589254118e-01	8.5480936227e+01	
3	1.4125375446e-01	8.5480936220e+01	
4	1.5848931925e-01	8.5480936215e+01	
5	1.7782794100e-01	8.5480936207e+01	
6	1.9952623150e-01	8.5480936195e+01	
7	2.2387211386e-01	8.5480936181e+01	
8	2.5118864315e-01	8.5480936164e+01	
9	2.8183829313e-01	8.5480936142e+01	
10	3.1622776602e-01	8.5480936115e+01	
11	3.5481338923e-01	8.5480936080e+01	
12	3.9810717055e-01	8.5480936038e+01	
13	4.4668359215e-01	8.5480935982e+01	
14	5.0118723363e-01	8.5480935914e+01	
15	5.6234132519e-01	8.5480935827e+01	
16	6.3095734448e-01	8.5480935719e+01	
17	7.0794578438e-01	8.5480935583e+01	
18	7.9432823472e-01	8.5480935409e+01	
19	8.9125093813e-01	8.5480935193e+01	
20	1.0000000000e+00	8.5480934919e+01	
21	1.1220184543e+00	8.5480934575e+01	
22	1.2589254118e+00	8.5480934143e+01	
23	1.4125375446e+00	8.5480933598e+01	
24	1.5848931925e+00	8.5480932912e+01	
25	1.7782794100e+00	8.5480932047e+01	
26	1.9952623150e+00	8.5480930961e+01	
27	2.2387211386e+00	8.5480929593e+01	
28	2.5118864315e+00	8.5480927868e+01	
29	2.8183829313e+00	8.5480925699e+01	
30	3.1622776602e+00	8.5480922968e+01	
31	3.5481338923e+00	8.5480919528e+01	
32	3.9810717055e+00	8.5480915200e+01	
33	4.4668359215e+00	8.5480909751e+01	
34	5.0118723363e+00	8.5480902890e+01	
35	5.6234132519e+00	8.5480894253e+01	
36	6.3095734448e+00	8.5480883380e+01	
37	7.0794578438e+00	8.5480869691e+01	
38	7.9432823472e+00	8.5480852458e+01	
39	8.9125093813e+00	8.5481328375e+01	
40	1.0000000000e+01	8.5481301060e+01	
41	1.1220184543e+01	8.5481266672e+01	
42	1.2589254118e+01	8.5481223382e+01	
43	1.4125375446e+01	8.5481168885e+01	
44	1.5848931925e+01	8.5481100277e+01	
45	1.7782794100e+01	8.5481013903e+01	
46	1.9952623150e+01	8.5480905170e+01	
47	2.2387211386e+01	8.5480768284e+01	
48	2.5118864315e+01	8.5480595958e+01	
49	2.8183829313e+01	8.5480876594e+01	
50	3.1622776602e+01	8.5480603479e+01	
51	3.5481338923e+01	8.5480757218e+01	
52	3.9810717055e+01	8.5480324380e+01	
53	4.4668359215e+01	8.5480277025e+01	
54	5.0118723363e+01	8.5480088589e+01	

Index   frequency       psrr_db         
--------------------------------------------------------------------------------
55	5.6234132519e+01	8.5479722566e+01	
56	6.3095734448e+01	8.5479133021e+01	
57	7.0794578438e+01	8.5478759507e+01	
58	7.9432823472e+01	8.5478031797e+01	
59	8.9125093813e+01	8.5477355562e+01	
60	1.0000000000e+02	8.5476615353e+01	
61	1.1220184543e+02	8.5475168911e+01	
62	1.2589254118e+02	8.5473827694e+01	
63	1.4125375446e+02	8.5471864871e+01	
64	1.5848931925e+02	8.5469239951e+01	
65	1.7782794100e+02	8.5466085949e+01	
66	1.9952623150e+02	8.5462193733e+01	
67	2.2387211386e+02	8.5457484298e+01	
68	2.5118864315e+02	8.5451730455e+01	
69	2.8183829313e+02	8.5443778985e+01	
70	3.1622776602e+02	8.5433483198e+01	
71	3.5481338923e+02	8.5420897544e+01	
72	3.9810717055e+02	8.5406199356e+01	
73	4.4668359215e+02	8.5387150882e+01	
74	5.0118723363e+02	8.5363648640e+01	
75	5.6234132519e+02	8.5335360471e+01	
76	6.3095734448e+02	8.5298436662e+01	
77	7.0794578438e+02	8.5251374038e+01	
78	7.9432823472e+02	8.5193264116e+01	
79	8.9125093813e+02	8.5120896079e+01	
80	1.0000000000e+03	8.5034444388e+01	
81	1.1220184543e+03	8.4923617583e+01	
82	1.2589254118e+03	8.4791231557e+01	
83	1.4125375446e+03	8.4627354330e+01	
84	1.5848931925e+03	8.4431891940e+01	
85	1.7782794100e+03	8.4197368811e+01	
86	1.9952623150e+03	8.3918383645e+01	
87	2.2387211386e+03	8.3589911876e+01	
88	2.5118864315e+03	8.3207326241e+01	
89	2.8183829313e+03	8.2769995113e+01	
90	3.1622776602e+03	8.2271978174e+01	
91	3.5481338923e+03	8.1716813919e+01	
92	3.9810717055e+03	8.1102084862e+01	
93	4.4668359215e+03	8.0431021233e+01	
94	5.0118723363e+03	7.9707347779e+01	
95	5.6234132519e+03	7.8933713002e+01	
96	6.3095734448e+03	7.8114185564e+01	
97	7.0794578438e+03	7.7253132702e+01	
98	7.9432823472e+03	7.6354449027e+01	
99	8.9125093813e+03	7.5420690273e+01	
100	1.0000000000e+04	7.4454842109e+01	
101	1.1220184543e+04	7.3458196866e+01	
102	1.2589254118e+04	7.2432384337e+01	
103	1.4125375446e+04	7.1376941435e+01	
104	1.5848931925e+04	7.0291658057e+01	
105	1.7782794100e+04	6.9175481364e+01	
106	1.9952623150e+04	6.8026710039e+01	
107	2.2387211386e+04	6.6842455006e+01	
108	2.5118864315e+04	6.5620397342e+01	
109	2.8183829313e+04	6.4357841908e+01	
110	3.1622776602e+04	6.3052260662e+01	
111	3.5481338923e+04	6.1702293386e+01	
112	3.9810717055e+04	6.0307616761e+01	

Index   frequency       psrr_db         
--------------------------------------------------------------------------------
113	4.4668359215e+04	5.8869651430e+01	
114	5.0118723363e+04	5.7391464875e+01	
115	5.6234132519e+04	5.5878119864e+01	
116	6.3095734448e+04	5.4336416707e+01	
117	7.0794578438e+04	5.2775128199e+01	
118	7.9432823472e+04	5.1203706712e+01	
119	8.9125093813e+04	4.9632705928e+01	
120	1.0000000000e+05	4.8072763267e+01	
121	1.1220184543e+05	4.6534188140e+01	
122	1.2589254118e+05	4.5026711234e+01	
123	1.4125375446e+05	4.3558886940e+01	
124	1.5848931925e+05	4.2137850832e+01	
125	1.7782794100e+05	4.0769077379e+01	
126	1.9952623150e+05	3.9456582462e+01	
127	2.2387211386e+05	3.8203200448e+01	
128	2.5118864315e+05	3.7011101014e+01	
129	2.8183829313e+05	3.5882827845e+01	
130	3.1622776602e+05	3.4822482649e+01	
131	3.5481338923e+05	3.3837545036e+01	
132	3.9810717055e+05	3.2941012812e+01	
133	4.4668359215e+05	3.2153906682e+01	
134	5.0118723363e+05	3.1507123741e+01	
135	5.6234132519e+05	3.1040897943e+01	
136	6.3095734448e+05	3.0798806747e+01	
137	7.0794578438e+05	3.0813774702e+01	
138	7.9432823472e+05	3.1086981608e+01	
139	8.9125093813e+05	3.1565273767e+01	
140	1.0000000000e+06	3.2124380997e+01	
141	1.1220184543e+06	3.2569763009e+01	
142	1.2589254118e+06	3.2684629274e+01	
143	1.4125375446e+06	3.2338998902e+01	
144	1.5848931925e+06	3.1568256859e+01	
145	1.7782794100e+06	3.0518720357e+01	
146	1.9952623150e+06	2.9338334970e+01	
147	2.2387211386e+06	2.8125249693e+01	
148	2.5118864315e+06	2.6931079802e+01	
149	2.8183829313e+06	2.5778312802e+01	
150	3.1622776602e+06	2.4673787382e+01	
151	3.5481338923e+06	2.3616441505e+01	
152	3.9810717055e+06	2.2601437558e+01	
153	4.4668359215e+06	2.1622497956e+01	
154	5.0118723363e+06	2.0673416593e+01	
155	5.6234132519e+06	1.9749140153e+01	
156	6.3095734448e+06	1.8846521467e+01	
157	7.0794578438e+06	1.7964739214e+01	
158	7.9432823472e+06	1.7105363292e+01	
159	8.9125093813e+06	1.6272082449e+01	
160	1.0000000000e+07	1.5470153994e+01	
m_psrr_1hz_db = 8.5480934919e+01
m_psrr_1khz_db = 8.5034444388e+01
m_psrr_10hz_db = 8.5481301060e+01
m_psrr_100hz_db = 8.5476615353e+01
m_psrr_10khz_db = 7.4454842109e+01
m_psrr_100khz_db = 4.8072763267e+01
m_psrr_1mhz_db = 3.2124380997e+01
m_vref_op = 1.1904209044e+00
m_f_dc_hz = 1.0000000000e+00
m_f_band_edge_hz = 1.0000000000e+03
Note: Simulation executed from .control section 

Warning: m=xx on .subckt line will override multiplier m hierarchy!

Warning : IC on non-existent node - xdut.xx1.casc, ignored
   Please check line .ic v(xdut.fb)=1.0 v(xdut.sns1)=0.6 v(xdut.sns2)=0.6 v(vref)=1.2 v(xdut.ibias)=0.6 v(xdut.xx1.casc)=1.8

Note: Starting dynamic gmin stepping
Note: Dynamic gmin stepping completed
Note: Starting dynamic gmin stepping
Note: Dynamic gmin stepping completed
