
Note: Compatibility modes selected: hs a


Circuit: * psrr-dc @ ss_27c_2.97v -- generated by sim/harness, do not edit

Doing analysis at TEMP = 27.000000 and TNOM = 27.000000

Using SPARSE 1.3 as Direct Linear Solver
 Reference value :  0.00000e+00
No. of Data Rows : 1
Doing analysis at TEMP = 27.000000 and TNOM = 27.000000

Using SPARSE 1.3 as Direct Linear Solver

No. of Data Rows : 161
       * psrr-dc @ ss_27c_2.97v -- generated by sim/harness, do not edit
       AC Analysis  Mon Aug  3 02:45:39  2026
--------------------------------------------------------------------------------
Index   frequency       psrr_db         
--------------------------------------------------------------------------------
0	1.0000000000e-01	1.1008562567e+02	
1	1.1220184543e-01	1.1008562521e+02	
2	1.2589254118e-01	1.1008562464e+02	
3	1.4125375446e-01	1.1008562391e+02	
4	1.5848931925e-01	1.1008562300e+02	
5	1.7782794100e-01	1.1008562185e+02	
6	1.9952623150e-01	1.1008562041e+02	
7	2.2387211386e-01	1.1008561860e+02	
8	2.5118864315e-01	1.1008561630e+02	
9	2.8183829313e-01	1.1008561342e+02	
10	3.1622776602e-01	1.1008560979e+02	
11	3.5481338923e-01	1.1008560523e+02	
12	3.9810717055e-01	1.1008559948e+02	
13	4.4668359215e-01	1.1008559223e+02	
14	5.0118723363e-01	1.1008558313e+02	
15	5.6234132519e-01	1.1008557165e+02	
16	6.3095734448e-01	1.1008555722e+02	
17	7.0794578438e-01	1.1008553904e+02	
18	7.9432823472e-01	1.1008551614e+02	
19	8.9125093813e-01	1.1008548733e+02	
20	1.0000000000e+00	1.1008545105e+02	
21	1.1220184543e+00	1.1008540539e+02	
22	1.2589254118e+00	1.1008534790e+02	
23	1.4125375446e+00	1.1008527552e+02	
24	1.5848931925e+00	1.1008518440e+02	
25	1.7782794100e+00	1.1008506970e+02	
26	1.9952623150e+00	1.1008492532e+02	
27	2.2387211386e+00	1.1008474354e+02	
28	2.5118864315e+00	1.1008451468e+02	
29	2.8183829313e+00	1.1008422661e+02	
30	3.1622776602e+00	1.1008386396e+02	
31	3.5481338923e+00	1.1008340750e+02	
32	3.9810717055e+00	1.1008283287e+02	
33	4.4668359215e+00	1.1008210957e+02	
34	5.0118723363e+00	1.1008119920e+02	
35	5.6234132519e+00	1.1008005333e+02	
36	6.3095734448e+00	1.1007861120e+02	
37	7.0794578438e+00	1.1007679634e+02	
38	7.9432823472e+00	1.1007451268e+02	
39	8.9125093813e+00	1.1007163935e+02	
40	1.0000000000e+01	1.1006802475e+02	
41	1.1220184543e+01	1.1006347842e+02	
42	1.2589254118e+01	1.1005776168e+02	
43	1.4125375446e+01	1.1005057530e+02	
44	1.5848931925e+01	1.1004154488e+02	
45	1.7782794100e+01	1.1003020264e+02	
46	1.9952623150e+01	1.1000439691e+02	
47	2.2387211386e+01	1.0998658923e+02	
48	2.5118864315e+01	1.0996427300e+02	
49	2.8183829313e+01	1.0993633894e+02	
50	3.1622776602e+01	1.0989015962e+02	
51	3.5481338923e+01	1.0984671509e+02	
52	3.9810717055e+01	1.0978164439e+02	
53	4.4668359215e+01	1.0970387707e+02	
54	5.0118723363e+01	1.0961064476e+02	

Index   frequency       psrr_db         
--------------------------------------------------------------------------------
55	5.6234132519e+01	1.0949870942e+02	
56	6.3095734448e+01	1.0936434843e+02	
57	7.0794578438e+01	1.0919379822e+02	
58	7.9432823472e+01	1.0898379464e+02	
59	8.9125093813e+01	1.0873977593e+02	
60	1.0000000000e+02	1.0844907029e+02	
61	1.1220184543e+02	1.0810902655e+02	
62	1.2589254118e+02	1.0771763494e+02	
63	1.4125375446e+02	1.0726756144e+02	
64	1.5848931925e+02	1.0676598085e+02	
65	1.7782794100e+02	1.0620156310e+02	
66	1.9952623150e+02	1.0558881930e+02	
67	2.2387211386e+02	1.0491466955e+02	
68	2.5118864315e+02	1.0419562922e+02	
69	2.8183829313e+02	1.0342804717e+02	
70	3.1622776602e+02	1.0262560728e+02	
71	3.5481338923e+02	1.0179327254e+02	
72	3.9810717055e+02	1.0092618128e+02	
73	4.4668359215e+02	1.0003400745e+02	
74	5.0118723363e+02	9.9122979899e+01	
75	5.6234132519e+02	9.8189918463e+01	
76	6.3095734448e+02	9.7249139121e+01	
77	7.0794578438e+02	9.6295731458e+01	
78	7.9432823472e+02	9.5332718768e+01	
79	8.9125093813e+02	9.4361472044e+01	
80	1.0000000000e+03	9.3383459095e+01	
81	1.1220184543e+03	9.2401162284e+01	
82	1.2589254118e+03	9.1413900852e+01	
83	1.4125375446e+03	9.0422828055e+01	
84	1.5848931925e+03	8.9428962739e+01	
85	1.7782794100e+03	8.8431880623e+01	
86	1.9952623150e+03	8.7432148718e+01	
87	2.2387211386e+03	8.6429558286e+01	
88	2.5118864315e+03	8.5424236443e+01	
89	2.8183829313e+03	8.4415700726e+01	
90	3.1622776602e+03	8.3403764792e+01	
91	3.5481338923e+03	8.2387476871e+01	
92	3.9810717055e+03	8.1366467746e+01	
93	4.4668359215e+03	8.0339496818e+01	
94	5.0118723363e+03	7.9305469977e+01	
95	5.6234132519e+03	7.8262582088e+01	
96	6.3095734448e+03	7.7209961311e+01	
97	7.0794578438e+03	7.6144363293e+01	
98	7.9432823472e+03	7.5064349194e+01	
99	8.9125093813e+03	7.3966580089e+01	
100	1.0000000000e+04	7.2847757510e+01	
101	1.1220184543e+04	7.1705210795e+01	
102	1.2589254118e+04	7.0535126749e+01	
103	1.4125375446e+04	6.9333820381e+01	
104	1.5848931925e+04	6.8097747078e+01	
105	1.7782794100e+04	6.6823457763e+01	
106	1.9952623150e+04	6.5509084391e+01	
107	2.2387211386e+04	6.4152672036e+01	
108	2.5118864315e+04	6.2755014899e+01	
109	2.8183829313e+04	6.1317303742e+01	
110	3.1622776602e+04	5.9843465239e+01	
111	3.5481338923e+04	5.8338827184e+01	
112	3.9810717055e+04	5.6811060125e+01	

Index   frequency       psrr_db         
--------------------------------------------------------------------------------
113	4.4668359215e+04	5.5268481015e+01	
114	5.0118723363e+04	5.3721080897e+01	
115	5.6234132519e+04	5.2178605758e+01	
116	6.3095734448e+04	5.0651045299e+01	
117	7.0794578438e+04	4.9147392465e+01	
118	7.9432823472e+04	4.7675559884e+01	
119	8.9125093813e+04	4.6241779779e+01	
120	1.0000000000e+05	4.4850350819e+01	
121	1.1220184543e+05	4.3503799979e+01	
122	1.2589254118e+05	4.2202736347e+01	
123	1.4125375446e+05	4.0946409742e+01	
124	1.5848931925e+05	3.9733013095e+01	
125	1.7782794100e+05	3.8560237677e+01	
126	1.9952623150e+05	3.7425843898e+01	
127	2.2387211386e+05	3.6328365441e+01	
128	2.5118864315e+05	3.5267986285e+01	
129	2.8183829313e+05	3.4247703913e+01	
130	3.1622776602e+05	3.3275062420e+01	
131	3.5481338923e+05	3.2364550341e+01	
132	3.9810717055e+05	3.1540636717e+01	
133	4.4668359215e+05	3.0840531820e+01	
134	5.0118723363e+05	3.0313979521e+01	
135	5.6234132519e+05	3.0015056731e+01	
136	6.3095734448e+05	2.9980951277e+01	
137	7.0794578438e+05	3.0200003367e+01	
138	7.9432823472e+05	3.0583821405e+01	
139	8.9125093813e+05	3.0964574609e+01	
140	1.0000000000e+06	3.1136810368e+01	
141	1.1220184543e+06	3.0946540444e+01	
142	1.2589254118e+06	3.0369984501e+01	
143	1.4125375446e+06	2.9498757282e+01	
144	1.5848931925e+06	2.8457035127e+01	
145	1.7782794100e+06	2.7342154803e+01	
146	1.9952623150e+06	2.6212913332e+01	
147	2.2387211386e+06	2.5099548556e+01	
148	2.5118864315e+06	2.4015395980e+01	
149	2.8183829313e+06	2.2964741640e+01	
150	3.1622776602e+06	2.1947320113e+01	
151	3.5481338923e+06	2.0960815859e+01	
152	3.9810717055e+06	2.0002341774e+01	
153	4.4668359215e+06	1.9069397013e+01	
154	5.0118723363e+06	1.8160516718e+01	
155	5.6234132519e+06	1.7275671208e+01	
156	6.3095734448e+06	1.6416433351e+01	
157	7.0794578438e+06	1.5585902139e+01	
158	7.9432823472e+06	1.4788407441e+01	
159	8.9125093813e+06	1.4029039535e+01	
160	1.0000000000e+07	1.3313074699e+01	
m_psrr_1hz_db = 1.1008545105e+02
m_psrr_1khz_db = 9.3383459095e+01
m_psrr_10hz_db = 1.1006802475e+02
m_psrr_100hz_db = 1.0844907029e+02
m_psrr_10khz_db = 7.2847757510e+01
m_psrr_100khz_db = 4.4850350819e+01
m_psrr_1mhz_db = 3.1136810368e+01
m_vref_op = 1.1949488529e+00
m_f_dc_hz = 1.0000000000e+00
m_f_band_edge_hz = 1.0000000000e+03
Note: Simulation executed from .control section 

Warning: m=xx on .subckt line will override multiplier m hierarchy!

Warning : IC on non-existent node - xdut.xx1.casc, ignored
   Please check line .ic v(xdut.fb)=1.0 v(xdut.sns1)=0.6 v(xdut.sns2)=0.6 v(vref)=1.2 v(xdut.ibias)=0.6 v(xdut.xx1.casc)=1.8

Note: Starting dynamic gmin stepping
Note: Dynamic gmin stepping completed
Note: Starting dynamic gmin stepping
Note: Dynamic gmin stepping completed
