
Note: Compatibility modes selected: hs a


Circuit: * startup @ bjt_ff_-40c_3.63v -- generated by sim/harness, do not edit

Doing analysis at TEMP = -40.000000 and TNOM = 27.000000

Using SPARSE 1.3 as Direct Linear Solver

Initial Transient Solution
--------------------------

Node                                   Voltage
----                                   -------
vdd                                          0
xtop.xx1.d1                        3.62493e-20
xtop.fb                           -3.44428e-21
xtop.sns1                          2.52848e-20
xtop.casc                         -2.71384e-74
xtop.xx1.d2                       -5.91175e-21
xtop.sns2                         -4.82279e-22
xtop.xx1.e2                       -4.82279e-22
xtop.xx1.xr2.11                   -4.82279e-22
xtop.xx1.xr2.21                   -4.82279e-22
xtop.xx1.d3                       -1.98382e-26
vref                              -1.74243e-28
xtop.xx1.e3                       -1.74243e-28
xtop.xx1.xr1.11                   -1.74243e-28
xtop.xx1.xr1.21                   -1.74243e-28
xtop.xx1.d4                         5.1511e-54
xtop.ibias                        -1.48262e-55
xtop.xx2.a3                       -1.02341e-23
xtop.xx2.nd1                      -5.97738e-21
xtop.xx2.a4                       -2.23686e-24
xtop.xx2.pbias                     2.80832e-81
xtop.xx2.ncasc                     1.53935e-22
xtop.xx2.n1                       -2.18425e-20
xtop.xx2.n2                        4.22834e-20
xtop.xx2.tail                     -1.36977e-20
xtop.xx2.nb1                      -3.07858e-22
xtop.vdd_su                                  0
xtop.xx3.det                                 0
xtop.xx3.xrpu.11                             0
xtop.xx3.xrpu.21                             0
v.xtop.vsu_sense#branch                      0
vsup#branch                       -1.06031e-32

 Reference value :  1.99189e-04
 Reference value :  1.87419e-03
No. of Data Rows : 3086
m_startup_time_s = 9.1680155079e-06
m_vref_final_v = 1.1906028950e+00
m_iq_total_final_ua = 1.6591146524e+01
m_iq_startup_branch_final_ua = 1.6609489037e+00
m_det_final_v = 1.6400583739e-02
m_t0_s = 1.0000000000e-06
m_t_settle_s = 1.0168015508e-05
Note: Simulation executed from .control section 

Warning: m=xx on .subckt line will override multiplier m hierarchy!

