
Note: Compatibility modes selected: hs a


Circuit: * startup @ bjt_ff_125c_3.63v -- generated by sim/harness, do not edit

Doing analysis at TEMP = 125.000000 and TNOM = 27.000000

Using SPARSE 1.3 as Direct Linear Solver

Initial Transient Solution
--------------------------

Node                                   Voltage
----                                   -------
vdd                                          0
xtop.xx1.d1                        8.09131e-49
xtop.fb                           -4.23005e-36
xtop.sns1                          -3.5582e-49
xtop.casc                          6.51093e-72
xtop.xx1.d2                        4.74029e-48
xtop.sns2                         -1.13163e-48
xtop.xx1.e2                       -1.13163e-48
xtop.xx1.xr2.11                   -1.13163e-48
xtop.xx1.xr2.21                   -1.13163e-48
xtop.xx1.d3                       -1.44919e-50
vref                               2.66395e-51
xtop.xx1.e3                        2.66395e-51
xtop.xx1.xr1.11                    2.66395e-51
xtop.xx1.xr1.21                    2.66395e-51
xtop.xx1.d4                       -1.34271e-77
xtop.ibias                         2.05109e-75
xtop.xx2.a3                       -1.54183e-37
xtop.xx2.nd1                      -2.78405e-36
xtop.xx2.a4                       -3.20814e-37
xtop.xx2.pbias                     -5.2534e-99
xtop.xx2.ncasc                     4.09288e-80
xtop.xx2.n1                       -2.80204e-36
xtop.xx2.n2                       -4.31651e-36
xtop.xx2.tail                      9.30728e-36
xtop.xx2.nb1                      -6.63263e-80
xtop.vdd_su                                  0
xtop.xx3.det                      -2.15521e-81
xtop.xx3.xrpu.11                  -2.15518e-81
xtop.xx3.xrpu.21                   -3.1296e-86
v.xtop.vsu_sense#branch            1.14006e-87
vsup#branch                       -8.99788e-48

 Reference value :  3.54594e-04
 Reference value :  2.03059e-03
No. of Data Rows : 3059
m_startup_time_s = 1.8631760548e-05
m_vref_final_v = 1.1913789586e+00
m_iq_total_final_ua = 2.7558783051e+01
m_iq_startup_branch_final_ua = 1.9088105294e+00
m_det_final_v = 2.1522626052e-02
m_t0_s = 9.6237000722e-07
m_t_settle_s = 1.9594130555e-05
Note: Simulation executed from .control section 

Warning: m=xx on .subckt line will override multiplier m hierarchy!

Note: Starting dynamic gmin stepping
Note: Dynamic gmin stepping completed
