
Note: Compatibility modes selected: hs a


Circuit: * startup @ bjt_ss_27c_2.97v -- generated by sim/harness, do not edit

Doing analysis at TEMP = 27.000000 and TNOM = 27.000000

Using SPARSE 1.3 as Direct Linear Solver

Initial Transient Solution
--------------------------

Node                                   Voltage
----                                   -------
vdd                                          0
xtop.xx1.d1                        1.15459e-20
xtop.fb                            1.27028e-17
xtop.sns1                          4.86742e-20
xtop.casc                         -1.78842e-20
xtop.xx1.d2                        6.27213e-20
xtop.sns2                         -6.15532e-20
xtop.xx1.e2                       -6.15532e-20
xtop.xx1.xr2.11                   -6.15532e-20
xtop.xx1.xr2.21                   -6.15532e-20
xtop.xx1.d3                        2.26699e-19
vref                              -9.73328e-20
xtop.xx1.e3                       -9.73328e-20
xtop.xx1.xr1.11                   -9.73328e-20
xtop.xx1.xr1.21                   -9.73328e-20
xtop.xx1.d4                       -7.34379e-20
xtop.ibias                         3.07141e-19
xtop.xx2.a3                        6.67129e-20
xtop.xx2.nd1                       1.49022e-17
xtop.xx2.a4                        1.05643e-19
xtop.xx2.pbias                    -5.60703e-56
xtop.xx2.ncasc                    -3.64749e-25
xtop.xx2.n1                        5.22237e-17
xtop.xx2.n2                        4.72519e-17
xtop.xx2.tail                     -1.07628e-16
xtop.xx2.nb1                       5.88337e-25
xtop.vdd_su                                  0
xtop.xx3.det                                 0
xtop.xx3.xrpu.11                             0
xtop.xx3.xrpu.21                             0
v.xtop.vsu_sense#branch                      0
vsup#branch                        2.84492e-29

 Reference value :  3.81489e-04
 Reference value :  2.05949e-03
No. of Data Rows : 3071
m_startup_time_s = 1.5489114652e-05
m_vref_final_v = 1.2068387186e+00
m_iq_total_final_ua = 1.9683345900e+01
m_iq_startup_branch_final_ua = 1.4583386075e+00
m_det_final_v = 1.4913129361e-02
m_t0_s = 1.0000000000e-06
m_t_settle_s = 1.6489114652e-05
Note: Simulation executed from .control section 

Warning: m=xx on .subckt line will override multiplier m hierarchy!

