
Note: Compatibility modes selected: hs a


Circuit: * startup @ bjt_ss_-40c_2.97v -- generated by sim/harness, do not edit

Doing analysis at TEMP = -40.000000 and TNOM = 27.000000

Using SPARSE 1.3 as Direct Linear Solver

Initial Transient Solution
--------------------------

Node                                   Voltage
----                                   -------
vdd                                          0
xtop.xx1.d1                       -1.92937e-40
xtop.fb                            3.01671e-21
xtop.sns1                          2.25872e-42
xtop.casc                        -3.58785e-182
xtop.xx1.d2                       -1.96049e-43
xtop.sns2                          3.34132e-45
xtop.xx1.e2                        3.34132e-45
xtop.xx1.xr2.11                    3.34132e-45
xtop.xx1.xr2.21                    3.34132e-45
xtop.xx1.d3                       -4.91599e-44
vref                               8.41501e-46
xtop.xx1.e3                        8.41501e-46
xtop.xx1.xr1.11                    8.41501e-46
xtop.xx1.xr1.21                    8.41501e-46
xtop.xx1.d4                        5.01611e-46
xtop.ibias                        -9.46082e-48
xtop.xx2.a3                       -1.90684e-20
xtop.xx2.nd1                      -1.09706e-20
xtop.xx2.a4                        1.83062e-25
xtop.xx2.pbias                    9.59248e-205
xtop.xx2.ncasc                    -1.53935e-22
xtop.xx2.n1                         1.4354e-21
xtop.xx2.n2                        5.11341e-21
xtop.xx2.tail                     -4.12819e-21
xtop.xx2.nb1                       3.07858e-22
xtop.vdd_su                                  0
xtop.xx3.det                                 0
xtop.xx3.xrpu.11                             0
xtop.xx3.xrpu.21                             0
v.xtop.vsu_sense#branch                      0
vsup#branch                         5.2072e-33

 Reference value :  1.67834e-04
 Reference value :  1.62283e-03
No. of Data Rows : 3081
m_startup_time_s = 1.2883814404e-05
m_vref_final_v = 1.2000941172e+00
m_iq_total_final_ua = 1.6389852775e+01
m_iq_startup_branch_final_ua = 1.3591184287e+00
m_det_final_v = 1.3070048785e-02
m_t0_s = 9.5006419293e-07
m_t_settle_s = 1.3833878597e-05
Note: Simulation executed from .control section 

Warning: m=xx on .subckt line will override multiplier m hierarchy!

