
Note: Compatibility modes selected: hs a


Circuit: * startup @ ff_-40c_3.30v -- generated by sim/harness, do not edit

Doing analysis at TEMP = -40.000000 and TNOM = 27.000000

Using SPARSE 1.3 as Direct Linear Solver

Initial Transient Solution
--------------------------

Node                                   Voltage
----                                   -------
vdd                                          0
xtop.xx1.d1                        8.69891e-34
xtop.fb                            1.82343e-16
xtop.sns1                         -5.08824e-34
xtop.casc                          4.17646e-35
xtop.xx1.d2                        5.04123e-28
xtop.sns2                         -1.12542e-28
xtop.xx1.e2                       -1.12542e-28
xtop.xx1.xr2.11                   -1.12542e-28
xtop.xx1.xr2.21                   -1.12542e-28
xtop.xx1.d3                        1.57736e-28
vref                              -3.92807e-29
xtop.xx1.e3                       -3.92807e-29
xtop.xx1.xr1.11                   -3.92807e-29
xtop.xx1.xr1.21                   -3.92807e-29
xtop.xx1.d4                       -3.92461e-22
xtop.ibias                         1.96113e-22
xtop.xx2.a3                        5.78222e-20
xtop.xx2.nd1                       2.26898e-16
xtop.xx2.a4                        2.76969e-20
xtop.xx2.pbias                     -9.2481e-63
xtop.xx2.ncasc                      1.9805e-46
xtop.xx2.n1                        8.25616e-15
xtop.xx2.n2                        7.74437e-15
xtop.xx2.tail                     -1.13226e-14
xtop.xx2.nb1                      -3.12531e-46
xtop.vdd_su                                  0
xtop.xx3.det                                 0
xtop.xx3.xrpu.11                             0
xtop.xx3.xrpu.21                             0
v.xtop.vsu_sense#branch                      0
vsup#branch                        4.10789e-28

 Reference value :  2.57408e-04
 Reference value :  1.96041e-03
No. of Data Rows : 3083
m_startup_time_s = 1.5408309425e-05
m_vref_final_v = 1.1942773785e+00
m_iq_total_final_ua = 2.0547081547e+01
m_iq_startup_branch_final_ua = 1.8870395680e+00
m_det_final_v = 1.5554479338e-02
m_t0_s = 1.0000000000e-06
m_t_settle_s = 1.6408309425e-05
Note: Simulation executed from .control section 

Warning: m=xx on .subckt line will override multiplier m hierarchy!

