
Note: Compatibility modes selected: hs a


Circuit: * startup @ ff_125c_3.63v -- generated by sim/harness, do not edit

Doing analysis at TEMP = 125.000000 and TNOM = 27.000000

Using SPARSE 1.3 as Direct Linear Solver

Initial Transient Solution
--------------------------

Node                                   Voltage
----                                   -------
vdd                                          0
xtop.xx1.d1                        -4.3495e-18
xtop.fb                           -2.92382e-18
xtop.sns1                         -8.64709e-18
xtop.casc                          3.68921e-22
xtop.xx1.d2                        -3.3641e-19
xtop.sns2                          1.46919e-18
xtop.xx1.e2                        1.46919e-18
xtop.xx1.xr2.11                    1.46919e-18
xtop.xx1.xr2.21                    1.46919e-18
xtop.xx1.d3                        8.10691e-13
vref                               4.00059e-13
xtop.xx1.e3                        4.00058e-13
xtop.xx1.xr1.11                    4.00058e-13
xtop.xx1.xr1.21                    4.00059e-13
xtop.xx1.d4                        1.19226e-18
xtop.ibias                         2.38367e-18
xtop.xx2.a3                        -2.6297e-19
xtop.xx2.nd1                      -2.31791e-18
xtop.xx2.a4                       -2.60297e-18
xtop.xx2.pbias                     2.97675e-19
xtop.xx2.ncasc                    -8.49575e-19
xtop.xx2.n1                       -2.28325e-18
xtop.xx2.n2                       -4.97033e-19
xtop.xx2.tail                      -7.3021e-19
xtop.xx2.nb1                      -9.83441e-20
xtop.vdd_su                                  0
xtop.xx3.det                     -1.15219e-217
xtop.xx3.xrpu.11                 -1.15217e-217
xtop.xx3.xrpu.21                 -2.09141e-222
v.xtop.vsu_sense#branch           7.61864e-224
vsup#branch                       -6.91283e-24

 Reference value :  3.05310e-04
 Reference value :  2.00231e-03
No. of Data Rows : 3055
m_startup_time_s = 1.8309612413e-05
m_vref_final_v = 1.1983163230e+00
m_iq_total_final_ua = 3.3967900753e+01
m_iq_startup_branch_final_ua = 2.3851312281e+00
m_det_final_v = 2.2830225032e-02
m_t0_s = 1.0000000000e-06
m_t_settle_s = 1.9309612413e-05
Note: Simulation executed from .control section 

Warning: m=xx on .subckt line will override multiplier m hierarchy!

