
Note: Compatibility modes selected: hs a


Circuit: * startup @ ff_27c_3.63v -- generated by sim/harness, do not edit

Doing analysis at TEMP = 27.000000 and TNOM = 27.000000

Using SPARSE 1.3 as Direct Linear Solver

Initial Transient Solution
--------------------------

Node                                   Voltage
----                                   -------
vdd                                          0
xtop.xx1.d1                        6.87846e-21
xtop.fb                            6.88551e-19
xtop.sns1                         -4.26646e-21
xtop.casc                          8.29963e-19
xtop.xx1.d2                       -7.79383e-21
xtop.sns2                          4.86473e-21
xtop.xx1.e2                        4.86473e-21
xtop.xx1.xr2.11                    4.86473e-21
xtop.xx1.xr2.21                    4.86473e-21
xtop.xx1.d3                       -1.50069e-15
vref                               3.06233e-15
xtop.xx1.e3                        3.06233e-15
xtop.xx1.xr1.11                    3.06233e-15
xtop.xx1.xr1.21                    3.06233e-15
xtop.xx1.d4                        8.85782e-21
xtop.ibias                        -3.70337e-19
xtop.xx2.a3                       -1.09924e-21
xtop.xx2.nd1                       1.20791e-18
xtop.xx2.a4                       -6.86753e-22
xtop.xx2.pbias                    2.42395e-120
xtop.xx2.ncasc                     4.94755e-21
xtop.xx2.n1                        1.37603e-18
xtop.xx2.n2                         8.3076e-19
xtop.xx2.tail                     -3.66208e-19
xtop.xx2.nb1                       -7.9789e-21
xtop.vdd_su                                  0
xtop.xx3.det                                 0
xtop.xx3.xrpu.11                             0
xtop.xx3.xrpu.21                             0
v.xtop.vsu_sense#branch                      0
vsup#branch                        -3.0199e-27

 Reference value :  3.07448e-04
 Reference value :  2.01645e-03
No. of Data Rows : 3065
m_startup_time_s = 1.5135700637e-05
m_vref_final_v = 1.1977568573e+00
m_iq_total_final_ua = 2.6752709276e+01
m_iq_startup_branch_final_ua = 2.2270517268e+00
m_det_final_v = 1.9754421083e-02
m_t0_s = 1.0000000000e-06
m_t_settle_s = 1.6135700637e-05
Note: Simulation executed from .control section 

Warning: m=xx on .subckt line will override multiplier m hierarchy!

