
Note: Compatibility modes selected: hs a


Circuit: * startup @ fs_125c_3.30v -- generated by sim/harness, do not edit

Doing analysis at TEMP = 125.000000 and TNOM = 27.000000

Using SPARSE 1.3 as Direct Linear Solver

Initial Transient Solution
--------------------------

Node                                   Voltage
----                                   -------
vdd                                          0
xtop.xx1.d1                         3.4259e-16
xtop.fb                            -5.3961e-18
xtop.sns1                          5.72854e-15
xtop.casc                          1.44077e-18
xtop.xx1.d2                        2.39136e-18
xtop.sns2                          1.26656e-18
xtop.xx1.e2                        1.26656e-18
xtop.xx1.xr2.11                    1.26656e-18
xtop.xx1.xr2.21                    1.26656e-18
xtop.xx1.d3                       -6.91452e-20
vref                               4.88906e-20
xtop.xx1.e3                        4.88906e-20
xtop.xx1.xr1.11                    4.88906e-20
xtop.xx1.xr1.21                    4.88906e-20
xtop.xx1.d4                        1.28005e-18
xtop.ibias                         7.73876e-18
xtop.xx2.a3                       -9.19927e-20
xtop.xx2.nd1                        6.7557e-18
xtop.xx2.a4                        3.00816e-20
xtop.xx2.pbias                    -2.07997e-20
xtop.xx2.ncasc                     1.96073e-18
xtop.xx2.n1                       -1.34529e-18
xtop.xx2.n2                       -1.69268e-18
xtop.xx2.tail                      2.19344e-18
xtop.xx2.nb1                       1.14112e-19
xtop.vdd_su                                  0
xtop.xx3.det                                 0
xtop.xx3.xrpu.11                             0
xtop.xx3.xrpu.21                             0
v.xtop.vsu_sense#branch                      0
vsup#branch                       -1.66742e-26

 Reference value :  3.22849e-04
 Reference value :  1.94785e-03
No. of Data Rows : 3063
m_startup_time_s = 1.7849374021e-05
m_vref_final_v = 1.1997678769e+00
m_iq_total_final_ua = 2.8348852810e+01
m_iq_startup_branch_final_ua = 1.7354819864e+00
m_det_final_v = 1.9188528972e-02
m_t0_s = 1.0000000000e-06
m_t_settle_s = 1.8849374021e-05
Note: Simulation executed from .control section 

Warning: m=xx on .subckt line will override multiplier m hierarchy!

