
Note: Compatibility modes selected: hs a


Circuit: * startup @ sf_-40c_2.97v -- generated by sim/harness, do not edit

Doing analysis at TEMP = -40.000000 and TNOM = 27.000000

Using SPARSE 1.3 as Direct Linear Solver

Initial Transient Solution
--------------------------

Node                                   Voltage
----                                   -------
vdd                                          0
xtop.xx1.d1                       6.12472e-100
xtop.fb                             2.3426e-24
xtop.sns1                         4.11749e-100
xtop.casc                          1.25284e-23
xtop.xx1.d2                       -2.11066e-99
xtop.sns2                         -1.41894e-99
xtop.xx1.e2                       -1.41894e-99
xtop.xx1.xr2.11                   -1.41894e-99
xtop.xx1.xr2.21                   -1.41894e-99
xtop.xx1.d3                       1.48344e-113
vref                              9.97279e-114
xtop.xx1.e3                       9.97279e-114
xtop.xx1.xr1.11                   9.97279e-114
xtop.xx1.xr1.21                   9.97279e-114
xtop.xx1.d4                        1.42992e-22
xtop.ibias                        -7.14837e-23
xtop.xx2.a3                       -1.76282e-20
xtop.xx2.nd1                        5.3554e-21
xtop.xx2.a4                        1.08169e-25
xtop.xx2.pbias                    -1.62139e-85
xtop.xx2.ncasc                    4.32586e-115
xtop.xx2.n1                       -4.23699e-21
xtop.xx2.n2                       -1.85009e-21
xtop.xx2.tail                      3.95599e-21
xtop.xx2.nb1                     -6.99878e-115
xtop.vdd_su                                  0
xtop.xx3.det                     -6.53705e-305
xtop.xx3.xrpu.11                 -6.53705e-305
xtop.xx3.xrpu.21                   4.8041e-315
v.xtop.vsu_sense#branch          -6.53805e-317
vsup#branch                       -5.26551e-33

 Reference value :  2.50026e-04
 Reference value :  1.91903e-03
No. of Data Rows : 3074
m_startup_time_s = 1.3075722744e-05
m_vref_final_v = 1.1943921509e+00
m_iq_total_final_ua = 1.6362125190e+01
m_iq_startup_branch_final_ua = 1.3590580084e+00
m_det_final_v = 1.3201500728e-02
m_t0_s = 9.5015309725e-07
m_t_settle_s = 1.4025875842e-05
Note: Simulation executed from .control section 

Warning: m=xx on .subckt line will override multiplier m hierarchy!

