
Note: Compatibility modes selected: hs a


Circuit: * startup @ sf_125c_3.63v -- generated by sim/harness, do not edit

Doing analysis at TEMP = 125.000000 and TNOM = 27.000000

Using SPARSE 1.3 as Direct Linear Solver

Initial Transient Solution
--------------------------

Node                                   Voltage
----                                   -------
vdd                                          0
xtop.xx1.d1                        5.16376e-19
xtop.fb                           -3.16911e-18
xtop.sns1                          4.29202e-19
xtop.casc                         -5.89242e-19
xtop.xx1.d2                       -2.48427e-19
xtop.sns2                         -1.67084e-18
xtop.xx1.e2                       -1.67084e-18
xtop.xx1.xr2.11                   -1.67084e-18
xtop.xx1.xr2.21                   -1.67084e-18
xtop.xx1.d3                        3.83654e-20
vref                              -9.54321e-19
xtop.xx1.e3                        -9.5432e-19
xtop.xx1.xr1.11                    -9.5432e-19
xtop.xx1.xr1.21                   -9.54321e-19
xtop.xx1.d4                       -1.39577e-18
xtop.ibias                        -1.19464e-18
xtop.xx2.a3                        4.28362e-17
xtop.xx2.nd1                      -3.80567e-19
xtop.xx2.a4                        5.35522e-19
xtop.xx2.pbias                    -3.81774e-21
xtop.xx2.ncasc                     1.40561e-20
xtop.xx2.n1                       -1.32367e-18
xtop.xx2.n2                       -2.50381e-18
xtop.xx2.tail                     -1.81136e-18
xtop.xx2.nb1                       8.14144e-19
xtop.vdd_su                                  0
xtop.xx3.det                       2.0285e-310
xtop.xx3.xrpu.11                  2.02848e-310
xtop.xx3.xrpu.21                  2.94551e-315
v.xtop.vsu_sense#branch            -1.073e-316
vsup#branch                        1.68435e-28

 Reference value :  3.53029e-04
 Reference value :  1.98603e-03
No. of Data Rows : 3050
m_startup_time_s = 2.4029447070e-05
m_vref_final_v = 1.1997210369e+00
m_iq_total_final_ua = 2.6292614642e+01
m_iq_startup_branch_final_ua = 1.9086888841e+00
m_det_final_v = 2.1752588374e-02
m_t0_s = 1.0000000000e-06
m_t_settle_s = 2.5029447070e-05
Note: Simulation executed from .control section 

Warning: m=xx on .subckt line will override multiplier m hierarchy!

