
Note: Compatibility modes selected: hs a


Circuit: * startup @ ss_27c_2.97v -- generated by sim/harness, do not edit

Doing analysis at TEMP = 27.000000 and TNOM = 27.000000

Using SPARSE 1.3 as Direct Linear Solver

Initial Transient Solution
--------------------------

Node                                   Voltage
----                                   -------
vdd                                          0
xtop.xx1.d1                       -4.35996e-92
xtop.fb                            1.51799e-77
xtop.sns1                          6.63922e-92
xtop.casc                          4.6644e-126
xtop.xx1.d2                       -7.03575e-96
xtop.sns2                          8.21741e-96
xtop.xx1.e2                        8.21741e-96
xtop.xx1.xr2.11                    8.21741e-96
xtop.xx1.xr2.21                    8.21741e-96
xtop.xx1.d3                       -3.55161e-97
vref                                5.2524e-97
xtop.xx1.e3                         5.2524e-97
xtop.xx1.xr1.11                     5.2524e-97
xtop.xx1.xr1.21                     5.2524e-97
xtop.xx1.d4                      -4.60546e-134
xtop.ibias                        3.22179e-132
xtop.xx2.a3                        9.54706e-80
xtop.xx2.nd1                       2.32628e-77
xtop.xx2.a4                         6.7305e-80
xtop.xx2.pbias                     7.3919e-167
xtop.xx2.ncasc                   -4.98557e-136
xtop.xx2.n1                        6.25603e-77
xtop.xx2.n2                         6.0816e-77
xtop.xx2.tail                      -7.5664e-77
xtop.xx2.nb1                      7.93707e-136
xtop.vdd_su                                  0
xtop.xx3.det                     -7.57158e-142
xtop.xx3.xrpu.11                 -7.57145e-142
xtop.xx3.xrpu.21                 -1.32921e-146
v.xtop.vsu_sense#branch           3.11384e-148
vsup#branch                        3.92884e-89

 Reference value :  1.56800e-04
 Reference value :  1.58080e-03
No. of Data Rows : 3058
m_startup_time_s = 1.9849348192e-05
m_vref_final_v = 1.2026929646e+00
m_iq_total_final_ua = 1.9854232967e+01
m_iq_startup_branch_final_ua = 1.2155545625e+00
m_det_final_v = 1.4271540780e-02
m_t0_s = 9.5050364810e-07
m_t_settle_s = 2.0799851840e-05
Note: Simulation executed from .control section 

Warning: m=xx on .subckt line will override multiplier m hierarchy!

Note: Starting dynamic gmin stepping
Note: Dynamic gmin stepping completed
