
Note: Compatibility modes selected: hs a


Circuit: * startup @ tt_125c_2.97v -- generated by sim/harness, do not edit

Doing analysis at TEMP = 125.000000 and TNOM = 27.000000

Using SPARSE 1.3 as Direct Linear Solver

Initial Transient Solution
--------------------------

Node                                   Voltage
----                                   -------
vdd                                          0
xtop.xx1.d1                        -4.4203e-19
xtop.fb                           -6.98712e-18
xtop.sns1                         -2.88453e-18
xtop.casc                         -4.90431e-19
xtop.xx1.d2                       -8.44466e-19
xtop.sns2                          3.75156e-19
xtop.xx1.e2                        3.75157e-19
xtop.xx1.xr2.11                    3.75157e-19
xtop.xx1.xr2.21                    3.75156e-19
xtop.xx1.d3                        2.94537e-18
vref                               2.51332e-18
xtop.xx1.e3                        2.51332e-18
xtop.xx1.xr1.11                    2.51332e-18
xtop.xx1.xr1.21                    2.51332e-18
xtop.xx1.d4                        3.84519e-19
xtop.ibias                         2.47131e-18
xtop.xx2.a3                        -1.2293e-18
xtop.xx2.nd1                      -1.60545e-18
xtop.xx2.a4                        3.57364e-19
xtop.xx2.pbias                    -1.28887e-32
xtop.xx2.ncasc                     8.06992e-19
xtop.xx2.n1                       -1.53188e-19
xtop.xx2.n2                       -8.75042e-18
xtop.xx2.tail                     -9.47902e-19
xtop.xx2.nb1                      -9.08983e-19
xtop.vdd_su                                  0
xtop.xx3.det                     -1.37407e-221
xtop.xx3.xrpu.11                 -1.37405e-221
xtop.xx3.xrpu.21                 -1.99534e-226
v.xtop.vsu_sense#branch           7.26867e-228
vsup#branch                        1.02063e-28

 Reference value :  4.11548e-04
 Reference value :  2.09655e-03
No. of Data Rows : 3052
m_startup_time_s = 2.3548147341e-05
m_vref_final_v = 1.1997426701e+00
m_iq_total_final_ua = 2.6041646486e+01
m_iq_startup_branch_final_ua = 1.5619200962e+00
m_det_final_v = 1.7295558977e-02
m_t0_s = 1.0000000000e-06
m_t_settle_s = 2.4548147341e-05
Note: Simulation executed from .control section 

Warning: m=xx on .subckt line will override multiplier m hierarchy!

