
Note: Compatibility modes selected: hs a


Circuit: * startup @ tt_27c_2.97v -- generated by sim/harness, do not edit

Doing analysis at TEMP = 27.000000 and TNOM = 27.000000

Using SPARSE 1.3 as Direct Linear Solver

Initial Transient Solution
--------------------------

Node                                   Voltage
----                                   -------
vdd                                          0
xtop.xx1.d1                        9.90408e-20
xtop.fb                            3.27081e-19
xtop.sns1                          -3.0152e-20
xtop.casc                          -8.2448e-24
xtop.xx1.d2                       -4.80404e-29
xtop.sns2                          3.53571e-29
xtop.xx1.e2                        3.53571e-29
xtop.xx1.xr2.11                    3.53571e-29
xtop.xx1.xr2.21                    3.53571e-29
xtop.xx1.d3                       -7.31579e-27
vref                               4.74656e-27
xtop.xx1.e3                        4.74656e-27
xtop.xx1.xr1.11                    4.74656e-27
xtop.xx1.xr1.21                    4.74656e-27
xtop.xx1.d4                       -3.19048e-34
xtop.ibias                         1.76923e-32
xtop.xx2.a3                        3.32652e-20
xtop.xx2.nd1                       6.41927e-19
xtop.xx2.a4                        2.78509e-20
xtop.xx2.pbias                     8.67164e-37
xtop.xx2.ncasc                    -1.89451e-31
xtop.xx2.n1                       -9.42243e-20
xtop.xx2.n2                        2.87394e-19
xtop.xx2.tail                     -1.68828e-18
xtop.xx2.nb1                       3.05594e-31
xtop.vdd_su                                  0
xtop.xx3.det                                 0
xtop.xx3.xrpu.11                             0
xtop.xx3.xrpu.21                             0
v.xtop.vsu_sense#branch                      0
vsup#branch                         1.0814e-30

 Reference value :  2.95614e-04
 Reference value :  1.98761e-03
No. of Data Rows : 3075
m_startup_time_s = 1.6613691674e-05
m_vref_final_v = 1.1985710077e+00
m_iq_total_final_ua = 2.0057994535e+01
m_iq_startup_branch_final_ua = 1.4583444435e+00
m_det_final_v = 1.4901303675e-02
m_t0_s = 1.0000000000e-06
m_t_settle_s = 1.7613691674e-05
Note: Simulation executed from .control section 

Warning: m=xx on .subckt line will override multiplier m hierarchy!

