* record-id : 20261008-204017-aeaca90
* klt corner : bjt_ff/3.630V/27C (status pass); outer-axis point -40 C of the internal -40..125 C sweep

Note: No compatibility mode selected!


Circuit: * klt sim -- generated corner deck, do not edit

Warning : IC on non-existent node - xdut.xx1.casc, ignored
   Please check line .ic v(xdut.fb)=1.0 v(xdut.sns1)=0.6 v(xdut.sns2)=0.6 v(vref)=1.2 v(xdut.ibias)=0.6 v(xdut.xx1.casc)=1.8

Doing analysis at TEMP = 27.000000 and TNOM = 27.000000

Using SPARSE 1.3 as Direct Linear Solver
Note: Starting dynamic gmin stepping
Note: Dynamic gmin stepping completed

No. of Data Rows : 166

  Measurements for DC Analysis

vref_m40            =  1.19556e+00
vref_27             =  1.19331e+00
vref_125            =  1.18545e+00
vref_box_max        =  1.19556e+00 at=  -4.00000e+01
vref_box_min        =  1.18545e+00 at=  1.25000e+02
vref_tm40           =  1.19556e+00
vref_tm35           =  1.19552e+00
vref_tm30           =  1.19544e+00
vref_tm25           =  1.19535e+00
vref_tm20           =  1.19524e+00
vref_tm15           =  1.19511e+00
vref_tm10           =  1.19496e+00
vref_tm5            =  1.19479e+00
vref_t0             =  1.19461e+00
vref_t5             =  1.19440e+00
vref_t10            =  1.19418e+00
vref_t15            =  1.19395e+00
vref_t20            =  1.19369e+00
vref_t25            =  1.19342e+00
vref_t30            =  1.19314e+00
vref_t35            =  1.19284e+00
vref_t40            =  1.19253e+00
vref_t45            =  1.19220e+00
vref_t50            =  1.19186e+00
vref_t55            =  1.19150e+00
vref_t60            =  1.19113e+00
vref_t65            =  1.19075e+00
vref_t70            =  1.19036e+00
vref_t75            =  1.18996e+00
vref_t80            =  1.18954e+00
vref_t85            =  1.18912e+00
vref_t90            =  1.18869e+00
vref_t95            =  1.18824e+00
vref_t100           =  1.18779e+00
vref_t105           =  1.18733e+00
vref_t110           =  1.18687e+00
vref_t115           =  1.18640e+00
vref_t120           =  1.18592e+00
vref_t125           =  1.18545e+00

ngspice-46 done

* ---- derived by sim/tools/tc_ingest.py from the fleet .meas values in this log ----
m_vref = 1.1955600000e+00
m_tc_ppm = 5.1346864832e+01
m_vref_box_max = 1.1955600000e+00
m_vref_box_min = 1.1854500000e+00
m_vref_m40 = 1.1955600000e+00
m_vref_27 = 1.1933100000e+00
m_vref_125 = 1.1854500000e+00
