* record-id : 20261008-204017-aeaca90
* klt corner : res_ss/3.630V/27C (status pass); outer-axis point -40 C of the internal -40..125 C sweep

Note: No compatibility mode selected!


Circuit: * klt sim -- generated corner deck, do not edit

Warning : IC on non-existent node - xdut.xx1.casc, ignored
   Please check line .ic v(xdut.fb)=1.0 v(xdut.sns1)=0.6 v(xdut.sns2)=0.6 v(vref)=1.2 v(xdut.ibias)=0.6 v(xdut.xx1.casc)=1.8

Doing analysis at TEMP = 27.000000 and TNOM = 27.000000

Using SPARSE 1.3 as Direct Linear Solver
Note: Starting dynamic gmin stepping
Note: Dynamic gmin stepping completed

No. of Data Rows : 166

  Measurements for DC Analysis

vref_m40            =  1.19554e+00
vref_27             =  1.19370e+00
vref_125            =  1.18628e+00
vref_box_max        =  1.19554e+00 at=  -4.00000e+01
vref_box_min        =  1.18628e+00 at=  1.25000e+02
vref_tm40           =  1.19554e+00
vref_tm35           =  1.19552e+00
vref_tm30           =  1.19549e+00
vref_tm25           =  1.19543e+00
vref_tm20           =  1.19534e+00
vref_tm15           =  1.19525e+00
vref_tm10           =  1.19513e+00
vref_tm5            =  1.19499e+00
vref_t0             =  1.19483e+00
vref_t5             =  1.19466e+00
vref_t10            =  1.19447e+00
vref_t15            =  1.19426e+00
vref_t20            =  1.19404e+00
vref_t25            =  1.19380e+00
vref_t30            =  1.19354e+00
vref_t35            =  1.19327e+00
vref_t40            =  1.19299e+00
vref_t45            =  1.19269e+00
vref_t50            =  1.19238e+00
vref_t55            =  1.19205e+00
vref_t60            =  1.19171e+00
vref_t65            =  1.19135e+00
vref_t70            =  1.19099e+00
vref_t75            =  1.19061e+00
vref_t80            =  1.19022e+00
vref_t85            =  1.18982e+00
vref_t90            =  1.18941e+00
vref_t95            =  1.18899e+00
vref_t100           =  1.18855e+00
vref_t105           =  1.18812e+00
vref_t110           =  1.18767e+00
vref_t115           =  1.18721e+00
vref_t120           =  1.18675e+00
vref_t125           =  1.18628e+00

ngspice-46 done

* ---- derived by sim/tools/tc_ingest.py from the fleet .meas values in this log ----
m_vref = 1.1955400000e+00
m_tc_ppm = 4.7014502908e+01
m_vref_box_max = 1.1955400000e+00
m_vref_box_min = 1.1862800000e+00
m_vref_m40 = 1.1955400000e+00
m_vref_27 = 1.1937000000e+00
m_vref_125 = 1.1862800000e+00
