* record-id : 20261008-204019-aeaca90
* klt corner : bjt_ss/2.970V/27C (status pass); outer-axis point -40 C of the internal -40..125 C sweep

Note: No compatibility mode selected!


Circuit: * klt sim -- generated corner deck, do not edit

Warning : IC on non-existent node - xdut.xx1.casc, ignored
   Please check line .ic v(xdut.fb)=1.0 v(xdut.sns1)=0.6 v(xdut.sns2)=0.6 v(vref)=1.2 v(xdut.ibias)=0.6 v(xdut.xx1.casc)=1.8

Doing analysis at TEMP = 27.000000 and TNOM = 27.000000

Using SPARSE 1.3 as Direct Linear Solver
Note: Starting dynamic gmin stepping
Note: Dynamic gmin stepping completed

No. of Data Rows : 166

  Measurements for DC Analysis

vref_m40            =  1.20876e+00
vref_27             =  1.21109e+00
vref_125            =  1.20979e+00
vref_box_max        =  1.21120e+00 at=  4.70000e+01
vref_box_min        =  1.20875e+00 at=  -3.90000e+01
vref_tm40           =  1.20876e+00
vref_tm35           =  1.20906e+00
vref_tm30           =  1.20933e+00
vref_tm25           =  1.20958e+00
vref_tm20           =  1.20981e+00
vref_tm15           =  1.21002e+00
vref_tm10           =  1.21021e+00
vref_tm5            =  1.21039e+00
vref_t0             =  1.21054e+00
vref_t5             =  1.21068e+00
vref_t10            =  1.21080e+00
vref_t15            =  1.21091e+00
vref_t20            =  1.21099e+00
vref_t25            =  1.21106e+00
vref_t30            =  1.21112e+00
vref_t35            =  1.21116e+00
vref_t40            =  1.21119e+00
vref_t45            =  1.21120e+00
vref_t50            =  1.21120e+00
vref_t55            =  1.21118e+00
vref_t60            =  1.21115e+00
vref_t65            =  1.21111e+00
vref_t70            =  1.21105e+00
vref_t75            =  1.21099e+00
vref_t80            =  1.21091e+00
vref_t85            =  1.21082e+00
vref_t90            =  1.21072e+00
vref_t95            =  1.21061e+00
vref_t100           =  1.21049e+00
vref_t105           =  1.21037e+00
vref_t110           =  1.21023e+00
vref_t115           =  1.21009e+00
vref_t120           =  1.20994e+00
vref_t125           =  1.20979e+00

ngspice-46 done

* ---- derived by sim/tools/tc_ingest.py from the fleet .meas values in this log ----
m_vref = 1.2087600000e+00
m_tc_ppm = 1.2260430561e+01
m_vref_box_max = 1.2112000000e+00
m_vref_box_min = 1.2087500000e+00
m_vref_m40 = 1.2087600000e+00
m_vref_27 = 1.2110900000e+00
m_vref_125 = 1.2097900000e+00
