* record-id : 20261008-204019-aeaca90
* klt corner : res_ss/2.970V/27C (status pass); outer-axis point 125 C of the internal -40..125 C sweep

Note: No compatibility mode selected!


Circuit: * klt sim -- generated corner deck, do not edit

Warning : IC on non-existent node - xdut.xx1.casc, ignored
   Please check line .ic v(xdut.fb)=1.0 v(xdut.sns1)=0.6 v(xdut.sns2)=0.6 v(vref)=1.2 v(xdut.ibias)=0.6 v(xdut.xx1.casc)=1.8

Doing analysis at TEMP = 27.000000 and TNOM = 27.000000

Using SPARSE 1.3 as Direct Linear Solver
Note: Starting dynamic gmin stepping
Note: Dynamic gmin stepping completed

No. of Data Rows : 166

  Measurements for DC Analysis

vref_m40            =  1.19739e+00
vref_27             =  1.19608e+00
vref_125            =  1.18945e+00
vref_box_max        =  1.19741e+00 at=  -3.30000e+01
vref_box_min        =  1.18945e+00 at=  1.25000e+02
vref_tm40           =  1.19739e+00
vref_tm35           =  1.19741e+00
vref_tm30           =  1.19741e+00
vref_tm25           =  1.19739e+00
vref_tm20           =  1.19735e+00
vref_tm15           =  1.19729e+00
vref_tm10           =  1.19721e+00
vref_tm5            =  1.19711e+00
vref_t0             =  1.19700e+00
vref_t5             =  1.19686e+00
vref_t10            =  1.19671e+00
vref_t15            =  1.19654e+00
vref_t20            =  1.19636e+00
vref_t25            =  1.19616e+00
vref_t30            =  1.19595e+00
vref_t35            =  1.19572e+00
vref_t40            =  1.19547e+00
vref_t45            =  1.19521e+00
vref_t50            =  1.19494e+00
vref_t55            =  1.19465e+00
vref_t60            =  1.19435e+00
vref_t65            =  1.19404e+00
vref_t70            =  1.19371e+00
vref_t75            =  1.19337e+00
vref_t80            =  1.19302e+00
vref_t85            =  1.19266e+00
vref_t90            =  1.19229e+00
vref_t95            =  1.19191e+00
vref_t100           =  1.19152e+00
vref_t105           =  1.19112e+00
vref_t110           =  1.19071e+00
vref_t115           =  1.19030e+00
vref_t120           =  1.18988e+00
vref_t125           =  1.18945e+00

ngspice-46 done

* ---- derived by sim/tools/tc_ingest.py from the fleet .meas values in this log ----
m_vref = 1.1894500000e+00
m_tc_ppm = 4.0333777208e+01
m_vref_box_max = 1.1974100000e+00
m_vref_box_min = 1.1894500000e+00
m_vref_m40 = 1.1973900000e+00
m_vref_27 = 1.1960800000e+00
m_vref_125 = 1.1894500000e+00
