* record-id : 20261008-204019-aeaca90
* klt corner : res_ss/3.630V/27C (status pass); outer-axis point 27 C of the internal -40..125 C sweep

Note: No compatibility mode selected!


Circuit: * klt sim -- generated corner deck, do not edit

Warning : IC on non-existent node - xdut.xx1.casc, ignored
   Please check line .ic v(xdut.fb)=1.0 v(xdut.sns1)=0.6 v(xdut.sns2)=0.6 v(vref)=1.2 v(xdut.ibias)=0.6 v(xdut.xx1.casc)=1.8

Doing analysis at TEMP = 27.000000 and TNOM = 27.000000

Using SPARSE 1.3 as Direct Linear Solver
Note: Starting dynamic gmin stepping
Note: Dynamic gmin stepping completed

No. of Data Rows : 166

  Measurements for DC Analysis

vref_m40            =  1.19738e+00
vref_27             =  1.19607e+00
vref_125            =  1.18943e+00
vref_box_max        =  1.19741e+00 at=  -3.30000e+01
vref_box_min        =  1.18943e+00 at=  1.25000e+02
vref_tm40           =  1.19738e+00
vref_tm35           =  1.19740e+00
vref_tm30           =  1.19740e+00
vref_tm25           =  1.19738e+00
vref_tm20           =  1.19734e+00
vref_tm15           =  1.19728e+00
vref_tm10           =  1.19720e+00
vref_tm5            =  1.19710e+00
vref_t0             =  1.19699e+00
vref_t5             =  1.19685e+00
vref_t10            =  1.19670e+00
vref_t15            =  1.19654e+00
vref_t20            =  1.19635e+00
vref_t25            =  1.19615e+00
vref_t30            =  1.19594e+00
vref_t35            =  1.19571e+00
vref_t40            =  1.19546e+00
vref_t45            =  1.19520e+00
vref_t50            =  1.19493e+00
vref_t55            =  1.19464e+00
vref_t60            =  1.19434e+00
vref_t65            =  1.19402e+00
vref_t70            =  1.19370e+00
vref_t75            =  1.19336e+00
vref_t80            =  1.19301e+00
vref_t85            =  1.19265e+00
vref_t90            =  1.19228e+00
vref_t95            =  1.19190e+00
vref_t100           =  1.19150e+00
vref_t105           =  1.19111e+00
vref_t110           =  1.19070e+00
vref_t115           =  1.19028e+00
vref_t120           =  1.18986e+00
vref_t125           =  1.18943e+00

ngspice-46 done

* ---- derived by sim/tools/tc_ingest.py from the fleet .meas values in this log ----
m_vref = 1.1960700000e+00
m_tc_ppm = 4.0435456423e+01
m_vref_box_max = 1.1974100000e+00
m_vref_box_min = 1.1894300000e+00
m_vref_m40 = 1.1973800000e+00
m_vref_27 = 1.1960700000e+00
m_vref_125 = 1.1894300000e+00
