* record-id : 20261008-204019-aeaca90
* klt corner : tt/2.970V/27C (status pass); outer-axis point 27 C of the internal -40..125 C sweep

Note: No compatibility mode selected!


Circuit: * klt sim -- generated corner deck, do not edit

Warning : IC on non-existent node - xdut.xx1.casc, ignored
   Please check line .ic v(xdut.fb)=1.0 v(xdut.sns1)=0.6 v(xdut.sns2)=0.6 v(vref)=1.2 v(xdut.ibias)=0.6 v(xdut.xx1.casc)=1.8

Doing analysis at TEMP = 27.000000 and TNOM = 27.000000

Using SPARSE 1.3 as Direct Linear Solver
Note: Starting dynamic gmin stepping
Note: Dynamic gmin stepping completed

No. of Data Rows : 166

  Measurements for DC Analysis

vref_m40            =  1.20203e+00
vref_27             =  1.20198e+00
vref_125            =  1.19728e+00
vref_box_max        =  1.20242e+00 at=  -8.00000e+00
vref_box_min        =  1.19728e+00 at=  1.25000e+02
vref_tm40           =  1.20203e+00
vref_tm35           =  1.20215e+00
vref_tm30           =  1.20224e+00
vref_tm25           =  1.20232e+00
vref_tm20           =  1.20237e+00
vref_tm15           =  1.20240e+00
vref_tm10           =  1.20242e+00
vref_tm5            =  1.20241e+00
vref_t0             =  1.20239e+00
vref_t5             =  1.20235e+00
vref_t10            =  1.20230e+00
vref_t15            =  1.20222e+00
vref_t20            =  1.20213e+00
vref_t25            =  1.20203e+00
vref_t30            =  1.20191e+00
vref_t35            =  1.20177e+00
vref_t40            =  1.20162e+00
vref_t45            =  1.20146e+00
vref_t50            =  1.20128e+00
vref_t55            =  1.20109e+00
vref_t60            =  1.20088e+00
vref_t65            =  1.20066e+00
vref_t70            =  1.20043e+00
vref_t75            =  1.20019e+00
vref_t80            =  1.19994e+00
vref_t85            =  1.19968e+00
vref_t90            =  1.19941e+00
vref_t95            =  1.19912e+00
vref_t100           =  1.19883e+00
vref_t105           =  1.19853e+00
vref_t110           =  1.19823e+00
vref_t115           =  1.19792e+00
vref_t120           =  1.19760e+00
vref_t125           =  1.19728e+00

ngspice-46 done

* ---- derived by sim/tools/tc_ingest.py from the fleet .meas values in this log ----
m_vref = 1.2019800000e+00
m_tc_ppm = 2.5916833185e+01
m_vref_box_max = 1.2024200000e+00
m_vref_box_min = 1.1972800000e+00
m_vref_m40 = 1.2020300000e+00
m_vref_27 = 1.2019800000e+00
m_vref_125 = 1.1972800000e+00
