
Note: No compatibility mode selected!


Circuit: * psrr-dc @ bjt_ss_27c_3.30v -- generated by sim/harness, do not edit

Doing analysis at TEMP = 27.000000 and TNOM = 27.000000

Using SPARSE 1.3 as Direct Linear Solver
 Reference value :  0.00000e+00
No. of Data Rows : 1
Doing analysis at TEMP = 27.000000 and TNOM = 27.000000

Using SPARSE 1.3 as Direct Linear Solver
 Reference value :  1.00000e-01
No. of Data Rows : 161
     * psrr-dc @ bjt_ss_27c_3.30v -- generated by sim/harness, do not edit
     AC Analysis  Mon Aug  3 08:21:01  2026
--------------------------------------------------------------------------------
Index   frequency       psrr_db         
--------------------------------------------------------------------------------
0	1.0000000000e-01	1.0721514454e+02	
1	1.1220184543e-01	1.0721514439e+02	
2	1.2589254118e-01	1.0721514420e+02	
3	1.4125375446e-01	1.0721514397e+02	
4	1.5848931925e-01	1.0721514366e+02	
5	1.7782794100e-01	1.0721514329e+02	
6	1.9952623150e-01	1.0721514285e+02	
7	2.2387211386e-01	1.0721514227e+02	
8	2.5118864315e-01	1.0721514151e+02	
9	2.8183829313e-01	1.0721514059e+02	
10	3.1622776602e-01	1.0721513942e+02	
11	3.5481338923e-01	1.0721513796e+02	
12	3.9810717055e-01	1.0721513610e+02	
13	4.4668359215e-01	1.0721513379e+02	
14	5.0118723363e-01	1.0721513086e+02	
15	5.6234132519e-01	1.0721512716e+02	
16	6.3095734448e-01	1.0721512253e+02	
17	7.0794578438e-01	1.0721511670e+02	
18	7.9432823472e-01	1.0721510935e+02	
19	8.9125093813e-01	1.0721510008e+02	
20	1.0000000000e+00	1.0721508842e+02	
21	1.1220184543e+00	1.0721507374e+02	
22	1.2589254118e+00	1.0721505526e+02	
23	1.4125375446e+00	1.0721503202e+02	
24	1.5848931925e+00	1.0721500276e+02	
25	1.7782794100e+00	1.0721496588e+02	
26	1.9952623150e+00	1.0721491948e+02	
27	2.2387211386e+00	1.0721486107e+02	
28	2.5118864315e+00	1.0721478751e+02	
29	2.8183829313e+00	1.0721469496e+02	
30	3.1622776602e+00	1.0721457840e+02	
31	3.5481338923e+00	1.0721443169e+02	
32	3.9810717055e+00	1.0721424699e+02	
33	4.4668359215e+00	1.0721401448e+02	
34	5.0118723363e+00	1.0721372181e+02	
35	5.6234132519e+00	1.0721335335e+02	
36	6.3095734448e+00	1.0721288955e+02	
37	7.0794578438e+00	1.0721230571e+02	
38	7.9432823472e+00	1.0721157080e+02	
39	8.9125093813e+00	1.0721064579e+02	
40	1.0000000000e+01	1.0720948156e+02	
41	1.1220184543e+01	1.0721420541e+02	
42	1.2589254118e+01	1.0721235909e+02	
43	1.4125375446e+01	1.0721003581e+02	
44	1.5848931925e+01	1.0720711271e+02	
45	1.7782794100e+01	1.0720343545e+02	
46	1.9952623150e+01	1.0719881040e+02	
47	2.2387211386e+01	1.0719299467e+02	
48	2.5118864315e+01	1.0718568386e+02	
49	2.8183829313e+01	1.0718264279e+02	
50	3.1622776602e+01	1.0717108981e+02	
51	3.5481338923e+01	1.0716270510e+02	
52	3.9810717055e+01	1.0714449268e+02	
53	4.4668359215e+01	1.0712774005e+02	
54	5.0118723363e+01	1.0710517681e+02	

Index   frequency       psrr_db         
--------------------------------------------------------------------------------
55	5.6234132519e+01	1.0707538332e+02	
56	6.3095734448e+01	1.0703662284e+02	
57	7.0794578438e+01	1.0699267453e+02	
58	7.9432823472e+01	1.0693496071e+02	
59	8.9125093813e+01	1.0686613461e+02	
60	1.0000000000e+02	1.0678226324e+02	
61	1.1220184543e+02	1.0667873197e+02	
62	1.2589254118e+02	1.0654491847e+02	
63	1.4125375446e+02	1.0639085954e+02	
64	1.5848931925e+02	1.0619910427e+02	
65	1.7782794100e+02	1.0596993477e+02	
66	1.9952623150e+02	1.0569991262e+02	
67	2.2387211386e+02	1.0537454425e+02	
68	2.5118864315e+02	1.0500277287e+02	
69	2.8183829313e+02	1.0457603494e+02	
70	3.1622776602e+02	1.0409227378e+02	
71	3.5481338923e+02	1.0354310329e+02	
72	3.9810717055e+02	1.0294571784e+02	
73	4.4668359215e+02	1.0229564459e+02	
74	5.0118723363e+02	1.0159443346e+02	
75	5.6234132519e+02	1.0084622145e+02	
76	6.3095734448e+02	1.0006182436e+02	
77	7.0794578438e+02	9.9235934482e+01	
78	7.9432823472e+02	9.8376960555e+01	
79	8.9125093813e+02	9.7494820143e+01	
80	1.0000000000e+03	9.6591137700e+01	
81	1.1220184543e+03	9.5666057746e+01	
82	1.2589254118e+03	9.4725977153e+01	
83	1.4125375446e+03	9.3776333858e+01	
84	1.5848931925e+03	9.2814909555e+01	
85	1.7782794100e+03	9.1843482056e+01	
86	1.9952623150e+03	9.0864393492e+01	
87	2.2387211386e+03	8.9879465750e+01	
88	2.5118864315e+03	8.8887745867e+01	
89	2.8183829313e+03	8.7891997340e+01	
90	3.1622776602e+03	8.6890675199e+01	
91	3.5481338923e+03	8.5883955939e+01	
92	3.9810717055e+03	8.4872335808e+01	
93	4.4668359215e+03	8.3854333733e+01	
94	5.0118723363e+03	8.2829847088e+01	
95	5.6234132519e+03	8.1797293788e+01	
96	6.3095734448e+03	8.0755843202e+01	
97	7.0794578438e+03	7.9703475371e+01	
98	7.9432823472e+03	7.8638337590e+01	
99	8.9125093813e+03	7.7558452200e+01	
100	1.0000000000e+04	7.6460505545e+01	
101	1.1220184543e+04	7.5342018096e+01	
102	1.2589254118e+04	7.4199701318e+01	
103	1.4125375446e+04	7.3029592813e+01	
104	1.5848931925e+04	7.1828547057e+01	
105	1.7782794100e+04	7.0592335426e+01	
106	1.9952623150e+04	6.9317282605e+01	
107	2.2387211386e+04	6.8000180958e+01	
108	2.5118864315e+04	6.6638268215e+01	
109	2.8183829313e+04	6.5229932882e+01	
110	3.1622776602e+04	6.3774994793e+01	
111	3.5481338923e+04	6.2275124439e+01	
112	3.9810717055e+04	6.0733180154e+01	

Index   frequency       psrr_db         
--------------------------------------------------------------------------------
113	4.4668359215e+04	5.9154555135e+01	
114	5.0118723363e+04	5.7545806103e+01	
115	5.6234132519e+04	5.5914889465e+01	
116	6.3095734448e+04	5.4271105743e+01	
117	7.0794578438e+04	5.2623887582e+01	
118	7.9432823472e+04	5.0983543452e+01	
119	8.9125093813e+04	4.9359978497e+01	
120	1.0000000000e+05	4.7762708300e+01	
121	1.1220184543e+05	4.6200392876e+01	
122	1.2589254118e+05	4.4680659378e+01	
123	1.4125375446e+05	4.3209663759e+01	
124	1.5848931925e+05	4.1791994748e+01	
125	1.7782794100e+05	4.0430740915e+01	
126	1.9952623150e+05	3.9127624430e+01	
127	2.2387211386e+05	3.7883610301e+01	
128	2.5118864315e+05	3.6699526976e+01	
129	2.8183829313e+05	3.5577253042e+01	
130	3.1622776602e+05	3.4521102991e+01	
131	3.5481338923e+05	3.3539839077e+01	
132	3.9810717055e+05	3.2649111805e+01	
133	4.4668359215e+05	3.1874151282e+01	
134	5.0118723363e+05	3.1251376945e+01	
135	5.6234132519e+05	3.0826496187e+01	
136	6.3095734448e+05	3.0645216685e+01	
137	7.0794578438e+05	3.0734375754e+01	
138	7.9432823472e+05	3.1076727055e+01	
139	8.9125093813e+05	3.1588216695e+01	
140	1.0000000000e+06	3.2108089421e+01	
141	1.1220184543e+06	3.2420166714e+01	
142	1.2589254118e+06	3.2333391840e+01	
143	1.4125375446e+06	3.1791254770e+01	
144	1.5848931925e+06	3.0889731286e+01	
145	1.7782794100e+06	2.9782030979e+01	
146	1.9952623150e+06	2.8592108698e+01	
147	2.2387211386e+06	2.7393756372e+01	
148	2.5118864315e+06	2.6223356703e+01	
149	2.8183829313e+06	2.5095663837e+01	
150	3.1622776602e+06	2.4014102363e+01	
151	3.5481338923e+06	2.2976379735e+01	
152	3.9810717055e+06	2.1977491517e+01	
153	4.4668359215e+06	2.1011505569e+01	
154	5.0118723363e+06	2.0072814909e+01	
155	5.6234132519e+06	1.9157081810e+01	
156	6.3095734448e+06	1.8261911447e+01	
157	7.0794578438e+06	1.7387201308e+01	
158	7.9432823472e+06	1.6535145417e+01	
159	8.9125093813e+06	1.5709900232e+01	
160	1.0000000000e+07	1.4916989226e+01	
m_psrr_1hz_db = 1.0721508842e+02
m_psrr_1khz_db = 9.6591137700e+01
m_psrr_10hz_db = 1.0720948156e+02
m_psrr_100hz_db = 1.0678226324e+02
m_psrr_10khz_db = 7.6460505545e+01
m_psrr_100khz_db = 4.7762708300e+01
m_psrr_1mhz_db = 3.2108089421e+01
m_vref_op = 1.2007610860e+00
m_f_dc_hz = 1.0000000000e+00
m_f_band_edge_hz = 1.0000000000e+03
Note: Simulation executed from .control section 

Warning : IC on non-existent node - xdut.xx1.casc, ignored
   Please check line .ic v(xdut.fb)=1.0 v(xdut.sns1)=0.6 v(xdut.sns2)=0.6 v(vref)=1.2 v(xdut.ibias)=0.6 v(xdut.xx1.casc)=1.8

Note: Starting dynamic gmin stepping
Note: Dynamic gmin stepping completed
Note: Starting dynamic gmin stepping
Note: Dynamic gmin stepping completed
