
Note: No compatibility mode selected!


Circuit: * psrr-dc @ res_ss_27c_3.63v -- generated by sim/harness, do not edit

Doing analysis at TEMP = 27.000000 and TNOM = 27.000000

Using SPARSE 1.3 as Direct Linear Solver
 Reference value :  0.00000e+00
No. of Data Rows : 1
Doing analysis at TEMP = 27.000000 and TNOM = 27.000000

Using SPARSE 1.3 as Direct Linear Solver
 Reference value :  1.00000e-01
No. of Data Rows : 161
     * psrr-dc @ res_ss_27c_3.63v -- generated by sim/harness, do not edit
     AC Analysis  Mon Aug  3 08:19:24  2026
--------------------------------------------------------------------------------
Index   frequency       psrr_db         
--------------------------------------------------------------------------------
0	1.0000000000e-01	7.9783705944e+01	
1	1.1220184543e-01	7.9783705942e+01	
2	1.2589254118e-01	7.9783705940e+01	
3	1.4125375446e-01	7.9783705936e+01	
4	1.5848931925e-01	7.9783705932e+01	
5	1.7782794100e-01	7.9783705927e+01	
6	1.9952623150e-01	7.9783705921e+01	
7	2.2387211386e-01	7.9783705914e+01	
8	2.5118864315e-01	7.9783705903e+01	
9	2.8183829313e-01	7.9783705890e+01	
10	3.1622776602e-01	7.9783705874e+01	
11	3.5481338923e-01	7.9783705855e+01	
12	3.9810717055e-01	7.9783705830e+01	
13	4.4668359215e-01	7.9783705797e+01	
14	5.0118723363e-01	7.9783705757e+01	
15	5.6234132519e-01	7.9783705707e+01	
16	6.3095734448e-01	7.9783705644e+01	
17	7.0794578438e-01	7.9783705564e+01	
18	7.9432823472e-01	7.9783705465e+01	
19	8.9125093813e-01	7.9783705337e+01	
20	1.0000000000e+00	7.9783705179e+01	
21	1.1220184543e+00	7.9783704980e+01	
22	1.2589254118e+00	7.9783704728e+01	
23	1.4125375446e+00	7.9783704410e+01	
24	1.5848931925e+00	7.9783704011e+01	
25	1.7782794100e+00	7.9783703508e+01	
26	1.9952623150e+00	7.9783702876e+01	
27	2.2387211386e+00	7.9783702080e+01	
28	2.5118864315e+00	7.9783701077e+01	
29	2.8183829313e+00	7.9783699814e+01	
30	3.1622776602e+00	7.9783698225e+01	
31	3.5481338923e+00	7.9783696225e+01	
32	3.9810717055e+00	7.9783693707e+01	
33	4.4668359215e+00	7.9783690535e+01	
34	5.0118723363e+00	7.9783686544e+01	
35	5.6234132519e+00	7.9783681518e+01	
36	6.3095734448e+00	7.9783675192e+01	
37	7.0794578438e+00	7.9783667227e+01	
38	7.9432823472e+00	7.9783657201e+01	
39	8.9125093813e+00	7.9783644579e+01	
40	1.0000000000e+01	7.9783628687e+01	
41	1.1220184543e+01	7.9783608682e+01	
42	1.2589254118e+01	7.9783583496e+01	
43	1.4125375446e+01	7.9783860743e+01	
44	1.5848931925e+01	7.9783820825e+01	
45	1.7782794100e+01	7.9783770573e+01	
46	1.9952623150e+01	7.9783707309e+01	
47	2.2387211386e+01	7.9783627665e+01	
48	2.5118864315e+01	7.9783527400e+01	
49	2.8183829313e+01	7.9783710123e+01	
50	3.1622776602e+01	7.9783551214e+01	
51	3.5481338923e+01	7.9783660106e+01	
52	3.9810717055e+01	7.9783408258e+01	
53	4.4668359215e+01	7.9783400142e+01	
54	5.0118723363e+01	7.9783309934e+01	

Index   frequency       psrr_db         
--------------------------------------------------------------------------------
55	5.6234132519e+01	7.9783116385e+01	
56	6.3095734448e+01	7.9783101656e+01	
57	7.0794578438e+01	7.9782923146e+01	
58	7.9432823472e+01	7.9782538469e+01	
59	8.9125093813e+01	7.9782203147e+01	
60	1.0000000000e+02	7.9781849977e+01	
61	1.1220184543e+02	7.9781394377e+01	
62	1.2589254118e+02	7.9780729906e+01	
63	1.4125375446e+02	7.9780031353e+01	
64	1.5848931925e+02	7.9778821382e+01	
65	1.7782794100e+02	7.9777350916e+01	
66	1.9952623150e+02	7.9775969973e+01	
67	2.2387211386e+02	7.9774188049e+01	
68	2.5118864315e+02	7.9771274325e+01	
69	2.8183829313e+02	7.9768238521e+01	
70	3.1622776602e+02	7.9763949739e+01	
71	3.5481338923e+02	7.9758799156e+01	
72	3.9810717055e+02	7.9752038192e+01	
73	4.4668359215e+02	7.9744029438e+01	
74	5.0118723363e+02	7.9734025964e+01	
75	5.6234132519e+02	7.9723299299e+01	
76	6.3095734448e+02	7.9706785092e+01	
77	7.0794578438e+02	7.9686846921e+01	
78	7.9432823472e+02	7.9660599792e+01	
79	8.9125093813e+02	7.9628819723e+01	
80	1.0000000000e+03	7.9590960693e+01	
81	1.1220184543e+03	7.9541772938e+01	
82	1.2589254118e+03	7.9482660012e+01	
83	1.4125375446e+03	7.9407042585e+01	
84	1.5848931925e+03	7.9314465527e+01	
85	1.7782794100e+03	7.9200447535e+01	
86	1.9952623150e+03	7.9061445551e+01	
87	2.2387211386e+03	7.8892255575e+01	
88	2.5118864315e+03	7.8686449580e+01	
89	2.8183829313e+03	7.8442249364e+01	
90	3.1622776602e+03	7.8149570885e+01	
91	3.5481338923e+03	7.7807269994e+01	
92	3.9810717055e+03	7.7409140448e+01	
93	4.4668359215e+03	7.6952554877e+01	
94	5.0118723363e+03	7.6434974754e+01	
95	5.6234132519e+03	7.5856029842e+01	
96	6.3095734448e+03	7.5214313304e+01	
97	7.0794578438e+03	7.4513520567e+01	
98	7.9432823472e+03	7.3755223297e+01	
99	8.9125093813e+03	7.2941389728e+01	
100	1.0000000000e+04	7.2076954086e+01	
101	1.1220184543e+04	7.1163263928e+01	
102	1.2589254118e+04	7.0202875105e+01	
103	1.4125375446e+04	6.9197602831e+01	
104	1.5848931925e+04	6.8148242564e+01	
105	1.7782794100e+04	6.7055114446e+01	
106	1.9952623150e+04	6.5917077112e+01	
107	2.2387211386e+04	6.4733207670e+01	
108	2.5118864315e+04	6.3501900673e+01	
109	2.8183829313e+04	6.2222363417e+01	
110	3.1622776602e+04	6.0893861777e+01	
111	3.5481338923e+04	5.9517473853e+01	
112	3.9810717055e+04	5.8095214817e+01	

Index   frequency       psrr_db         
--------------------------------------------------------------------------------
113	4.4668359215e+04	5.6631175102e+01	
114	5.0118723363e+04	5.5131083636e+01	
115	5.6234132519e+04	5.3602631681e+01	
116	6.3095734448e+04	5.2054686976e+01	
117	7.0794578438e+04	5.0497482144e+01	
118	7.9432823472e+04	4.8941619346e+01	
119	8.9125093813e+04	4.7397829252e+01	
120	1.0000000000e+05	4.5876390165e+01	
121	1.1220184543e+05	4.4386705985e+01	
122	1.2589254118e+05	4.2936845618e+01	
123	1.4125375446e+05	4.1533403846e+01	
124	1.5848931925e+05	4.0181235063e+01	
125	1.7782794100e+05	3.8883743448e+01	
126	1.9952623150e+05	3.7643153526e+01	
127	2.2387211386e+05	3.6461271102e+01	
128	2.5118864315e+05	3.5340346834e+01	
129	2.8183829313e+05	3.4284489949e+01	
130	3.1622776602e+05	3.3301348328e+01	
131	3.5481338923e+05	3.2404384203e+01	
132	3.9810717055e+05	3.1615315666e+01	
133	4.4668359215e+05	3.0965967953e+01	
134	5.0118723363e+05	3.0497516118e+01	
135	5.6234132519e+05	3.0253841785e+01	
136	6.3095734448e+05	3.0266222227e+01	
137	7.0794578438e+05	3.0530378220e+01	
138	7.9432823472e+05	3.0982559356e+01	
139	8.9125093813e+05	3.1484417303e+01	
140	1.0000000000e+06	3.1833263698e+01	
141	1.1220184543e+06	3.1826701589e+01	
142	1.2589254118e+06	3.1372561524e+01	
143	1.4125375446e+06	3.0536170120e+01	
144	1.5848931925e+06	2.9464430911e+01	
145	1.7782794100e+06	2.8289684471e+01	
146	1.9952623150e+06	2.7095414262e+01	
147	2.2387211386e+06	2.5924433450e+01	
148	2.5118864315e+06	2.4794969358e+01	
149	2.8183829313e+06	2.3712152242e+01	
150	3.1622776602e+06	2.2674490753e+01	
151	3.5481338923e+06	2.1677359050e+01	
152	3.9810717055e+06	2.0715015561e+01	
153	4.4668359215e+06	1.9781968756e+01	
154	5.0118723363e+06	1.8873976494e+01	
155	5.6234132519e+06	1.7988742508e+01	
156	6.3095734448e+06	1.7126272628e+01	
157	7.0794578438e+06	1.6288868573e+01	
158	7.9432823472e+06	1.5480767140e+01	
159	8.9125093813e+06	1.4707506658e+01	
160	1.0000000000e+07	1.3975134154e+01	
m_psrr_1hz_db = 7.9783705179e+01
m_psrr_1khz_db = 7.9590960693e+01
m_psrr_10hz_db = 7.9783628687e+01
m_psrr_100hz_db = 7.9781849977e+01
m_psrr_10khz_db = 7.2076954086e+01
m_psrr_100khz_db = 4.5876390165e+01
m_psrr_1mhz_db = 3.1833263698e+01
m_vref_op = 1.1866840520e+00
m_f_dc_hz = 1.0000000000e+00
m_f_band_edge_hz = 1.0000000000e+03
Note: Simulation executed from .control section 

Warning : IC on non-existent node - xdut.xx1.casc, ignored
   Please check line .ic v(xdut.fb)=1.0 v(xdut.sns1)=0.6 v(xdut.sns2)=0.6 v(vref)=1.2 v(xdut.ibias)=0.6 v(xdut.xx1.casc)=1.8

Note: Starting dynamic gmin stepping
Note: Dynamic gmin stepping completed
Note: Starting dynamic gmin stepping
Note: Dynamic gmin stepping completed
