
Note: No compatibility mode selected!


Circuit: * psrr-dc @ ss_27c_3.30v -- generated by sim/harness, do not edit

Doing analysis at TEMP = 27.000000 and TNOM = 27.000000

Using SPARSE 1.3 as Direct Linear Solver
 Reference value :  0.00000e+00
No. of Data Rows : 1
Doing analysis at TEMP = 27.000000 and TNOM = 27.000000

Using SPARSE 1.3 as Direct Linear Solver
 Reference value :  1.00000e-01
No. of Data Rows : 161
       * psrr-dc @ ss_27c_3.30v -- generated by sim/harness, do not edit
       AC Analysis  Mon Aug  3 08:16:34  2026
--------------------------------------------------------------------------------
Index   frequency       psrr_db         
--------------------------------------------------------------------------------
0	1.0000000000e-01	1.0414691527e+02	
1	1.1220184543e-01	1.0414691510e+02	
2	1.2589254118e-01	1.0414691492e+02	
3	1.4125375446e-01	1.0414691469e+02	
4	1.5848931925e-01	1.0414691438e+02	
5	1.7782794100e-01	1.0414691398e+02	
6	1.9952623150e-01	1.0414691349e+02	
7	2.2387211386e-01	1.0414691287e+02	
8	2.5118864315e-01	1.0414691210e+02	
9	2.8183829313e-01	1.0414691112e+02	
10	3.1622776602e-01	1.0414690990e+02	
11	3.5481338923e-01	1.0414690834e+02	
12	3.9810717055e-01	1.0414690639e+02	
13	4.4668359215e-01	1.0414690395e+02	
14	5.0118723363e-01	1.0414690085e+02	
15	5.6234132519e-01	1.0414689694e+02	
16	6.3095734448e-01	1.0414689204e+02	
17	7.0794578438e-01	1.0414688586e+02	
18	7.9432823472e-01	1.0414687811e+02	
19	8.9125093813e-01	1.0414686833e+02	
20	1.0000000000e+00	1.0414685600e+02	
21	1.1220184543e+00	1.0414684051e+02	
22	1.2589254118e+00	1.0414682100e+02	
23	1.4125375446e+00	1.0414679644e+02	
24	1.5848931925e+00	1.0414676553e+02	
25	1.7782794100e+00	1.0414672658e+02	
26	1.9952623150e+00	1.0414667758e+02	
27	2.2387211386e+00	1.0414661588e+02	
28	2.5118864315e+00	1.0414653821e+02	
29	2.8183829313e+00	1.0414644043e+02	
30	3.1622776602e+00	1.0414631733e+02	
31	3.5481338923e+00	1.0414616237e+02	
32	3.9810717055e+00	1.0414596728e+02	
33	4.4668359215e+00	1.0414572169e+02	
34	5.0118723363e+00	1.0414541253e+02	
35	5.6234132519e+00	1.0414502337e+02	
36	6.3095734448e+00	1.0414453349e+02	
37	7.0794578438e+00	1.0414391683e+02	
38	7.9432823472e+00	1.0414314064e+02	
39	8.9125093813e+00	1.0414216366e+02	
40	1.0000000000e+01	1.0414093401e+02	
41	1.1220184543e+01	1.0414532319e+02	
42	1.2589254118e+01	1.0414337333e+02	
43	1.4125375446e+01	1.0414091981e+02	
44	1.5848931925e+01	1.0413783293e+02	
45	1.7782794100e+01	1.0413394986e+02	
46	1.9952623150e+01	1.0412906617e+02	
47	2.2387211386e+01	1.0412292562e+02	
48	2.5118864315e+01	1.0411520715e+02	
49	2.8183829313e+01	1.0411140141e+02	
50	3.1622776602e+01	1.0409920771e+02	
51	3.5481338923e+01	1.0408976703e+02	
52	3.9810717055e+01	1.0407055264e+02	
53	4.4668359215e+01	1.0405229540e+02	
54	5.0118723363e+01	1.0402792157e+02	

Index   frequency       psrr_db         
--------------------------------------------------------------------------------
55	5.6234132519e+01	1.0399594273e+02	
56	6.3095734448e+01	1.0396023452e+02	
57	7.0794578438e+01	1.0391277568e+02	
58	7.9432823472e+01	1.0385087851e+02	
59	8.9125093813e+01	1.0377682001e+02	
60	1.0000000000e+02	1.0368654048e+02	
61	1.1220184543e+02	1.0357530370e+02	
62	1.2589254118e+02	1.0343770694e+02	
63	1.4125375446e+02	1.0327263245e+02	
64	1.5848931925e+02	1.0307302479e+02	
65	1.7782794100e+02	1.0282930973e+02	
66	1.9952623150e+02	1.0255115333e+02	
67	2.2387211386e+02	1.0221533873e+02	
68	2.5118864315e+02	1.0182671024e+02	
69	2.8183829313e+02	1.0138153852e+02	
70	3.1622776602e+02	1.0088396669e+02	
71	3.5481338923e+02	1.0031973663e+02	
72	3.9810717055e+02	9.9707746817e+01	
73	4.4668359215e+02	9.9041863752e+01	
74	5.0118723363e+02	9.8329306074e+01	
75	5.6234132519e+02	9.7578029785e+01	
76	6.3095734448e+02	9.6773910413e+01	
77	7.0794578438e+02	9.5939478229e+01	
78	7.9432823472e+02	9.5074360568e+01	
79	8.9125093813e+02	9.4183865702e+01	
80	1.0000000000e+03	9.3276110304e+01	
81	1.1220184543e+03	9.2346462438e+01	
82	1.2589254118e+03	9.1404395341e+01	
83	1.4125375446e+03	9.0447952191e+01	
84	1.5848931925e+03	8.9483079136e+01	
85	1.7782794100e+03	8.8511176665e+01	
86	1.9952623150e+03	8.7529304546e+01	
87	2.2387211386e+03	8.6541845903e+01	
88	2.5118864315e+03	8.5548160885e+01	
89	2.8183829313e+03	8.4549804389e+01	
90	3.1622776602e+03	8.3545649044e+01	
91	3.5481338923e+03	8.2535515800e+01	
92	3.9810717055e+03	8.1520216662e+01	
93	4.4668359215e+03	8.0497607451e+01	
94	5.0118723363e+03	7.9467863843e+01	
95	5.6234132519e+03	7.8428639734e+01	
96	6.3095734448e+03	7.7379498100e+01	
97	7.0794578438e+03	7.6317647758e+01	
98	7.9432823472e+03	7.5240962442e+01	
99	8.9125093813e+03	7.4147508802e+01	
100	1.0000000000e+04	7.3033579310e+01	
101	1.1220184543e+04	7.1896084293e+01	
102	1.2589254118e+04	7.0732151005e+01	
103	1.4125375446e+04	6.9537662694e+01	
104	1.5848931925e+04	6.8309870430e+01	
105	1.7782794100e+04	6.7044457154e+01	
106	1.9952623150e+04	6.5740211455e+01	
107	2.2387211386e+04	6.4394713460e+01	
108	2.5118864315e+04	6.3008162651e+01	
109	2.8183829313e+04	6.1582030495e+01	
110	3.1622776602e+04	6.0119478134e+01	
111	3.5481338923e+04	5.8626054474e+01	
112	3.9810717055e+04	5.7108749234e+01	

Index   frequency       psrr_db         
--------------------------------------------------------------------------------
113	4.4668359215e+04	5.5576021746e+01	
114	5.0118723363e+04	5.4037326833e+01	
115	5.6234132519e+04	5.2502718568e+01	
116	6.3095734448e+04	5.0981964280e+01	
117	7.0794578438e+04	4.9484268874e+01	
118	7.9432823472e+04	4.8017529808e+01	
119	8.9125093813e+04	4.6588024336e+01	
120	1.0000000000e+05	4.5200234868e+01	
121	1.1220184543e+05	4.3856626738e+01	
122	1.2589254118e+05	4.2557996700e+01	
123	1.4125375446e+05	4.1303635851e+01	
124	1.5848931925e+05	4.0091783412e+01	
125	1.7782794100e+05	3.8920230563e+01	
126	1.9952623150e+05	3.7786789160e+01	
127	2.2387211386e+05	3.6690059509e+01	
128	2.5118864315e+05	3.5630285297e+01	
129	2.8183829313e+05	3.4610538110e+01	
130	3.1622776602e+05	3.3638404390e+01	
131	3.5481338923e+05	3.2728414676e+01	
132	3.9810717055e+05	3.1905051810e+01	
133	4.4668359215e+05	3.1205498645e+01	
134	5.0118723363e+05	3.0679441180e+01	
135	5.6234132519e+05	3.0380779419e+01	
136	6.3095734448e+05	3.0346249443e+01	
137	7.0794578438e+05	3.0563114952e+01	
138	7.9432823472e+05	3.0940977536e+01	
139	8.9125093813e+05	3.1309573919e+01	
140	1.0000000000e+06	3.1462794369e+01	
141	1.1220184543e+06	3.1250167658e+01	
142	1.2589254118e+06	3.0653879421e+01	
143	1.4125375446e+06	2.9769162043e+01	
144	1.5848931925e+06	2.8720055191e+01	
145	1.7782794100e+06	2.7602055609e+01	
146	1.9952623150e+06	2.6472180527e+01	
147	2.2387211386e+06	2.5359454134e+01	
148	2.5118864315e+06	2.4276482760e+01	
149	2.8183829313e+06	2.3227127298e+01	
150	3.1622776602e+06	2.2210866337e+01	
151	3.5481338923e+06	2.1225217674e+01	
152	3.9810717055e+06	2.0267174648e+01	
153	4.4668359215e+06	1.9334145053e+01	
154	5.0118723363e+06	1.8424592662e+01	
155	5.6234132519e+06	1.7538433879e+01	
156	6.3095734448e+06	1.6677205769e+01	
157	7.0794578438e+06	1.5843993136e+01	
158	7.9432823472e+06	1.5043135049e+01	
159	8.9125093813e+06	1.4279757786e+01	
160	1.0000000000e+07	1.3559202187e+01	
m_psrr_1hz_db = 1.0414685600e+02
m_psrr_1khz_db = 9.3276110304e+01
m_psrr_10hz_db = 1.0414093401e+02
m_psrr_100hz_db = 1.0368654048e+02
m_psrr_10khz_db = 7.3033579310e+01
m_psrr_100khz_db = 4.5200234868e+01
m_psrr_1mhz_db = 3.1462794369e+01
m_vref_op = 1.1949489476e+00
m_f_dc_hz = 1.0000000000e+00
m_f_band_edge_hz = 1.0000000000e+03
Note: Simulation executed from .control section 

Warning : IC on non-existent node - xdut.xx1.casc, ignored
   Please check line .ic v(xdut.fb)=1.0 v(xdut.sns1)=0.6 v(xdut.sns2)=0.6 v(vref)=1.2 v(xdut.ibias)=0.6 v(xdut.xx1.casc)=1.8

Note: Starting dynamic gmin stepping
Note: Dynamic gmin stepping completed
Note: Starting dynamic gmin stepping
Note: Dynamic gmin stepping completed
