
Note: Compatibility modes selected: hs a


Circuit: * startup @ bjt_ss_-40c_3.30v -- generated by sim/harness, do not edit

Doing analysis at TEMP = -40.000000 and TNOM = 27.000000

Using SPARSE 1.3 as Direct Linear Solver

Initial Transient Solution
--------------------------

Node                                   Voltage
----                                   -------
vdd                                          0
xtop.xx1.d1                       -2.69355e-25
xtop.fb                            4.08899e-22
xtop.sns1                         -1.74674e-26
xtop.casc                          3.43947e-77
xtop.xx1.d2                       -6.12511e-21
xtop.sns2                         -5.30574e-21
xtop.xx1.e2                       -5.30574e-21
xtop.xx1.xr2.11                   -5.30574e-21
xtop.xx1.xr2.21                   -5.30574e-21
xtop.xx1.d3                       -1.13174e-26
vref                              -2.70039e-27
xtop.xx1.e3                       -2.70039e-27
xtop.xx1.xr1.11                   -2.70039e-27
xtop.xx1.xr1.21                   -2.70039e-27
xtop.xx1.d4                        2.55141e-51
xtop.ibias                        -6.17813e-49
xtop.xx2.nd1                      -4.52516e-22
xtop.xx2.tail                     -2.06679e-23
xtop.vdd_su                                  0
xtop.xx3.det                                 0
xtop.xx3.xrpu.11                             0
xtop.xx3.xrpu.21                             0
v.xtop.vsu_sense#branch                      0
vsup#branch                        4.88265e-33

 Reference value :  6.70550e-04
 Reference value :  1.98555e-03
No. of Data Rows : 3030
m_startup_time_s = 4.0347225260e-07
m_vref_final_v = 1.2245420548e+00
m_iq_total_final_ua = 3.5943295280e+01
m_iq_startup_branch_final_ua = 1.5124016651e+00
m_det_final_v = 9.5834423178e-03
m_t0_s = 9.1885200420e-07
m_t_settle_s = 1.3223242568e-06
Note: Simulation executed from .control section 

Warning: m=xx on .subckt line will override multiplier m hierarchy!

