
Note: Compatibility modes selected: hs a


Circuit: * startup @ bjt_ff_27c_3.63v -- generated by sim/harness, do not edit

Doing analysis at TEMP = 27.000000 and TNOM = 27.000000

Using SPARSE 1.3 as Direct Linear Solver

Initial Transient Solution
--------------------------

Node                                   Voltage
----                                   -------
vdd                                          0
xtop.xx1.d1                       -1.41047e-20
xtop.fb                           -1.49581e-17
xtop.sns1                          7.45519e-21
xtop.casc                           3.8222e-20
xtop.xx1.d2                        2.45114e-19
xtop.sns2                         -1.09676e-19
xtop.xx1.e2                       -1.09676e-19
xtop.xx1.xr2.11                   -1.09676e-19
xtop.xx1.xr2.21                   -1.09676e-19
xtop.xx1.d3                       -8.27231e-20
vref                              -1.12461e-20
xtop.xx1.e3                       -1.12461e-20
xtop.xx1.xr1.11                   -1.12461e-20
xtop.xx1.xr1.21                   -1.12461e-20
xtop.xx1.d4                        -1.1777e-15
xtop.ibias                         2.50581e-14
xtop.xx2.nd1                      -1.94323e-17
xtop.xx2.tail                     -5.86392e-17
xtop.vdd_su                                  0
xtop.xx3.det                                 0
xtop.xx3.xrpu.11                             0
xtop.xx3.xrpu.21                             0
v.xtop.vsu_sense#branch                      0
vsup#branch                        2.26212e-26

 Reference value :  8.47311e-04
 Reference value :  2.20531e-03
No. of Data Rows : 3024
m_startup_time_s = 3.0893947127e-07
m_vref_final_v = 1.2217261517e+00
m_iq_total_final_ua = 4.5920691889e+01
m_iq_startup_branch_final_ua = 1.7856348290e+00
m_det_final_v = 1.1700373435e-02
m_t0_s = 9.7182451506e-07
m_t_settle_s = 1.2807639863e-06
Note: Simulation executed from .control section 

Warning: m=xx on .subckt line will override multiplier m hierarchy!

