
Note: Compatibility modes selected: hs a


Circuit: * startup @ ff_-40c_3.63v -- generated by sim/harness, do not edit

Doing analysis at TEMP = -40.000000 and TNOM = 27.000000

Using SPARSE 1.3 as Direct Linear Solver

Initial Transient Solution
--------------------------

Node                                   Voltage
----                                   -------
vdd                                          0
xtop.xx1.d1                        1.15097e-20
xtop.fb                            3.28654e-20
xtop.sns1                          -1.4513e-20
xtop.casc                         -2.94436e-62
xtop.xx1.d2                        4.69838e-21
xtop.sns2                          2.76589e-21
xtop.xx1.e2                        2.76589e-21
xtop.xx1.xr2.11                    2.76589e-21
xtop.xx1.xr2.21                    2.76589e-21
xtop.xx1.d3                       -4.86998e-19
vref                               5.49448e-19
xtop.xx1.e3                        5.49448e-19
xtop.xx1.xr1.11                    5.49448e-19
xtop.xx1.xr1.21                    5.49448e-19
xtop.xx1.d4                        6.53196e-27
xtop.ibias                        -1.17351e-24
xtop.xx2.nd1                       6.70889e-21
xtop.xx2.tail                     -2.47955e-20
xtop.vdd_su                                  0
xtop.xx3.det                                 0
xtop.xx3.xrpu.11                             0
xtop.xx3.xrpu.21                             0
v.xtop.vsu_sense#branch                      0
vsup#branch                       -4.93783e-31

 Reference value :  6.06853e-07
 Reference value :  1.31661e-03
 Reference value :  2.59161e-03
No. of Data Rows : 3039
m_startup_time_s = 9.7349804613e-08
m_vref_final_v = 1.2171775354e+00
m_iq_total_final_ua = 4.5273117938e+01
m_iq_startup_branch_final_ua = 2.0790800000e+00
m_det_final_v = 1.1302698310e-02
m_t0_s = 9.2511553491e-07
m_t_settle_s = 1.0224653395e-06
Note: Simulation executed from .control section 

Warning: m=xx on .subckt line will override multiplier m hierarchy!

