
Note: Compatibility modes selected: hs a


Circuit: * startup @ ff_-40c_3.30v -- generated by sim/harness, do not edit

Doing analysis at TEMP = -40.000000 and TNOM = 27.000000

Using SPARSE 1.3 as Direct Linear Solver

Initial Transient Solution
--------------------------

Node                                   Voltage
----                                   -------
vdd                                          0
xtop.xx1.d1                        1.15097e-20
xtop.fb                            3.28654e-20
xtop.sns1                          -1.4513e-20
xtop.casc                         -2.94436e-62
xtop.xx1.d2                        4.69838e-21
xtop.sns2                          2.76589e-21
xtop.xx1.e2                        2.76589e-21
xtop.xx1.xr2.11                    2.76589e-21
xtop.xx1.xr2.21                    2.76589e-21
xtop.xx1.d3                       -4.86998e-19
vref                               5.49448e-19
xtop.xx1.e3                        5.49448e-19
xtop.xx1.xr1.11                    5.49448e-19
xtop.xx1.xr1.21                    5.49448e-19
xtop.xx1.d4                        6.53196e-27
xtop.ibias                        -1.17351e-24
xtop.xx2.nd1                       6.70889e-21
xtop.xx2.tail                     -2.47955e-20
xtop.vdd_su                                  0
xtop.xx3.det                                 0
xtop.xx3.xrpu.11                             0
xtop.xx3.xrpu.21                             0
v.xtop.vsu_sense#branch                      0
vsup#branch                       -4.93783e-31

 Reference value :  8.02452e-07
 Reference value :  1.30816e-03
 Reference value :  2.61716e-03
No. of Data Rows : 3033
m_startup_time_s = 2.4439387475e-07
m_vref_final_v = 1.2177766136e+00
m_iq_total_final_ua = 4.5112762341e+01
m_iq_startup_branch_final_ua = 1.8901182629e+00
m_det_final_v = 1.0195924116e-02
m_t0_s = 9.0348801935e-07
m_t_settle_s = 1.1478818941e-06
Note: Simulation executed from .control section 

Warning: m=xx on .subckt line will override multiplier m hierarchy!

