
Note: Compatibility modes selected: hs a


Circuit: * startup @ ff_125c_3.63v -- generated by sim/harness, do not edit

Doing analysis at TEMP = 125.000000 and TNOM = 27.000000

Using SPARSE 1.3 as Direct Linear Solver

Initial Transient Solution
--------------------------

Node                                   Voltage
----                                   -------
vdd                                          0
xtop.xx1.d1                       -1.36874e-15
xtop.fb                            8.73209e-15
xtop.sns1                          4.63473e-14
xtop.casc                         -2.49687e-19
xtop.xx1.d2                         7.7874e-14
xtop.sns2                         -3.91811e-15
xtop.xx1.e2                       -3.91811e-15
xtop.xx1.xr2.11                   -3.91811e-15
xtop.xx1.xr2.21                   -3.91811e-15
xtop.xx1.d3                        2.36785e-18
vref                               3.19921e-18
xtop.xx1.e3                         3.1992e-18
xtop.xx1.xr1.11                     3.1992e-18
xtop.xx1.xr1.21                    3.19921e-18
xtop.xx1.d4                       -1.48173e-18
xtop.ibias                         1.61005e-18
xtop.xx2.nd1                      -1.31535e-13
xtop.xx2.tail                      2.34776e-15
xtop.vdd_su                                  0
xtop.xx3.det                                 0
xtop.xx3.xrpu.11                             0
xtop.xx3.xrpu.21                             0
v.xtop.vsu_sense#branch                      0
vsup#branch                        -2.0115e-23

 Reference value :  4.69085e-05
 Reference value :  1.38991e-03
 Reference value :  2.79391e-03
No. of Data Rows : 3026
m_startup_time_s = 1.7043891484e-07
m_vref_final_v = 1.2344830124e+00
m_iq_total_final_ua = 7.5891658805e+01
m_iq_startup_branch_final_ua = 2.3908759790e+00
m_det_final_v = 1.4142110982e-02
m_t0_s = 9.1464474430e-07
m_t_settle_s = 1.0850836591e-06
Note: Simulation executed from .control section 

Warning: m=xx on .subckt line will override multiplier m hierarchy!

