
Note: Compatibility modes selected: hs a


Circuit: * startup @ ff_27c_3.63v -- generated by sim/harness, do not edit

Doing analysis at TEMP = 27.000000 and TNOM = 27.000000

Using SPARSE 1.3 as Direct Linear Solver

Initial Transient Solution
--------------------------

Node                                   Voltage
----                                   -------
vdd                                          0
xtop.xx1.d1                       -4.70146e-18
xtop.fb                           -4.70879e-19
xtop.sns1                          1.53017e-18
xtop.casc                         -2.42751e-18
xtop.xx1.d2                        -3.1963e-18
xtop.sns2                         -4.52151e-20
xtop.xx1.e2                       -4.52151e-20
xtop.xx1.xr2.11                   -4.52151e-20
xtop.xx1.xr2.21                   -4.52151e-20
xtop.xx1.d3                        1.81742e-18
vref                               1.68439e-20
xtop.xx1.e3                        1.68439e-20
xtop.xx1.xr1.11                    1.68439e-20
xtop.xx1.xr1.21                    1.68439e-20
xtop.xx1.d4                        2.17835e-21
xtop.ibias                         2.28746e-19
xtop.xx2.nd1                      -1.11378e-19
xtop.xx2.tail                     -2.57665e-19
xtop.vdd_su                                  0
xtop.xx3.det                      -3.8266e-284
xtop.xx3.xrpu.11                  -3.8266e-284
xtop.xx3.xrpu.21                   1.2795e-292
v.xtop.vsu_sense#branch          -2.99737e-294
vsup#branch                        -3.1569e-30

 Reference value :  6.15955e-07
 Reference value :  1.30999e-03
 Reference value :  2.57999e-03
No. of Data Rows : 3030
m_startup_time_s = 0.0000000000e+00
m_vref_final_v = 1.2271376834e+00
m_iq_total_final_ua = 5.8545707599e+01
m_iq_startup_branch_final_ua = 2.2315359726e+00
m_det_final_v = 1.2485066575e-02
m_t0_s = 9.2522664337e-07
m_t_settle_s = 9.2522664337e-07
Note: Simulation executed from .control section 

Warning: m=xx on .subckt line will override multiplier m hierarchy!

