
Note: Compatibility modes selected: hs a


Circuit: * startup @ fs_-40c_3.63v -- generated by sim/harness, do not edit

Doing analysis at TEMP = -40.000000 and TNOM = 27.000000

Using SPARSE 1.3 as Direct Linear Solver

Initial Transient Solution
--------------------------

Node                                   Voltage
----                                   -------
vdd                                          0
xtop.xx1.d1                        1.03903e-57
xtop.fb                           -1.98431e-20
xtop.sns1                          -1.0848e-59
xtop.casc                          2.59587e-97
xtop.xx1.d2                        1.00982e-57
xtop.sns2                         -1.04315e-59
xtop.xx1.e2                       -1.04315e-59
xtop.xx1.xr2.11                   -1.04315e-59
xtop.xx1.xr2.21                   -1.04315e-59
xtop.xx1.d3                       -4.54391e-57
vref                               4.14037e-59
xtop.xx1.e3                        4.14037e-59
xtop.xx1.xr1.11                    4.14037e-59
xtop.xx1.xr1.21                    4.14037e-59
xtop.xx1.d4                        2.77866e-40
xtop.ibias                        -1.76752e-35
xtop.xx2.nd1                      -2.95337e-20
xtop.xx2.tail                      3.27495e-20
xtop.vdd_su                                  0
xtop.xx3.det                                 0
xtop.xx3.xrpu.11                             0
xtop.xx3.xrpu.21                             0
v.xtop.vsu_sense#branch                      0
vsup#branch                       -4.53224e-32

 Reference value :  7.48492e-07
 Reference value :  1.28597e-03
 Reference value :  2.66097e-03
No. of Data Rows : 3036
m_startup_time_s = 2.9949802360e-07
m_vref_final_v = 1.2187804685e+00
m_iq_total_final_ua = 3.6369095214e+01
m_iq_startup_branch_final_ua = 1.6636725543e+00
m_det_final_v = 1.0474945576e-02
m_t0_s = 9.0191229358e-07
m_t_settle_s = 1.2014103172e-06
Note: Simulation executed from .control section 

Warning: m=xx on .subckt line will override multiplier m hierarchy!

