
Note: Compatibility modes selected: hs a


Circuit: * startup @ res_ss_27c_2.97v -- generated by sim/harness, do not edit

Doing analysis at TEMP = 27.000000 and TNOM = 27.000000

Using SPARSE 1.3 as Direct Linear Solver

Initial Transient Solution
--------------------------

Node                                   Voltage
----                                   -------
vdd                                          0
xtop.xx1.d1                       -5.62312e-22
xtop.fb                            2.76438e-19
xtop.sns1                          3.79678e-22
xtop.casc                         -3.53154e-27
xtop.xx1.d2                       -2.60148e-23
xtop.sns2                          1.73018e-23
xtop.xx1.e2                        1.73018e-23
xtop.xx1.xr2.11                    1.73018e-23
xtop.xx1.xr2.21                    1.73018e-23
xtop.xx1.d3                       -3.49659e-23
vref                               2.31609e-23
xtop.xx1.e3                        2.31609e-23
xtop.xx1.xr1.11                    2.31609e-23
xtop.xx1.xr1.21                    2.31609e-23
xtop.xx1.d4                       -3.35445e-17
xtop.ibias                         7.13689e-16
xtop.xx2.nd1                       1.12689e-18
xtop.xx2.tail                      3.41009e-19
xtop.vdd_su                                  0
xtop.xx3.det                                 0
xtop.xx3.xrpu.11                             0
xtop.xx3.xrpu.21                             0
v.xtop.vsu_sense#branch                      0
vsup#branch                        6.46264e-28

 Reference value :  9.31469e-07
 Reference value :  1.25565e-03
 Reference value :  2.61565e-03
No. of Data Rows : 3036
m_startup_time_s = 4.5928237238e-07
m_vref_final_v = 1.2264890165e+00
m_iq_total_final_ua = 3.8130100234e+01
m_iq_startup_branch_final_ua = 1.2178000957e+00
m_det_final_v = 8.8113283044e-03
m_t0_s = 9.3146941307e-07
m_t_settle_s = 1.3907517854e-06
Note: Simulation executed from .control section 

Warning: m=xx on .subckt line will override multiplier m hierarchy!

