
Note: Compatibility modes selected: hs a


Circuit: * startup @ res_ff_125c_3.30v -- generated by sim/harness, do not edit

Doing analysis at TEMP = 125.000000 and TNOM = 27.000000

Using SPARSE 1.3 as Direct Linear Solver

Initial Transient Solution
--------------------------

Node                                   Voltage
----                                   -------
vdd                                          0
xtop.xx1.d1                        3.74575e-18
xtop.fb                           -1.08013e-18
xtop.sns1                          -1.2273e-18
xtop.casc                         -1.84185e-18
xtop.xx1.d2                        8.77449e-19
xtop.sns2                           1.5819e-18
xtop.xx1.e2                         1.5819e-18
xtop.xx1.xr2.11                     1.5819e-18
xtop.xx1.xr2.21                     1.5819e-18
xtop.xx1.d3                         4.4318e-18
vref                               1.17965e-18
xtop.xx1.e3                        1.17965e-18
xtop.xx1.xr1.11                    1.17965e-18
xtop.xx1.xr1.21                    1.17965e-18
xtop.xx1.d4                         1.5086e-18
xtop.ibias                        -1.09197e-18
xtop.xx2.nd1                       9.51535e-20
xtop.xx2.tail                      1.44635e-18
xtop.vdd_su                                  0
xtop.xx3.det                      3.17911e-287
xtop.xx3.xrpu.11                  3.17905e-287
xtop.xx3.xrpu.21                  5.77088e-292
v.xtop.vsu_sense#branch          -2.10223e-293
vsup#branch                        1.39442e-28

 Reference value :  5.21795e-07
 Reference value :  1.19619e-03
 Reference value :  2.52819e-03
No. of Data Rows : 3033
m_startup_time_s = 1.0722596318e-06
m_vref_final_v = 1.2435195901e+00
m_iq_total_final_ua = 7.4403303670e+01
m_iq_startup_branch_final_ua = 2.1733590397e+00
m_det_final_v = 1.3105364596e-02
m_t0_s = 9.0907463918e-07
m_t_settle_s = 1.9813342710e-06
Note: Simulation executed from .control section 

Warning: m=xx on .subckt line will override multiplier m hierarchy!

