
Note: Compatibility modes selected: hs a


Circuit: * startup @ res_ss_125c_3.63v -- generated by sim/harness, do not edit

Doing analysis at TEMP = 125.000000 and TNOM = 27.000000

Using SPARSE 1.3 as Direct Linear Solver

Initial Transient Solution
--------------------------

Node                                   Voltage
----                                   -------
vdd                                          0
xtop.xx1.d1                        2.92592e-14
xtop.fb                            3.41371e-18
xtop.sns1                         -2.34728e-15
xtop.casc                          4.02746e-19
xtop.xx1.d2                        6.86079e-17
xtop.sns2                         -2.09388e-18
xtop.xx1.e2                       -2.09388e-18
xtop.xx1.xr2.11                   -2.09388e-18
xtop.xx1.xr2.21                   -2.09388e-18
xtop.xx1.d3                       -1.15258e-18
vref                               7.94557e-19
xtop.xx1.e3                        7.94557e-19
xtop.xx1.xr1.11                    7.94557e-19
xtop.xx1.xr1.21                    7.94557e-19
xtop.xx1.d4                         8.5549e-21
xtop.ibias                        -1.04015e-18
xtop.xx2.nd1                       -5.3377e-18
xtop.xx2.tail                      7.39471e-19
xtop.vdd_su                                  0
xtop.xx3.det                     -4.80203e-309
xtop.xx3.xrpu.11                 -4.80197e-309
xtop.xx3.xrpu.21                  -5.8108e-314
v.xtop.vsu_sense#branch           2.11677e-315
vsup#branch                        1.01156e-25

 Reference value :  1.00367e-06
 Reference value :  1.30295e-03
 Reference value :  2.62795e-03
No. of Data Rows : 3029
m_startup_time_s = 9.2465497401e-07
m_vref_final_v = 1.2298824205e+00
m_iq_total_final_ua = 4.9972038963e+01
m_iq_startup_branch_final_ua = 1.5947456209e+00
m_det_final_v = 1.2306857296e-02
m_t0_s = 9.0300935797e-07
m_t_settle_s = 1.8276643320e-06
Note: Simulation executed from .control section 

Warning: m=xx on .subckt line will override multiplier m hierarchy!

