
Note: Compatibility modes selected: hs a


Circuit: * startup @ sf_125c_3.30v -- generated by sim/harness, do not edit

Doing analysis at TEMP = 125.000000 and TNOM = 27.000000

Using SPARSE 1.3 as Direct Linear Solver

Initial Transient Solution
--------------------------

Node                                   Voltage
----                                   -------
vdd                                          0
xtop.xx1.d1                        1.95014e-36
xtop.fb                            4.75589e-19
xtop.sns1                           5.8897e-36
xtop.casc                          9.42381e-19
xtop.xx1.d2                         1.7023e-29
xtop.sns2                          3.01639e-29
xtop.xx1.e2                        3.01639e-29
xtop.xx1.xr2.11                    3.01639e-29
xtop.xx1.xr2.21                    3.01639e-29
xtop.xx1.d3                       -2.11375e-15
vref                               4.25154e-14
xtop.xx1.e3                        4.25153e-14
xtop.xx1.xr1.11                    4.25153e-14
xtop.xx1.xr1.21                    4.25154e-14
xtop.xx1.d4                       -2.42043e-25
xtop.ibias                        -4.55044e-25
xtop.xx2.nd1                       5.08782e-19
xtop.xx2.tail                      -6.2759e-18
xtop.vdd_su                                  0
xtop.xx3.det                                 0
xtop.xx3.xrpu.11                             0
xtop.xx3.xrpu.21                             0
v.xtop.vsu_sense#branch                      0
vsup#branch                       -5.11219e-25

 Reference value :  1.73522e-06
 Reference value :  1.36870e-03
 Reference value :  2.70370e-03
No. of Data Rows : 3027
m_startup_time_s = 2.7023247886e-06
m_vref_final_v = 1.2329913854e+00
m_iq_total_final_ua = 5.8912244319e+01
m_iq_startup_branch_final_ua = 1.7391965362e+00
m_det_final_v = 1.2166423594e-02
m_t0_s = 1.0000000000e-06
m_t_settle_s = 3.7023247886e-06
Note: Simulation executed from .control section 

Warning: m=xx on .subckt line will override multiplier m hierarchy!

