
Note: Compatibility modes selected: hs a


Circuit: * startup @ ss_27c_3.30v -- generated by sim/harness, do not edit

Doing analysis at TEMP = 27.000000 and TNOM = 27.000000

Using SPARSE 1.3 as Direct Linear Solver

Initial Transient Solution
--------------------------

Node                                   Voltage
----                                   -------
vdd                                          0
xtop.xx1.d1                        1.57881e-20
xtop.fb                           -6.00123e-18
xtop.sns1                         -1.15397e-19
xtop.casc                         -7.16284e-20
xtop.xx1.d2                       -2.63695e-20
xtop.sns2                         -9.54862e-21
xtop.xx1.e2                       -9.54862e-21
xtop.xx1.xr2.11                   -9.54862e-21
xtop.xx1.xr2.21                   -9.54862e-21
xtop.xx1.d3                        4.93082e-20
vref                               2.36484e-21
xtop.xx1.e3                        2.36484e-21
xtop.xx1.xr1.11                    2.36484e-21
xtop.xx1.xr1.21                    2.36484e-21
xtop.xx1.d4                       -7.89104e-21
xtop.ibias                         3.92826e-19
xtop.xx2.nd1                      -7.53878e-17
xtop.xx2.tail                      5.38746e-17
xtop.vdd_su                                  0
xtop.xx3.det                     -3.53479e-217
xtop.xx3.xrpu.11                 -3.53479e-217
xtop.xx3.xrpu.21                  7.23883e-225
v.xtop.vsu_sense#branch          -1.69578e-226
vsup#branch                       -8.15162e-29

 Reference value :  1.66998e-06
 Reference value :  1.34592e-03
 Reference value :  2.65192e-03
No. of Data Rows : 3038
m_startup_time_s = 1.4131947208e-06
m_vref_final_v = 1.2315167101e+00
m_iq_total_final_ua = 3.7318402390e+01
m_iq_startup_branch_final_ua = 1.3529897805e+00
m_det_final_v = 1.0085649331e-02
m_t0_s = 9.3354876079e-07
m_t_settle_s = 2.3467434816e-06
Note: Simulation executed from .control section 

Warning: m=xx on .subckt line will override multiplier m hierarchy!

