
Note: Compatibility modes selected: hs a


Circuit: * startup @ tt_27c_2.97v -- generated by sim/harness, do not edit

Doing analysis at TEMP = 27.000000 and TNOM = 27.000000

Using SPARSE 1.3 as Direct Linear Solver

Initial Transient Solution
--------------------------

Node                                   Voltage
----                                   -------
vdd                                          0
xtop.xx1.d1                       -5.84726e-17
xtop.fb                           -7.66721e-15
xtop.sns1                          4.82228e-18
xtop.casc                         -8.12972e-28
xtop.xx1.d2                       -2.23896e-15
xtop.sns2                          2.55916e-15
xtop.xx1.e2                        2.55916e-15
xtop.xx1.xr2.11                    2.55916e-15
xtop.xx1.xr2.21                    2.55916e-15
xtop.xx1.d3                       -6.18355e-16
vref                               4.43563e-16
xtop.xx1.e3                        4.43563e-16
xtop.xx1.xr1.11                    4.43563e-16
xtop.xx1.xr1.21                    4.43563e-16
xtop.xx1.d4                       -2.29847e-14
xtop.ibias                         4.86016e-13
xtop.xx2.nd1                        1.7379e-14
xtop.xx2.tail                      4.04308e-15
xtop.vdd_su                                  0
xtop.xx3.det                                 0
xtop.xx3.xrpu.11                             0
xtop.xx3.xrpu.21                             0
v.xtop.vsu_sense#branch                      0
vsup#branch                        4.45987e-25

 Reference value :  8.57736e-07
 Reference value :  1.31597e-03
 Reference value :  2.60297e-03
No. of Data Rows : 3032
m_startup_time_s = 3.4397847361e-07
m_vref_final_v = 1.2295727049e+00
m_iq_total_final_ua = 4.5581803543e+01
m_iq_startup_branch_final_ua = 1.4610324356e+00
m_det_final_v = 9.4545232167e-03
m_t0_s = 9.2096827208e-07
m_t_settle_s = 1.2649467457e-06
Note: Simulation executed from .control section 

Warning: m=xx on .subckt line will override multiplier m hierarchy!

