
Note: Compatibility modes selected: hs a


Circuit: * core-mirror-sensitivity @ bjt_ss_27c_3.30v -- generated by sim/harness, do not edit

Doing analysis at TEMP = 27.000000 and TNOM = 27.000000

Using SPARSE 1.3 as Direct Linear Solver
 Reference value : -2.00000e-03
No. of Data Rows : 2
Doing analysis at TEMP = 27.000000 and TNOM = 27.000000

Using SPARSE 1.3 as Direct Linear Solver

No. of Data Rows : 2
Doing analysis at TEMP = 27.000000 and TNOM = 27.000000

Using SPARSE 1.3 as Direct Linear Solver

No. of Data Rows : 2
Doing analysis at TEMP = 27.000000 and TNOM = 27.000000

Using SPARSE 1.3 as Direct Linear Solver
 Reference value :  2.00000e-03
No. of Data Rows : 2
Doing analysis at TEMP = 27.000000 and TNOM = 27.000000

Using SPARSE 1.3 as Direct Linear Solver

No. of Data Rows : 2
Doing analysis at TEMP = 27.000000 and TNOM = 27.000000

Using SPARSE 1.3 as Direct Linear Solver

No. of Data Rows : 1
m_dvref_dvos_m_servo = 6.4633759217e+00
m_dvref_dvos_m_vref = -3.647186959e+00
m_dvref_dvos_m_ibias = -6.801748026e-05
m_dvref_dvos_mc_vref = -1.328067933e-02
m_dvref_dvos_m_sns1 = -2.817346522e+00
m_dvref_dvos_m_sum = -1.225576352e-03
m_margin_m1_mv = 1.6928844569e+02
m_margin_mc1_mv = 1.9778457533e+03
m_margin_m4_mv = 1.6929745282e+02
m_margin_mc4_mv = 1.9514493978e+03
m_margin_mcb_mv = 1.0067377192e+03
m_v_ibias_op = 7.5833747289e-01
m_amp_tail_ua = 2.7902073845e+00
Note: Simulation executed from .control section 

Warning: m=xx on .subckt line will override multiplier m hierarchy!

