
Note: Compatibility modes selected: hs a


Circuit: * core-mirror-sensitivity @ tt_27c_3.63v -- generated by sim/harness, do not edit

Doing analysis at TEMP = 27.000000 and TNOM = 27.000000

Using SPARSE 1.3 as Direct Linear Solver
 Reference value : -2.00000e-03
 Reference value :  2.00000e-03
No. of Data Rows : 2
Doing analysis at TEMP = 27.000000 and TNOM = 27.000000

Using SPARSE 1.3 as Direct Linear Solver
 Reference value : -2.00000e-03
 Reference value :  2.00000e-03
No. of Data Rows : 2
Doing analysis at TEMP = 27.000000 and TNOM = 27.000000

Using SPARSE 1.3 as Direct Linear Solver
 Reference value : -2.00000e-03
 Reference value :  2.00000e-03
No. of Data Rows : 2
Doing analysis at TEMP = 27.000000 and TNOM = 27.000000

Using SPARSE 1.3 as Direct Linear Solver
 Reference value : -2.00000e-03
 Reference value :  2.00000e-03
No. of Data Rows : 2
Doing analysis at TEMP = 27.000000 and TNOM = 27.000000

Using SPARSE 1.3 as Direct Linear Solver
 Reference value : -2.00000e-03
 Reference value :  2.00000e-03
No. of Data Rows : 2
Doing analysis at TEMP = 27.000000 and TNOM = 27.000000

Using SPARSE 1.3 as Direct Linear Solver
 Reference value :  0.00000e+00
No. of Data Rows : 1
m_dvref_dvos_m_servo = 6.5133112584e+00
m_dvref_dvos_m_vref = -3.647773253e+00
m_dvref_dvos_m_ibias = -1.191397284e-04
m_dvref_dvos_mc_vref = -1.292525372e-02
m_dvref_dvos_m_sns1 = -2.865724614e+00
m_dvref_dvos_m_sum = -3.057483317e-04
m_margin_m1_mv = 1.7159621882e+02
m_margin_mc1_mv = 2.3143981056e+03
m_margin_m4_mv = 1.7160370587e+02
m_margin_mc4_mv = 2.2791396051e+03
m_margin_mcb_mv = 1.0077126208e+03
m_v_ibias_op = 7.5834165879e-01
m_amp_tail_ua = 2.7752460426e+00
Note: Simulation executed from .control section 

Warning: m=xx on .subckt line will override multiplier m hierarchy!

Note: Starting dynamic gmin stepping
Note: Dynamic gmin stepping completed
Note: Starting dynamic gmin stepping
Note: Dynamic gmin stepping completed
Note: Starting dynamic gmin stepping
Note: Dynamic gmin stepping completed
Note: Starting dynamic gmin stepping
Note: Dynamic gmin stepping completed
Note: Starting dynamic gmin stepping
Note: Dynamic gmin stepping completed
Note: Starting dynamic gmin stepping
Note: Dynamic gmin stepping completed
Note: Starting dynamic gmin stepping
Note: Dynamic gmin stepping completed
Note: Starting dynamic gmin stepping
Note: Dynamic gmin stepping completed
Note: Starting dynamic gmin stepping
Note: Dynamic gmin stepping completed
Note: Starting dynamic gmin stepping
Note: Dynamic gmin stepping completed
Note: Starting dynamic gmin stepping
Note: Dynamic gmin stepping completed
