
Note: Compatibility modes selected: hs a


Circuit: * startup @ ff_-40c_3.63v -- generated by sim/harness, do not edit

Doing analysis at TEMP = -40.000000 and TNOM = 27.000000

Using SPARSE 1.3 as Direct Linear Solver

Initial Transient Solution
--------------------------

Node                                   Voltage
----                                   -------
vdd                                          0
xtop.xx1.d1                       -1.47337e-20
xtop.fb                            -3.1878e-15
xtop.sns1                          1.84867e-20
xtop.casc                          2.53126e-34
xtop.xx1.d2                       -2.57632e-15
xtop.sns2                          2.65672e-15
xtop.xx1.e2                        2.65672e-15
xtop.xx1.xr2.11                    2.65672e-15
xtop.xx1.xr2.21                    2.65672e-15
xtop.xx1.d3                        2.68144e-20
vref                               8.14109e-21
xtop.xx1.e3                        8.14109e-21
xtop.xx1.xr1.11                    8.14109e-21
xtop.xx1.xr1.21                    8.14109e-21
xtop.xx1.d4                       -1.24129e-30
xtop.ibias                          2.2594e-28
xtop.xx2.nd1                       4.97083e-14
xtop.xx2.tail                     -2.96688e-14
xtop.vdd_su                                  0
xtop.xx3.det                      7.02127e-282
xtop.xx3.xrpu.11                  7.02127e-282
xtop.xx3.xrpu.21                 -5.63021e-292
v.xtop.vsu_sense#branch           7.66233e-294
vsup#branch                        4.39557e-26

 Reference value :  0.00000e+00
 Reference value :  1.01603e-03
 Reference value :  2.29003e-03
No. of Data Rows : 3058
m_startup_time_s = 3.5397217697e-06
m_vref_final_v = 1.2137432029e+00
m_iq_total_final_ua = 4.5144571615e+01
m_iq_startup_branch_final_ua = 2.0790413783e+00
m_det_final_v = 1.1369920484e-02
m_t0_s = 9.1508893639e-07
m_t_settle_s = 4.4548107061e-06
Note: Simulation executed from .control section 

Warning: m=xx on .subckt line will override multiplier m hierarchy!

