
Note: Compatibility modes selected: hs a


Circuit: * startup @ fs_125c_2.97v -- generated by sim/harness, do not edit

Doing analysis at TEMP = 125.000000 and TNOM = 27.000000

Using SPARSE 1.3 as Direct Linear Solver

Initial Transient Solution
--------------------------

Node                                   Voltage
----                                   -------
vdd                                          0
xtop.xx1.d1                        -2.1303e-19
xtop.fb                             2.0075e-18
xtop.sns1                          4.81758e-18
xtop.casc                         -1.51812e-18
xtop.xx1.d2                        2.11963e-18
xtop.sns2                          1.15179e-18
xtop.xx1.e2                        1.15179e-18
xtop.xx1.xr2.11                    1.15179e-18
xtop.xx1.xr2.21                    1.15179e-18
xtop.xx1.d3                       -1.90024e-18
vref                                1.7414e-17
xtop.xx1.e3                         1.7414e-17
xtop.xx1.xr1.11                     1.7414e-17
xtop.xx1.xr1.21                     1.7414e-17
xtop.xx1.d4                        3.29437e-18
xtop.ibias                         7.99133e-18
xtop.xx2.nd1                       1.19031e-18
xtop.xx2.tail                      1.26134e-18
xtop.vdd_su                                  0
xtop.xx3.det                      1.81794e-288
xtop.xx3.xrpu.11                  1.81791e-288
xtop.xx3.xrpu.21                  2.63988e-293
v.xtop.vsu_sense#branch          -9.61664e-295
vsup#branch                        5.85655e-28

 Reference value :  2.00000e-08
 Reference value :  1.11338e-03
 Reference value :  2.37038e-03
No. of Data Rows : 3036
m_startup_time_s = 2.9627863372e-06
m_vref_final_v = 1.2397410077e+00
m_iq_total_final_ua = 6.2015936099e+01
m_iq_startup_branch_final_ua = 1.5654842694e+00
m_det_final_v = 1.0557730338e-02
m_t0_s = 9.6907772876e-07
m_t_settle_s = 3.9318640659e-06
Note: Simulation executed from .control section 

Warning: m=xx on .subckt line will override multiplier m hierarchy!

