
Note: Compatibility modes selected: hs a


Circuit: * startup @ res_ss_125c_3.30v -- generated by sim/harness, do not edit

Doing analysis at TEMP = 125.000000 and TNOM = 27.000000

Using SPARSE 1.3 as Direct Linear Solver

Initial Transient Solution
--------------------------

Node                                   Voltage
----                                   -------
vdd                                          0
xtop.xx1.d1                       -4.16638e-19
xtop.fb                           -6.27809e-16
xtop.sns1                          2.98983e-20
xtop.casc                         -3.68291e-19
xtop.xx1.d2                       -4.59894e-16
xtop.sns2                          4.59261e-15
xtop.xx1.e2                        4.59261e-15
xtop.xx1.xr2.11                    4.59261e-15
xtop.xx1.xr2.21                    4.59261e-15
xtop.xx1.d3                        2.04203e-19
vref                              -1.39939e-18
xtop.xx1.e3                       -1.39939e-18
xtop.xx1.xr1.11                   -1.39939e-18
xtop.xx1.xr1.21                   -1.39939e-18
xtop.xx1.d4                        7.38589e-19
xtop.ibias                         1.64379e-18
xtop.xx2.nd1                        7.4589e-15
xtop.xx2.tail                     -2.17611e-15
xtop.vdd_su                                  0
xtop.xx3.det                      1.84409e-243
xtop.xx3.xrpu.11                  1.84407e-243
xtop.xx3.xrpu.21                  2.23155e-248
v.xtop.vsu_sense#branch          -8.12916e-250
vsup#branch                         4.1642e-25

 Reference value :  1.60000e-07
 Reference value :  1.13988e-03
 Reference value :  2.34488e-03
No. of Data Rows : 3033
m_startup_time_s = 3.0962309026e-06
m_vref_final_v = 1.2326815195e+00
m_iq_total_final_ua = 5.1210822749e+01
m_iq_startup_branch_final_ua = 1.4498005215e+00
m_det_final_v = 1.1115969616e-02
m_t0_s = 1.0000000000e-06
m_t_settle_s = 4.0962309026e-06
Note: Simulation executed from .control section 

Warning: m=xx on .subckt line will override multiplier m hierarchy!

