
Note: Compatibility modes selected: hs a


Circuit: * startup @ res_ss_-40c_3.30v -- generated by sim/harness, do not edit

Doing analysis at TEMP = -40.000000 and TNOM = 27.000000

Using SPARSE 1.3 as Direct Linear Solver

Initial Transient Solution
--------------------------

Node                                   Voltage
----                                   -------
vdd                                          0
xtop.xx1.d1                       -1.68417e-23
xtop.fb                            1.91252e-21
xtop.sns1                          9.19305e-25
xtop.casc                          1.04554e-61
xtop.xx1.d2                        9.45122e-24
xtop.sns2                          1.39299e-24
xtop.xx1.e2                        1.39299e-24
xtop.xx1.xr2.11                    1.39299e-24
xtop.xx1.xr2.21                    1.39299e-24
xtop.xx1.d3                       -7.08071e-24
vref                              -2.52867e-24
xtop.xx1.e3                       -2.52867e-24
xtop.xx1.xr1.11                   -2.52867e-24
xtop.xx1.xr1.21                   -2.52867e-24
xtop.xx1.d4                        2.00184e-54
xtop.ibias                        -4.84903e-52
xtop.xx2.nd1                       2.95948e-20
xtop.xx2.tail                     -6.50245e-21
xtop.vdd_su                                  0
xtop.xx3.det                     -1.90307e-298
xtop.xx3.xrpu.11                 -1.90307e-298
xtop.xx3.xrpu.21                  1.40315e-308
v.xtop.vsu_sense#branch          -1.90959e-310
vsup#branch                       -1.34256e-32

 Reference value :  0.00000e+00
 Reference value :  9.58444e-04
 Reference value :  2.19544e-03
No. of Data Rows : 3058
m_startup_time_s = 2.5510249940e-05
m_vref_final_v = 1.2137484045e+00
m_iq_total_final_ua = 2.8979163299e+01
m_iq_startup_branch_final_ua = 1.2605752714e+00
m_det_final_v = 8.9924758789e-03
m_t0_s = 9.3350596323e-07
m_t_settle_s = 2.6443755903e-05
Note: Simulation executed from .control section 

Warning: m=xx on .subckt line will override multiplier m hierarchy!

