
Note: Compatibility modes selected: hs a


Circuit: * startup @ sf_125c_3.63v -- generated by sim/harness, do not edit

Doing analysis at TEMP = 125.000000 and TNOM = 27.000000

Using SPARSE 1.3 as Direct Linear Solver

Initial Transient Solution
--------------------------

Node                                   Voltage
----                                   -------
vdd                                          0
xtop.xx1.d1                       -1.36151e-42
xtop.fb                           -1.16325e-18
xtop.sns1                         -2.43439e-42
xtop.casc                         -5.07832e-20
xtop.xx1.d2                       -8.02712e-35
xtop.sns2                         -1.42846e-34
xtop.xx1.e2                       -1.42846e-34
xtop.xx1.xr2.11                   -1.42846e-34
xtop.xx1.xr2.21                   -1.42846e-34
xtop.xx1.d3                        1.11059e-16
vref                              -2.98021e-18
xtop.xx1.e3                        -2.9802e-18
xtop.xx1.xr1.11                    -2.9802e-18
xtop.xx1.xr1.21                   -2.98021e-18
xtop.xx1.d4                        6.76204e-28
xtop.ibias                         1.27127e-27
xtop.xx2.nd1                      -5.22699e-19
xtop.xx2.tail                     -3.33927e-18
xtop.vdd_su                                  0
xtop.xx3.det                                 0
xtop.xx3.xrpu.11                             0
xtop.xx3.xrpu.21                             0
v.xtop.vsu_sense#branch                      0
vsup#branch                        3.05676e-28

 Reference value :  0.00000e+00
 Reference value :  1.18677e-03
 Reference value :  2.39877e-03
No. of Data Rows : 3031
m_startup_time_s = 2.0051191026e-06
m_vref_final_v = 1.2277952612e+00
m_iq_total_final_ua = 5.9741764647e+01
m_iq_startup_branch_final_ua = 1.9130545655e+00
m_det_final_v = 1.3499562559e-02
m_t0_s = 9.2715211747e-07
m_t_settle_s = 2.9322712201e-06
Note: Simulation executed from .control section 

Warning: m=xx on .subckt line will override multiplier m hierarchy!

