
Note: Compatibility modes selected: hs a


Circuit: * startup @ sf_27c_3.30v -- generated by sim/harness, do not edit

Doing analysis at TEMP = 27.000000 and TNOM = 27.000000

Using SPARSE 1.3 as Direct Linear Solver

Initial Transient Solution
--------------------------

Node                                   Voltage
----                                   -------
vdd                                          0
xtop.xx1.d1                        2.77532e-18
xtop.fb                            2.68824e-19
xtop.sns1                         -1.14581e-18
xtop.casc                         -2.13317e-26
xtop.xx1.d2                        5.95284e-19
xtop.sns2                          1.76372e-19
xtop.xx1.e2                        1.76372e-19
xtop.xx1.xr2.11                    1.76372e-19
xtop.xx1.xr2.21                    1.76372e-19
xtop.xx1.d3                       -1.37991e-14
vref                               2.62046e-14
xtop.xx1.e3                        2.62046e-14
xtop.xx1.xr1.11                    2.62046e-14
xtop.xx1.xr1.21                    2.62046e-14
xtop.xx1.d4                       -1.39119e-20
xtop.ibias                         1.38468e-20
xtop.xx2.nd1                       1.46437e-18
xtop.xx2.tail                      -1.3218e-19
xtop.vdd_su                                  0
xtop.xx3.det                                 0
xtop.xx3.xrpu.11                             0
xtop.xx3.xrpu.21                             0
v.xtop.vsu_sense#branch                      0
vsup#branch                       -2.59282e-26

 Reference value :  0.00000e+00
 Reference value :  1.09467e-03
 Reference value :  2.36167e-03
No. of Data Rows : 3045
m_startup_time_s = 2.1267179518e-06
m_vref_final_v = 1.2256011877e+00
m_iq_total_final_ua = 4.6355127380e+01
m_iq_startup_branch_final_ua = 1.6232517054e+00
m_det_final_v = 1.0743459953e-02
m_t0_s = 9.2162069920e-07
m_t_settle_s = 3.0483386510e-06
Note: Simulation executed from .control section 

Warning: m=xx on .subckt line will override multiplier m hierarchy!

