
Note: Compatibility modes selected: hs a


Circuit: * startup @ tt_125c_3.30v -- generated by sim/harness, do not edit

Doing analysis at TEMP = 125.000000 and TNOM = 27.000000

Using SPARSE 1.3 as Direct Linear Solver

Initial Transient Solution
--------------------------

Node                                   Voltage
----                                   -------
vdd                                          0
xtop.xx1.d1                        1.93334e-18
xtop.fb                           -1.37643e-18
xtop.sns1                          6.63447e-19
xtop.casc                         -3.83281e-19
xtop.xx1.d2                        8.61518e-18
xtop.sns2                          -8.9024e-19
xtop.xx1.e2                        -8.9024e-19
xtop.xx1.xr2.11                    -8.9024e-19
xtop.xx1.xr2.21                    -8.9024e-19
xtop.xx1.d3                       -4.84735e-19
vref                              -2.67138e-19
xtop.xx1.e3                       -2.67139e-19
xtop.xx1.xr1.11                   -2.67139e-19
xtop.xx1.xr1.21                   -2.67138e-19
xtop.xx1.d4                       -1.84341e-18
xtop.ibias                         4.28992e-19
xtop.xx2.nd1                       2.88805e-19
xtop.xx2.tail                      1.76432e-19
xtop.vdd_su                                  0
xtop.xx3.det                     -2.76552e-183
xtop.xx3.xrpu.11                 -2.76548e-183
xtop.xx3.xrpu.21                 -4.01586e-188
v.xtop.vsu_sense#branch           1.46291e-189
vsup#branch                        1.36362e-28

 Reference value :  0.00000e+00
 Reference value :  1.12734e-03
 Reference value :  2.39734e-03
No. of Data Rows : 3031
m_startup_time_s = 1.8267525746e-06
m_vref_final_v = 1.2372318239e+00
m_iq_total_final_ua = 6.1289691625e+01
m_iq_startup_branch_final_ua = 1.7393050945e+00
m_det_final_v = 1.1961201369e-02
m_t0_s = 9.6497989859e-07
m_t_settle_s = 2.7917324732e-06
Note: Simulation executed from .control section 

Warning: m=xx on .subckt line will override multiplier m hierarchy!

