
Note: Compatibility modes selected: hs a


Circuit: * psrr-dc @ bjt_ff_-40c_3.63v -- generated by sim/harness, do not edit

Doing analysis at TEMP = -40.000000 and TNOM = 27.000000

Using SPARSE 1.3 as Direct Linear Solver
 Reference value :  0.00000e+00
No. of Data Rows : 1
Doing analysis at TEMP = -40.000000 and TNOM = 27.000000

Using SPARSE 1.3 as Direct Linear Solver

No. of Data Rows : 161
     * psrr-dc @ bjt_ff_-40c_3.63v -- generated by sim/harness, do not edit
     AC Analysis  Sat Aug  1 01:55:06  2026
--------------------------------------------------------------------------------
Index   frequency       psrr_db         
--------------------------------------------------------------------------------
0	1.0000000000e-01	4.7487923313e+01	
1	1.1220184543e-01	4.7487923313e+01	
2	1.2589254118e-01	4.7487923313e+01	
3	1.4125375446e-01	4.7487923313e+01	
4	1.5848931925e-01	4.7487923313e+01	
5	1.7782794100e-01	4.7487923313e+01	
6	1.9952623150e-01	4.7487923313e+01	
7	2.2387211386e-01	4.7487923313e+01	
8	2.5118864315e-01	4.7487923313e+01	
9	2.8183829313e-01	4.7487923313e+01	
10	3.1622776602e-01	4.7487923313e+01	
11	3.5481338923e-01	4.7487923313e+01	
12	3.9810717055e-01	4.7487923313e+01	
13	4.4668359215e-01	4.7487923313e+01	
14	5.0118723363e-01	4.7487923313e+01	
15	5.6234132519e-01	4.7487923313e+01	
16	6.3095734448e-01	4.7487923313e+01	
17	7.0794578438e-01	4.7487923313e+01	
18	7.9432823472e-01	4.7487923313e+01	
19	8.9125093813e-01	4.7487923314e+01	
20	1.0000000000e+00	4.7487923314e+01	
21	1.1220184543e+00	4.7487923314e+01	
22	1.2589254118e+00	4.7487923315e+01	
23	1.4125375446e+00	4.7487923315e+01	
24	1.5848931925e+00	4.7487923316e+01	
25	1.7782794100e+00	4.7487923317e+01	
26	1.9952623150e+00	4.7487923318e+01	
27	2.2387211386e+00	4.7487923319e+01	
28	2.5118864315e+00	4.7487923321e+01	
29	2.8183829313e+00	4.7487923323e+01	
30	3.1622776602e+00	4.7487923325e+01	
31	3.5481338923e+00	4.7487923328e+01	
32	3.9810717055e+00	4.7487923333e+01	
33	4.4668359215e+00	4.7487923338e+01	
34	5.0118723363e+00	4.7487923344e+01	
35	5.6234132519e+00	4.7487923352e+01	
36	6.3095734448e+00	4.7487923363e+01	
37	7.0794578438e+00	4.7487923376e+01	
38	7.9432823472e+00	4.7487923392e+01	
39	8.9125093813e+00	4.7487923412e+01	
40	1.0000000000e+01	4.7487923438e+01	
41	1.1220184543e+01	4.7487923471e+01	
42	1.2589254118e+01	4.7487923512e+01	
43	1.4125375446e+01	4.7487923563e+01	
44	1.5848931925e+01	4.7487923628e+01	
45	1.7782794100e+01	4.7487923710e+01	
46	1.9952623150e+01	4.7487923813e+01	
47	2.2387211386e+01	4.7487923942e+01	
48	2.5118864315e+01	4.7487924105e+01	
49	2.8183829313e+01	4.7487924310e+01	
50	3.1622776602e+01	4.7487924569e+01	
51	3.5481338923e+01	4.7487924894e+01	
52	3.9810717055e+01	4.7487925303e+01	
53	4.4668359215e+01	4.7487925819e+01	
54	5.0118723363e+01	4.7487909811e+01	

Index   frequency       psrr_db         
--------------------------------------------------------------------------------
55	5.6234132519e+01	4.7487910627e+01	
56	6.3095734448e+01	4.7487911656e+01	
57	7.0794578438e+01	4.7487912950e+01	
58	7.9432823472e+01	4.7487914580e+01	
59	8.9125093813e+01	4.7487916632e+01	
60	1.0000000000e+02	4.7487919215e+01	
61	1.1220184543e+02	4.7487922467e+01	
62	1.2589254118e+02	4.7487909904e+01	
63	1.4125375446e+02	4.7487915059e+01	
64	1.5848931925e+02	4.7487921547e+01	
65	1.7782794100e+02	4.7487913059e+01	
66	1.9952623150e+02	4.7487906686e+01	
67	2.2387211386e+02	4.7487902975e+01	
68	2.5118864315e+02	4.7487902617e+01	
69	2.8183829313e+02	4.7487906479e+01	
70	3.1622776602e+02	4.7487898997e+01	
71	3.5481338923e+02	4.7487898203e+01	
72	3.9810717055e+02	4.7487889172e+01	
73	4.4668359215e+02	4.7487890742e+01	
74	5.0118723363e+02	4.7487872344e+01	
75	5.6234132519e+02	4.7487870746e+01	
76	6.3095734448e+02	4.7487856985e+01	
77	7.0794578438e+02	4.7487836537e+01	
78	7.9432823472e+02	4.7487832955e+01	
79	8.9125093813e+02	4.7487804946e+01	
80	1.0000000000e+03	4.7487780094e+01	
81	1.1220184543e+03	4.7487738843e+01	
82	1.2589254118e+03	4.7487681854e+01	
83	1.4125375446e+03	4.7487630928e+01	
84	1.5848931925e+03	4.7487546887e+01	
85	1.7782794100e+03	4.7487464284e+01	
86	1.9952623150e+03	4.7487326683e+01	
87	2.2387211386e+03	4.7487172189e+01	
88	2.5118864315e+03	4.7486986614e+01	
89	2.8183829313e+03	4.7486756521e+01	
90	3.1622776602e+03	4.7486441427e+01	
91	3.5481338923e+03	4.7486062299e+01	
92	3.9810717055e+03	4.7485592600e+01	
93	4.4668359215e+03	4.7484983727e+01	
94	5.0118723363e+03	4.7484293471e+01	
95	5.6234132519e+03	4.7483334771e+01	
96	6.3095734448e+03	4.7482142939e+01	
97	7.0794578438e+03	4.7480615901e+01	
98	7.9432823472e+03	4.7478710727e+01	
99	8.9125093813e+03	4.7476379576e+01	
100	1.0000000000e+04	4.7473366609e+01	
101	1.1220184543e+04	4.7469632591e+01	
102	1.2589254118e+04	4.7464845797e+01	
103	1.4125375446e+04	4.7458890038e+01	
104	1.5848931925e+04	4.7451399526e+01	
105	1.7782794100e+04	4.7441955174e+01	
106	1.9952623150e+04	4.7430119881e+01	
107	2.2387211386e+04	4.7415239887e+01	
108	2.5118864315e+04	4.7396556066e+01	
109	2.8183829313e+04	4.7373044428e+01	
110	3.1622776602e+04	4.7343567951e+01	
111	3.5481338923e+04	4.7306640078e+01	
112	3.9810717055e+04	4.7260411011e+01	

Index   frequency       psrr_db         
--------------------------------------------------------------------------------
113	4.4668359215e+04	4.7202572448e+01	
114	5.0118723363e+04	4.7130348007e+01	
115	5.6234132519e+04	4.7040455900e+01	
116	6.3095734448e+04	4.6928691127e+01	
117	7.0794578438e+04	4.6790265125e+01	
118	7.9432823472e+04	4.6619378427e+01	
119	8.9125093813e+04	4.6409426420e+01	
120	1.0000000000e+05	4.6152825488e+01	
121	1.1220184543e+05	4.5841166525e+01	
122	1.2589254118e+05	4.5465280151e+01	
123	1.4125375446e+05	4.5015695657e+01	
124	1.5848931925e+05	4.4482754848e+01	
125	1.7782794100e+05	4.3857385840e+01	
126	1.9952623150e+05	4.3131237319e+01	
127	2.2387211386e+05	4.2297488236e+01	
128	2.5118864315e+05	4.1351140956e+01	
129	2.8183829313e+05	4.0289249970e+01	
130	3.1622776602e+05	3.9111115342e+01	
131	3.5481338923e+05	3.7817966255e+01	
132	3.9810717055e+05	3.6412704831e+01	
133	4.4668359215e+05	3.4899272559e+01	
134	5.0118723363e+05	3.3281988640e+01	
135	5.6234132519e+05	3.1564640488e+01	
136	6.3095734448e+05	2.9749675852e+01	
137	7.0794578438e+05	2.7837124720e+01	
138	7.9432823472e+05	2.5823617970e+01	
139	8.9125093813e+05	2.3701009619e+01	
140	1.0000000000e+06	2.1454732953e+01	
141	1.1220184543e+06	1.9061673640e+01	
142	1.2589254118e+06	1.6487738153e+01	
143	1.4125375446e+06	1.3687343030e+01	
144	1.5848931925e+06	1.0615761821e+01	
145	1.7782794100e+06	7.3065771502e+00	
146	1.9952623150e+06	4.1962738791e+00	
147	2.2387211386e+06	2.5998330658e+00	
148	2.5118864315e+06	3.1367161530e+00	
149	2.8183829313e+06	4.4851173849e+00	
150	3.1622776602e+06	5.7464337692e+00	
151	3.5481338923e+06	6.7429985834e+00	
152	3.9810717055e+06	7.5000774784e+00	
153	4.4668359215e+06	8.0702480751e+00	
154	5.0118723363e+06	8.4985145147e+00	
155	5.6234132519e+06	8.8187444658e+00	
156	6.3095734448e+06	9.0557416045e+00	
157	7.0794578438e+06	9.2277161836e+00	
158	7.9432823472e+06	9.3482767580e+00	
159	8.9125093813e+06	9.4279523375e+00	
160	1.0000000000e+07	9.4753857192e+00	
m_psrr_1hz_db = 4.7487923314e+01
m_psrr_1khz_db = 4.7487780094e+01
m_psrr_10hz_db = 4.7487923438e+01
m_psrr_100hz_db = 4.7487919215e+01
m_psrr_10khz_db = 4.7473366609e+01
m_psrr_100khz_db = 4.6152825488e+01
m_psrr_1mhz_db = 2.1454732953e+01
m_vref_op = 1.2126739083e+00
m_f_dc_hz = 1.0000000000e+00
m_f_band_edge_hz = 1.0000000000e+03
Note: Simulation executed from .control section 

Warning: m=xx on .subckt line will override multiplier m hierarchy!

Warning : IC on non-existent node - xdut.xx1.casc, ignored
   Please check line .ic v(xdut.fb)=1.0 v(xdut.sns1)=0.6 v(xdut.sns2)=0.6 v(vref)=1.2 v(xdut.ibias)=0.6 v(xdut.xx1.casc)=1.8

Note: Starting dynamic gmin stepping
Note: Dynamic gmin stepping completed
Note: Starting dynamic gmin stepping
Note: Dynamic gmin stepping completed
