
Note: Compatibility modes selected: hs a


Circuit: * psrr-dc @ fs_125c_3.30v -- generated by sim/harness, do not edit

Doing analysis at TEMP = 125.000000 and TNOM = 27.000000

Using SPARSE 1.3 as Direct Linear Solver
 Reference value :  0.00000e+00
No. of Data Rows : 1
Doing analysis at TEMP = 125.000000 and TNOM = 27.000000

Using SPARSE 1.3 as Direct Linear Solver

No. of Data Rows : 161
       * psrr-dc @ fs_125c_3.30v -- generated by sim/harness, do not edit
       AC Analysis  Sat Aug  1 01:55:02  2026
--------------------------------------------------------------------------------
Index   frequency       psrr_db         
--------------------------------------------------------------------------------
0	1.0000000000e-01	4.8403292634e+01	
1	1.1220184543e-01	4.8403292634e+01	
2	1.2589254118e-01	4.8403292634e+01	
3	1.4125375446e-01	4.8403292634e+01	
4	1.5848931925e-01	4.8403292634e+01	
5	1.7782794100e-01	4.8403292634e+01	
6	1.9952623150e-01	4.8403292634e+01	
7	2.2387211386e-01	4.8403292634e+01	
8	2.5118864315e-01	4.8403292634e+01	
9	2.8183829313e-01	4.8403292634e+01	
10	3.1622776602e-01	4.8403292634e+01	
11	3.5481338923e-01	4.8403292634e+01	
12	3.9810717055e-01	4.8403292634e+01	
13	4.4668359215e-01	4.8403292635e+01	
14	5.0118723363e-01	4.8403292635e+01	
15	5.6234132519e-01	4.8403292635e+01	
16	6.3095734448e-01	4.8403292635e+01	
17	7.0794578438e-01	4.8403292635e+01	
18	7.9432823472e-01	4.8403292635e+01	
19	8.9125093813e-01	4.8403292635e+01	
20	1.0000000000e+00	4.8403292636e+01	
21	1.1220184543e+00	4.8403292636e+01	
22	1.2589254118e+00	4.8403292637e+01	
23	1.4125375446e+00	4.8403292637e+01	
24	1.5848931925e+00	4.8403292638e+01	
25	1.7782794100e+00	4.8403292639e+01	
26	1.9952623150e+00	4.8403292641e+01	
27	2.2387211386e+00	4.8403292642e+01	
28	2.5118864315e+00	4.8403292644e+01	
29	2.8183829313e+00	4.8403292647e+01	
30	3.1622776602e+00	4.8403292650e+01	
31	3.5481338923e+00	4.8403292654e+01	
32	3.9810717055e+00	4.8403292659e+01	
33	4.4668359215e+00	4.8403292666e+01	
34	5.0118723363e+00	4.8403292674e+01	
35	5.6234132519e+00	4.8403292684e+01	
36	6.3095734448e+00	4.8403292697e+01	
37	7.0794578438e+00	4.8403292713e+01	
38	7.9432823472e+00	4.8403292734e+01	
39	8.9125093813e+00	4.8403292759e+01	
40	1.0000000000e+01	4.8403292792e+01	
41	1.1220184543e+01	4.8403292832e+01	
42	1.2589254118e+01	4.8403292884e+01	
43	1.4125375446e+01	4.8403292948e+01	
44	1.5848931925e+01	4.8403293030e+01	
45	1.7782794100e+01	4.8403293132e+01	
46	1.9952623150e+01	4.8403293261e+01	
47	2.2387211386e+01	4.8403293423e+01	
48	2.5118864315e+01	4.8403293627e+01	
49	2.8183829313e+01	4.8403293885e+01	
50	3.1622776602e+01	4.8403294208e+01	
51	3.5481338923e+01	4.8403294616e+01	
52	3.9810717055e+01	4.8403295129e+01	
53	4.4668359215e+01	4.8403295775e+01	
54	5.0118723363e+01	4.8403296588e+01	

Index   frequency       psrr_db         
--------------------------------------------------------------------------------
55	5.6234132519e+01	4.8403297612e+01	
56	6.3095734448e+01	4.8403280122e+01	
57	7.0794578438e+01	4.8403281744e+01	
58	7.9432823472e+01	4.8403283787e+01	
59	8.9125093813e+01	4.8403286358e+01	
60	1.0000000000e+02	4.8403289596e+01	
61	1.1220184543e+02	4.8403293671e+01	
62	1.2589254118e+02	4.8403280023e+01	
63	1.4125375446e+02	4.8403286482e+01	
64	1.5848931925e+02	4.8403275836e+01	
65	1.7782794100e+02	4.8403286073e+01	
66	1.9952623150e+02	4.8403280182e+01	
67	2.2387211386e+02	4.8403277628e+01	
68	2.5118864315e+02	4.8403279275e+01	
69	2.8183829313e+02	4.8403267433e+01	
70	3.1622776602e+02	4.8403262248e+01	
71	3.5481338923e+02	4.8403265446e+01	
72	3.9810717055e+02	4.8403260417e+01	
73	4.4668359215e+02	4.8403249895e+01	
74	5.0118723363e+02	4.8403237319e+01	
75	5.6234132519e+02	4.8403227019e+01	
76	6.3095734448e+02	4.8403205668e+01	
77	7.0794578438e+02	4.8403180130e+01	
78	7.9432823472e+02	4.8403159045e+01	
79	8.9125093813e+02	4.8403134512e+01	
80	1.0000000000e+03	4.8403082669e+01	
81	1.1220184543e+03	4.8403020754e+01	
82	1.2589254118e+03	4.8402951693e+01	
83	1.4125375446e+03	4.8402884030e+01	
84	1.5848931925e+03	4.8402758426e+01	
85	1.7782794100e+03	4.8402636657e+01	
86	1.9952623150e+03	4.8402479501e+01	
87	2.2387211386e+03	4.8402261857e+01	
88	2.5118864315e+03	4.8401994712e+01	
89	2.8183829313e+03	4.8401655707e+01	
90	3.1622776602e+03	4.8401231412e+01	
91	3.5481338923e+03	4.8400687689e+01	
92	3.9810717055e+03	4.8400016259e+01	
93	4.4668359215e+03	4.8399171179e+01	
94	5.0118723363e+03	4.8398121242e+01	
95	5.6234132519e+03	4.8396773406e+01	
96	6.3095734448e+03	4.8395166247e+01	
97	7.0794578438e+03	4.8393047689e+01	
98	7.9432823472e+03	4.8390362170e+01	
99	8.9125093813e+03	4.8386996662e+01	
100	1.0000000000e+04	4.8382800744e+01	
101	1.1220184543e+04	4.8377529141e+01	
102	1.2589254118e+04	4.8370839967e+01	
103	1.4125375446e+04	4.8362485178e+01	
104	1.5848931925e+04	4.8351989293e+01	
105	1.7782794100e+04	4.8338759015e+01	
106	1.9952623150e+04	4.8322128850e+01	
107	2.2387211386e+04	4.8301261241e+01	
108	2.5118864315e+04	4.8275107749e+01	
109	2.8183829313e+04	4.8242335738e+01	
110	3.1622776602e+04	4.8201269685e+01	
111	3.5481338923e+04	4.8149932481e+01	
112	3.9810717055e+04	4.8085772937e+01	

Index   frequency       psrr_db         
--------------------------------------------------------------------------------
113	4.4668359215e+04	4.8005952378e+01	
114	5.0118723363e+04	4.7906705817e+01	
115	5.6234132519e+04	4.7783775851e+01	
116	6.3095734448e+04	4.7632036844e+01	
117	7.0794578438e+04	4.7445597182e+01	
118	7.9432823472e+04	4.7217688551e+01	
119	8.9125093813e+04	4.6940814581e+01	
120	1.0000000000e+05	4.6606843138e+01	
121	1.1220184543e+05	4.6207136572e+01	
122	1.2589254118e+05	4.5732990679e+01	
123	1.4125375446e+05	4.5176005517e+01	
124	1.5848931925e+05	4.4528205207e+01	
125	1.7782794100e+05	4.3782957790e+01	
126	1.9952623150e+05	4.2934705790e+01	
127	2.2387211386e+05	4.1979677362e+01	
128	2.5118864315e+05	4.0915851691e+01	
129	2.8183829313e+05	3.9742923253e+01	
130	3.1622776602e+05	3.8462343270e+01	
131	3.5481338923e+05	3.7076902001e+01	
132	3.9810717055e+05	3.5590557144e+01	
133	4.4668359215e+05	3.4007784441e+01	
134	5.0118723363e+05	3.2333145009e+01	
135	5.6234132519e+05	3.0570547378e+01	
136	6.3095734448e+05	2.8722698989e+01	
137	7.0794578438e+05	2.6790398784e+01	
138	7.9432823472e+05	2.4771966374e+01	
139	8.9125093813e+05	2.2662813231e+01	
140	1.0000000000e+06	2.0455270694e+01	
141	1.1220184543e+06	1.8139518465e+01	
142	1.2589254118e+06	1.5707435976e+01	
143	1.4125375446e+06	1.3164879304e+01	
144	1.5848931925e+06	1.0565879736e+01	
145	1.7782794100e+06	8.0913052441e+00	
146	1.9952623150e+06	6.1416220765e+00	
147	2.2387211386e+06	5.1747096350e+00	
148	2.5118864315e+06	5.1833892642e+00	
149	2.8183829313e+06	5.7072258861e+00	
150	3.1622776602e+06	6.3541728979e+00	
151	3.5481338923e+06	6.9509994074e+00	
152	3.9810717055e+06	7.4489098271e+00	
153	4.4668359215e+06	7.8463588984e+00	
154	5.0118723363e+06	8.1558272877e+00	
155	5.6234132519e+06	8.3920522203e+00	
156	6.3095734448e+06	8.5684117647e+00	
157	7.0794578438e+06	8.6961897864e+00	
158	7.9432823472e+06	8.7848213794e+00	
159	8.9125093813e+06	8.8424467761e+00	
160	1.0000000000e+07	8.8765494054e+00	
m_psrr_1hz_db = 4.8403292636e+01
m_psrr_1khz_db = 4.8403082669e+01
m_psrr_10hz_db = 4.8403292792e+01
m_psrr_100hz_db = 4.8403289596e+01
m_psrr_10khz_db = 4.8382800744e+01
m_psrr_100khz_db = 4.6606843138e+01
m_psrr_1mhz_db = 2.0455270694e+01
m_vref_op = 1.2355340630e+00
m_f_dc_hz = 1.0000000000e+00
m_f_band_edge_hz = 1.0000000000e+03
Note: Simulation executed from .control section 

Warning: m=xx on .subckt line will override multiplier m hierarchy!

Warning : IC on non-existent node - xdut.xx1.casc, ignored
   Please check line .ic v(xdut.fb)=1.0 v(xdut.sns1)=0.6 v(xdut.sns2)=0.6 v(vref)=1.2 v(xdut.ibias)=0.6 v(xdut.xx1.casc)=1.8

