
Note: Compatibility modes selected: hs a


Circuit: * psrr-dc @ res_ss_-40c_3.63v -- generated by sim/harness, do not edit

Doing analysis at TEMP = -40.000000 and TNOM = 27.000000

Using SPARSE 1.3 as Direct Linear Solver
 Reference value :  0.00000e+00
No. of Data Rows : 1
Doing analysis at TEMP = -40.000000 and TNOM = 27.000000

Using SPARSE 1.3 as Direct Linear Solver

No. of Data Rows : 161
     * psrr-dc @ res_ss_-40c_3.63v -- generated by sim/harness, do not edit
     AC Analysis  Sat Aug  1 01:55:04  2026
--------------------------------------------------------------------------------
Index   frequency       psrr_db         
--------------------------------------------------------------------------------
0	1.0000000000e-01	4.8025463616e+01	
1	1.1220184543e-01	4.8025463616e+01	
2	1.2589254118e-01	4.8025463616e+01	
3	1.4125375446e-01	4.8025463616e+01	
4	1.5848931925e-01	4.8025463616e+01	
5	1.7782794100e-01	4.8025463616e+01	
6	1.9952623150e-01	4.8025463616e+01	
7	2.2387211386e-01	4.8025463616e+01	
8	2.5118864315e-01	4.8025463616e+01	
9	2.8183829313e-01	4.8025463616e+01	
10	3.1622776602e-01	4.8025463616e+01	
11	3.5481338923e-01	4.8025463616e+01	
12	3.9810717055e-01	4.8025463616e+01	
13	4.4668359215e-01	4.8025463616e+01	
14	5.0118723363e-01	4.8025463617e+01	
15	5.6234132519e-01	4.8025463617e+01	
16	6.3095734448e-01	4.8025463617e+01	
17	7.0794578438e-01	4.8025463617e+01	
18	7.9432823472e-01	4.8025463617e+01	
19	8.9125093813e-01	4.8025463618e+01	
20	1.0000000000e+00	4.8025463618e+01	
21	1.1220184543e+00	4.8025463618e+01	
22	1.2589254118e+00	4.8025463619e+01	
23	1.4125375446e+00	4.8025463620e+01	
24	1.5848931925e+00	4.8025463621e+01	
25	1.7782794100e+00	4.8025463622e+01	
26	1.9952623150e+00	4.8025463623e+01	
27	2.2387211386e+00	4.8025463625e+01	
28	2.5118864315e+00	4.8025463628e+01	
29	2.8183829313e+00	4.8025463631e+01	
30	3.1622776602e+00	4.8025463634e+01	
31	3.5481338923e+00	4.8025463639e+01	
32	3.9810717055e+00	4.8025463645e+01	
33	4.4668359215e+00	4.8025463653e+01	
34	5.0118723363e+00	4.8025463662e+01	
35	5.6234132519e+00	4.8025463674e+01	
36	6.3095734448e+00	4.8025463689e+01	
37	7.0794578438e+00	4.8025463708e+01	
38	7.9432823472e+00	4.8025463731e+01	
39	8.9125093813e+00	4.8025463761e+01	
40	1.0000000000e+01	4.8025463799e+01	
41	1.1220184543e+01	4.8025463846e+01	
42	1.2589254118e+01	4.8025463905e+01	
43	1.4125375446e+01	4.8025463980e+01	
44	1.5848931925e+01	4.8025464075e+01	
45	1.7782794100e+01	4.8025464193e+01	
46	1.9952623150e+01	4.8025464343e+01	
47	2.2387211386e+01	4.8025464531e+01	
48	2.5118864315e+01	4.8025464768e+01	
49	2.8183829313e+01	4.8025465066e+01	
50	3.1622776602e+01	4.8025465442e+01	
51	3.5481338923e+01	4.8025465914e+01	
52	3.9810717055e+01	4.8025466509e+01	
53	4.4668359215e+01	4.8025467259e+01	
54	5.0118723363e+01	4.8025468202e+01	

Index   frequency       psrr_db         
--------------------------------------------------------------------------------
55	5.6234132519e+01	4.8025469389e+01	
56	6.3095734448e+01	4.8025450342e+01	
57	7.0794578438e+01	4.8025452224e+01	
58	7.9432823472e+01	4.8025454593e+01	
59	8.9125093813e+01	4.8025457575e+01	
60	1.0000000000e+02	4.8025461330e+01	
61	1.1220184543e+02	4.8025466056e+01	
62	1.2589254118e+02	4.8025451465e+01	
63	1.4125375446e+02	4.8025458956e+01	
64	1.5848931925e+02	4.8025447846e+01	
65	1.7782794100e+02	4.8025459719e+01	
66	1.9952623150e+02	4.8025454124e+01	
67	2.2387211386e+02	4.8025452400e+01	
68	2.5118864315e+02	4.8025455548e+01	
69	2.8183829313e+02	4.8025444288e+01	
70	3.1622776602e+02	4.8025440750e+01	
71	3.5481338923e+02	4.8025426392e+01	
72	3.9810717055e+02	4.8025424273e+01	
73	4.4668359215e+02	4.8025417020e+01	
74	5.0118723363e+02	4.8025408622e+01	
75	5.6234132519e+02	4.8025383560e+01	
76	6.3095734448e+02	4.8025368698e+01	
77	7.0794578438e+02	4.8025351456e+01	
78	7.9432823472e+02	4.8025341852e+01	
79	8.9125093813e+02	4.8025311421e+01	
80	1.0000000000e+03	4.8025255503e+01	
81	1.1220184543e+03	4.8025194093e+01	
82	1.2589254118e+03	4.8025131819e+01	
83	1.4125375446e+03	4.8025059289e+01	
84	1.5848931925e+03	4.8024954974e+01	
85	1.7782794100e+03	4.8024827612e+01	
86	1.9952623150e+03	4.8024658468e+01	
87	2.2387211386e+03	4.8024444979e+01	
88	2.5118864315e+03	4.8024184648e+01	
89	2.8183829313e+03	4.8023839514e+01	
90	3.1622776602e+03	4.8023424207e+01	
91	3.5481338923e+03	4.8022913137e+01	
92	3.9810717055e+03	4.8022249731e+01	
93	4.4668359215e+03	4.8021401725e+01	
94	5.0118723363e+03	4.8020459933e+01	
95	5.6234132519e+03	4.8019125728e+01	
96	6.3095734448e+03	4.8017477083e+01	
97	7.0794578438e+03	4.8015385961e+01	
98	7.9432823472e+03	4.8012786530e+01	
99	8.9125093813e+03	4.8009544265e+01	
100	1.0000000000e+04	4.8005379952e+01	
101	1.1220184543e+04	4.8000240232e+01	
102	1.2589254118e+04	4.7993728934e+01	
103	1.4125375446e+04	4.7985527528e+01	
104	1.5848931925e+04	4.7975217076e+01	
105	1.7782794100e+04	4.7962204192e+01	
106	1.9952623150e+04	4.7945928356e+01	
107	2.2387211386e+04	4.7925506257e+01	
108	2.5118864315e+04	4.7899832970e+01	
109	2.8183829313e+04	4.7867651248e+01	
110	3.1622776602e+04	4.7827317330e+01	
111	3.5481338923e+04	4.7776825869e+01	
112	3.9810717055e+04	4.7713761557e+01	

Index   frequency       psrr_db         
--------------------------------------------------------------------------------
113	4.4668359215e+04	4.7635036163e+01	
114	5.0118723363e+04	4.7537090811e+01	
115	5.6234132519e+04	4.7415583949e+01	
116	6.3095734448e+04	4.7265187763e+01	
117	7.0794578438e+04	4.7080001365e+01	
118	7.9432823472e+04	4.6852822075e+01	
119	8.9125093813e+04	4.6575920455e+01	
120	1.0000000000e+05	4.6240547117e+01	
121	1.1220184543e+05	4.5837409154e+01	
122	1.2589254118e+05	4.5356971196e+01	
123	1.4125375446e+05	4.4789823485e+01	
124	1.5848931925e+05	4.4127158792e+01	
125	1.7782794100e+05	4.3361306191e+01	
126	1.9952623150e+05	4.2486228345e+01	
127	2.2387211386e+05	4.1497836896e+01	
128	2.5118864315e+05	4.0394189396e+01	
129	2.8183829313e+05	3.9175567878e+01	
130	3.1622776602e+05	3.7844164958e+01	
131	3.5481338923e+05	3.6403651456e+01	
132	3.9810717055e+05	3.4858598378e+01	
133	4.4668359215e+05	3.3213755678e+01	
134	5.0118723363e+05	3.1473162708e+01	
135	5.6234132519e+05	2.9639371081e+01	
136	6.3095734448e+05	2.7712453978e+01	
137	7.0794578438e+05	2.5688977411e+01	
138	7.9432823472e+05	2.3560656114e+01	
139	8.9125093813e+05	2.1312669690e+01	
140	1.0000000000e+06	1.8921159209e+01	
141	1.1220184543e+06	1.6349861106e+01	
142	1.2589254118e+06	1.3546457571e+01	
143	1.4125375446e+06	1.0444854679e+01	
144	1.5848931925e+06	7.0098852057e+00	
145	1.7782794100e+06	3.5047847859e+00	
146	1.9952623150e+06	1.2682221508e+00	
147	2.2387211386e+06	1.6423915679e+00	
148	2.5118864315e+06	3.1945405839e+00	
149	2.8183829313e+06	4.6519529401e+00	
150	3.1622776602e+06	5.7826081906e+00	
151	3.5481338923e+06	6.6291017233e+00	
152	3.9810717055e+06	7.2606538769e+00	
153	4.4668359215e+06	7.7326708100e+00	
154	5.0118723363e+06	8.0852774496e+00	
155	5.6234132519e+06	8.3471369432e+00	
156	6.3095734448e+06	8.5389351771e+00	
157	7.0794578438e+06	8.6759244658e+00	
158	7.9432823472e+06	8.7697529152e+00	
159	8.9125093813e+06	8.8298300824e+00	
160	1.0000000000e+07	8.8644108722e+00	
m_psrr_1hz_db = 4.8025463618e+01
m_psrr_1khz_db = 4.8025255503e+01
m_psrr_10hz_db = 4.8025463799e+01
m_psrr_100hz_db = 4.8025461330e+01
m_psrr_10khz_db = 4.8005379952e+01
m_psrr_100khz_db = 4.6240547117e+01
m_psrr_1mhz_db = 1.8921159209e+01
m_vref_op = 1.2115608813e+00
m_f_dc_hz = 1.0000000000e+00
m_f_band_edge_hz = 1.0000000000e+03
Note: Simulation executed from .control section 

Warning: m=xx on .subckt line will override multiplier m hierarchy!

Warning : IC on non-existent node - xdut.xx1.casc, ignored
   Please check line .ic v(xdut.fb)=1.0 v(xdut.sns1)=0.6 v(xdut.sns2)=0.6 v(vref)=1.2 v(xdut.ibias)=0.6 v(xdut.xx1.casc)=1.8

Note: Starting dynamic gmin stepping
Note: Dynamic gmin stepping completed
Note: Starting dynamic gmin stepping
Note: Dynamic gmin stepping completed
