
Note: Compatibility modes selected: hs a


Circuit: * startup-extracted @ fs_-40c_2.97v -- generated by sim/harness, do not edit

Doing analysis at TEMP = -40.000000 and TNOM = 27.000000

Using SPARSE 1.3 as Direct Linear Solver

Initial Transient Solution
--------------------------

Node                                   Voltage
----                                   -------
vdd                                          0
xtop.core_e3                      -2.27063e-22
xtop.core_e2                      -4.57008e-21
xtop.sns1                          1.31132e-20
xtop.fb                           -5.93235e-21
xtop.ibias                         2.20717e-55
xtop.amp_nd1                       1.31904e-20
xtop.amp_ncasc                    -3.85576e-66
xtop.amp_n1                        8.31137e-21
xtop.amp_nb1                       6.23941e-66
xtop.amp_n2                        1.21836e-20
xtop.sns2                         -4.57008e-21
xtop.amp_tail                     -1.89961e-20
xtop.casc                         -1.08297e-51
xtop.startup_det                             0
xtop.amp_pbias                     -1.8785e-21
xtop.amp_a3                        2.29809e-22
xtop.amp_a4                        2.94164e-22
xtop.core_d4                      -4.80488e-60
xtop.core_d1                       1.08459e-20
xtop.core_d2                      -6.58412e-21
vref                              -2.27063e-22
xtop.core_d3                      -8.37915e-24
xtop.core_tn0                     -2.27063e-22
xtop.xr100.11                     -2.27063e-22
xtop.xr100.21                     -2.27063e-22
xtop.core_trim_u3_0               -2.27063e-22
xtop.xr101.11                     -2.27063e-22
xtop.xr101.21                     -2.27063e-22
xtop.core_trim_u3_1               -2.27063e-22
xtop.xr102.11                     -2.27063e-22
xtop.xr102.21                     -2.27063e-22
xtop.core_trim_u3_2               -2.27063e-22
xtop.xr103.11                     -2.27063e-22
xtop.xr103.21                     -2.27063e-22
xtop.core_trim_u3_3               -2.27063e-22
xtop.xr104.11                     -2.27063e-22
xtop.xr104.21                     -2.27063e-22
xtop.core_trim_u3_4               -2.27063e-22
xtop.xr105.11                     -2.27063e-22
xtop.xr105.21                     -2.27063e-22
xtop.core_trim_u3_5               -2.27063e-22
xtop.xr106.11                     -2.27063e-22
xtop.xr106.21                     -2.27063e-22
xtop.core_trim_u3_6               -2.27063e-22
xtop.xr107.11                     -2.27063e-22
xtop.xr107.21                     -2.27063e-22
xtop.xr108.11                     -2.27063e-22
xtop.xr108.21                     -2.27063e-22
xtop.core_trim_u4_0               -2.27063e-22
xtop.xr109.11                     -2.27063e-22
xtop.xr109.21                     -2.27063e-22
xtop.core_trim_u4_1               -2.27063e-22
xtop.xr110.11                     -2.27063e-22
xtop.xr110.21                     -2.27063e-22
xtop.core_trim_u4_2               -2.27063e-22
xtop.xr111.11                     -2.27063e-22
xtop.xr111.21                     -2.27063e-22
xtop.core_trim_u4_3               -2.27063e-22
xtop.xr112.11                     -2.27063e-22
xtop.xr112.21                     -2.27063e-22
xtop.core_trim_u4_4               -2.27063e-22
xtop.xr113.11                     -2.27063e-22
xtop.xr113.21                     -2.27063e-22
xtop.core_trim_u4_5               -2.27063e-22
xtop.xr114.11                     -2.27063e-22
xtop.xr114.21                     -2.27063e-22
xtop.core_trim_u4_6               -2.27063e-22
xtop.xr115.11                     -2.27063e-22
xtop.xr115.21                     -2.27063e-22
xtop.core_trim_u4_7               -2.27063e-22
xtop.xr116.11                     -2.27063e-22
xtop.xr116.21                     -2.27063e-22
xtop.core_trim_u4_8               -2.27063e-22
xtop.xr117.11                     -2.27063e-22
xtop.xr117.21                     -2.27063e-22
xtop.core_trim_u4_9               -2.27063e-22
xtop.xr118.11                     -2.27063e-22
xtop.xr118.21                     -2.27063e-22
xtop.core_trim_u4_10              -2.27063e-22
xtop.xr119.11                     -2.27063e-22
xtop.xr119.21                     -2.27063e-22
xtop.core_trim_u4_11              -2.27063e-22
xtop.xr120.11                     -2.27063e-22
xtop.xr120.21                     -2.27063e-22
xtop.core_trim_u4_12              -2.27063e-22
xtop.xr121.11                     -2.27063e-22
xtop.xr121.21                     -2.27063e-22
xtop.core_trim_u4_13              -2.27063e-22
xtop.xr122.11                     -2.27063e-22
xtop.xr122.21                     -2.27063e-22
xtop.core_trim_u4_14              -2.27063e-22
xtop.xr123.11                     -2.27063e-22
xtop.xr123.21                     -2.27063e-22
xtop.xr124.11                     -2.27063e-22
xtop.xr124.21                     -2.27063e-22
xtop.core_trim_u5_30              -2.27063e-22
xtop.xr125.11                     -2.27063e-22
xtop.xr125.21                     -2.27063e-22
xtop.core_trim_u5_29              -2.27063e-22
xtop.xr126.11                     -2.27063e-22
xtop.xr126.21                     -2.27063e-22
xtop.core_trim_u5_28              -2.27063e-22
xtop.xr127.11                     -2.27063e-22
xtop.xr127.21                     -2.27063e-22
xtop.core_trim_u5_27              -2.27063e-22
xtop.xr128.11                     -2.27063e-22
xtop.xr128.21                     -2.27063e-22
xtop.core_trim_u5_26              -2.27063e-22
xtop.xr129.11                     -2.27063e-22
xtop.xr129.21                     -2.27063e-22
xtop.core_trim_u5_25              -2.27063e-22
xtop.xr130.11                     -2.27063e-22
xtop.xr130.21                     -2.27063e-22
xtop.core_trim_u5_24              -2.27063e-22
xtop.xr131.11                     -2.27063e-22
xtop.xr131.21                     -2.27063e-22
xtop.core_trim_u5_23              -2.27063e-22
xtop.xr132.11                     -2.27063e-22
xtop.xr132.21                     -2.27063e-22
xtop.core_trim_u5_22              -2.27063e-22
xtop.xr133.11                     -2.27063e-22
xtop.xr133.21                     -2.27063e-22
xtop.core_trim_u5_21              -2.27063e-22
xtop.xr134.11                     -2.27063e-22
xtop.xr134.21                     -2.27063e-22
xtop.core_trim_u5_20              -2.27063e-22
xtop.xr135.11                     -2.27063e-22
xtop.xr135.21                     -2.27063e-22
xtop.core_trim_u5_19              -2.27063e-22
xtop.xr136.11                     -2.27063e-22
xtop.xr136.21                     -2.27063e-22
xtop.core_trim_u5_18              -2.27063e-22
xtop.xr137.11                     -2.27063e-22
xtop.xr137.21                     -2.27063e-22
xtop.core_trim_u5_17              -2.27063e-22
xtop.xr138.11                     -2.27063e-22
xtop.xr138.21                     -2.27063e-22
xtop.core_trim_u5_16              -2.27063e-22
xtop.xr139.11                     -2.27063e-22
xtop.xr139.21                     -2.27063e-22
xtop.core_trim_u5_15              -2.27063e-22
xtop.xr140.11                     -2.27063e-22
xtop.xr140.21                     -2.27063e-22
xtop.core_trim_u5_14              -2.27063e-22
xtop.xr141.11                     -2.27063e-22
xtop.xr141.21                     -2.27063e-22
xtop.core_trim_u5_13              -2.27063e-22
xtop.xr142.11                     -2.27063e-22
xtop.xr142.21                     -2.27063e-22
xtop.core_trim_u5_12              -2.27063e-22
xtop.xr143.11                     -2.27063e-22
xtop.xr143.21                     -2.27063e-22
xtop.core_trim_u5_11              -2.27063e-22
xtop.xr144.11                     -2.27063e-22
xtop.xr144.21                     -2.27063e-22
xtop.core_trim_u5_10              -2.27063e-22
xtop.xr145.11                     -2.27063e-22
xtop.xr145.21                     -2.27063e-22
xtop.core_trim_u5_9               -2.27063e-22
xtop.xr146.11                     -2.27063e-22
xtop.xr146.21                     -2.27063e-22
xtop.core_trim_u5_8               -2.27063e-22
xtop.xr147.11                     -2.27063e-22
xtop.xr147.21                     -2.27063e-22
xtop.core_trim_u5_7               -2.27063e-22
xtop.xr148.11                     -2.27063e-22
xtop.xr148.21                     -2.27063e-22
xtop.core_trim_u5_6               -2.27063e-22
xtop.xr149.11                     -2.27063e-22
xtop.xr149.21                     -2.27063e-22
xtop.core_trim_u5_5               -2.27063e-22
xtop.xr150.11                     -2.27063e-22
xtop.xr150.21                     -2.27063e-22
xtop.core_trim_u5_4               -2.27063e-22
xtop.xr151.11                     -2.27063e-22
xtop.xr151.21                     -2.27063e-22
xtop.core_trim_u5_3               -2.27063e-22
xtop.xr152.11                     -2.27063e-22
xtop.xr152.21                     -2.27063e-22
xtop.core_trim_u5_2               -2.27063e-22
xtop.xr153.11                     -2.27063e-22
xtop.xr153.21                     -2.27063e-22
xtop.core_trim_u5_1               -2.27063e-22
xtop.xr154.11                     -2.27063e-22
xtop.xr154.21                     -2.27063e-22
xtop.core_trim_u5_0               -2.27063e-22
xtop.xr155.11                     -2.27063e-22
xtop.xr155.21                     -2.27063e-22
xtop.xr91.11                      -4.57008e-21
xtop.xr91.21                      -4.57008e-21
xtop.xr92.11                      -2.27063e-22
xtop.xr92.21                      -2.27063e-22
xtop.xr93.11                      -2.27063e-22
xtop.xr93.21                      -2.27063e-22
xtop.core_trim_u1_0               -2.27063e-22
xtop.xr94.11                      -2.27063e-22
xtop.xr94.21                      -2.27063e-22
xtop.xr95.11                      -2.27063e-22
xtop.xr95.21                      -2.27063e-22
xtop.xr96.11                      -2.27063e-22
xtop.xr96.21                      -2.27063e-22
xtop.core_trim_u2_0               -2.27063e-22
xtop.xr97.11                      -2.27063e-22
xtop.xr97.21                      -2.27063e-22
xtop.core_trim_u2_1               -2.27063e-22
xtop.xr98.11                      -2.27063e-22
xtop.xr98.21                      -2.27063e-22
xtop.core_trim_u2_2               -2.27063e-22
xtop.xr99.11                      -2.27063e-22
xtop.xr99.21                      -2.27063e-22
xtop.xr156.11                                0
xtop.xr156.21                                0
xtop.amp_nd1__par                  1.31904e-20
xtop.amp_n2__par                   1.21836e-20
xtop.fb__par                      -5.93235e-21
xtop.amp_tail__par                -1.89961e-20
xtop.amp_a3__par                   2.29809e-22
xtop.amp_a4__par                   2.94164e-22
xtop.core_d4__par                 -4.80488e-60
xtop.core_d1__par                  1.08459e-20
xtop.sns1__par                     1.31132e-20
xtop.core_d2__par                 -6.58412e-21
xtop.sns2__par                    -4.57008e-21
xtop.core_d3__par                 -8.37915e-24
xtop.core_e3__par                 -2.27063e-22
xtop.core_e2__par                 -4.57008e-21
xtop.ibias__par                    2.20717e-55
xtop.core_trim_u1_0__par          -2.27063e-22
xtop.core_trim_u2_0__par          -2.27063e-22
xtop.core_trim_u2_1__par          -2.27063e-22
xtop.core_trim_u2_2__par          -2.27063e-22
xtop.casc__par                    -1.08297e-51
xtop.core_trim_u3_0__par          -2.27063e-22
xtop.core_trim_u3_1__par          -2.27063e-22
xtop.core_trim_u3_2__par          -2.27063e-22
xtop.core_trim_u3_3__par          -2.27063e-22
xtop.core_trim_u3_4__par          -2.27063e-22
xtop.core_trim_u3_5__par          -2.27063e-22
xtop.core_trim_u3_6__par          -2.27063e-22
xtop.core_trim_u4_0__par          -2.27063e-22
xtop.core_trim_u4_1__par          -2.27063e-22
xtop.core_trim_u4_2__par          -2.27063e-22
xtop.startup_det__par                        0
xtop.core_trim_u4_3__par          -2.27063e-22
xtop.core_trim_u4_4__par          -2.27063e-22
xtop.core_trim_u4_5__par          -2.27063e-22
xtop.core_trim_u4_6__par          -2.27063e-22
xtop.core_trim_u4_7__par          -2.27063e-22
xtop.core_trim_u4_8__par          -2.27063e-22
xtop.core_trim_u4_9__par          -2.27063e-22
xtop.core_trim_u4_10__par         -2.27063e-22
xtop.core_trim_u4_11__par         -2.27063e-22
xtop.core_trim_u4_12__par         -2.27063e-22
xtop.amp_pbias__par                -1.8785e-21
xtop.core_trim_u4_13__par         -2.27063e-22
xtop.core_trim_u4_14__par         -2.27063e-22
xtop.core_tn0__par                -2.27063e-22
xtop.core_trim_u5_30__par         -2.27063e-22
xtop.core_trim_u5_29__par         -2.27063e-22
xtop.core_trim_u5_28__par         -2.27063e-22
xtop.core_trim_u5_27__par         -2.27063e-22
xtop.core_trim_u5_26__par         -2.27063e-22
xtop.core_trim_u5_25__par         -2.27063e-22
xtop.core_trim_u5_24__par         -2.27063e-22
xtop.amp_nb1__par                  6.23941e-66
xtop.core_trim_u5_23__par         -2.27063e-22
xtop.core_trim_u5_22__par         -2.27063e-22
xtop.core_trim_u5_21__par         -2.27063e-22
xtop.core_trim_u5_20__par         -2.27063e-22
xtop.core_trim_u5_19__par         -2.27063e-22
xtop.core_trim_u5_18__par         -2.27063e-22
xtop.core_trim_u5_17__par         -2.27063e-22
xtop.core_trim_u5_16__par         -2.27063e-22
xtop.core_trim_u5_15__par         -2.27063e-22
xtop.core_trim_u5_14__par         -2.27063e-22
xtop.amp_ncasc__par               -3.85576e-66
xtop.core_trim_u5_13__par         -2.27063e-22
xtop.core_trim_u5_12__par         -2.27063e-22
xtop.core_trim_u5_11__par         -2.27063e-22
xtop.core_trim_u5_10__par         -2.27063e-22
xtop.core_trim_u5_9__par          -2.27063e-22
xtop.core_trim_u5_8__par          -2.27063e-22
xtop.core_trim_u5_7__par          -2.27063e-22
xtop.core_trim_u5_6__par          -2.27063e-22
xtop.core_trim_u5_5__par          -2.27063e-22
xtop.core_trim_u5_4__par          -2.27063e-22
xtop.amp_n1__par                   8.31137e-21
xtop.core_trim_u5_3__par          -2.27063e-22
xtop.core_trim_u5_2__par          -2.27063e-22
xtop.core_trim_u5_1__par          -2.27063e-22
xtop.core_trim_u5_0__par          -2.27063e-22
xtop.vdd__par                                0
xtop.vref__par                    -2.27063e-22
xtop.vss__par                                0
vsup#branch                        4.94317e-32

 Reference value :  4.03118e-07
 Reference value :  2.95511e-05
 Reference value :  2.32551e-04
 Reference value :  4.75551e-04
 Reference value :  6.29551e-04
 Reference value :  7.63551e-04
 Reference value :  8.96551e-04
 Reference value :  1.03155e-03
 Reference value :  1.16755e-03
 Reference value :  1.30655e-03
 Reference value :  1.45455e-03
 Reference value :  1.59355e-03
 Reference value :  1.74555e-03
 Reference value :  1.88755e-03
 Reference value :  2.02555e-03
 Reference value :  2.16855e-03
 Reference value :  2.30855e-03
 Reference value :  2.44755e-03
 Reference value :  2.59255e-03
 Reference value :  2.73155e-03
 Reference value :  2.87255e-03
No. of Data Rows : 3077
m_startup_time_s = 9.9508661779e-06
m_vref_final_v = 1.2448870525e+00
m_iq_total_final_ua = 1.7950335379e+01
m_det_final_v = 1.2083494668e-02
m_t0_s = 9.5173866013e-07
m_t_settle_s = 1.0902604838e-05
Note: Simulation executed from .control section 

Warning: m=xx on .subckt line will override multiplier m hierarchy!

