
Note: Compatibility modes selected: hs a


Circuit: * startup-extracted @ fs_125c_3.63v -- generated by sim/harness, do not edit

Doing analysis at TEMP = 125.000000 and TNOM = 27.000000

Using SPARSE 1.3 as Direct Linear Solver

Initial Transient Solution
--------------------------

Node                                   Voltage
----                                   -------
vdd                                          0
xtop.core_e3                       3.72045e-63
xtop.core_e2                      -4.42838e-53
xtop.sns1                          3.95603e-46
xtop.fb                            4.93504e-30
xtop.ibias                        -7.30363e-18
xtop.amp_nd1                       5.27286e-30
xtop.amp_ncasc                     1.03778e-73
xtop.amp_n1                        5.28964e-30
xtop.amp_nb1                      -1.64085e-73
xtop.amp_n2                        4.98131e-30
xtop.sns2                         -4.42838e-53
xtop.amp_tail                     -1.60494e-29
xtop.casc                          2.02332e-70
xtop.startup_det                  5.30584e-247
xtop.amp_pbias                     1.57965e-97
xtop.amp_a3                        2.17524e-32
xtop.amp_a4                        2.61442e-32
xtop.core_d4                       2.34049e-20
xtop.core_d1                      -1.25097e-44
xtop.core_d2                       5.52019e-53
vref                               3.72045e-63
xtop.core_d3                      -2.40552e-62
xtop.core_tn0                      3.72045e-63
xtop.xr100.11                      3.72045e-63
xtop.xr100.21                      3.72045e-63
xtop.core_trim_u3_0                3.72045e-63
xtop.xr101.11                      3.72045e-63
xtop.xr101.21                      3.72045e-63
xtop.core_trim_u3_1                3.72045e-63
xtop.xr102.11                      3.72045e-63
xtop.xr102.21                      3.72045e-63
xtop.core_trim_u3_2                3.72045e-63
xtop.xr103.11                      3.72045e-63
xtop.xr103.21                      3.72045e-63
xtop.core_trim_u3_3                3.72045e-63
xtop.xr104.11                      3.72045e-63
xtop.xr104.21                      3.72045e-63
xtop.core_trim_u3_4                3.72045e-63
xtop.xr105.11                      3.72045e-63
xtop.xr105.21                      3.72045e-63
xtop.core_trim_u3_5                3.72045e-63
xtop.xr106.11                      3.72045e-63
xtop.xr106.21                      3.72045e-63
xtop.core_trim_u3_6                3.72045e-63
xtop.xr107.11                      3.72045e-63
xtop.xr107.21                      3.72045e-63
xtop.xr108.11                      3.72045e-63
xtop.xr108.21                      3.72045e-63
xtop.core_trim_u4_0                3.72045e-63
xtop.xr109.11                      3.72045e-63
xtop.xr109.21                      3.72045e-63
xtop.core_trim_u4_1                3.72045e-63
xtop.xr110.11                      3.72045e-63
xtop.xr110.21                      3.72045e-63
xtop.core_trim_u4_2                3.72045e-63
xtop.xr111.11                      3.72045e-63
xtop.xr111.21                      3.72045e-63
xtop.core_trim_u4_3                3.72045e-63
xtop.xr112.11                      3.72045e-63
xtop.xr112.21                      3.72045e-63
xtop.core_trim_u4_4                3.72045e-63
xtop.xr113.11                      3.72045e-63
xtop.xr113.21                      3.72045e-63
xtop.core_trim_u4_5                3.72045e-63
xtop.xr114.11                      3.72045e-63
xtop.xr114.21                      3.72045e-63
xtop.core_trim_u4_6                3.72045e-63
xtop.xr115.11                      3.72045e-63
xtop.xr115.21                      3.72045e-63
xtop.core_trim_u4_7                3.72045e-63
xtop.xr116.11                      3.72045e-63
xtop.xr116.21                      3.72045e-63
xtop.core_trim_u4_8                3.72045e-63
xtop.xr117.11                      3.72045e-63
xtop.xr117.21                      3.72045e-63
xtop.core_trim_u4_9                3.72045e-63
xtop.xr118.11                      3.72045e-63
xtop.xr118.21                      3.72045e-63
xtop.core_trim_u4_10               3.72045e-63
xtop.xr119.11                      3.72045e-63
xtop.xr119.21                      3.72045e-63
xtop.core_trim_u4_11               3.72045e-63
xtop.xr120.11                      3.72045e-63
xtop.xr120.21                      3.72045e-63
xtop.core_trim_u4_12               3.72045e-63
xtop.xr121.11                      3.72045e-63
xtop.xr121.21                      3.72045e-63
xtop.core_trim_u4_13               3.72045e-63
xtop.xr122.11                      3.72045e-63
xtop.xr122.21                      3.72045e-63
xtop.core_trim_u4_14               3.72045e-63
xtop.xr123.11                      3.72045e-63
xtop.xr123.21                      3.72045e-63
xtop.xr124.11                      3.72045e-63
xtop.xr124.21                      3.72045e-63
xtop.core_trim_u5_30               3.72045e-63
xtop.xr125.11                      3.72045e-63
xtop.xr125.21                      3.72045e-63
xtop.core_trim_u5_29               3.72045e-63
xtop.xr126.11                      3.72045e-63
xtop.xr126.21                      3.72045e-63
xtop.core_trim_u5_28               3.72045e-63
xtop.xr127.11                      3.72045e-63
xtop.xr127.21                      3.72045e-63
xtop.core_trim_u5_27               3.72045e-63
xtop.xr128.11                      3.72045e-63
xtop.xr128.21                      3.72045e-63
xtop.core_trim_u5_26               3.72045e-63
xtop.xr129.11                      3.72045e-63
xtop.xr129.21                      3.72045e-63
xtop.core_trim_u5_25               3.72045e-63
xtop.xr130.11                      3.72045e-63
xtop.xr130.21                      3.72045e-63
xtop.core_trim_u5_24               3.72045e-63
xtop.xr131.11                      3.72045e-63
xtop.xr131.21                      3.72045e-63
xtop.core_trim_u5_23               3.72045e-63
xtop.xr132.11                      3.72045e-63
xtop.xr132.21                      3.72045e-63
xtop.core_trim_u5_22               3.72045e-63
xtop.xr133.11                      3.72045e-63
xtop.xr133.21                      3.72045e-63
xtop.core_trim_u5_21               3.72045e-63
xtop.xr134.11                      3.72045e-63
xtop.xr134.21                      3.72045e-63
xtop.core_trim_u5_20               3.72045e-63
xtop.xr135.11                      3.72045e-63
xtop.xr135.21                      3.72045e-63
xtop.core_trim_u5_19               3.72045e-63
xtop.xr136.11                      3.72045e-63
xtop.xr136.21                      3.72045e-63
xtop.core_trim_u5_18               3.72045e-63
xtop.xr137.11                      3.72045e-63
xtop.xr137.21                      3.72045e-63
xtop.core_trim_u5_17               3.72045e-63
xtop.xr138.11                      3.72045e-63
xtop.xr138.21                      3.72045e-63
xtop.core_trim_u5_16               3.72045e-63
xtop.xr139.11                      3.72045e-63
xtop.xr139.21                      3.72045e-63
xtop.core_trim_u5_15               3.72045e-63
xtop.xr140.11                      3.72045e-63
xtop.xr140.21                      3.72045e-63
xtop.core_trim_u5_14               3.72045e-63
xtop.xr141.11                      3.72045e-63
xtop.xr141.21                      3.72045e-63
xtop.core_trim_u5_13               3.72045e-63
xtop.xr142.11                      3.72045e-63
xtop.xr142.21                      3.72045e-63
xtop.core_trim_u5_12               3.72045e-63
xtop.xr143.11                      3.72045e-63
xtop.xr143.21                      3.72045e-63
xtop.core_trim_u5_11               3.72045e-63
xtop.xr144.11                      3.72045e-63
xtop.xr144.21                      3.72045e-63
xtop.core_trim_u5_10               3.72045e-63
xtop.xr145.11                      3.72045e-63
xtop.xr145.21                      3.72045e-63
xtop.core_trim_u5_9                3.72045e-63
xtop.xr146.11                      3.72045e-63
xtop.xr146.21                      3.72045e-63
xtop.core_trim_u5_8                3.72045e-63
xtop.xr147.11                      3.72045e-63
xtop.xr147.21                      3.72045e-63
xtop.core_trim_u5_7                3.72045e-63
xtop.xr148.11                      3.72045e-63
xtop.xr148.21                      3.72045e-63
xtop.core_trim_u5_6                3.72045e-63
xtop.xr149.11                      3.72045e-63
xtop.xr149.21                      3.72045e-63
xtop.core_trim_u5_5                3.72045e-63
xtop.xr150.11                      3.72045e-63
xtop.xr150.21                      3.72045e-63
xtop.core_trim_u5_4                3.72045e-63
xtop.xr151.11                      3.72045e-63
xtop.xr151.21                      3.72045e-63
xtop.core_trim_u5_3                3.72045e-63
xtop.xr152.11                      3.72045e-63
xtop.xr152.21                      3.72045e-63
xtop.core_trim_u5_2                3.72045e-63
xtop.xr153.11                      3.72045e-63
xtop.xr153.21                      3.72045e-63
xtop.core_trim_u5_1                3.72045e-63
xtop.xr154.11                      3.72045e-63
xtop.xr154.21                      3.72045e-63
xtop.core_trim_u5_0                3.72045e-63
xtop.xr155.11                      3.72045e-63
xtop.xr155.21                      3.72045e-63
xtop.xr91.11                      -4.42838e-53
xtop.xr91.21                      -4.42838e-53
xtop.xr92.11                       3.72045e-63
xtop.xr92.21                       3.72045e-63
xtop.xr93.11                       3.72045e-63
xtop.xr93.21                       3.72045e-63
xtop.core_trim_u1_0                3.72045e-63
xtop.xr94.11                       3.72045e-63
xtop.xr94.21                       3.72045e-63
xtop.xr95.11                       3.72045e-63
xtop.xr95.21                       3.72045e-63
xtop.xr96.11                       3.72045e-63
xtop.xr96.21                       3.72045e-63
xtop.core_trim_u2_0                3.72045e-63
xtop.xr97.11                       3.72045e-63
xtop.xr97.21                       3.72045e-63
xtop.core_trim_u2_1                3.72045e-63
xtop.xr98.11                       3.72045e-63
xtop.xr98.21                       3.72045e-63
xtop.core_trim_u2_2                3.72045e-63
xtop.xr99.11                       3.72045e-63
xtop.xr99.21                       3.72045e-63
xtop.xr156.11                     5.30584e-247
xtop.xr156.21                    -9.10627e-254
xtop.amp_nd1__par                  5.27286e-30
xtop.amp_n2__par                   4.98131e-30
xtop.fb__par                       4.93504e-30
xtop.amp_tail__par                -1.60494e-29
xtop.amp_a3__par                   2.17524e-32
xtop.amp_a4__par                   2.61442e-32
xtop.core_d4__par                  2.34049e-20
xtop.core_d1__par                 -1.25097e-44
xtop.sns1__par                     3.95603e-46
xtop.core_d2__par                  5.52019e-53
xtop.sns2__par                    -4.42838e-53
xtop.core_d3__par                 -2.40552e-62
xtop.core_e3__par                  3.72045e-63
xtop.core_e2__par                 -4.42838e-53
xtop.ibias__par                   -7.30363e-18
xtop.core_trim_u1_0__par           3.72045e-63
xtop.core_trim_u2_0__par           3.72045e-63
xtop.core_trim_u2_1__par           3.72045e-63
xtop.core_trim_u2_2__par           3.72045e-63
xtop.casc__par                     2.02332e-70
xtop.core_trim_u3_0__par           3.72045e-63
xtop.core_trim_u3_1__par           3.72045e-63
xtop.core_trim_u3_2__par           3.72045e-63
xtop.core_trim_u3_3__par           3.72045e-63
xtop.core_trim_u3_4__par           3.72045e-63
xtop.core_trim_u3_5__par           3.72045e-63
xtop.core_trim_u3_6__par           3.72045e-63
xtop.core_trim_u4_0__par           3.72045e-63
xtop.core_trim_u4_1__par           3.72045e-63
xtop.core_trim_u4_2__par           3.72045e-63
xtop.startup_det__par             5.30584e-247
xtop.core_trim_u4_3__par           3.72045e-63
xtop.core_trim_u4_4__par           3.72045e-63
xtop.core_trim_u4_5__par           3.72045e-63
xtop.core_trim_u4_6__par           3.72045e-63
xtop.core_trim_u4_7__par           3.72045e-63
xtop.core_trim_u4_8__par           3.72045e-63
xtop.core_trim_u4_9__par           3.72045e-63
xtop.core_trim_u4_10__par          3.72045e-63
xtop.core_trim_u4_11__par          3.72045e-63
xtop.core_trim_u4_12__par          3.72045e-63
xtop.amp_pbias__par                1.57965e-97
xtop.core_trim_u4_13__par          3.72045e-63
xtop.core_trim_u4_14__par          3.72045e-63
xtop.core_tn0__par                 3.72045e-63
xtop.core_trim_u5_30__par          3.72045e-63
xtop.core_trim_u5_29__par          3.72045e-63
xtop.core_trim_u5_28__par          3.72045e-63
xtop.core_trim_u5_27__par          3.72045e-63
xtop.core_trim_u5_26__par          3.72045e-63
xtop.core_trim_u5_25__par          3.72045e-63
xtop.core_trim_u5_24__par          3.72045e-63
xtop.amp_nb1__par                 -1.64085e-73
xtop.core_trim_u5_23__par          3.72045e-63
xtop.core_trim_u5_22__par          3.72045e-63
xtop.core_trim_u5_21__par          3.72045e-63
xtop.core_trim_u5_20__par          3.72045e-63
xtop.core_trim_u5_19__par          3.72045e-63
xtop.core_trim_u5_18__par          3.72045e-63
xtop.core_trim_u5_17__par          3.72045e-63
xtop.core_trim_u5_16__par          3.72045e-63
xtop.core_trim_u5_15__par          3.72045e-63
xtop.core_trim_u5_14__par          3.72045e-63
xtop.amp_ncasc__par                1.03778e-73
xtop.core_trim_u5_13__par          3.72045e-63
xtop.core_trim_u5_12__par          3.72045e-63
xtop.core_trim_u5_11__par          3.72045e-63
xtop.core_trim_u5_10__par          3.72045e-63
xtop.core_trim_u5_9__par           3.72045e-63
xtop.core_trim_u5_8__par           3.72045e-63
xtop.core_trim_u5_7__par           3.72045e-63
xtop.core_trim_u5_6__par           3.72045e-63
xtop.core_trim_u5_5__par           3.72045e-63
xtop.core_trim_u5_4__par           3.72045e-63
xtop.amp_n1__par                   5.28964e-30
xtop.core_trim_u5_3__par           3.72045e-63
xtop.core_trim_u5_2__par           3.72045e-63
xtop.core_trim_u5_1__par           3.72045e-63
xtop.core_trim_u5_0__par           3.72045e-63
xtop.vdd__par                                0
xtop.vref__par                     3.72045e-63
xtop.vss__par                                0
vsup#branch                       -2.14921e-28

 Reference value :  0.00000e+00
 Reference value :  1.06631e-05
 Reference value :  1.28091e-04
 Reference value :  2.64091e-04
 Reference value :  3.99091e-04
 Reference value :  5.33091e-04
 Reference value :  6.64091e-04
 Reference value :  7.94091e-04
 Reference value :  9.30091e-04
 Reference value :  1.06509e-03
 Reference value :  1.20509e-03
 Reference value :  1.34609e-03
 Reference value :  1.48409e-03
 Reference value :  1.62209e-03
 Reference value :  1.76109e-03
 Reference value :  1.89609e-03
 Reference value :  2.03209e-03
 Reference value :  2.16309e-03
 Reference value :  2.29509e-03
 Reference value :  2.42809e-03
 Reference value :  2.64709e-03
 Reference value :  2.78909e-03
 Reference value :  2.98109e-03
No. of Data Rows : 3062
m_startup_time_s = 1.3091257425e-05
m_vref_final_v = 1.2706339057e+00
m_iq_total_final_ua = 2.9787760424e+01
m_det_final_v = 2.0236572327e-02
m_t0_s = 1.0000000000e-06
m_t_settle_s = 1.4091257425e-05
Note: Simulation executed from .control section 

Warning: m=xx on .subckt line will override multiplier m hierarchy!

Note: Starting dynamic gmin stepping
Note: Dynamic gmin stepping completed
