
Note: Compatibility modes selected: hs a


Circuit: * startup-extracted @ res_ff_27c_3.30v -- generated by sim/harness, do not edit

Doing analysis at TEMP = 27.000000 and TNOM = 27.000000

Using SPARSE 1.3 as Direct Linear Solver

Initial Transient Solution
--------------------------

Node                                   Voltage
----                                   -------
vdd                                          0
xtop.core_e3                      -3.92876e-20
xtop.core_e2                      -6.63924e-20
xtop.sns1                          6.32663e-20
xtop.fb                            1.30558e-19
xtop.ibias                         1.87197e-19
xtop.amp_nd1                       1.66503e-19
xtop.amp_ncasc                     1.37573e-22
xtop.amp_n1                       -6.84243e-19
xtop.amp_nb1                      -2.22878e-22
xtop.amp_n2                        1.18344e-18
xtop.sns2                         -6.63924e-20
xtop.amp_tail                     -5.49468e-21
xtop.casc                         -9.80705e-24
xtop.startup_det                             0
xtop.amp_pbias                     5.01597e-47
xtop.amp_a3                       -4.89923e-20
xtop.amp_a4                       -2.02573e-20
xtop.core_d4                      -3.45138e-21
xtop.core_d1                      -8.40939e-21
xtop.core_d2                       8.57114e-20
vref                              -3.92876e-20
xtop.core_d3                       5.24338e-20
xtop.core_tn0                     -3.92876e-20
xtop.xr100.11                     -3.92876e-20
xtop.xr100.21                     -3.92876e-20
xtop.core_trim_u3_0               -3.92876e-20
xtop.xr101.11                     -3.92876e-20
xtop.xr101.21                     -3.92876e-20
xtop.core_trim_u3_1               -3.92876e-20
xtop.xr102.11                     -3.92876e-20
xtop.xr102.21                     -3.92876e-20
xtop.core_trim_u3_2               -3.92876e-20
xtop.xr103.11                     -3.92876e-20
xtop.xr103.21                     -3.92876e-20
xtop.core_trim_u3_3               -3.92876e-20
xtop.xr104.11                     -3.92876e-20
xtop.xr104.21                     -3.92876e-20
xtop.core_trim_u3_4               -3.92876e-20
xtop.xr105.11                     -3.92876e-20
xtop.xr105.21                     -3.92876e-20
xtop.core_trim_u3_5               -3.92876e-20
xtop.xr106.11                     -3.92876e-20
xtop.xr106.21                     -3.92876e-20
xtop.core_trim_u3_6               -3.92876e-20
xtop.xr107.11                     -3.92876e-20
xtop.xr107.21                     -3.92876e-20
xtop.xr108.11                     -3.92876e-20
xtop.xr108.21                     -3.92876e-20
xtop.core_trim_u4_0               -3.92876e-20
xtop.xr109.11                     -3.92876e-20
xtop.xr109.21                     -3.92876e-20
xtop.core_trim_u4_1               -3.92876e-20
xtop.xr110.11                     -3.92876e-20
xtop.xr110.21                     -3.92876e-20
xtop.core_trim_u4_2               -3.92876e-20
xtop.xr111.11                     -3.92876e-20
xtop.xr111.21                     -3.92876e-20
xtop.core_trim_u4_3               -3.92876e-20
xtop.xr112.11                     -3.92876e-20
xtop.xr112.21                     -3.92876e-20
xtop.core_trim_u4_4               -3.92876e-20
xtop.xr113.11                     -3.92876e-20
xtop.xr113.21                     -3.92876e-20
xtop.core_trim_u4_5               -3.92876e-20
xtop.xr114.11                     -3.92876e-20
xtop.xr114.21                     -3.92876e-20
xtop.core_trim_u4_6               -3.92876e-20
xtop.xr115.11                     -3.92876e-20
xtop.xr115.21                     -3.92876e-20
xtop.core_trim_u4_7               -3.92876e-20
xtop.xr116.11                     -3.92876e-20
xtop.xr116.21                     -3.92876e-20
xtop.core_trim_u4_8               -3.92876e-20
xtop.xr117.11                     -3.92876e-20
xtop.xr117.21                     -3.92876e-20
xtop.core_trim_u4_9               -3.92876e-20
xtop.xr118.11                     -3.92876e-20
xtop.xr118.21                     -3.92876e-20
xtop.core_trim_u4_10              -3.92876e-20
xtop.xr119.11                     -3.92876e-20
xtop.xr119.21                     -3.92876e-20
xtop.core_trim_u4_11              -3.92876e-20
xtop.xr120.11                     -3.92876e-20
xtop.xr120.21                     -3.92876e-20
xtop.core_trim_u4_12              -3.92876e-20
xtop.xr121.11                     -3.92876e-20
xtop.xr121.21                     -3.92876e-20
xtop.core_trim_u4_13              -3.92876e-20
xtop.xr122.11                     -3.92876e-20
xtop.xr122.21                     -3.92876e-20
xtop.core_trim_u4_14              -3.92876e-20
xtop.xr123.11                     -3.92876e-20
xtop.xr123.21                     -3.92876e-20
xtop.xr124.11                     -3.92876e-20
xtop.xr124.21                     -3.92876e-20
xtop.core_trim_u5_30              -3.92876e-20
xtop.xr125.11                     -3.92876e-20
xtop.xr125.21                     -3.92876e-20
xtop.core_trim_u5_29              -3.92876e-20
xtop.xr126.11                     -3.92876e-20
xtop.xr126.21                     -3.92876e-20
xtop.core_trim_u5_28              -3.92876e-20
xtop.xr127.11                     -3.92876e-20
xtop.xr127.21                     -3.92876e-20
xtop.core_trim_u5_27              -3.92876e-20
xtop.xr128.11                     -3.92876e-20
xtop.xr128.21                     -3.92876e-20
xtop.core_trim_u5_26              -3.92876e-20
xtop.xr129.11                     -3.92876e-20
xtop.xr129.21                     -3.92876e-20
xtop.core_trim_u5_25              -3.92876e-20
xtop.xr130.11                     -3.92876e-20
xtop.xr130.21                     -3.92876e-20
xtop.core_trim_u5_24              -3.92876e-20
xtop.xr131.11                     -3.92876e-20
xtop.xr131.21                     -3.92876e-20
xtop.core_trim_u5_23              -3.92876e-20
xtop.xr132.11                     -3.92876e-20
xtop.xr132.21                     -3.92876e-20
xtop.core_trim_u5_22              -3.92876e-20
xtop.xr133.11                     -3.92876e-20
xtop.xr133.21                     -3.92876e-20
xtop.core_trim_u5_21              -3.92876e-20
xtop.xr134.11                     -3.92876e-20
xtop.xr134.21                     -3.92876e-20
xtop.core_trim_u5_20              -3.92876e-20
xtop.xr135.11                     -3.92876e-20
xtop.xr135.21                     -3.92876e-20
xtop.core_trim_u5_19              -3.92876e-20
xtop.xr136.11                     -3.92876e-20
xtop.xr136.21                     -3.92876e-20
xtop.core_trim_u5_18              -3.92876e-20
xtop.xr137.11                     -3.92876e-20
xtop.xr137.21                     -3.92876e-20
xtop.core_trim_u5_17              -3.92876e-20
xtop.xr138.11                     -3.92876e-20
xtop.xr138.21                     -3.92876e-20
xtop.core_trim_u5_16              -3.92876e-20
xtop.xr139.11                     -3.92876e-20
xtop.xr139.21                     -3.92876e-20
xtop.core_trim_u5_15              -3.92876e-20
xtop.xr140.11                     -3.92876e-20
xtop.xr140.21                     -3.92876e-20
xtop.core_trim_u5_14              -3.92876e-20
xtop.xr141.11                     -3.92876e-20
xtop.xr141.21                     -3.92876e-20
xtop.core_trim_u5_13              -3.92876e-20
xtop.xr142.11                     -3.92876e-20
xtop.xr142.21                     -3.92876e-20
xtop.core_trim_u5_12              -3.92876e-20
xtop.xr143.11                     -3.92876e-20
xtop.xr143.21                     -3.92876e-20
xtop.core_trim_u5_11              -3.92876e-20
xtop.xr144.11                     -3.92876e-20
xtop.xr144.21                     -3.92876e-20
xtop.core_trim_u5_10              -3.92876e-20
xtop.xr145.11                     -3.92876e-20
xtop.xr145.21                     -3.92876e-20
xtop.core_trim_u5_9               -3.92876e-20
xtop.xr146.11                     -3.92876e-20
xtop.xr146.21                     -3.92876e-20
xtop.core_trim_u5_8               -3.92876e-20
xtop.xr147.11                     -3.92876e-20
xtop.xr147.21                     -3.92876e-20
xtop.core_trim_u5_7               -3.92876e-20
xtop.xr148.11                     -3.92876e-20
xtop.xr148.21                     -3.92876e-20
xtop.core_trim_u5_6               -3.92876e-20
xtop.xr149.11                     -3.92876e-20
xtop.xr149.21                     -3.92876e-20
xtop.core_trim_u5_5               -3.92876e-20
xtop.xr150.11                     -3.92876e-20
xtop.xr150.21                     -3.92876e-20
xtop.core_trim_u5_4               -3.92876e-20
xtop.xr151.11                     -3.92876e-20
xtop.xr151.21                     -3.92876e-20
xtop.core_trim_u5_3               -3.92876e-20
xtop.xr152.11                     -3.92876e-20
xtop.xr152.21                     -3.92876e-20
xtop.core_trim_u5_2               -3.92876e-20
xtop.xr153.11                     -3.92876e-20
xtop.xr153.21                     -3.92876e-20
xtop.core_trim_u5_1               -3.92876e-20
xtop.xr154.11                     -3.92876e-20
xtop.xr154.21                     -3.92876e-20
xtop.core_trim_u5_0               -3.92876e-20
xtop.xr155.11                     -3.92876e-20
xtop.xr155.21                     -3.92876e-20
xtop.xr91.11                      -6.63924e-20
xtop.xr91.21                      -6.63924e-20
xtop.xr92.11                      -3.92876e-20
xtop.xr92.21                      -3.92876e-20
xtop.xr93.11                      -3.92876e-20
xtop.xr93.21                      -3.92876e-20
xtop.core_trim_u1_0               -3.92876e-20
xtop.xr94.11                      -3.92876e-20
xtop.xr94.21                      -3.92876e-20
xtop.xr95.11                      -3.92876e-20
xtop.xr95.21                      -3.92876e-20
xtop.xr96.11                      -3.92876e-20
xtop.xr96.21                      -3.92876e-20
xtop.core_trim_u2_0               -3.92876e-20
xtop.xr97.11                      -3.92876e-20
xtop.xr97.21                      -3.92876e-20
xtop.core_trim_u2_1               -3.92876e-20
xtop.xr98.11                      -3.92876e-20
xtop.xr98.21                      -3.92876e-20
xtop.core_trim_u2_2               -3.92876e-20
xtop.xr99.11                      -3.92876e-20
xtop.xr99.21                      -3.92876e-20
xtop.xr156.11                                0
xtop.xr156.21                                0
xtop.amp_nd1__par                  1.66503e-19
xtop.amp_n2__par                   1.18344e-18
xtop.fb__par                       1.30558e-19
xtop.amp_tail__par                -5.49468e-21
xtop.amp_a3__par                  -4.89923e-20
xtop.amp_a4__par                  -2.02573e-20
xtop.core_d4__par                 -3.45138e-21
xtop.core_d1__par                 -8.40939e-21
xtop.sns1__par                     6.32663e-20
xtop.core_d2__par                  8.57114e-20
xtop.sns2__par                    -6.63924e-20
xtop.core_d3__par                  5.24338e-20
xtop.core_e3__par                 -3.92876e-20
xtop.core_e2__par                 -6.63924e-20
xtop.ibias__par                    1.87197e-19
xtop.core_trim_u1_0__par          -3.92876e-20
xtop.core_trim_u2_0__par          -3.92876e-20
xtop.core_trim_u2_1__par          -3.92876e-20
xtop.core_trim_u2_2__par          -3.92876e-20
xtop.casc__par                    -9.80705e-24
xtop.core_trim_u3_0__par          -3.92876e-20
xtop.core_trim_u3_1__par          -3.92876e-20
xtop.core_trim_u3_2__par          -3.92876e-20
xtop.core_trim_u3_3__par          -3.92876e-20
xtop.core_trim_u3_4__par          -3.92876e-20
xtop.core_trim_u3_5__par          -3.92876e-20
xtop.core_trim_u3_6__par          -3.92876e-20
xtop.core_trim_u4_0__par          -3.92876e-20
xtop.core_trim_u4_1__par          -3.92876e-20
xtop.core_trim_u4_2__par          -3.92876e-20
xtop.startup_det__par                        0
xtop.core_trim_u4_3__par          -3.92876e-20
xtop.core_trim_u4_4__par          -3.92876e-20
xtop.core_trim_u4_5__par          -3.92876e-20
xtop.core_trim_u4_6__par          -3.92876e-20
xtop.core_trim_u4_7__par          -3.92876e-20
xtop.core_trim_u4_8__par          -3.92876e-20
xtop.core_trim_u4_9__par          -3.92876e-20
xtop.core_trim_u4_10__par         -3.92876e-20
xtop.core_trim_u4_11__par         -3.92876e-20
xtop.core_trim_u4_12__par         -3.92876e-20
xtop.amp_pbias__par                5.01597e-47
xtop.core_trim_u4_13__par         -3.92876e-20
xtop.core_trim_u4_14__par         -3.92876e-20
xtop.core_tn0__par                -3.92876e-20
xtop.core_trim_u5_30__par         -3.92876e-20
xtop.core_trim_u5_29__par         -3.92876e-20
xtop.core_trim_u5_28__par         -3.92876e-20
xtop.core_trim_u5_27__par         -3.92876e-20
xtop.core_trim_u5_26__par         -3.92876e-20
xtop.core_trim_u5_25__par         -3.92876e-20
xtop.core_trim_u5_24__par         -3.92876e-20
xtop.amp_nb1__par                 -2.22878e-22
xtop.core_trim_u5_23__par         -3.92876e-20
xtop.core_trim_u5_22__par         -3.92876e-20
xtop.core_trim_u5_21__par         -3.92876e-20
xtop.core_trim_u5_20__par         -3.92876e-20
xtop.core_trim_u5_19__par         -3.92876e-20
xtop.core_trim_u5_18__par         -3.92876e-20
xtop.core_trim_u5_17__par         -3.92876e-20
xtop.core_trim_u5_16__par         -3.92876e-20
xtop.core_trim_u5_15__par         -3.92876e-20
xtop.core_trim_u5_14__par         -3.92876e-20
xtop.amp_ncasc__par                1.37573e-22
xtop.core_trim_u5_13__par         -3.92876e-20
xtop.core_trim_u5_12__par         -3.92876e-20
xtop.core_trim_u5_11__par         -3.92876e-20
xtop.core_trim_u5_10__par         -3.92876e-20
xtop.core_trim_u5_9__par          -3.92876e-20
xtop.core_trim_u5_8__par          -3.92876e-20
xtop.core_trim_u5_7__par          -3.92876e-20
xtop.core_trim_u5_6__par          -3.92876e-20
xtop.core_trim_u5_5__par          -3.92876e-20
xtop.core_trim_u5_4__par          -3.92876e-20
xtop.amp_n1__par                  -6.84243e-19
xtop.core_trim_u5_3__par          -3.92876e-20
xtop.core_trim_u5_2__par          -3.92876e-20
xtop.core_trim_u5_1__par          -3.92876e-20
xtop.core_trim_u5_0__par          -3.92876e-20
xtop.vdd__par                                0
xtop.vref__par                    -3.92876e-20
xtop.vss__par                                0
vsup#branch                        9.11536e-31

 Reference value :  0.00000e+00
 Reference value :  7.94468e-06
 Reference value :  9.74553e-05
 Reference value :  2.32455e-04
 Reference value :  3.65455e-04
 Reference value :  4.99455e-04
 Reference value :  6.33455e-04
 Reference value :  7.71455e-04
 Reference value :  9.07455e-04
 Reference value :  1.04146e-03
 Reference value :  1.17746e-03
 Reference value :  1.31546e-03
 Reference value :  1.45546e-03
 Reference value :  1.66346e-03
 Reference value :  1.81746e-03
 Reference value :  1.95346e-03
 Reference value :  2.09446e-03
 Reference value :  2.24746e-03
 Reference value :  2.38546e-03
 Reference value :  2.53646e-03
 Reference value :  2.67746e-03
 Reference value :  2.83346e-03
 Reference value :  2.97346e-03
No. of Data Rows : 3071
m_startup_time_s = 9.4898990776e-06
m_vref_final_v = 1.2650277814e+00
m_iq_total_final_ua = 2.8242461141e+01
m_det_final_v = 1.7101019539e-02
m_t0_s = 1.0000000000e-06
m_t_settle_s = 1.0489899078e-05
Note: Simulation executed from .control section 

Warning: m=xx on .subckt line will override multiplier m hierarchy!

