
Note: Compatibility modes selected: hs a


Circuit: * startup-extracted @ res_ss_27c_2.97v -- generated by sim/harness, do not edit

Doing analysis at TEMP = 27.000000 and TNOM = 27.000000

Using SPARSE 1.3 as Direct Linear Solver

Initial Transient Solution
--------------------------

Node                                   Voltage
----                                   -------
vdd                                          0
xtop.core_e3                      -4.85127e-20
xtop.core_e2                      -2.26488e-20
xtop.sns1                          2.78228e-20
xtop.fb                           -1.15989e-20
xtop.ibias                         5.51104e-25
xtop.amp_nd1                       1.93422e-19
xtop.amp_ncasc                     2.20671e-23
xtop.amp_n1                        1.08432e-18
xtop.amp_nb1                      -3.55792e-23
xtop.amp_n2                        1.09298e-19
xtop.sns2                         -2.26488e-20
xtop.amp_tail                     -7.57933e-19
xtop.casc                         -6.26319e-15
xtop.startup_det                  1.02962e-229
xtop.amp_pbias                     8.19025e-25
xtop.amp_a3                       -2.69378e-22
xtop.amp_a4                        2.40736e-21
xtop.core_d4                      -8.84598e-27
xtop.core_d1                      -4.88885e-20
xtop.core_d2                       7.66874e-21
vref                              -4.85128e-20
xtop.core_d3                       2.91591e-20
xtop.core_tn0                     -4.85128e-20
xtop.xr100.11                     -4.85128e-20
xtop.xr100.21                     -4.85128e-20
xtop.core_trim_u3_0               -4.85128e-20
xtop.xr101.11                     -4.85128e-20
xtop.xr101.21                     -4.85128e-20
xtop.core_trim_u3_1               -4.85128e-20
xtop.xr102.11                     -4.85128e-20
xtop.xr102.21                     -4.85128e-20
xtop.core_trim_u3_2               -4.85128e-20
xtop.xr103.11                     -4.85128e-20
xtop.xr103.21                     -4.85128e-20
xtop.core_trim_u3_3               -4.85128e-20
xtop.xr104.11                     -4.85128e-20
xtop.xr104.21                     -4.85128e-20
xtop.core_trim_u3_4               -4.85128e-20
xtop.xr105.11                     -4.85128e-20
xtop.xr105.21                     -4.85128e-20
xtop.core_trim_u3_5               -4.85128e-20
xtop.xr106.11                     -4.85128e-20
xtop.xr106.21                     -4.85128e-20
xtop.core_trim_u3_6               -4.85128e-20
xtop.xr107.11                     -4.85128e-20
xtop.xr107.21                     -4.85128e-20
xtop.xr108.11                     -4.85128e-20
xtop.xr108.21                     -4.85128e-20
xtop.core_trim_u4_0               -4.85128e-20
xtop.xr109.11                     -4.85128e-20
xtop.xr109.21                     -4.85128e-20
xtop.core_trim_u4_1               -4.85128e-20
xtop.xr110.11                     -4.85128e-20
xtop.xr110.21                     -4.85128e-20
xtop.core_trim_u4_2               -4.85128e-20
xtop.xr111.11                     -4.85128e-20
xtop.xr111.21                     -4.85128e-20
xtop.core_trim_u4_3               -4.85128e-20
xtop.xr112.11                     -4.85128e-20
xtop.xr112.21                     -4.85128e-20
xtop.core_trim_u4_4               -4.85128e-20
xtop.xr113.11                     -4.85128e-20
xtop.xr113.21                     -4.85128e-20
xtop.core_trim_u4_5               -4.85128e-20
xtop.xr114.11                     -4.85128e-20
xtop.xr114.21                     -4.85128e-20
xtop.core_trim_u4_6               -4.85128e-20
xtop.xr115.11                     -4.85128e-20
xtop.xr115.21                     -4.85128e-20
xtop.core_trim_u4_7               -4.85128e-20
xtop.xr116.11                     -4.85128e-20
xtop.xr116.21                     -4.85128e-20
xtop.core_trim_u4_8               -4.85128e-20
xtop.xr117.11                     -4.85128e-20
xtop.xr117.21                     -4.85128e-20
xtop.core_trim_u4_9               -4.85128e-20
xtop.xr118.11                     -4.85128e-20
xtop.xr118.21                     -4.85128e-20
xtop.core_trim_u4_10              -4.85128e-20
xtop.xr119.11                     -4.85128e-20
xtop.xr119.21                     -4.85128e-20
xtop.core_trim_u4_11              -4.85128e-20
xtop.xr120.11                     -4.85128e-20
xtop.xr120.21                     -4.85128e-20
xtop.core_trim_u4_12              -4.85128e-20
xtop.xr121.11                     -4.85128e-20
xtop.xr121.21                     -4.85128e-20
xtop.core_trim_u4_13              -4.85128e-20
xtop.xr122.11                     -4.85128e-20
xtop.xr122.21                     -4.85128e-20
xtop.core_trim_u4_14              -4.85128e-20
xtop.xr123.11                     -4.85128e-20
xtop.xr123.21                     -4.85128e-20
xtop.xr124.11                     -4.85128e-20
xtop.xr124.21                     -4.85128e-20
xtop.core_trim_u5_30              -4.85128e-20
xtop.xr125.11                     -4.85128e-20
xtop.xr125.21                     -4.85128e-20
xtop.core_trim_u5_29              -4.85128e-20
xtop.xr126.11                     -4.85128e-20
xtop.xr126.21                     -4.85128e-20
xtop.core_trim_u5_28              -4.85128e-20
xtop.xr127.11                     -4.85128e-20
xtop.xr127.21                     -4.85128e-20
xtop.core_trim_u5_27              -4.85128e-20
xtop.xr128.11                     -4.85128e-20
xtop.xr128.21                     -4.85128e-20
xtop.core_trim_u5_26              -4.85128e-20
xtop.xr129.11                     -4.85128e-20
xtop.xr129.21                     -4.85128e-20
xtop.core_trim_u5_25              -4.85128e-20
xtop.xr130.11                     -4.85128e-20
xtop.xr130.21                     -4.85128e-20
xtop.core_trim_u5_24              -4.85128e-20
xtop.xr131.11                     -4.85128e-20
xtop.xr131.21                     -4.85128e-20
xtop.core_trim_u5_23              -4.85128e-20
xtop.xr132.11                     -4.85128e-20
xtop.xr132.21                     -4.85128e-20
xtop.core_trim_u5_22              -4.85128e-20
xtop.xr133.11                     -4.85128e-20
xtop.xr133.21                     -4.85128e-20
xtop.core_trim_u5_21              -4.85128e-20
xtop.xr134.11                     -4.85128e-20
xtop.xr134.21                     -4.85128e-20
xtop.core_trim_u5_20              -4.85128e-20
xtop.xr135.11                     -4.85128e-20
xtop.xr135.21                     -4.85128e-20
xtop.core_trim_u5_19              -4.85128e-20
xtop.xr136.11                     -4.85128e-20
xtop.xr136.21                     -4.85128e-20
xtop.core_trim_u5_18              -4.85128e-20
xtop.xr137.11                     -4.85128e-20
xtop.xr137.21                     -4.85128e-20
xtop.core_trim_u5_17              -4.85128e-20
xtop.xr138.11                     -4.85128e-20
xtop.xr138.21                     -4.85128e-20
xtop.core_trim_u5_16              -4.85128e-20
xtop.xr139.11                     -4.85128e-20
xtop.xr139.21                     -4.85128e-20
xtop.core_trim_u5_15              -4.85128e-20
xtop.xr140.11                     -4.85128e-20
xtop.xr140.21                     -4.85128e-20
xtop.core_trim_u5_14              -4.85128e-20
xtop.xr141.11                     -4.85128e-20
xtop.xr141.21                     -4.85128e-20
xtop.core_trim_u5_13              -4.85128e-20
xtop.xr142.11                     -4.85128e-20
xtop.xr142.21                     -4.85128e-20
xtop.core_trim_u5_12              -4.85128e-20
xtop.xr143.11                     -4.85128e-20
xtop.xr143.21                     -4.85128e-20
xtop.core_trim_u5_11              -4.85128e-20
xtop.xr144.11                     -4.85128e-20
xtop.xr144.21                     -4.85128e-20
xtop.core_trim_u5_10              -4.85128e-20
xtop.xr145.11                     -4.85128e-20
xtop.xr145.21                     -4.85128e-20
xtop.core_trim_u5_9               -4.85128e-20
xtop.xr146.11                     -4.85128e-20
xtop.xr146.21                     -4.85128e-20
xtop.core_trim_u5_8               -4.85128e-20
xtop.xr147.11                     -4.85128e-20
xtop.xr147.21                     -4.85128e-20
xtop.core_trim_u5_7               -4.85128e-20
xtop.xr148.11                     -4.85128e-20
xtop.xr148.21                     -4.85128e-20
xtop.core_trim_u5_6               -4.85128e-20
xtop.xr149.11                     -4.85128e-20
xtop.xr149.21                     -4.85128e-20
xtop.core_trim_u5_5               -4.85128e-20
xtop.xr150.11                     -4.85128e-20
xtop.xr150.21                     -4.85128e-20
xtop.core_trim_u5_4               -4.85128e-20
xtop.xr151.11                     -4.85128e-20
xtop.xr151.21                     -4.85128e-20
xtop.core_trim_u5_3               -4.85128e-20
xtop.xr152.11                     -4.85128e-20
xtop.xr152.21                     -4.85128e-20
xtop.core_trim_u5_2               -4.85128e-20
xtop.xr153.11                     -4.85128e-20
xtop.xr153.21                     -4.85128e-20
xtop.core_trim_u5_1               -4.85128e-20
xtop.xr154.11                     -4.85128e-20
xtop.xr154.21                     -4.85128e-20
xtop.core_trim_u5_0               -4.85128e-20
xtop.xr155.11                     -4.85128e-20
xtop.xr155.21                     -4.85128e-20
xtop.xr91.11                      -2.26488e-20
xtop.xr91.21                      -2.26488e-20
xtop.xr92.11                      -4.85128e-20
xtop.xr92.21                      -4.85128e-20
xtop.xr93.11                      -4.85128e-20
xtop.xr93.21                      -4.85128e-20
xtop.core_trim_u1_0               -4.85128e-20
xtop.xr94.11                      -4.85128e-20
xtop.xr94.21                      -4.85128e-20
xtop.xr95.11                      -4.85127e-20
xtop.xr95.21                      -4.85128e-20
xtop.xr96.11                      -4.85128e-20
xtop.xr96.21                      -4.85128e-20
xtop.core_trim_u2_0               -4.85128e-20
xtop.xr97.11                      -4.85128e-20
xtop.xr97.21                      -4.85128e-20
xtop.core_trim_u2_1               -4.85128e-20
xtop.xr98.11                      -4.85128e-20
xtop.xr98.21                      -4.85128e-20
xtop.core_trim_u2_2               -4.85128e-20
xtop.xr99.11                      -4.85128e-20
xtop.xr99.21                      -4.85128e-20
xtop.xr156.11                     1.02962e-229
xtop.xr156.21                    -2.18523e-239
xtop.amp_nd1__par                  1.93422e-19
xtop.amp_n2__par                   1.09298e-19
xtop.fb__par                      -1.15989e-20
xtop.amp_tail__par                -7.57933e-19
xtop.amp_a3__par                  -2.69378e-22
xtop.amp_a4__par                   2.40736e-21
xtop.core_d4__par                 -8.84598e-27
xtop.core_d1__par                 -4.88885e-20
xtop.sns1__par                     2.78228e-20
xtop.core_d2__par                  7.66874e-21
xtop.sns2__par                    -2.26488e-20
xtop.core_d3__par                  2.91591e-20
xtop.core_e3__par                 -4.85127e-20
xtop.core_e2__par                 -2.26488e-20
xtop.ibias__par                    5.51104e-25
xtop.core_trim_u1_0__par          -4.85128e-20
xtop.core_trim_u2_0__par          -4.85128e-20
xtop.core_trim_u2_1__par          -4.85128e-20
xtop.core_trim_u2_2__par          -4.85128e-20
xtop.casc__par                    -6.26319e-15
xtop.core_trim_u3_0__par          -4.85128e-20
xtop.core_trim_u3_1__par          -4.85128e-20
xtop.core_trim_u3_2__par          -4.85128e-20
xtop.core_trim_u3_3__par          -4.85128e-20
xtop.core_trim_u3_4__par          -4.85128e-20
xtop.core_trim_u3_5__par          -4.85128e-20
xtop.core_trim_u3_6__par          -4.85128e-20
xtop.core_trim_u4_0__par          -4.85128e-20
xtop.core_trim_u4_1__par          -4.85128e-20
xtop.core_trim_u4_2__par          -4.85128e-20
xtop.startup_det__par             1.02962e-229
xtop.core_trim_u4_3__par          -4.85128e-20
xtop.core_trim_u4_4__par          -4.85128e-20
xtop.core_trim_u4_5__par          -4.85128e-20
xtop.core_trim_u4_6__par          -4.85128e-20
xtop.core_trim_u4_7__par          -4.85128e-20
xtop.core_trim_u4_8__par          -4.85128e-20
xtop.core_trim_u4_9__par          -4.85128e-20
xtop.core_trim_u4_10__par         -4.85128e-20
xtop.core_trim_u4_11__par         -4.85128e-20
xtop.core_trim_u4_12__par         -4.85128e-20
xtop.amp_pbias__par                8.19025e-25
xtop.core_trim_u4_13__par         -4.85128e-20
xtop.core_trim_u4_14__par         -4.85128e-20
xtop.core_tn0__par                -4.85128e-20
xtop.core_trim_u5_30__par         -4.85128e-20
xtop.core_trim_u5_29__par         -4.85128e-20
xtop.core_trim_u5_28__par         -4.85128e-20
xtop.core_trim_u5_27__par         -4.85128e-20
xtop.core_trim_u5_26__par         -4.85128e-20
xtop.core_trim_u5_25__par         -4.85128e-20
xtop.core_trim_u5_24__par         -4.85128e-20
xtop.amp_nb1__par                 -3.55792e-23
xtop.core_trim_u5_23__par         -4.85128e-20
xtop.core_trim_u5_22__par         -4.85128e-20
xtop.core_trim_u5_21__par         -4.85128e-20
xtop.core_trim_u5_20__par         -4.85128e-20
xtop.core_trim_u5_19__par         -4.85128e-20
xtop.core_trim_u5_18__par         -4.85128e-20
xtop.core_trim_u5_17__par         -4.85128e-20
xtop.core_trim_u5_16__par         -4.85128e-20
xtop.core_trim_u5_15__par         -4.85128e-20
xtop.core_trim_u5_14__par         -4.85128e-20
xtop.amp_ncasc__par                2.20671e-23
xtop.core_trim_u5_13__par         -4.85128e-20
xtop.core_trim_u5_12__par         -4.85128e-20
xtop.core_trim_u5_11__par         -4.85128e-20
xtop.core_trim_u5_10__par         -4.85128e-20
xtop.core_trim_u5_9__par          -4.85128e-20
xtop.core_trim_u5_8__par          -4.85128e-20
xtop.core_trim_u5_7__par          -4.85128e-20
xtop.core_trim_u5_6__par          -4.85128e-20
xtop.core_trim_u5_5__par          -4.85128e-20
xtop.core_trim_u5_4__par          -4.85128e-20
xtop.amp_n1__par                   1.08432e-18
xtop.core_trim_u5_3__par          -4.85128e-20
xtop.core_trim_u5_2__par          -4.85128e-20
xtop.core_trim_u5_1__par          -4.85128e-20
xtop.core_trim_u5_0__par          -4.85128e-20
xtop.vdd__par                                0
xtop.vref__par                    -4.85128e-20
xtop.vss__par                                0
vsup#branch                       -6.26185e-27

 Reference value :  1.18235e-08
 Reference value :  1.06772e-05
 Reference value :  1.00384e-04
 Reference value :  3.10384e-04
 Reference value :  4.62384e-04
 Reference value :  5.95384e-04
 Reference value :  7.28384e-04
 Reference value :  8.63384e-04
 Reference value :  9.98384e-04
 Reference value :  1.17138e-03
 Reference value :  1.36638e-03
 Reference value :  1.50338e-03
 Reference value :  1.64138e-03
 Reference value :  1.78138e-03
 Reference value :  1.92138e-03
 Reference value :  2.05838e-03
 Reference value :  2.19038e-03
 Reference value :  2.32438e-03
 Reference value :  2.45738e-03
 Reference value :  2.58838e-03
 Reference value :  2.73138e-03
 Reference value :  2.86538e-03
 Reference value :  2.99738e-03
No. of Data Rows : 3072
m_startup_time_s = 1.2004967214e-05
m_vref_final_v = 1.2513862630e+00
m_iq_total_final_ua = 1.7563170600e+01
m_det_final_v = 1.3252072638e-02
m_t0_s = 1.0000000000e-06
m_t_settle_s = 1.3004967214e-05
Note: Simulation executed from .control section 

Warning: m=xx on .subckt line will override multiplier m hierarchy!

