
Note: Compatibility modes selected: hs a


Circuit: * startup @ bjt_ff_27c_3.63v -- generated by sim/harness, do not edit

Doing analysis at TEMP = 27.000000 and TNOM = 27.000000

Using SPARSE 1.3 as Direct Linear Solver

Initial Transient Solution
--------------------------

Node                                   Voltage
----                                   -------
vdd                                          0
xtop.xx1.d1                       -1.22918e-19
xtop.fb                            1.39499e-16
xtop.sns1                          5.28604e-20
xtop.casc                         -1.01806e-39
xtop.xx1.d2                       -5.99341e-20
xtop.sns2                          3.82785e-21
xtop.xx1.e2                        3.82785e-21
xtop.xx1.xr2.11                    3.82785e-21
xtop.xx1.xr2.21                    3.82785e-21
xtop.xx1.d3                       -2.04522e-20
vref                              -8.33066e-20
xtop.xx1.e3                       -8.33066e-20
xtop.xx1.xr1.11                   -8.33066e-20
xtop.xx1.xr1.21                   -8.33066e-20
xtop.xx1.d4                        1.92621e-20
xtop.ibias                         -6.3087e-21
xtop.xx2.a3                        4.43191e-21
xtop.xx2.nd1                       1.26627e-16
xtop.xx2.a4                        6.08115e-19
xtop.xx2.pbias                     1.7395e-111
xtop.xx2.ncasc                     7.32438e-41
xtop.xx2.n1                        5.23606e-16
xtop.xx2.n2                        6.94197e-16
xtop.xx2.tail                      -1.2913e-15
xtop.xx2.nb1                      -1.18146e-40
xtop.vdd_su                                  0
xtop.xx3.det                                 0
xtop.xx3.xrpu.11                             0
xtop.xx3.xrpu.21                             0
v.xtop.vsu_sense#branch                      0
vsup#branch                        2.68801e-28

 Reference value :  0.00000e+00
 Reference value :  5.77834e-04
 Reference value :  1.48283e-03
 Reference value :  2.38483e-03
No. of Data Rows : 3078
m_startup_time_s = 1.2833892942e-05
m_vref_final_v = 1.2086222815e+00
m_iq_total_final_ua = 2.0680055759e+01
m_iq_startup_branch_final_ua = 1.7822118573e+00
m_det_final_v = 1.8636471074e-02
m_t0_s = 1.0000000000e-06
m_t_settle_s = 1.3833892942e-05
Note: Simulation executed from .control section 

Warning: m=xx on .subckt line will override multiplier m hierarchy!

