
Note: Compatibility modes selected: hs a


Circuit: * startup @ ff_-40c_3.30v -- generated by sim/harness, do not edit

Doing analysis at TEMP = -40.000000 and TNOM = 27.000000

Using SPARSE 1.3 as Direct Linear Solver

Initial Transient Solution
--------------------------

Node                                   Voltage
----                                   -------
vdd                                          0
xtop.xx1.d1                        9.34115e-20
xtop.fb                            1.22675e-17
xtop.sns1                         -4.04073e-21
xtop.casc                          7.09603e-35
xtop.xx1.d2                       -2.15083e-17
xtop.sns2                          2.12091e-17
xtop.xx1.e2                        2.12091e-17
xtop.xx1.xr2.11                    2.12091e-17
xtop.xx1.xr2.21                    2.12091e-17
xtop.xx1.d3                        6.81224e-20
vref                              -1.14357e-20
xtop.xx1.e3                       -1.14357e-20
xtop.xx1.xr1.11                   -1.14357e-20
xtop.xx1.xr1.21                   -1.14357e-20
xtop.xx1.d4                        1.62688e-49
xtop.ibias                        -2.04461e-47
xtop.xx2.a3                       -2.73549e-20
xtop.xx2.nd1                      -4.56156e-17
xtop.xx2.a4                        4.62139e-21
xtop.xx2.pbias                    -7.30458e-56
xtop.xx2.ncasc                     1.84363e-50
xtop.xx2.n1                       -6.78138e-15
xtop.xx2.n2                        1.11318e-15
xtop.xx2.tail                      3.73892e-15
xtop.xx2.nb1                      -2.90933e-50
xtop.vdd_su                                  0
xtop.xx3.det                                 0
xtop.xx3.xrpu.11                             0
xtop.xx3.xrpu.21                             0
v.xtop.vsu_sense#branch                      0
vsup#branch                       -5.44394e-29

 Reference value :  0.00000e+00
 Reference value :  5.31740e-04
 Reference value :  1.40974e-03
 Reference value :  2.32474e-03
No. of Data Rows : 3084
m_startup_time_s = 1.7422735686e-05
m_vref_final_v = 1.2063339303e+00
m_iq_total_final_ua = 2.0627629158e+01
m_iq_startup_branch_final_ua = 1.8870259301e+00
m_det_final_v = 1.5578216504e-02
m_t0_s = 1.0000000000e-06
m_t_settle_s = 1.8422735686e-05
Note: Simulation executed from .control section 

Warning: m=xx on .subckt line will override multiplier m hierarchy!

