
Note: Compatibility modes selected: hs a


Circuit: * startup @ ff_125c_2.97v -- generated by sim/harness, do not edit

Doing analysis at TEMP = 125.000000 and TNOM = 27.000000

Using SPARSE 1.3 as Direct Linear Solver

Initial Transient Solution
--------------------------

Node                                   Voltage
----                                   -------
vdd                                          0
xtop.xx1.d1                        6.47899e-19
xtop.fb                            1.16715e-18
xtop.sns1                          6.13902e-19
xtop.casc                         -2.20792e-18
xtop.xx1.d2                        9.44652e-19
xtop.sns2                         -6.00739e-19
xtop.xx1.e2                        -6.0074e-19
xtop.xx1.xr2.11                    -6.0074e-19
xtop.xx1.xr2.21                   -6.00739e-19
xtop.xx1.d3                       -1.84414e-18
vref                              -6.50936e-19
xtop.xx1.e3                       -6.50936e-19
xtop.xx1.xr1.11                   -6.50936e-19
xtop.xx1.xr1.21                   -6.50936e-19
xtop.xx1.d4                       -1.81546e-18
xtop.ibias                         5.19976e-19
xtop.xx2.a3                        2.39185e-18
xtop.xx2.nd1                       4.74117e-18
xtop.xx2.a4                       -1.56274e-18
xtop.xx2.pbias                     4.69422e-21
xtop.xx2.ncasc                    -1.30716e-18
xtop.xx2.n1                        1.13706e-18
xtop.xx2.n2                        1.71616e-18
xtop.xx2.tail                      1.20955e-18
xtop.xx2.nb1                      -2.14131e-18
xtop.vdd_su                                  0
xtop.xx3.det                     -2.76762e-289
xtop.xx3.xrpu.11                 -2.76757e-289
xtop.xx3.xrpu.21                 -5.02376e-294
v.xtop.vsu_sense#branch           1.83007e-295
vsup#branch                        4.72075e-28

 Reference value :  0.00000e+00
 Reference value :  6.85162e-04
 Reference value :  1.54016e-03
 Reference value :  2.42016e-03
No. of Data Rows : 3064
m_startup_time_s = 1.9162488266e-05
m_vref_final_v = 1.2193593567e+00
m_iq_total_final_ua = 3.3778005777e+01
m_iq_startup_branch_final_ua = 1.9516927194e+00
m_det_final_v = 1.8343963404e-02
m_t0_s = 1.0000000000e-06
m_t_settle_s = 2.0162488266e-05
Note: Simulation executed from .control section 

Warning: m=xx on .subckt line will override multiplier m hierarchy!

