
Note: Compatibility modes selected: hs a


Circuit: * startup @ fs_-40c_3.30v -- generated by sim/harness, do not edit

Doing analysis at TEMP = -40.000000 and TNOM = 27.000000

Using SPARSE 1.3 as Direct Linear Solver

Initial Transient Solution
--------------------------

Node                                   Voltage
----                                   -------
vdd                                          0
xtop.xx1.d1                       -3.64283e-28
xtop.fb                           -3.46788e-23
xtop.sns1                         -2.12729e-29
xtop.casc                          5.44201e-30
xtop.xx1.d2                       -2.98733e-25
xtop.sns2                          9.75574e-27
xtop.xx1.e2                        9.75574e-27
xtop.xx1.xr2.11                    9.75574e-27
xtop.xx1.xr2.21                    9.75574e-27
xtop.xx1.d3                        4.74643e-20
vref                               1.91942e-20
xtop.xx1.e3                        1.91942e-20
xtop.xx1.xr1.11                    1.91942e-20
xtop.xx1.xr1.21                    1.91942e-20
xtop.xx1.d4                        8.61714e-43
xtop.ibias                        -4.05109e-38
xtop.xx2.a3                       -4.43384e-25
xtop.xx2.nd1                      -4.74469e-23
xtop.xx2.a4                       -4.43313e-25
xtop.xx2.pbias                     1.87884e-21
xtop.xx2.ncasc                     2.24938e-55
xtop.xx2.n1                       -3.44943e-22
xtop.xx2.n2                       -3.48859e-22
xtop.xx2.tail                      5.45435e-22
xtop.xx2.nb1                      -3.63957e-55
xtop.vdd_su                                  0
xtop.xx3.det                     -3.27136e-210
xtop.xx3.xrpu.11                 -3.27136e-210
xtop.xx3.xrpu.21                  2.49733e-220
v.xtop.vsu_sense#branch           -3.3987e-222
vsup#branch                       -1.76146e-32

 Reference value :  0.00000e+00
 Reference value :  5.80473e-04
 Reference value :  1.48647e-03
 Reference value :  2.39447e-03
No. of Data Rows : 3089
m_startup_time_s = 1.0119567459e-05
m_vref_final_v = 1.2064583436e+00
m_iq_total_final_ua = 1.7260665541e+01
m_iq_startup_branch_final_ua = 1.5101093624e+00
m_det_final_v = 1.4570629778e-02
m_t0_s = 1.0000000000e-06
m_t_settle_s = 1.1119567459e-05
Note: Simulation executed from .control section 

Warning: m=xx on .subckt line will override multiplier m hierarchy!

