
Note: Compatibility modes selected: hs a


Circuit: * startup @ fs_125c_3.63v -- generated by sim/harness, do not edit

Doing analysis at TEMP = 125.000000 and TNOM = 27.000000

Using SPARSE 1.3 as Direct Linear Solver

Initial Transient Solution
--------------------------

Node                                   Voltage
----                                   -------
vdd                                          0
xtop.xx1.d1                       -2.54231e-48
xtop.fb                           -2.44266e-31
xtop.sns1                          5.84812e-48
xtop.casc                          4.54905e-93
xtop.xx1.d2                        2.14895e-48
xtop.sns2                         -1.38283e-48
xtop.xx1.e2                       -1.38283e-48
xtop.xx1.xr2.11                   -1.38283e-48
xtop.xx1.xr2.21                   -1.38283e-48
xtop.xx1.d3                       -1.28744e-50
vref                               2.67533e-50
xtop.xx1.e3                        2.67533e-50
xtop.xx1.xr1.11                    2.67533e-50
xtop.xx1.xr1.21                    2.67533e-50
xtop.xx1.d4                       -4.97023e-19
xtop.ibias                        -7.50305e-18
xtop.xx2.a3                       -1.02799e-33
xtop.xx2.nd1                      -2.54673e-31
xtop.xx2.a4                       -1.73459e-33
xtop.xx2.pbias                     7.09812e-98
xtop.xx2.ncasc                     4.01882e-71
xtop.xx2.n1                       -2.54988e-31
xtop.xx2.n2                       -2.45494e-31
xtop.xx2.tail                      7.13615e-31
xtop.xx2.nb1                      -6.40247e-71
xtop.vdd_su                                  0
xtop.xx3.det                       8.72155e-20
xtop.xx3.xrpu.11                   8.72142e-20
xtop.xx3.xrpu.21                   1.26647e-24
v.xtop.vsu_sense#branch           -4.61352e-26
vsup#branch                        4.59947e-26

 Reference value :  0.00000e+00
 Reference value :  7.38116e-04
 Reference value :  1.65912e-03
 Reference value :  2.57812e-03
No. of Data Rows : 3060
m_startup_time_s = 1.6143500752e-05
m_vref_final_v = 1.2208171790e+00
m_iq_total_final_ua = 2.6724545551e+01
m_iq_startup_branch_final_ua = 1.9089249608e+00
m_det_final_v = 2.1306301238e-02
m_t0_s = 9.7240309823e-07
m_t_settle_s = 1.7115903850e-05
Note: Simulation executed from .control section 

Warning: m=xx on .subckt line will override multiplier m hierarchy!

Note: Starting dynamic gmin stepping
Note: Dynamic gmin stepping completed
