
Note: Compatibility modes selected: hs a


Circuit: * startup @ fs_27c_2.97v -- generated by sim/harness, do not edit

Doing analysis at TEMP = 27.000000 and TNOM = 27.000000

Using SPARSE 1.3 as Direct Linear Solver

Initial Transient Solution
--------------------------

Node                                   Voltage
----                                   -------
vdd                                          0
xtop.xx1.d1                        2.66583e-24
xtop.fb                            8.82157e-18
xtop.sns1                          -6.2283e-25
xtop.casc                          5.99441e-18
xtop.xx1.d2                        -1.5312e-29
xtop.sns2                          3.15738e-29
xtop.xx1.e2                        3.15738e-29
xtop.xx1.xr2.11                    3.15738e-29
xtop.xx1.xr2.21                    3.15738e-29
xtop.xx1.d3                       -1.88599e-26
vref                               1.43306e-26
xtop.xx1.e3                        1.43306e-26
xtop.xx1.xr1.11                    1.43306e-26
xtop.xx1.xr1.21                    1.43306e-26
xtop.xx1.d4                        -1.8177e-25
xtop.ibias                         8.16743e-22
xtop.xx2.a3                       -2.48886e-20
xtop.xx2.nd1                       7.94884e-18
xtop.xx2.a4                       -5.11808e-22
xtop.xx2.pbias                   -2.56724e-108
xtop.xx2.ncasc                    -8.93154e-24
xtop.xx2.n1                       -1.34785e-16
xtop.xx2.n2                        1.67836e-17
xtop.xx2.tail                      1.57149e-17
xtop.xx2.nb1                       1.44487e-23
xtop.vdd_su                                  0
xtop.xx3.det                                 0
xtop.xx3.xrpu.11                             0
xtop.xx3.xrpu.21                             0
v.xtop.vsu_sense#branch                      0
vsup#branch                        2.28447e-29

 Reference value :  0.00000e+00
 Reference value :  4.68976e-04
 Reference value :  1.40598e-03
 Reference value :  2.30298e-03
No. of Data Rows : 3065
m_startup_time_s = 1.4976180278e-05
m_vref_final_v = 1.2142892768e+00
m_iq_total_final_ua = 1.8134234137e+01
m_iq_startup_branch_final_ua = 1.4584154816e+00
m_det_final_v = 1.4757356428e-02
m_t0_s = 1.0000000000e-06
m_t_settle_s = 1.5976180278e-05
Note: Simulation executed from .control section 

Warning: m=xx on .subckt line will override multiplier m hierarchy!

