
Note: Compatibility modes selected: hs a


Circuit: * startup @ res_ff_125c_3.63v -- generated by sim/harness, do not edit

Doing analysis at TEMP = 125.000000 and TNOM = 27.000000

Using SPARSE 1.3 as Direct Linear Solver

Initial Transient Solution
--------------------------

Node                                   Voltage
----                                   -------
vdd                                          0
xtop.xx1.d1                       -2.77176e-19
xtop.fb                            1.22641e-18
xtop.sns1                          2.40129e-19
xtop.casc                          7.19151e-19
xtop.xx1.d2                         8.9083e-19
xtop.sns2                          1.56725e-18
xtop.xx1.e2                        1.56725e-18
xtop.xx1.xr2.11                    1.56725e-18
xtop.xx1.xr2.21                    1.56725e-18
xtop.xx1.d3                       -1.33966e-16
vref                               2.73188e-15
xtop.xx1.e3                        2.73188e-15
xtop.xx1.xr1.11                    2.73188e-15
xtop.xx1.xr1.21                    2.73188e-15
xtop.xx1.d4                       -1.52348e-19
xtop.ibias                        -1.33856e-18
xtop.xx2.a3                        1.61837e-19
xtop.xx2.nd1                       1.02835e-18
xtop.xx2.a4                        9.28276e-19
xtop.xx2.pbias                    -5.31224e-36
xtop.xx2.ncasc                     9.21866e-20
xtop.xx2.n1                       -6.35955e-19
xtop.xx2.n2                       -3.53877e-20
xtop.xx2.tail                     -3.82733e-19
xtop.xx2.nb1                       -8.0271e-20
xtop.vdd_su                                  0
xtop.xx3.det                      3.76253e-270
xtop.xx3.xrpu.11                  3.76246e-270
xtop.xx3.xrpu.21                  6.82992e-275
v.xtop.vsu_sense#branch          -2.48802e-276
vsup#branch                       -1.91443e-26

 Reference value :  0.00000e+00
 Reference value :  8.12753e-04
 Reference value :  1.71775e-03
 Reference value :  2.61475e-03
No. of Data Rows : 3039
m_startup_time_s = 2.7753259429e-05
m_vref_final_v = 1.2276559647e+00
m_iq_total_final_ua = 3.3325987264e+01
m_iq_startup_branch_final_ua = 2.3848536901e+00
m_det_final_v = 2.3249961584e-02
m_t0_s = 1.0000000000e-06
m_t_settle_s = 2.8753259429e-05
Note: Simulation executed from .control section 

Warning: m=xx on .subckt line will override multiplier m hierarchy!

