
Note: Compatibility modes selected: hs a


Circuit: * startup @ res_ff_-40c_3.30v -- generated by sim/harness, do not edit

Doing analysis at TEMP = -40.000000 and TNOM = 27.000000

Using SPARSE 1.3 as Direct Linear Solver

Initial Transient Solution
--------------------------

Node                                   Voltage
----                                   -------
vdd                                          0
xtop.xx1.d1                       -7.77933e-40
xtop.fb                            2.63654e-21
xtop.sns1                          1.48479e-40
xtop.casc                          1.22483e-39
xtop.xx1.d2                        3.51636e-35
xtop.sns2                         -3.74653e-36
xtop.xx1.e2                       -3.74653e-36
xtop.xx1.xr2.11                   -3.74653e-36
xtop.xx1.xr2.21                   -3.74653e-36
xtop.xx1.d3                        -7.9423e-40
vref                               1.53505e-40
xtop.xx1.e3                        1.53505e-40
xtop.xx1.xr1.11                    1.53505e-40
xtop.xx1.xr1.21                    1.53505e-40
xtop.xx1.d4                       -1.03166e-45
xtop.ibias                         1.10727e-46
xtop.xx2.a3                        1.28941e-22
xtop.xx2.nd1                       1.90793e-21
xtop.xx2.a4                        1.60113e-22
xtop.xx2.pbias                    -1.56194e-56
xtop.xx2.ncasc                     1.53935e-22
xtop.xx2.n1                       -4.67305e-20
xtop.xx2.n2                        4.35636e-21
xtop.xx2.tail                       2.9042e-20
xtop.xx2.nb1                      -3.07858e-22
xtop.vdd_su                                  0
xtop.xx3.det                                 0
xtop.xx3.xrpu.11                             0
xtop.xx3.xrpu.21                             0
v.xtop.vsu_sense#branch                      0
vsup#branch                        -1.0059e-32

 Reference value :  0.00000e+00
 Reference value :  6.53958e-04
 Reference value :  1.56096e-03
 Reference value :  2.46696e-03
No. of Data Rows : 3091
m_startup_time_s = 8.9565904299e-06
m_vref_final_v = 1.2101305907e+00
m_iq_total_final_ua = 2.0506341732e+01
m_iq_startup_branch_final_ua = 1.8868421312e+00
m_det_final_v = 1.5898123652e-02
m_t0_s = 1.0000000000e-06
m_t_settle_s = 9.9565904299e-06
Note: Simulation executed from .control section 

Warning: m=xx on .subckt line will override multiplier m hierarchy!

