
Note: Compatibility modes selected: hs a


Circuit: * startup @ res_ff_27c_2.97v -- generated by sim/harness, do not edit

Doing analysis at TEMP = 27.000000 and TNOM = 27.000000

Using SPARSE 1.3 as Direct Linear Solver

Initial Transient Solution
--------------------------

Node                                   Voltage
----                                   -------
vdd                                          0
xtop.xx1.d1                        9.83136e-24
xtop.fb                           -1.02266e-18
xtop.sns1                         -8.68676e-24
xtop.casc                         -1.09297e-20
xtop.xx1.d2                        8.74568e-24
xtop.sns2                         -7.28359e-24
xtop.xx1.e2                       -7.28359e-24
xtop.xx1.xr2.11                   -7.28359e-24
xtop.xx1.xr2.21                   -7.28359e-24
xtop.xx1.d3                       -6.03233e-24
vref                                4.9173e-24
xtop.xx1.e3                         4.9173e-24
xtop.xx1.xr1.11                     4.9173e-24
xtop.xx1.xr1.21                     4.9173e-24
xtop.xx1.d4                        1.49595e-24
xtop.ibias                        -8.27458e-23
xtop.xx2.a3                       -7.86897e-21
xtop.xx2.nd1                      -4.59542e-19
xtop.xx2.a4                        3.99706e-21
xtop.xx2.pbias                     6.65368e-34
xtop.xx2.ncasc                    -1.49046e-27
xtop.xx2.n1                        3.50451e-18
xtop.xx2.n2                       -2.02962e-18
xtop.xx2.tail                     -2.87896e-22
xtop.xx2.nb1                       2.40419e-27
xtop.vdd_su                                  0
xtop.xx3.det                                 0
xtop.xx3.xrpu.11                             0
xtop.xx3.xrpu.21                             0
v.xtop.vsu_sense#branch                      0
vsup#branch                       -1.66919e-30

 Reference value :  0.00000e+00
 Reference value :  5.06471e-04
 Reference value :  1.41447e-03
 Reference value :  2.31247e-03
No. of Data Rows : 3053
m_startup_time_s = 1.2610654037e-05
m_vref_final_v = 1.2191566518e+00
m_iq_total_final_ua = 2.5707334106e+01
m_iq_startup_branch_final_ua = 1.8221704700e+00
m_det_final_v = 1.6102340607e-02
m_t0_s = 1.0000000000e-06
m_t_settle_s = 1.3610654037e-05
Note: Simulation executed from .control section 

Warning: m=xx on .subckt line will override multiplier m hierarchy!

