
Note: Compatibility modes selected: hs a


Circuit: * startup @ sf_27c_2.97v -- generated by sim/harness, do not edit

Doing analysis at TEMP = 27.000000 and TNOM = 27.000000

Using SPARSE 1.3 as Direct Linear Solver

Initial Transient Solution
--------------------------

Node                                   Voltage
----                                   -------
vdd                                          0
xtop.xx1.d1                        2.00405e-18
xtop.fb                           -9.26221e-20
xtop.sns1                         -5.41326e-19
xtop.casc                          1.01579e-33
xtop.xx1.d2                       -2.29731e-19
xtop.sns2                          1.06593e-18
xtop.xx1.e2                        1.06593e-18
xtop.xx1.xr2.11                    1.06593e-18
xtop.xx1.xr2.21                    1.06593e-18
xtop.xx1.d3                        1.55697e-18
vref                              -1.34272e-18
xtop.xx1.e3                       -1.34272e-18
xtop.xx1.xr1.11                   -1.34272e-18
xtop.xx1.xr1.21                   -1.34272e-18
xtop.xx1.d4                       -5.63026e-27
xtop.ibias                         4.83527e-27
xtop.xx2.a3                        4.84859e-19
xtop.xx2.nd1                      -4.26769e-19
xtop.xx2.a4                        3.67845e-20
xtop.xx2.pbias                     5.68079e-63
xtop.xx2.ncasc                     4.78875e-27
xtop.xx2.n1                        2.67954e-19
xtop.xx2.n2                        4.38593e-19
xtop.xx2.tail                     -6.64602e-19
xtop.xx2.nb1                       -8.1373e-27
xtop.vdd_su                                  0
xtop.xx3.det                                 0
xtop.xx3.xrpu.11                             0
xtop.xx3.xrpu.21                             0
v.xtop.vsu_sense#branch                      0
vsup#branch                        1.57829e-30

 Reference value :  0.00000e+00
 Reference value :  6.02978e-04
 Reference value :  1.52398e-03
 Reference value :  2.44898e-03
No. of Data Rows : 3078
m_startup_time_s = 1.6039697906e-05
m_vref_final_v = 1.2142878247e+00
m_iq_total_final_ua = 1.9901822142e+01
m_iq_startup_branch_final_ua = 1.4582659997e+00
m_det_final_v = 1.5060257292e-02
m_t0_s = 9.3824756540e-07
m_t_settle_s = 1.6977945472e-05
Note: Simulation executed from .control section 

Warning: m=xx on .subckt line will override multiplier m hierarchy!

