
Note: Compatibility modes selected: hs a


Circuit: * startup @ ss_27c_3.63v -- generated by sim/harness, do not edit

Doing analysis at TEMP = 27.000000 and TNOM = 27.000000

Using SPARSE 1.3 as Direct Linear Solver

Initial Transient Solution
--------------------------

Node                                   Voltage
----                                   -------
vdd                                          0
xtop.xx1.d1                        8.82308e-22
xtop.fb                            1.06072e-18
xtop.sns1                         -3.52236e-22
xtop.casc                         -2.29475e-39
xtop.xx1.d2                       -4.74569e-22
xtop.sns2                          2.62676e-22
xtop.xx1.e2                        2.62676e-22
xtop.xx1.xr2.11                    2.62676e-22
xtop.xx1.xr2.21                    2.62676e-22
xtop.xx1.d3                        8.34525e-24
vref                              -2.77231e-24
xtop.xx1.e3                       -2.77231e-24
xtop.xx1.xr1.11                   -2.77231e-24
xtop.xx1.xr1.21                   -2.77231e-24
xtop.xx1.d4                        2.78921e-42
xtop.ibias                         6.14617e-40
xtop.xx2.a3                        2.94889e-20
xtop.xx2.nd1                       5.98097e-18
xtop.xx2.a4                       -2.10143e-20
xtop.xx2.pbias                    -3.17143e-65
xtop.xx2.ncasc                    -9.98757e-58
xtop.xx2.n1                       -1.73341e-16
xtop.xx2.n2                        5.11399e-17
xtop.xx2.tail                      7.38316e-17
xtop.xx2.nb1                       1.59001e-57
xtop.vdd_su                                  0
xtop.xx3.det                      2.10238e-315
xtop.xx3.xrpu.11                  2.10238e-315
xtop.xx3.xrpu.21                             0
v.xtop.vsu_sense#branch                      0
vsup#branch                        7.03894e-30

 Reference value :  0.00000e+00
 Reference value :  5.86861e-04
 Reference value :  1.50886e-03
 Reference value :  2.39386e-03
No. of Data Rows : 3077
m_startup_time_s = 1.6945037908e-05
m_vref_final_v = 1.2183978576e+00
m_iq_total_final_ua = 1.7118403109e+01
m_iq_startup_branch_final_ua = 1.4855051416e+00
m_det_final_v = 1.7862825264e-02
m_t0_s = 9.1578988373e-07
m_t_settle_s = 1.7860827792e-05
Note: Simulation executed from .control section 

Warning: m=xx on .subckt line will override multiplier m hierarchy!

