
Note: Compatibility modes selected: hs a


Circuit: * startup @ tt_27c_3.30v -- generated by sim/harness, do not edit

Doing analysis at TEMP = 27.000000 and TNOM = 27.000000

Using SPARSE 1.3 as Direct Linear Solver

Initial Transient Solution
--------------------------

Node                                   Voltage
----                                   -------
vdd                                          0
xtop.xx1.d1                       -7.71277e-35
xtop.fb                           -2.28643e-20
xtop.sns1                          4.10201e-35
xtop.casc                         -1.45293e-23
xtop.xx1.d2                       -2.43364e-38
xtop.sns2                          2.05175e-38
xtop.xx1.e2                        2.05175e-38
xtop.xx1.xr2.11                    2.05175e-38
xtop.xx1.xr2.21                    2.05175e-38
xtop.xx1.d3                       -1.98318e-18
vref                               6.71297e-18
xtop.xx1.e3                        6.71297e-18
xtop.xx1.xr1.11                    6.71297e-18
xtop.xx1.xr1.21                    6.71297e-18
xtop.xx1.d4                       -3.45788e-28
xtop.ibias                         1.91243e-26
xtop.xx2.a3                       -1.17303e-22
xtop.xx2.nd1                      -1.41245e-20
xtop.xx2.a4                        5.90252e-22
xtop.xx2.pbias                     3.00253e-34
xtop.xx2.ncasc                     3.91459e-58
xtop.xx2.n1                        3.70684e-20
xtop.xx2.n2                       -8.96925e-19
xtop.xx2.tail                      6.18071e-19
xtop.xx2.nb1                      -6.33841e-58
xtop.vdd_su                                  0
xtop.xx3.det                     -7.45867e-284
xtop.xx3.xrpu.11                 -7.45867e-284
xtop.xx3.xrpu.21                 -7.10305e-293
v.xtop.vsu_sense#branch           1.66397e-294
vsup#branch                       -5.74672e-30

 Reference value :  0.00000e+00
 Reference value :  5.70659e-04
 Reference value :  1.49466e-03
 Reference value :  2.38966e-03
No. of Data Rows : 3075
m_startup_time_s = 1.2658563636e-05
m_vref_final_v = 1.2142880850e+00
m_iq_total_final_ua = 2.0716136121e+01
m_iq_startup_branch_final_ua = 1.6202857831e+00
m_det_final_v = 1.6753420868e-02
m_t0_s = 1.0000000000e-06
m_t_settle_s = 1.3658563636e-05
Note: Simulation executed from .control section 

Warning: m=xx on .subckt line will override multiplier m hierarchy!

