* ====================================================================
* record-id : 20260731-031750-8fb0ea6
* testbench : tb_resistor_tc.spice
* corner    : res_ss
* temp      : 125 C
* supply    : n/a (no supply rail in this device-level testbench)
* pdk       : gf180mcuD (/Users/rwalters/.volare)
* ngspice   : ngspice-46
* run (UTC) : 2026-07-31T03:17:50Z
* ====================================================================

Note: Compatibility modes selected: hs a


Circuit: * tb_resistor_tc.spice -- gf180mcu resistor flavor characterization

Doing analysis at TEMP = 125.000000 and TNOM = 27.000000

Using SPARSE 1.3 as Direct Linear Solver

No. of Data Rows : 1
i(v_pu_w1) = -1.10479e-05
i(v_pu_w5) = -1.17490e-05
i(v_p1k_w1) = -4.30047e-06
i(v_p1k_w5) = -4.43944e-06
i(v_p2k_w1) = -2.23855e-06
i(v_p2k_w5) = -2.36191e-06
i(v_p3k_w1) = -1.43383e-06
i(v_p3k_w5) = -1.51187e-06
i(v_pp_w1) = -1.77147e-05
i(v_pp_w5) = -1.90269e-05
i(v_np_w1) = -6.12701e-05
i(v_np_w5) = -5.89573e-05
i(v_p1k_hv) = -4.30047e-05
i(v_p2k_hv) = -2.23855e-05
i(v_p3k_hv) = -1.43383e-05
ngspice-46 done
