
Note: No compatibility mode selected!


Circuit: * output-noise @ bjt_ff_27c_2.97v -- generated by sim/harness, do not edit

Doing analysis at TEMP = 27.000000 and TNOM = 27.000000

Using SPARSE 1.3 as Direct Linear Solver
 Reference value :  0.00000e+00
No. of Data Rows : 1
Doing analysis at TEMP = 27.000000 and TNOM = 27.000000

Using SPARSE 1.3 as Direct Linear Solver

No. of Data Rows : 41

No. of Data Rows : 1
Doing analysis at TEMP = 27.000000 and TNOM = 27.000000

Using SPARSE 1.3 as Direct Linear Solver
 Reference value :  1.00000e-01
No. of Data Rows : 121

No. of Data Rows : 1
m_onoise_int_0p1_10hz_uvrms = 5.1975957871e+03
m_onoise_1khz_nv_rthz = 9.6742915739e+05
m_onoise_10khz_nv_rthz = 9.2791148371e+05
m_onoise_100khz_nv_rthz = 8.7075983839e+05
m_vref_op = 1.2272805662e+00
m_f_band_lo_hz = 1.0000000000e-01
m_f_band_hi_hz = 1.0000000000e+01
m_f_spot_1khz_hz = 1.0000000000e+03
m_f_spot_10khz_hz = 1.0000000000e+04
m_f_spot_100khz_hz = 1.0000000000e+05
Note: Simulation executed from .control section 

Warning : IC on non-existent node - xdut.xx1.casc, ignored
   Please check line .ic v(xdut.fb)=1.0 v(xdut.sns1)=0.6 v(xdut.sns2)=0.6 v(vref)=1.2 v(xdut.ibias)=0.6 v(xdut.xx1.casc)=1.8

Note: Starting dynamic gmin stepping
Note: Dynamic gmin stepping completed
Note: Starting dynamic gmin stepping
Note: Dynamic gmin stepping completed
Note: Starting dynamic gmin stepping
Note: Dynamic gmin stepping completed
