
Note: Compatibility modes selected: hs a


Circuit: * psrr-dc @ ff_-40c_3.63v -- generated by sim/harness, do not edit

Doing analysis at TEMP = -40.000000 and TNOM = 27.000000

Using SPARSE 1.3 as Direct Linear Solver
 Reference value :  0.00000e+00
No. of Data Rows : 1
Doing analysis at TEMP = -40.000000 and TNOM = 27.000000

Using SPARSE 1.3 as Direct Linear Solver

No. of Data Rows : 161
       * psrr-dc @ ff_-40c_3.63v -- generated by sim/harness, do not edit
       AC Analysis  Fri Aug 14 19:20:31  2026
--------------------------------------------------------------------------------
Index   frequency       psrr_db         
--------------------------------------------------------------------------------
0	1.0000000000e-01	8.9738833031e+01	
1	1.1220184543e-01	8.9738833026e+01	
2	1.2589254118e-01	8.9738833022e+01	
3	1.4125375446e-01	8.9738833015e+01	
4	1.5848931925e-01	8.9738833007e+01	
5	1.7782794100e-01	8.9738832995e+01	
6	1.9952623150e-01	8.9738832982e+01	
7	2.2387211386e-01	8.9738832966e+01	
8	2.5118864315e-01	8.9738832943e+01	
9	2.8183829313e-01	8.9738832915e+01	
10	3.1622776602e-01	8.9738832881e+01	
11	3.5481338923e-01	8.9738832836e+01	
12	3.9810717055e-01	8.9738832780e+01	
13	4.4668359215e-01	8.9738832713e+01	
14	5.0118723363e-01	8.9738832625e+01	
15	5.6234132519e-01	8.9738832517e+01	
16	6.3095734448e-01	8.9738832378e+01	
17	7.0794578438e-01	8.9738832205e+01	
18	7.9432823472e-01	8.9738831986e+01	
19	8.9125093813e-01	8.9738831709e+01	
20	1.0000000000e+00	8.9738831364e+01	
21	1.1220184543e+00	8.9738830926e+01	
22	1.2589254118e+00	8.9738830379e+01	
23	1.4125375446e+00	8.9738829685e+01	
24	1.5848931925e+00	8.9738828815e+01	
25	1.7782794100e+00	8.9738827719e+01	
26	1.9952623150e+00	8.9738826340e+01	
27	2.2387211386e+00	8.9738824602e+01	
28	2.5118864315e+00	8.9738822415e+01	
29	2.8183829313e+00	8.9738819662e+01	
30	3.1622776602e+00	8.9738816195e+01	
31	3.5481338923e+00	8.9738811833e+01	
32	3.9810717055e+00	8.9738806337e+01	
33	4.4668359215e+00	8.9738799422e+01	
34	5.0118723363e+00	8.9738790715e+01	
35	5.6234132519e+00	8.9738779753e+01	
36	6.3095734448e+00	8.9738765952e+01	
37	7.0794578438e+00	8.9738748581e+01	
38	7.9432823472e+00	8.9738726713e+01	
39	8.9125093813e+00	8.9738699176e+01	
40	1.0000000000e+01	8.9738664514e+01	
41	1.1220184543e+01	8.9738620879e+01	
42	1.2589254118e+01	8.9738565945e+01	
43	1.4125375446e+01	8.9738496787e+01	
44	1.5848931925e+01	8.9738409725e+01	
45	1.7782794100e+01	8.9738934395e+01	
46	1.9952623150e+01	8.9738796401e+01	
47	2.2387211386e+01	8.9738622681e+01	
48	2.5118864315e+01	8.9738403988e+01	
49	2.8183829313e+01	8.9738128684e+01	
50	3.1622776602e+01	8.9738416324e+01	
51	3.5481338923e+01	8.9737980009e+01	
52	3.9810717055e+01	8.9738064926e+01	
53	4.4668359215e+01	8.9737373483e+01	
54	5.0118723363e+01	8.9737137180e+01	

Index   frequency       psrr_db         
--------------------------------------------------------------------------------
55	5.6234132519e+01	8.9736675551e+01	
56	6.3095734448e+01	8.9735930318e+01	
57	7.0794578438e+01	8.9735462011e+01	
58	7.9432823472e+01	8.9734544333e+01	
59	8.9125093813e+01	8.9733694801e+01	
60	1.0000000000e+02	8.9732133513e+01	
61	1.1220184543e+02	8.9730943260e+01	
62	1.2589254118e+02	8.9728625856e+01	
63	1.4125375446e+02	8.9726156312e+01	
64	1.5848931925e+02	8.9722535772e+01	
65	1.7782794100e+02	8.9718252640e+01	
66	1.9952623150e+02	8.9712728470e+01	
67	2.2387211386e+02	8.9706183100e+01	
68	2.5118864315e+02	8.9697075598e+01	
69	2.8183829313e+02	8.9687406251e+01	
70	3.1622776602e+02	8.9674169052e+01	
71	3.5481338923e+02	8.9656206129e+01	
72	3.9810717055e+02	8.9635024588e+01	
73	4.4668359215e+02	8.9608753761e+01	
74	5.0118723363e+02	8.9576687888e+01	
75	5.6234132519e+02	8.9535430800e+01	
76	6.3095734448e+02	8.9487227535e+01	
77	7.0794578438e+02	8.9424266269e+01	
78	7.9432823472e+02	8.9344810232e+01	
79	8.9125093813e+02	8.9247000584e+01	
80	1.0000000000e+03	8.9128703627e+01	
81	1.1220184543e+03	8.8984851069e+01	
82	1.2589254118e+03	8.8807340990e+01	
83	1.4125375446e+03	8.8597345128e+01	
84	1.5848931925e+03	8.8344035408e+01	
85	1.7782794100e+03	8.8044854782e+01	
86	1.9952623150e+03	8.7696716503e+01	
87	2.2387211386e+03	8.7291144765e+01	
88	2.5118864315e+03	8.6830936798e+01	
89	2.8183829313e+03	8.6309985840e+01	
90	3.1622776602e+03	8.5732723686e+01	
91	3.5481338923e+03	8.5099088959e+01	
92	3.9810717055e+03	8.4409898167e+01	
93	4.4668359215e+03	8.3671510938e+01	
94	5.0118723363e+03	8.2886829857e+01	
95	5.6234132519e+03	8.2060885793e+01	
96	6.3095734448e+03	8.1196268282e+01	
97	7.0794578438e+03	8.0298588973e+01	
98	7.9432823472e+03	7.9370157426e+01	
99	8.9125093813e+03	7.8414313315e+01	
100	1.0000000000e+04	7.7432917509e+01	
101	1.1220184543e+04	7.6427144847e+01	
102	1.2589254118e+04	7.5397635187e+01	
103	1.4125375446e+04	7.4344477018e+01	
104	1.5848931925e+04	7.3266807309e+01	
105	1.7782794100e+04	7.2163721240e+01	
106	1.9952623150e+04	7.1032827092e+01	
107	2.2387211386e+04	6.9872280258e+01	
108	2.5118864315e+04	6.8678634355e+01	
109	2.8183829313e+04	6.7448856138e+01	
110	3.1622776602e+04	6.6179272972e+01	
111	3.5481338923e+04	6.4866923987e+01	
112	3.9810717055e+04	6.3509018389e+01	

Index   frequency       psrr_db         
--------------------------------------------------------------------------------
113	4.4668359215e+04	6.2104307928e+01	
114	5.0118723363e+04	6.0652527254e+01	
115	5.6234132519e+04	5.9155627817e+01	
116	6.3095734448e+04	5.7616936016e+01	
117	7.0794578438e+04	5.6042096713e+01	
118	7.9432823472e+04	5.4438102264e+01	
119	8.9125093813e+04	5.2813520653e+01	
120	1.0000000000e+05	5.1177970295e+01	
121	1.1220184543e+05	4.9541708394e+01	
122	1.2589254118e+05	4.7915565236e+01	
123	1.4125375446e+05	4.6310288856e+01	
124	1.5848931925e+05	4.4736489271e+01	
125	1.7782794100e+05	4.3204079988e+01	
126	1.9952623150e+05	4.1722118913e+01	
127	2.2387211386e+05	4.0298745072e+01	
128	2.5118864315e+05	3.8941016034e+01	
129	2.8183829313e+05	3.7655367948e+01	
130	3.1622776602e+05	3.6448265546e+01	
131	3.5481338923e+05	3.5327532003e+01	
132	3.9810717055e+05	3.4304086319e+01	
133	4.4668359215e+05	3.3394319049e+01	
134	5.0118723363e+05	3.2622345387e+01	
135	5.6234132519e+05	3.2021144408e+01	
136	6.3095734448e+05	3.1630209418e+01	
137	7.0794578438e+05	3.1487306040e+01	
138	7.9432823472e+05	3.1613535205e+01	
139	8.9125093813e+05	3.1994858268e+01	
140	1.0000000000e+06	3.2565075364e+01	
141	1.1220184543e+06	3.3193182028e+01	
142	1.2589254118e+06	3.3683658341e+01	
143	1.4125375446e+06	3.3821221291e+01	
144	1.5848931925e+06	3.3478776006e+01	
145	1.7782794100e+06	3.2696996464e+01	
146	1.9952623150e+06	3.1628520605e+01	
147	2.2387211386e+06	3.0426060818e+01	
148	2.5118864315e+06	2.9190441929e+01	
149	2.8183829313e+06	2.7974643455e+01	
150	3.1622776602e+06	2.6801884280e+01	
151	3.5481338923e+06	2.5679396345e+01	
152	3.9810717055e+06	2.4606218749e+01	
153	4.4668359215e+06	2.3577284895e+01	
154	5.0118723363e+06	2.2585723645e+01	
155	5.6234132519e+06	2.1624388826e+01	
156	6.3095734448e+06	2.0687019282e+01	
157	7.0794578438e+06	1.9769122250e+01	
158	7.9432823472e+06	1.8868546470e+01	
159	8.9125093813e+06	1.7985705656e+01	
160	1.0000000000e+07	1.7123448921e+01	
m_psrr_1hz_db = 8.9738831364e+01
m_psrr_1khz_db = 8.9128703627e+01
m_psrr_10hz_db = 8.9738664514e+01
m_psrr_100hz_db = 8.9732133513e+01
m_psrr_10khz_db = 7.7432917509e+01
m_psrr_100khz_db = 5.1177970295e+01
m_psrr_1mhz_db = 3.2565075364e+01
m_vref_op = 1.1923935171e+00
m_f_dc_hz = 1.0000000000e+00
m_f_band_edge_hz = 1.0000000000e+03
Note: Simulation executed from .control section 

Warning: m=xx on .subckt line will override multiplier m hierarchy!

Warning : IC on non-existent node - xdut.xx1.casc, ignored
   Please check line .ic v(xdut.fb)=1.0 v(xdut.sns1)=0.6 v(xdut.sns2)=0.6 v(vref)=1.2 v(xdut.ibias)=0.6 v(xdut.xx1.casc)=1.8

Note: Starting dynamic gmin stepping
Note: Dynamic gmin stepping completed
Note: Starting dynamic gmin stepping
Note: Dynamic gmin stepping completed
