
Note: Compatibility modes selected: hs a


Circuit: * psrr-dc @ sf_-40c_3.30v -- generated by sim/harness, do not edit

Doing analysis at TEMP = -40.000000 and TNOM = 27.000000

Using SPARSE 1.3 as Direct Linear Solver
 Reference value :  0.00000e+00
No. of Data Rows : 1
Doing analysis at TEMP = -40.000000 and TNOM = 27.000000

Using SPARSE 1.3 as Direct Linear Solver

No. of Data Rows : 161
       * psrr-dc @ sf_-40c_3.30v -- generated by sim/harness, do not edit
       AC Analysis  Fri Aug 14 19:20:35  2026
--------------------------------------------------------------------------------
Index   frequency       psrr_db         
--------------------------------------------------------------------------------
0	1.0000000000e-01	1.1100387121e+02	
1	1.1220184543e-01	1.1100387089e+02	
2	1.2589254118e-01	1.1100387047e+02	
3	1.4125375446e-01	1.1100386992e+02	
4	1.5848931925e-01	1.1100386923e+02	
5	1.7782794100e-01	1.1100386839e+02	
6	1.9952623150e-01	1.1100386732e+02	
7	2.2387211386e-01	1.1100386598e+02	
8	2.5118864315e-01	1.1100386427e+02	
9	2.8183829313e-01	1.1100386215e+02	
10	3.1622776602e-01	1.1100385949e+02	
11	3.5481338923e-01	1.1100385610e+02	
12	3.9810717055e-01	1.1100385183e+02	
13	4.4668359215e-01	1.1100384646e+02	
14	5.0118723363e-01	1.1100383974e+02	
15	5.6234132519e-01	1.1100383123e+02	
16	6.3095734448e-01	1.1100382056e+02	
17	7.0794578438e-01	1.1100380710e+02	
18	7.9432823472e-01	1.1100379014e+02	
19	8.9125093813e-01	1.1100376883e+02	
20	1.0000000000e+00	1.1100374198e+02	
21	1.1220184543e+00	1.1100370815e+02	
22	1.2589254118e+00	1.1100366561e+02	
23	1.4125375446e+00	1.1100361207e+02	
24	1.5848931925e+00	1.1100354462e+02	
25	1.7782794100e+00	1.1100345972e+02	
26	1.9952623150e+00	1.1100335284e+02	
27	2.2387211386e+00	1.1100321829e+02	
28	2.5118864315e+00	1.1100304894e+02	
29	2.8183829313e+00	1.1100283572e+02	
30	3.1622776602e+00	1.1100256730e+02	
31	3.5481338923e+00	1.1100222937e+02	
32	3.9810717055e+00	1.1100180404e+02	
33	4.4668359215e+00	1.1100126863e+02	
34	5.0118723363e+00	1.1100059466e+02	
35	5.6234132519e+00	1.1099974632e+02	
36	6.3095734448e+00	1.1099867861e+02	
37	7.0794578438e+00	1.1099733474e+02	
38	7.9432823472e+00	1.1099564353e+02	
39	8.9125093813e+00	1.1099351537e+02	
40	1.0000000000e+01	1.1099083762e+02	
41	1.1220184543e+01	1.1098746887e+02	
42	1.2589254118e+01	1.1098323151e+02	
43	1.4125375446e+01	1.1097790283e+02	
44	1.5848931925e+01	1.1097120361e+02	
45	1.7782794100e+01	1.1097210473e+02	
46	1.9952623150e+01	1.1096150730e+02	
47	2.2387211386e+01	1.1094820223e+02	
48	2.5118864315e+01	1.1093150935e+02	
49	2.8183829313e+01	1.1091058423e+02	
50	3.1622776602e+01	1.1089353868e+02	
51	3.5481338923e+01	1.1086070941e+02	
52	3.9810717055e+01	1.1082874820e+02	
53	4.4668359215e+01	1.1077759409e+02	
54	5.0118723363e+01	1.1072284386e+02	

Index   frequency       psrr_db         
--------------------------------------------------------------------------------
55	5.6234132519e+01	1.1065263755e+02	
56	6.3095734448e+01	1.1057214317e+02	
57	7.0794578438e+01	1.1046857502e+02	
58	7.9432823472e+01	1.1032936174e+02	
59	8.9125093813e+01	1.1017373018e+02	
60	1.0000000000e+02	1.0997962729e+02	
61	1.1220184543e+02	1.0975562865e+02	
62	1.2589254118e+02	1.0948052030e+02	
63	1.4125375446e+02	1.0916778347e+02	
64	1.5848931925e+02	1.0879468707e+02	
65	1.7782794100e+02	1.0837311055e+02	
66	1.9952623150e+02	1.0788955490e+02	
67	2.2387211386e+02	1.0735011528e+02	
68	2.5118864315e+02	1.0675191952e+02	
69	2.8183829313e+02	1.0609925396e+02	
70	3.1622776602e+02	1.0539474258e+02	
71	3.5481338923e+02	1.0464838779e+02	
72	3.9810717055e+02	1.0386088751e+02	
73	4.4668359215e+02	1.0303890472e+02	
74	5.0118723363e+02	1.0218367534e+02	
75	5.6234132519e+02	1.0130694538e+02	
76	6.3095734448e+02	1.0040340846e+02	
77	7.0794578438e+02	9.9479146203e+01	
78	7.9432823472e+02	9.8541832794e+01	
79	8.9125093813e+02	9.7590801151e+01	
80	1.0000000000e+03	9.6632346589e+01	
81	1.1220184543e+03	9.5662477800e+01	
82	1.2589254118e+03	9.4688179148e+01	
83	1.4125375446e+03	9.3705781733e+01	
84	1.5848931925e+03	9.2720075337e+01	
85	1.7782794100e+03	9.1730576442e+01	
86	1.9952623150e+03	9.0736058736e+01	
87	2.2387211386e+03	8.9739208164e+01	
88	2.5118864315e+03	8.8738519257e+01	
89	2.8183829313e+03	8.7735117460e+01	
90	3.1622776602e+03	8.6727991914e+01	
91	3.5481338923e+03	8.5717753995e+01	
92	3.9810717055e+03	8.4703332123e+01	
93	4.4668359215e+03	8.3683730379e+01	
94	5.0118723363e+03	8.2658836768e+01	
95	5.6234132519e+03	8.1626630824e+01	
96	6.3095734448e+03	8.0586981497e+01	
97	7.0794578438e+03	7.9537483366e+01	
98	7.9432823472e+03	7.8476712715e+01	
99	8.9125093813e+03	7.7402257191e+01	
100	1.0000000000e+04	7.6312091727e+01	
101	1.1220184543e+04	7.5203096831e+01	
102	1.2589254118e+04	7.4072957812e+01	
103	1.4125375446e+04	7.2917940623e+01	
104	1.5848931925e+04	7.1734871517e+01	
105	1.7782794100e+04	7.0520472123e+01	
106	1.9952623150e+04	6.9270465332e+01	
107	2.2387211386e+04	6.7981934050e+01	
108	2.5118864315e+04	6.6651182758e+01	
109	2.8183829313e+04	6.5276122262e+01	
110	3.1622776602e+04	6.3855448690e+01	
111	3.5481338923e+04	6.2389267882e+01	
112	3.9810717055e+04	6.0879027404e+01	

Index   frequency       psrr_db         
--------------------------------------------------------------------------------
113	4.4668359215e+04	5.9328806356e+01	
114	5.0118723363e+04	5.7743795288e+01	
115	5.6234132519e+04	5.6130903449e+01	
116	6.3095734448e+04	5.4498600627e+01	
117	7.0794578438e+04	5.2856237501e+01	
118	7.9432823472e+04	5.1213761507e+01	
119	8.9125093813e+04	4.9581335938e+01	
120	1.0000000000e+05	4.7969166891e+01	
121	1.1220184543e+05	4.6386828282e+01	
122	1.2589254118e+05	4.4843219197e+01	
123	1.4125375446e+05	4.3345979571e+01	
124	1.5848931925e+05	4.1901456965e+01	
125	1.7782794100e+05	4.0514395864e+01	
126	1.9952623150e+05	3.9188124656e+01	
127	2.2387211386e+05	3.7924857207e+01	
128	2.5118864315e+05	3.6726215450e+01	
129	2.8183829313e+05	3.5594200287e+01	
130	3.1622776602e+05	3.4532393244e+01	
131	3.5481338923e+05	3.3547735616e+01	
132	3.9810717055e+05	3.2652710702e+01	
133	4.4668359215e+05	3.1867814015e+01	
134	5.0118723363e+05	3.1223454548e+01	
135	5.6234132519e+05	3.0759417741e+01	
136	6.3095734448e+05	3.0518958802e+01	
137	7.0794578438e+05	3.0534905233e+01	
138	7.9432823472e+05	3.0808782999e+01	
139	8.9125093813e+05	3.1288541671e+01	
140	1.0000000000e+06	3.1852027956e+01	
141	1.1220184543e+06	3.2307372686e+01	
142	1.2589254118e+06	3.2438727152e+01	
143	1.4125375446e+06	3.2112757206e+01	
144	1.5848931925e+06	3.1359262659e+01	
145	1.7782794100e+06	3.0321569656e+01	
146	1.9952623150e+06	2.9147995310e+01	
147	2.2387211386e+06	2.7938277144e+01	
148	2.5118864315e+06	2.6745430401e+01	
149	2.8183829313e+06	2.5592861860e+01	
150	3.1622776602e+06	2.4487963876e+01	
151	3.5481338923e+06	2.3430006210e+01	
152	3.9810717055e+06	2.2414362512e+01	
153	4.4668359215e+06	2.1434899779e+01	
154	5.0118723363e+06	2.0485518216e+01	
155	5.6234132519e+06	1.9561243436e+01	
156	6.3095734448e+06	1.8658988847e+01	
157	7.0794578438e+06	1.7777976604e+01	
158	7.9432823472e+06	1.6919803568e+01	
159	8.9125093813e+06	1.6088171923e+01	
160	1.0000000000e+07	1.5288334593e+01	
m_psrr_1hz_db = 1.1100374198e+02
m_psrr_1khz_db = 9.6632346589e+01
m_psrr_10hz_db = 1.1099083762e+02
m_psrr_100hz_db = 1.0997962729e+02
m_psrr_10khz_db = 7.6312091727e+01
m_psrr_100khz_db = 4.7969166891e+01
m_psrr_1mhz_db = 3.1852027956e+01
m_vref_op = 1.1904274739e+00
m_f_dc_hz = 1.0000000000e+00
m_f_band_edge_hz = 1.0000000000e+03
Note: Simulation executed from .control section 

Warning: m=xx on .subckt line will override multiplier m hierarchy!

Warning : IC on non-existent node - xdut.xx1.casc, ignored
   Please check line .ic v(xdut.fb)=1.0 v(xdut.sns1)=0.6 v(xdut.sns2)=0.6 v(vref)=1.2 v(xdut.ibias)=0.6 v(xdut.xx1.casc)=1.8

Note: Starting dynamic gmin stepping
Note: Dynamic gmin stepping completed
Note: Starting dynamic gmin stepping
Note: Dynamic gmin stepping completed
