
Note: Compatibility modes selected: hs a


Circuit: * psrr-dc @ sf_27c_2.97v -- generated by sim/harness, do not edit

Doing analysis at TEMP = 27.000000 and TNOM = 27.000000

Using SPARSE 1.3 as Direct Linear Solver
 Reference value :  0.00000e+00
No. of Data Rows : 1
Doing analysis at TEMP = 27.000000 and TNOM = 27.000000

Using SPARSE 1.3 as Direct Linear Solver

No. of Data Rows : 161
       * psrr-dc @ sf_27c_2.97v -- generated by sim/harness, do not edit
       AC Analysis  Fri Aug 14 19:20:35  2026
--------------------------------------------------------------------------------
Index   frequency       psrr_db         
--------------------------------------------------------------------------------
0	1.0000000000e-01	1.1137507587e+02	
1	1.1220184543e-01	1.1137507552e+02	
2	1.2589254118e-01	1.1137507510e+02	
3	1.4125375446e-01	1.1137507457e+02	
4	1.5848931925e-01	1.1137507393e+02	
5	1.7782794100e-01	1.1137507312e+02	
6	1.9952623150e-01	1.1137507206e+02	
7	2.2387211386e-01	1.1137507076e+02	
8	2.5118864315e-01	1.1137506913e+02	
9	2.8183829313e-01	1.1137506704e+02	
10	3.1622776602e-01	1.1137506443e+02	
11	3.5481338923e-01	1.1137506112e+02	
12	3.9810717055e-01	1.1137505700e+02	
13	4.4668359215e-01	1.1137505178e+02	
14	5.0118723363e-01	1.1137504521e+02	
15	5.6234132519e-01	1.1137503695e+02	
16	6.3095734448e-01	1.1137502654e+02	
17	7.0794578438e-01	1.1137501343e+02	
18	7.9432823472e-01	1.1137499694e+02	
19	8.9125093813e-01	1.1137497618e+02	
20	1.0000000000e+00	1.1137495003e+02	
21	1.1220184543e+00	1.1137491717e+02	
22	1.2589254118e+00	1.1137487573e+02	
23	1.4125375446e+00	1.1137482358e+02	
24	1.5848931925e+00	1.1137475794e+02	
25	1.7782794100e+00	1.1137467526e+02	
26	1.9952623150e+00	1.1137457120e+02	
27	2.2387211386e+00	1.1137444023e+02	
28	2.5118864315e+00	1.1137427533e+02	
29	2.8183829313e+00	1.1137406775e+02	
30	3.1622776602e+00	1.1137380644e+02	
31	3.5481338923e+00	1.1137347749e+02	
32	3.9810717055e+00	1.1137306342e+02	
33	4.4668359215e+00	1.1137254215e+02	
34	5.0118723363e+00	1.1137188602e+02	
35	5.6234132519e+00	1.1137106010e+02	
36	6.3095734448e+00	1.1137002062e+02	
37	7.0794578438e+00	1.1136871233e+02	
38	7.9432823472e+00	1.1136706579e+02	
39	8.9125093813e+00	1.1136499383e+02	
40	1.0000000000e+01	1.1136238677e+02	
41	1.1220184543e+01	1.1135910682e+02	
42	1.2589254118e+01	1.1135498114e+02	
43	1.4125375446e+01	1.1134979265e+02	
44	1.5848931925e+01	1.1134326942e+02	
45	1.7782794100e+01	1.1133507085e+02	
46	1.9952623150e+01	1.1131392866e+02	
47	2.2387211386e+01	1.1130103117e+02	
48	2.5118864315e+01	1.1128484761e+02	
49	2.8183829313e+01	1.1126455782e+02	
50	3.1622776602e+01	1.1122851827e+02	
51	3.5481338923e+01	1.1119681833e+02	
52	3.9810717055e+01	1.1114680410e+02	
53	4.4668359215e+01	1.1108730765e+02	
54	5.0118723363e+01	1.1101616481e+02	

Index   frequency       psrr_db         
--------------------------------------------------------------------------------
55	5.6234132519e+01	1.1093079374e+02	
56	6.3095734448e+01	1.1082815347e+02	
57	7.0794578438e+01	1.1069533132e+02	
58	7.9432823472e+01	1.1052933790e+02	
59	8.9125093813e+01	1.1033570563e+02	
60	1.0000000000e+02	1.1010996332e+02	
61	1.1220184543e+02	1.0983208796e+02	
62	1.2589254118e+02	1.0950788849e+02	
63	1.4125375446e+02	1.0912849141e+02	
64	1.5848931925e+02	1.0869406343e+02	
65	1.7782794100e+02	1.0821351137e+02	
66	1.9952623150e+02	1.0766723379e+02	
67	2.2387211386e+02	1.0706430938e+02	
68	2.5118864315e+02	1.0640752536e+02	
69	2.8183829313e+02	1.0570150755e+02	
70	3.1622776602e+02	1.0495071199e+02	
71	3.5481338923e+02	1.0416178157e+02	
72	3.9810717055e+02	1.0333432616e+02	
73	4.4668359215e+02	1.0247487893e+02	
74	5.0118723363e+02	1.0159105945e+02	
75	5.6234132519e+02	1.0068501047e+02	
76	6.3095734448e+02	9.9758126976e+01	
77	7.0794578438e+02	9.8817830138e+01	
78	7.9432823472e+02	9.7869083158e+01	
79	8.9125093813e+02	9.6908269096e+01	
80	1.0000000000e+03	9.5938918639e+01	
81	1.1220184543e+03	9.4963638762e+01	
82	1.2589254118e+03	9.3982538283e+01	
83	1.4125375446e+03	9.2996477031e+01	
84	1.5848931925e+03	9.2006265477e+01	
85	1.7782794100e+03	9.1013032914e+01	
86	1.9952623150e+03	9.0016713632e+01	
87	2.2387211386e+03	8.9017447498e+01	
88	2.5118864315e+03	8.8015422627e+01	
89	2.8183829313e+03	8.7010363108e+01	
90	3.1622776602e+03	8.6002081334e+01	
91	3.5481338923e+03	8.4990269231e+01	
92	3.9810717055e+03	8.3974439310e+01	
93	4.4668359215e+03	8.2953873157e+01	
94	5.0118723363e+03	8.1927072163e+01	
95	5.6234132519e+03	8.0893348130e+01	
96	6.3095734448e+03	7.9851388109e+01	
97	7.0794578438e+03	7.8798786365e+01	
98	7.9432823472e+03	7.7734104134e+01	
99	8.9125093813e+03	7.6654637885e+01	
100	1.0000000000e+04	7.5557706458e+01	
101	1.1220184543e+04	7.4440358552e+01	
102	1.2589254118e+04	7.3299112873e+01	
103	1.4125375446e+04	7.2129940300e+01	
104	1.5848931925e+04	7.0929536352e+01	
105	1.7782794100e+04	6.9693601112e+01	
106	1.9952623150e+04	6.8419083952e+01	
107	2.2387211386e+04	6.7102324378e+01	
108	2.5118864315e+04	6.5741603279e+01	
109	2.8183829313e+04	6.4335324193e+01	
110	3.1622776602e+04	6.2884249433e+01	
111	3.5481338923e+04	6.1390809998e+01	
112	3.9810717055e+04	5.9858778055e+01	

Index   frequency       psrr_db         
--------------------------------------------------------------------------------
113	4.4668359215e+04	5.8294590578e+01	
114	5.0118723363e+04	5.6705281226e+01	
115	5.6234132519e+04	5.5099946121e+01	
116	6.3095734448e+04	5.3488121287e+01	
117	7.0794578438e+04	5.1879882254e+01	
118	7.9432823472e+04	5.0285290886e+01	
119	8.9125093813e+04	4.8713864431e+01	
120	1.0000000000e+05	4.7174158270e+01	
121	1.1220184543e+05	4.5673445838e+01	
122	1.2589254118e+05	4.4217445111e+01	
123	1.4125375446e+05	4.2810064078e+01	
124	1.5848931925e+05	4.1453508003e+01	
125	1.7782794100e+05	4.0148450148e+01	
126	1.9952623150e+05	3.8894509383e+01	
127	2.2387211386e+05	3.7690781834e+01	
128	2.5118864315e+05	3.6536738504e+01	
129	2.8183829313e+05	3.5433294370e+01	
130	3.1622776602e+05	3.4384275705e+01	
131	3.5481338923e+05	3.3398454510e+01	
132	3.9810717055e+05	3.2492203463e+01	
133	4.4668359215e+05	3.1692557930e+01	
134	5.0118723363e+05	3.1039427360e+01	
135	5.6234132519e+05	3.0583902976e+01	
136	6.3095734448e+05	3.0377972213e+01	
137	7.0794578438e+05	3.0452646708e+01	
138	7.9432823472e+05	3.0789295114e+01	
139	8.9125093813e+05	3.1296919152e+01	
140	1.0000000000e+06	3.1808253044e+01	
141	1.1220184543e+06	3.2109951207e+01	
142	1.2589254118e+06	3.2024457487e+01	
143	1.4125375446e+06	3.1505678913e+01	
144	1.5848931925e+06	3.0645309946e+01	
145	1.7782794100e+06	2.9584533492e+01	
146	1.9952623150e+06	2.8438048476e+01	
147	2.2387211386e+06	2.7275433059e+01	
148	2.5118864315e+06	2.6131983941e+01	
149	2.8183829313e+06	2.5022735922e+01	
150	3.1622776602e+06	2.3951942349e+01	
151	3.5481338923e+06	2.2918426980e+01	
152	3.9810717055e+06	2.1918523861e+01	
153	4.4668359215e+06	2.0947797988e+01	
154	5.0118723363e+06	2.0002184433e+01	
155	5.6234132519e+06	1.9078774407e+01	
156	6.3095734448e+06	1.8176337915e+01	
157	7.0794578438e+06	1.7295560748e+01	
158	7.9432823472e+06	1.6439019802e+01	
159	8.9125093813e+06	1.5610892472e+01	
160	1.0000000000e+07	1.4816468615e+01	
m_psrr_1hz_db = 1.1137495003e+02
m_psrr_1khz_db = 9.5938918639e+01
m_psrr_10hz_db = 1.1136238677e+02
m_psrr_100hz_db = 1.1010996332e+02
m_psrr_10khz_db = 7.5557706458e+01
m_psrr_100khz_db = 4.7174158270e+01
m_psrr_1mhz_db = 3.1808253044e+01
m_vref_op = 1.1924875256e+00
m_f_dc_hz = 1.0000000000e+00
m_f_band_edge_hz = 1.0000000000e+03
Note: Simulation executed from .control section 

Warning: m=xx on .subckt line will override multiplier m hierarchy!

Warning : IC on non-existent node - xdut.xx1.casc, ignored
   Please check line .ic v(xdut.fb)=1.0 v(xdut.sns1)=0.6 v(xdut.sns2)=0.6 v(vref)=1.2 v(xdut.ibias)=0.6 v(xdut.xx1.casc)=1.8

Note: Starting dynamic gmin stepping
Note: Dynamic gmin stepping completed
Note: Starting dynamic gmin stepping
Note: Dynamic gmin stepping completed
