
Note: Compatibility modes selected: hs a


Circuit: * psrr-dc @ tt_125c_2.97v -- generated by sim/harness, do not edit

Doing analysis at TEMP = 125.000000 and TNOM = 27.000000

Using SPARSE 1.3 as Direct Linear Solver

No. of Data Rows : 1
Doing analysis at TEMP = 125.000000 and TNOM = 27.000000

Using SPARSE 1.3 as Direct Linear Solver
 Reference value :  1.00000e-01
No. of Data Rows : 161
       * psrr-dc @ tt_125c_2.97v -- generated by sim/harness, do not edit
       AC Analysis  Fri Aug 14 19:20:29  2026
--------------------------------------------------------------------------------
Index   frequency       psrr_db         
--------------------------------------------------------------------------------
0	1.0000000000e-01	1.0740062929e+02	
1	1.1220184543e-01	1.0740062916e+02	
2	1.2589254118e-01	1.0740062901e+02	
3	1.4125375446e-01	1.0740062879e+02	
4	1.5848931925e-01	1.0740062853e+02	
5	1.7782794100e-01	1.0740062821e+02	
6	1.9952623150e-01	1.0740062779e+02	
7	2.2387211386e-01	1.0740062728e+02	
8	2.5118864315e-01	1.0740062663e+02	
9	2.8183829313e-01	1.0740062579e+02	
10	3.1622776602e-01	1.0740062476e+02	
11	3.5481338923e-01	1.0740062345e+02	
12	3.9810717055e-01	1.0740062182e+02	
13	4.4668359215e-01	1.0740061973e+02	
14	5.0118723363e-01	1.0740061713e+02	
15	5.6234132519e-01	1.0740061385e+02	
16	6.3095734448e-01	1.0740060971e+02	
17	7.0794578438e-01	1.0740060451e+02	
18	7.9432823472e-01	1.0740059797e+02	
19	8.9125093813e-01	1.0740058971e+02	
20	1.0000000000e+00	1.0740057932e+02	
21	1.1220184543e+00	1.0740056625e+02	
22	1.2589254118e+00	1.0740054981e+02	
23	1.4125375446e+00	1.0740052910e+02	
24	1.5848931925e+00	1.0740050302e+02	
25	1.7782794100e+00	1.0740047019e+02	
26	1.9952623150e+00	1.0740042886e+02	
27	2.2387211386e+00	1.0740037685e+02	
28	2.5118864315e+00	1.0740031133e+02	
29	2.8183829313e+00	1.0740022889e+02	
30	3.1622776602e+00	1.0740012508e+02	
31	3.5481338923e+00	1.0739999441e+02	
32	3.9810717055e+00	1.0739982988e+02	
33	4.4668359215e+00	1.0739962279e+02	
34	5.0118723363e+00	1.0739936211e+02	
35	5.6234132519e+00	1.0739903392e+02	
36	6.3095734448e+00	1.0739862080e+02	
37	7.0794578438e+00	1.0739810074e+02	
38	7.9432823472e+00	1.0739009469e+02	
39	8.9125093813e+00	1.0738927233e+02	
40	1.0000000000e+01	1.0738823724e+02	
41	1.1220184543e+01	1.0738693448e+02	
42	1.2589254118e+01	1.0738529493e+02	
43	1.4125375446e+01	1.0738323169e+02	
44	1.5848931925e+01	1.0738063558e+02	
45	1.7782794100e+01	1.0737736936e+02	
46	1.9952623150e+01	1.0737326074e+02	
47	2.2387211386e+01	1.0736809359e+02	
48	2.5118864315e+01	1.0735430691e+02	
49	2.8183829313e+01	1.0734615694e+02	
50	3.1622776602e+01	1.0733591741e+02	
51	3.5481338923e+01	1.0731583555e+02	
52	3.9810717055e+01	1.0729973036e+02	
53	4.4668359215e+01	1.0727238728e+02	
54	5.0118723363e+01	1.0724004329e+02	

Index   frequency       psrr_db         
--------------------------------------------------------------------------------
55	5.6234132519e+01	1.0720148353e+02	
56	6.3095734448e+01	1.0714827334e+02	
57	7.0794578438e+01	1.0708574202e+02	
58	7.9432823472e+01	1.0701175981e+02	
59	8.9125093813e+01	1.0691062904e+02	
60	1.0000000000e+02	1.0679319146e+02	
61	1.1220184543e+02	1.0665613104e+02	
62	1.2589254118e+02	1.0647782368e+02	
63	1.4125375446e+02	1.0626222070e+02	
64	1.5848931925e+02	1.0601761101e+02	
65	1.7782794100e+02	1.0571971069e+02	
66	1.9952623150e+02	1.0537556152e+02	
67	2.2387211386e+02	1.0498413227e+02	
68	2.5118864315e+02	1.0452790327e+02	
69	2.8183829313e+02	1.0401585100e+02	
70	3.1622776602e+02	1.0344095366e+02	
71	3.5481338923e+02	1.0282138205e+02	
72	3.9810717055e+02	1.0214445117e+02	
73	4.4668359215e+02	1.0142210087e+02	
74	5.0118723363e+02	1.0065186916e+02	
75	5.6234132519e+02	9.9844741454e+01	
76	6.3095734448e+02	9.8997074162e+01	
77	7.0794578438e+02	9.8130112025e+01	
78	7.9432823472e+02	9.7237702378e+01	
79	8.9125093813e+02	9.6325060776e+01	
80	1.0000000000e+03	9.5392644449e+01	
81	1.1220184543e+03	9.4446734592e+01	
82	1.2589254118e+03	9.3491504298e+01	
83	1.4125375446e+03	9.2524582783e+01	
84	1.5848931925e+03	9.1551794566e+01	
85	1.7782794100e+03	9.0570608877e+01	
86	1.9952623150e+03	8.9584484078e+01	
87	2.2387211386e+03	8.8592949904e+01	
88	2.5118864315e+03	8.7597070192e+01	
89	2.8183829313e+03	8.6596630872e+01	
90	3.1622776602e+03	8.5591759537e+01	
91	3.5481338923e+03	8.4582364372e+01	
92	3.9810717055e+03	8.3567827436e+01	
93	4.4668359215e+03	8.2547230944e+01	
94	5.0118723363e+03	8.1520407429e+01	
95	5.6234132519e+03	8.0485536888e+01	
96	6.3095734448e+03	7.9441088472e+01	
97	7.0794578438e+03	7.8385461578e+01	
98	7.9432823472e+03	7.7316699378e+01	
99	8.9125093813e+03	7.6231462235e+01	
100	1.0000000000e+04	7.5127703888e+01	
101	1.1220184543e+04	7.4001565276e+01	
102	1.2589254118e+04	7.2849930634e+01	
103	1.4125375446e+04	7.1668554056e+01	
104	1.5848931925e+04	7.0453704473e+01	
105	1.7782794100e+04	6.9201674021e+01	
106	1.9952623150e+04	6.7909241399e+01	
107	2.2387211386e+04	6.6573789186e+01	
108	2.5118864315e+04	6.5193569162e+01	
109	2.8183829313e+04	6.3768716095e+01	
110	3.1622776602e+04	6.2301274115e+01	
111	3.5481338923e+04	6.0794604410e+01	
112	3.9810717055e+04	5.9254122374e+01	

Index   frequency       psrr_db         
--------------------------------------------------------------------------------
113	4.4668359215e+04	5.7687219682e+01	
114	5.0118723363e+04	5.6102350741e+01	
115	5.6234132519e+04	5.4508966862e+01	
116	6.3095734448e+04	5.2917119350e+01	
117	7.0794578438e+04	5.1336840141e+01	
118	7.9432823472e+04	4.9777666900e+01	
119	8.9125093813e+04	4.8248122296e+01	
120	1.0000000000e+05	4.6755336295e+01	
121	1.1220184543e+05	4.5304755615e+01	
122	1.2589254118e+05	4.3900052521e+01	
123	1.4125375446e+05	4.2543108756e+01	
124	1.5848931925e+05	4.1234144972e+01	
125	1.7782794100e+05	3.9972248199e+01	
126	1.9952623150e+05	3.8755865826e+01	
127	2.2387211386e+05	3.7583580985e+01	
128	2.5118864315e+05	3.6455014297e+01	
129	2.8183829313e+05	3.5372074559e+01	
130	3.1622776602e+05	3.4340622816e+01	
131	3.5481338923e+05	3.3372815018e+01	
132	3.9810717055e+05	3.2490122952e+01	
133	4.4668359215e+05	3.1726511275e+01	
134	5.0118723363e+05	3.1129664520e+01	
135	5.6234132519e+05	3.0755885080e+01	
136	6.3095734448e+05	3.0653096868e+01	
137	7.0794578438e+05	3.0831421322e+01	
138	7.9432823472e+05	3.1232137029e+01	
139	8.9125093813e+05	3.1713069769e+01	
140	1.0000000000e+06	3.2067724476e+01	
141	1.1220184543e+06	3.2095077638e+01	
142	1.2589254118e+06	3.1701145911e+01	
143	1.4125375446e+06	3.0938539803e+01	
144	1.5848931925e+06	2.9938236599e+01	
145	1.7782794100e+06	2.8822793139e+01	
146	1.9952623150e+06	2.7672562024e+01	
147	2.2387211386e+06	2.6530727917e+01	
148	2.5118864315e+06	2.5417151010e+01	
149	2.8183829313e+06	2.4338929680e+01	
150	3.1622776602e+06	2.3296592544e+01	
151	3.5481338923e+06	2.2287475570e+01	
152	3.9810717055e+06	2.1307628541e+01	
153	4.4668359215e+06	2.0353023589e+01	
154	5.0118723363e+06	1.9420397653e+01	
155	5.6234132519e+06	1.8507851303e+01	
156	6.3095734448e+06	1.7615207707e+01	
157	7.0794578438e+06	1.6744119505e+01	
158	7.9432823472e+06	1.5897928125e+01	
159	8.9125093813e+06	1.5081304314e+01	
160	1.0000000000e+07	1.4299733473e+01	
m_psrr_1hz_db = 1.0740057932e+02
m_psrr_1khz_db = 9.5392644449e+01
m_psrr_10hz_db = 1.0738823724e+02
m_psrr_100hz_db = 1.0679319146e+02
m_psrr_10khz_db = 7.5127703888e+01
m_psrr_100khz_db = 4.6755336295e+01
m_psrr_1mhz_db = 3.2067724476e+01
m_vref_op = 1.1897955021e+00
m_f_dc_hz = 1.0000000000e+00
m_f_band_edge_hz = 1.0000000000e+03
Note: Simulation executed from .control section 

Warning: m=xx on .subckt line will override multiplier m hierarchy!

Warning : IC on non-existent node - xdut.xx1.casc, ignored
   Please check line .ic v(xdut.fb)=1.0 v(xdut.sns1)=0.6 v(xdut.sns2)=0.6 v(vref)=1.2 v(xdut.ibias)=0.6 v(xdut.xx1.casc)=1.8

Note: Starting dynamic gmin stepping
Note: Dynamic gmin stepping completed
Note: Starting dynamic gmin stepping
Note: Dynamic gmin stepping completed
