
Note: Compatibility modes selected: hs a


Circuit: * startup @ bjt_ff_-40c_3.63v -- generated by sim/harness, do not edit

Doing analysis at TEMP = -40.000000 and TNOM = 27.000000

Using SPARSE 1.3 as Direct Linear Solver

Initial Transient Solution
--------------------------

Node                                   Voltage
----                                   -------
vdd                                          0
xtop.xx1.d1                       -1.41163e-44
xtop.fb                            4.52856e-17
xtop.sns1                          1.64057e-45
xtop.casc                          5.55136e-53
xtop.xx1.d2                       -1.03112e-44
xtop.sns2                          1.18364e-45
xtop.xx1.e2                        1.18364e-45
xtop.xx1.xr2.11                    1.18364e-45
xtop.xx1.xr2.21                    1.18364e-45
xtop.xx1.d3                       -1.29777e-44
vref                               1.50158e-45
xtop.xx1.e3                        1.50158e-45
xtop.xx1.xr1.11                    1.50158e-45
xtop.xx1.xr1.21                    1.50158e-45
xtop.xx1.d4                       -8.39301e-44
xtop.ibias                         1.62752e-41
xtop.xx2.a3                       -1.08422e-20
xtop.xx2.nd1                       1.13811e-18
xtop.xx2.a4                        2.45262e-20
xtop.xx2.pbias                   -8.53821e-141
xtop.xx2.ncasc                     1.53935e-22
xtop.xx2.n1                        3.24075e-16
xtop.xx2.n2                       -2.15887e-15
xtop.xx2.tail                      1.16972e-15
xtop.xx2.nb1                      -3.07858e-22
xtop.vdd_su                                  0
xtop.xx3.det                                 0
xtop.xx3.xrpu.11                             0
xtop.xx3.xrpu.21                             0
v.xtop.vsu_sense#branch                      0
vsup#branch                        4.67952e-29

 Reference value :  8.40377e-07
 Reference value :  6.87850e-04
 Reference value :  1.77185e-03
 Reference value :  2.87385e-03
No. of Data Rows : 3070
m_startup_time_s = 2.2347355755e-05
m_vref_final_v = 1.2168159091e+00
m_iq_total_final_ua = 3.7409014794e+01
m_iq_startup_branch_final_ua = 1.6636354073e+00
m_det_final_v = 1.0555763479e-02
m_t0_s = 1.0000000000e-06
m_t_settle_s = 2.3347355755e-05
Note: Simulation executed from .control section 

Warning: m=xx on .subckt line will override multiplier m hierarchy!

