
Note: Compatibility modes selected: hs a


Circuit: * startup @ bjt_ff_125c_3.63v -- generated by sim/harness, do not edit

Doing analysis at TEMP = 125.000000 and TNOM = 27.000000

Using SPARSE 1.3 as Direct Linear Solver

Initial Transient Solution
--------------------------

Node                                   Voltage
----                                   -------
vdd                                          0
xtop.xx1.d1                        2.10073e-18
xtop.fb                            -3.4724e-18
xtop.sns1                          1.46716e-18
xtop.casc                          3.70562e-20
xtop.xx1.d2                       -2.10632e-19
xtop.sns2                          5.88259e-19
xtop.xx1.e2                        5.88259e-19
xtop.xx1.xr2.11                    5.88259e-19
xtop.xx1.xr2.21                    5.88259e-19
xtop.xx1.d3                        7.18735e-19
vref                               1.11465e-18
xtop.xx1.e3                        1.11465e-18
xtop.xx1.xr1.11                    1.11465e-18
xtop.xx1.xr1.21                    1.11465e-18
xtop.xx1.d4                       -4.05812e-21
xtop.ibias                         1.25658e-18
xtop.xx2.a3                        1.21938e-15
xtop.xx2.nd1                      -1.21385e-17
xtop.xx2.a4                       -1.28955e-19
xtop.xx2.pbias                    -1.04285e-30
xtop.xx2.ncasc                    -2.29035e-19
xtop.xx2.n1                       -1.48757e-18
xtop.xx2.n2                        2.97085e-18
xtop.xx2.tail                      -3.7148e-18
xtop.xx2.nb1                       7.44908e-19
xtop.vdd_su                                  0
xtop.xx3.det                     -6.88013e-192
xtop.xx3.xrpu.11                 -6.88003e-192
xtop.xx3.xrpu.21                 -9.99008e-197
v.xtop.vsu_sense#branch           3.63921e-198
vsup#branch                        4.96492e-27

 Reference value :  1.27671e-06
 Reference value :  1.13554e-03
 Reference value :  2.13654e-03
No. of Data Rows : 3035
m_startup_time_s = 2.8582559446e-05
m_vref_final_v = 1.2393175052e+00
m_iq_total_final_ua = 6.3673749246e+01
m_iq_startup_branch_final_ua = 1.9132748463e+00
m_det_final_v = 1.3083136594e-02
m_t0_s = 9.5864271097e-07
m_t_settle_s = 2.9541202157e-05
Note: Simulation executed from .control section 

Warning: m=xx on .subckt line will override multiplier m hierarchy!

