
Note: Compatibility modes selected: hs a


Circuit: * startup @ bjt_ss_-40c_3.30v -- generated by sim/harness, do not edit

Doing analysis at TEMP = -40.000000 and TNOM = 27.000000

Using SPARSE 1.3 as Direct Linear Solver

Initial Transient Solution
--------------------------

Node                                   Voltage
----                                   -------
vdd                                          0
xtop.xx1.d1                       -5.15736e-72
xtop.fb                           -2.47211e-21
xtop.sns1                          6.03162e-73
xtop.casc                          6.45333e-89
xtop.xx1.d2                        -1.5247e-18
xtop.sns2                         -5.78049e-19
xtop.xx1.e2                       -5.78049e-19
xtop.xx1.xr2.11                   -5.78049e-19
xtop.xx1.xr2.21                   -5.78049e-19
xtop.xx1.d3                       -6.31805e-90
vref                               1.83048e-90
xtop.xx1.e3                        1.83048e-90
xtop.xx1.xr1.11                    1.83048e-90
xtop.xx1.xr1.21                    1.83048e-90
xtop.xx1.d4                       -6.93009e-74
xtop.ibias                          1.6778e-71
xtop.xx2.a3                       -3.45456e-22
xtop.xx2.nd1                        1.9548e-20
xtop.xx2.a4                       -1.13653e-24
xtop.xx2.pbias                    1.30252e-192
xtop.xx2.ncasc                    -1.53935e-22
xtop.xx2.n1                        4.58684e-18
xtop.xx2.n2                       -3.93551e-20
xtop.xx2.tail                     -3.04336e-18
xtop.xx2.nb1                       3.07858e-22
xtop.vdd_su                                  0
xtop.xx3.det                                 0
xtop.xx3.xrpu.11                             0
xtop.xx3.xrpu.21                             0
v.xtop.vsu_sense#branch                      0
vsup#branch                        5.78575e-31

 Reference value :  9.28649e-07
 Reference value :  7.79935e-04
 Reference value :  1.77394e-03
 Reference value :  2.81494e-03
No. of Data Rows : 3074
m_startup_time_s = 2.1697114013e-05
m_vref_final_v = 1.2264866173e+00
m_iq_total_final_ua = 3.6980109395e+01
m_iq_startup_branch_final_ua = 1.5124163674e+00
m_det_final_v = 9.5514555738e-03
m_t0_s = 9.2864941655e-07
m_t_settle_s = 2.2625763429e-05
Note: Simulation executed from .control section 

Warning: m=xx on .subckt line will override multiplier m hierarchy!

