
Note: Compatibility modes selected: hs a


Circuit: * startup @ bjt_ss_27c_2.97v -- generated by sim/harness, do not edit

Doing analysis at TEMP = 27.000000 and TNOM = 27.000000

Using SPARSE 1.3 as Direct Linear Solver

Initial Transient Solution
--------------------------

Node                                   Voltage
----                                   -------
vdd                                          0
xtop.xx1.d1                       -1.60214e-22
xtop.fb                           -4.33767e-19
xtop.sns1                         -1.60097e-21
xtop.casc                         -4.44001e-37
xtop.xx1.d2                       -5.35963e-20
xtop.sns2                          1.69239e-19
xtop.xx1.e2                        1.69239e-19
xtop.xx1.xr2.11                    1.69239e-19
xtop.xx1.xr2.21                    1.69239e-19
xtop.xx1.d3                       -9.07498e-20
vref                               1.79323e-20
xtop.xx1.e3                        1.79323e-20
xtop.xx1.xr1.11                    1.79323e-20
xtop.xx1.xr1.21                    1.79323e-20
xtop.xx1.d4                        1.01641e-20
xtop.ibias                        -6.69651e-19
xtop.xx2.a3                        4.39617e-20
xtop.xx2.nd1                       2.68856e-19
xtop.xx2.a4                        2.91887e-20
xtop.xx2.pbias                    -2.22394e-34
xtop.xx2.ncasc                    -2.92567e-22
xtop.xx2.n1                       -2.03715e-18
xtop.xx2.n2                       -3.66118e-19
xtop.xx2.tail                       3.3222e-18
xtop.xx2.nb1                       4.72162e-22
xtop.vdd_su                                  0
xtop.xx3.det                                 0
xtop.xx3.xrpu.11                             0
xtop.xx3.xrpu.21                             0
v.xtop.vsu_sense#branch                      0
vsup#branch                       -9.62177e-31

 Reference value :  1.07841e-06
 Reference value :  8.28230e-04
 Reference value :  1.80523e-03
 Reference value :  2.89723e-03
No. of Data Rows : 3056
m_startup_time_s = 2.3265334704e-05
m_vref_final_v = 1.2415641881e+00
m_iq_total_final_ua = 4.8220875924e+01
m_iq_startup_branch_final_ua = 1.4610506783e+00
m_det_final_v = 9.4175574218e-03
m_t0_s = 1.0000000000e-06
m_t_settle_s = 2.4265334704e-05
Note: Simulation executed from .control section 

Warning: m=xx on .subckt line will override multiplier m hierarchy!

