
Note: Compatibility modes selected: hs a


Circuit: * startup @ ff_125c_3.30v -- generated by sim/harness, do not edit

Doing analysis at TEMP = 125.000000 and TNOM = 27.000000

Using SPARSE 1.3 as Direct Linear Solver

Initial Transient Solution
--------------------------

Node                                   Voltage
----                                   -------
vdd                                          0
xtop.xx1.d1                        1.19136e-19
xtop.fb                            7.13455e-18
xtop.sns1                           4.8942e-19
xtop.casc                          3.01174e-31
xtop.xx1.d2                       -2.42358e-20
xtop.sns2                         -8.89837e-20
xtop.xx1.e2                       -8.89837e-20
xtop.xx1.xr2.11                   -8.89837e-20
xtop.xx1.xr2.21                   -8.89837e-20
xtop.xx1.d3                       -3.77154e-20
vref                              -1.10038e-19
xtop.xx1.e3                       -1.10039e-19
xtop.xx1.xr1.11                   -1.10039e-19
xtop.xx1.xr1.21                   -1.10038e-19
xtop.xx1.d4                        6.00525e-19
xtop.ibias                         8.68481e-19
xtop.xx2.a3                       -8.49138e-20
xtop.xx2.nd1                      -5.19652e-18
xtop.xx2.a4                         1.3693e-18
xtop.xx2.pbias                    -7.09928e-71
xtop.xx2.ncasc                    -4.37016e-19
xtop.xx2.n1                       -6.48737e-18
xtop.xx2.n2                        7.37753e-18
xtop.xx2.tail                      3.07764e-18
xtop.xx2.nb1                      -1.35468e-19
xtop.vdd_su                                  0
xtop.xx3.det                                 0
xtop.xx3.xrpu.11                             0
xtop.xx3.xrpu.21                             0
v.xtop.vsu_sense#branch                      0
vsup#branch                        8.69218e-28

 Reference value :  0.00000e+00
 Reference value :  8.31205e-04
 Reference value :  2.20020e-03
No. of Data Rows : 3056
m_startup_time_s = 2.4427768426e-05
m_vref_final_v = 1.2453623220e+00
m_iq_total_final_ua = 8.0178694608e+01
m_iq_startup_branch_final_ua = 2.1736373420e+00
m_det_final_v = 1.2684472144e-02
m_t0_s = 1.0000000000e-06
m_t_settle_s = 2.5427768426e-05
Note: Simulation executed from .control section 

Warning: m=xx on .subckt line will override multiplier m hierarchy!

