
Note: Compatibility modes selected: hs a


Circuit: * startup @ res_ss_-40c_2.97v -- generated by sim/harness, do not edit

Doing analysis at TEMP = -40.000000 and TNOM = 27.000000

Using SPARSE 1.3 as Direct Linear Solver

Initial Transient Solution
--------------------------

Node                                   Voltage
----                                   -------
vdd                                          0
xtop.xx1.d1                        2.65467e-34
xtop.fb                           -3.32944e-21
xtop.sns1                         -1.49564e-35
xtop.casc                        -1.14441e-104
xtop.xx1.d2                        2.67012e-34
xtop.sns2                         -1.50509e-35
xtop.xx1.e2                       -1.50509e-35
xtop.xx1.xr2.11                   -1.50509e-35
xtop.xx1.xr2.21                   -1.50509e-35
xtop.xx1.d3                        2.65444e-34
vref                              -1.49551e-35
xtop.xx1.e3                       -1.49551e-35
xtop.xx1.xr1.11                   -1.49551e-35
xtop.xx1.xr1.21                   -1.49551e-35
xtop.xx1.d4                        2.60071e-34
xtop.ibias                        -2.05199e-34
xtop.xx2.a3                         6.0262e-22
xtop.xx2.nd1                      -1.00792e-20
xtop.xx2.a4                       -2.55417e-20
xtop.xx2.pbias                     5.50087e-66
xtop.xx2.ncasc                     1.53935e-22
xtop.xx2.n1                        2.99909e-20
xtop.xx2.n2                       -1.51309e-20
xtop.xx2.tail                     -9.83663e-21
xtop.xx2.nb1                      -3.07858e-22
xtop.vdd_su                                  0
xtop.xx3.det                                 0
xtop.xx3.xrpu.11                             0
xtop.xx3.xrpu.21                             0
v.xtop.vsu_sense#branch                      0
vsup#branch                        1.71963e-32

 Reference value :  1.18719e-06
 Reference value :  8.30780e-04
 Reference value :  2.00678e-03
No. of Data Rows : 3076
m_startup_time_s = 2.2917492065e-05
m_vref_final_v = 1.2181377594e+00
m_iq_total_final_ua = 3.0741807835e+01
m_iq_startup_branch_final_ua = 1.1345618390e+00
m_det_final_v = 7.9781092995e-03
m_t0_s = 9.1809992421e-07
m_t_settle_s = 2.3835591990e-05
Note: Simulation executed from .control section 

Warning: m=xx on .subckt line will override multiplier m hierarchy!

