
Note: Compatibility modes selected: hs a


Circuit: * startup @ ss_-40c_3.30v -- generated by sim/harness, do not edit

Doing analysis at TEMP = -40.000000 and TNOM = 27.000000

Using SPARSE 1.3 as Direct Linear Solver

Initial Transient Solution
--------------------------

Node                                   Voltage
----                                   -------
vdd                                          0
xtop.xx1.d1                        2.57636e-44
xtop.fb                            7.54809e-22
xtop.sns1                          -6.7717e-47
xtop.casc                        -6.10449e-215
xtop.xx1.d2                        5.23101e-49
xtop.sns2                         -1.58962e-51
xtop.xx1.e2                       -1.58962e-51
xtop.xx1.xr2.11                   -1.58962e-51
xtop.xx1.xr2.21                   -1.58962e-51
xtop.xx1.d3                        2.57636e-44
vref                               -6.7717e-47
xtop.xx1.e3                        -6.7717e-47
xtop.xx1.xr1.11                    -6.7717e-47
xtop.xx1.xr1.21                    -6.7717e-47
xtop.xx1.d4                       -8.96283e-44
xtop.ibias                         3.32504e-46
xtop.xx2.a3                        3.31837e-25
xtop.xx2.nd1                      -4.72866e-22
xtop.xx2.a4                        2.07683e-23
xtop.xx2.pbias                    6.85039e-236
xtop.xx2.ncasc                   -1.14836e-209
xtop.xx2.n1                       -1.38848e-22
xtop.xx2.n2                       -6.09834e-22
xtop.xx2.tail                      4.97426e-22
xtop.xx2.nb1                      1.69909e-211
xtop.vdd_su                                  0
xtop.xx3.det                                 0
xtop.xx3.xrpu.11                             0
xtop.xx3.xrpu.21                             0
v.xtop.vsu_sense#branch                      0
vsup#branch                       -1.10197e-33

 Reference value :  9.16307e-07
 Reference value :  7.98319e-04
 Reference value :  2.23632e-03
No. of Data Rows : 3063
m_startup_time_s = 2.3792358395e-05
m_vref_final_v = 1.2238738168e+00
m_iq_total_final_ua = 3.0673248287e+01
m_iq_startup_branch_final_ua = 1.2605312386e+00
m_det_final_v = 9.1074332616e-03
m_t0_s = 9.1630660059e-07
m_t_settle_s = 2.4708664996e-05
Note: Simulation executed from .control section 

Warning: m=xx on .subckt line will override multiplier m hierarchy!

