
Note: Compatibility modes selected: hs a


Circuit: * startup @ ss_125c_3.63v -- generated by sim/harness, do not edit

Doing analysis at TEMP = 125.000000 and TNOM = 27.000000

Using SPARSE 1.3 as Direct Linear Solver

Initial Transient Solution
--------------------------

Node                                   Voltage
----                                   -------
vdd                                          0
xtop.xx1.d1                        5.91395e-19
xtop.fb                            4.80883e-19
xtop.sns1                          -9.5839e-19
xtop.casc                         -5.84401e-19
xtop.xx1.d2                        3.06851e-19
xtop.sns2                          3.73823e-19
xtop.xx1.e2                        3.73823e-19
xtop.xx1.xr2.11                    3.73823e-19
xtop.xx1.xr2.21                    3.73823e-19
xtop.xx1.d3                        7.70054e-19
vref                               3.69498e-19
xtop.xx1.e3                        3.69498e-19
xtop.xx1.xr1.11                    3.69498e-19
xtop.xx1.xr1.21                    3.69498e-19
xtop.xx1.d4                        1.71196e-18
xtop.ibias                        -6.03996e-19
xtop.xx2.a3                        3.27858e-18
xtop.xx2.nd1                      -1.00701e-18
xtop.xx2.a4                       -2.73672e-18
xtop.xx2.pbias                    -1.43378e-20
xtop.xx2.ncasc                    -4.61471e-19
xtop.xx2.n1                       -4.88304e-18
xtop.xx2.n2                       -1.19497e-18
xtop.xx2.tail                     -5.40193e-18
xtop.xx2.nb1                       3.25549e-19
xtop.vdd_su                                  0
xtop.xx3.det                      1.92581e-298
xtop.xx3.xrpu.11                  1.92579e-298
xtop.xx3.xrpu.21                  2.33042e-303
v.xtop.vsu_sense#branch          -8.48933e-305
vsup#branch                        1.58488e-28

 Reference value :  2.43934e-05
 Reference value :  1.00505e-03
 Reference value :  2.03105e-03
No. of Data Rows : 3038
m_startup_time_s = 2.8053442186e-05
m_vref_final_v = 1.2545369085e+00
m_iq_total_final_ua = 5.2423124822e+01
m_iq_startup_branch_final_ua = 1.5946909801e+00
m_det_final_v = 1.2430810311e-02
m_t0_s = 1.0000000000e-06
m_t_settle_s = 2.9053442186e-05
Note: Simulation executed from .control section 

Warning: m=xx on .subckt line will override multiplier m hierarchy!

