
Note: Compatibility modes selected: hs a


Circuit: * startup @ tt_125c_2.97v -- generated by sim/harness, do not edit

Doing analysis at TEMP = 125.000000 and TNOM = 27.000000

Using SPARSE 1.3 as Direct Linear Solver

Initial Transient Solution
--------------------------

Node                                   Voltage
----                                   -------
vdd                                          0
xtop.xx1.d1                       -1.36898e-19
xtop.fb                            5.64882e-16
xtop.sns1                          9.46105e-20
xtop.casc                          1.81383e-18
xtop.xx1.d2                       -4.17011e-18
xtop.sns2                          2.81674e-18
xtop.xx1.e2                        2.81674e-18
xtop.xx1.xr2.11                    2.81674e-18
xtop.xx1.xr2.21                    2.81674e-18
xtop.xx1.d3                       -3.37723e-19
vref                               1.18352e-18
xtop.xx1.e3                        1.18352e-18
xtop.xx1.xr1.11                    1.18352e-18
xtop.xx1.xr1.21                    1.18352e-18
xtop.xx1.d4                        2.39577e-18
xtop.ibias                         6.07467e-19
xtop.xx2.a3                       -1.33603e-15
xtop.xx2.nd1                      -6.39009e-15
xtop.xx2.a4                        5.50863e-17
xtop.xx2.pbias                     2.47729e-49
xtop.xx2.ncasc                    -3.76258e-20
xtop.xx2.n1                        9.88898e-16
xtop.xx2.n2                        9.11261e-16
xtop.xx2.tail                      9.22072e-16
xtop.xx2.nb1                       1.12412e-19
xtop.vdd_su                                  0
xtop.xx3.det                                 0
xtop.xx3.xrpu.11                             0
xtop.xx3.xrpu.21                             0
v.xtop.vsu_sense#branch                      0
vsup#branch                       -1.48748e-24

 Reference value :  0.00000e+00
 Reference value :  9.41747e-04
 Reference value :  2.03075e-03
No. of Data Rows : 3034
m_startup_time_s = 2.9746881031e-05
m_vref_final_v = 1.2476653955e+00
m_iq_total_final_ua = 6.3360580740e+01
m_iq_startup_branch_final_ua = 1.5654485890e+00
m_det_final_v = 1.0625181745e-02
m_t0_s = 1.0000000000e-06
m_t_settle_s = 3.0746881031e-05
Note: Simulation executed from .control section 

Warning: m=xx on .subckt line will override multiplier m hierarchy!

