
Note: Compatibility modes selected: hs a


Circuit: * startup @ tt_27c_3.63v -- generated by sim/harness, do not edit

Doing analysis at TEMP = 27.000000 and TNOM = 27.000000

Using SPARSE 1.3 as Direct Linear Solver

Initial Transient Solution
--------------------------

Node                                   Voltage
----                                   -------
vdd                                          0
xtop.xx1.d1                        -1.9021e-19
xtop.fb                            5.23879e-15
xtop.sns1                         -1.74293e-20
xtop.casc                         -4.32328e-19
xtop.xx1.d2                        1.13145e-20
xtop.sns2                         -1.16773e-20
xtop.xx1.e2                       -1.16773e-20
xtop.xx1.xr2.11                   -1.16773e-20
xtop.xx1.xr2.21                   -1.16773e-20
xtop.xx1.d3                        7.52897e-20
vref                              -3.98756e-20
xtop.xx1.e3                       -3.98756e-20
xtop.xx1.xr1.11                   -3.98756e-20
xtop.xx1.xr1.21                   -3.98756e-20
xtop.xx1.d4                       -5.01751e-21
xtop.ibias                        -1.50247e-19
xtop.xx2.a3                        3.25459e-17
xtop.xx2.nd1                       6.33073e-15
xtop.xx2.a4                        3.51218e-17
xtop.xx2.pbias                     8.63268e-27
xtop.xx2.ncasc                     3.44788e-25
xtop.xx2.n1                       -9.26355e-14
xtop.xx2.n2                        2.49112e-14
xtop.xx2.tail                      2.38969e-14
xtop.xx2.nb1                      -5.56155e-25
xtop.vdd_su                                  0
xtop.xx3.det                     -2.66302e-315
xtop.xx3.xrpu.11                 -2.66302e-315
xtop.xx3.xrpu.21                             0
v.xtop.vsu_sense#branch                      0
vsup#branch                        1.17647e-26

 Reference value :  8.64989e-07
 Reference value :  8.38846e-04
 Reference value :  1.93885e-03
 Reference value :  2.98585e-03
No. of Data Rows : 3064
m_startup_time_s = 2.1540596080e-05
m_vref_final_v = 1.2331760387e+00
m_iq_total_final_ua = 4.8404692993e+01
m_iq_startup_branch_final_ua = 1.7856737348e+00
m_det_final_v = 1.1621537137e-02
m_t0_s = 9.6826034743e-07
m_t_settle_s = 2.2508856428e-05
Note: Simulation executed from .control section 

Warning: m=xx on .subckt line will override multiplier m hierarchy!

