
Note: Compatibility modes selected: hs a


Circuit: * startup-slow-ramp @ bjt_ss_27c_3.30v -- generated by sim/harness, do not edit

Doing analysis at TEMP = 27.000000 and TNOM = 27.000000

Using SPARSE 1.3 as Direct Linear Solver

Initial Transient Solution
--------------------------

Node                                   Voltage
----                                   -------
vdd                                          0
xtop.xx1.d1                        1.52444e-19
xtop.fb                            1.69873e-18
xtop.sns1                         -1.30553e-19
xtop.casc                         -2.61606e-27
xtop.xx1.d2                        1.72161e-19
xtop.sns2                         -1.90948e-19
xtop.xx1.e2                       -1.90948e-19
xtop.xx1.xr2.11                   -1.90948e-19
xtop.xx1.xr2.21                   -1.90948e-19
xtop.xx1.d3                        2.33812e-19
vref                              -2.54969e-19
xtop.xx1.e3                       -2.54969e-19
xtop.xx1.xr1.11                   -2.54969e-19
xtop.xx1.xr1.21                   -2.54969e-19
xtop.xx1.d4                        6.81809e-20
xtop.ibias                        -9.82874e-20
xtop.xx2.nd1                      -3.92125e-18
xtop.xx2.tail                      3.24808e-19
xtop.vdd_su                                  0
xtop.xx3.det                                 0
xtop.xx3.xrpu.11                             0
xtop.xx3.xrpu.21                             0
v.xtop.vsu_sense#branch                      0
vsup#branch                       -1.79447e-30

 Reference value :  2.00560e-04
 Reference value :  3.07700e-03
No. of Data Rows : 2512
m_startup_time_s = -4.340000000e-04
m_vref_final_v = 1.2353537772e+00
m_iq_total_final_ua = 4.6773481126e+01
m_iq_startup_branch_final_ua = 1.6233228859e+00
m_det_final_v = 1.0599224170e-02
m_t0_s = 9.0089461718e-04
m_t_settle_s = 4.6689461718e-04
Note: Simulation executed from .control section 

Warning: m=xx on .subckt line will override multiplier m hierarchy!

