
Note: Compatibility modes selected: hs a


Circuit: * startup-slow-ramp @ bjt_ff_-40c_2.97v -- generated by sim/harness, do not edit

Doing analysis at TEMP = -40.000000 and TNOM = 27.000000

Using SPARSE 1.3 as Direct Linear Solver

Initial Transient Solution
--------------------------

Node                                   Voltage
----                                   -------
vdd                                          0
xtop.xx1.d1                        1.87567e-30
xtop.fb                            1.17466e-17
xtop.sns1                          6.47319e-32
xtop.casc                          1.26859e-71
xtop.xx1.d2                       -1.99046e-30
xtop.sns2                         -2.89157e-32
xtop.xx1.e2                       -2.89157e-32
xtop.xx1.xr2.11                   -2.89157e-32
xtop.xx1.xr2.21                   -2.89157e-32
xtop.xx1.d3                       -1.16388e-30
vref                              -2.76726e-31
xtop.xx1.e3                       -2.76726e-31
xtop.xx1.xr1.11                   -2.76726e-31
xtop.xx1.xr1.21                   -2.76726e-31
xtop.xx1.d4                        9.51078e-64
xtop.ibias                        -2.30386e-61
xtop.xx2.nd1                      -1.14937e-16
xtop.xx2.tail                       6.3651e-17
xtop.vdd_su                                  0
xtop.xx3.det                                 0
xtop.xx3.xrpu.11                             0
xtop.xx3.xrpu.21                             0
v.xtop.vsu_sense#branch                      0
vsup#branch                       -1.02635e-28

 Reference value :  2.50560e-04
 Reference value :  3.05500e-03
No. of Data Rows : 2513
m_startup_time_s = -4.160000000e-04
m_vref_final_v = 1.2123950032e+00
m_iq_total_final_ua = 3.5855314140e+01
m_iq_startup_branch_final_ua = 1.3611794698e+00
m_det_final_v = 8.5859994827e-03
m_t0_s = 9.0078918968e-04
m_t_settle_s = 4.8478918968e-04
Note: Simulation executed from .control section 

Warning: m=xx on .subckt line will override multiplier m hierarchy!

