
Note: Compatibility modes selected: hs a


Circuit: * startup-slow-ramp @ ff_125c_2.97v -- generated by sim/harness, do not edit

Doing analysis at TEMP = 125.000000 and TNOM = 27.000000

Using SPARSE 1.3 as Direct Linear Solver

Initial Transient Solution
--------------------------

Node                                   Voltage
----                                   -------
vdd                                          0
xtop.xx1.d1                       -1.75139e-18
xtop.fb                            1.05247e-12
xtop.sns1                         -1.74765e-18
xtop.casc                         -1.75369e-18
xtop.xx1.d2                       -1.48233e-18
xtop.sns2                          2.34596e-18
xtop.xx1.e2                        2.34596e-18
xtop.xx1.xr2.11                    2.34596e-18
xtop.xx1.xr2.21                    2.34596e-18
xtop.xx1.d3                       -1.61687e-18
vref                              -1.14298e-18
xtop.xx1.e3                       -1.14297e-18
xtop.xx1.xr1.11                   -1.14297e-18
xtop.xx1.xr1.21                   -1.14298e-18
xtop.xx1.d4                       -1.25005e-18
xtop.ibias                        -1.29654e-18
xtop.xx2.nd1                      -1.12975e-11
xtop.xx2.tail                      1.08311e-12
xtop.vdd_su                                  0
xtop.xx3.det                                 0
xtop.xx3.xrpu.11                             0
xtop.xx3.xrpu.21                             0
v.xtop.vsu_sense#branch                      0
vsup#branch                        -6.2126e-21

 Reference value :  2.38560e-04
 Reference value :  3.10300e-03
No. of Data Rows : 2511
m_startup_time_s = -3.340000000e-04
m_vref_final_v = 1.2368743680e+00
m_iq_total_final_ua = 7.7417809120e+01
m_iq_startup_branch_final_ua = 1.9562460186e+00
m_det_final_v = 1.1457749734e-02
m_t0_s = 9.0056000000e-04
m_t_settle_s = 5.6656000000e-04
Note: Simulation executed from .control section 

Warning: m=xx on .subckt line will override multiplier m hierarchy!

