
Note: Compatibility modes selected: hs a


Circuit: * startup-slow-ramp @ ff_27c_3.30v -- generated by sim/harness, do not edit

Doing analysis at TEMP = 27.000000 and TNOM = 27.000000

Using SPARSE 1.3 as Direct Linear Solver

Initial Transient Solution
--------------------------

Node                                   Voltage
----                                   -------
vdd                                          0
xtop.xx1.d1                       -1.73765e-18
xtop.fb                            -4.4359e-18
xtop.sns1                          1.42128e-18
xtop.casc                          3.30661e-19
xtop.xx1.d2                       -1.38292e-18
xtop.sns2                         -5.38326e-19
xtop.xx1.e2                       -5.38326e-19
xtop.xx1.xr2.11                   -5.38326e-19
xtop.xx1.xr2.21                   -5.38326e-19
xtop.xx1.d3                       -1.01215e-18
vref                               6.89988e-19
xtop.xx1.e3                        6.89988e-19
xtop.xx1.xr1.11                    6.89988e-19
xtop.xx1.xr1.21                    6.89988e-19
xtop.xx1.d4                       -2.02155e-18
xtop.ibias                        -1.00546e-18
xtop.xx2.nd1                      -5.19749e-18
xtop.xx2.tail                     -3.69886e-18
xtop.vdd_su                                  0
xtop.xx3.det                                 0
xtop.xx3.xrpu.11                             0
xtop.xx3.xrpu.21                             0
v.xtop.vsu_sense#branch                      0
vsup#branch                        -3.8124e-29

 Reference value :  1.68560e-04
 Reference value :  3.10500e-03
No. of Data Rows : 2512
m_startup_time_s = -4.340000000e-04
m_vref_final_v = 1.2248378874e+00
m_iq_total_final_ua = 5.8403741289e+01
m_iq_startup_branch_final_ua = 2.0286848793e+00
m_det_final_v = 1.1324425828e-02
m_t0_s = 9.0126119495e-04
m_t_settle_s = 4.6726119495e-04
Note: Simulation executed from .control section 

Warning: m=xx on .subckt line will override multiplier m hierarchy!

