
Note: Compatibility modes selected: hs a


Circuit: * startup-slow-ramp @ fs_-40c_2.97v -- generated by sim/harness, do not edit

Doing analysis at TEMP = -40.000000 and TNOM = 27.000000

Using SPARSE 1.3 as Direct Linear Solver

Initial Transient Solution
--------------------------

Node                                   Voltage
----                                   -------
vdd                                          0
xtop.xx1.d1                        3.38644e-20
xtop.fb                           -3.02255e-19
xtop.sns1                          5.86538e-22
xtop.casc                          5.36483e-47
xtop.xx1.d2                       -1.14221e-20
xtop.sns2                         -1.27022e-20
xtop.xx1.e2                       -1.27022e-20
xtop.xx1.xr2.11                   -1.27022e-20
xtop.xx1.xr2.21                   -1.27022e-20
xtop.xx1.d3                        7.68216e-21
vref                              -1.13594e-20
xtop.xx1.e3                       -1.13594e-20
xtop.xx1.xr1.11                   -1.13594e-20
xtop.xx1.xr1.21                   -1.13594e-20
xtop.xx1.d4                        5.49591e-42
xtop.ibias                        -3.49577e-37
xtop.xx2.nd1                        1.1179e-19
xtop.xx2.tail                      2.51022e-19
xtop.vdd_su                                  0
xtop.xx3.det                       7.4763e-306
xtop.xx3.xrpu.11                   7.4763e-306
xtop.xx3.xrpu.21                 -5.70734e-316
v.xtop.vsu_sense#branch            7.7673e-318
vsup#branch                        -1.7233e-31

 Reference value :  2.22560e-04
 Reference value :  2.69500e-03
No. of Data Rows : 2514
m_startup_time_s = -4.100000000e-04
m_vref_final_v = 1.2163154987e+00
m_iq_total_final_ua = 3.5833706500e+01
m_iq_startup_branch_final_ua = 1.3612227214e+00
m_det_final_v = 8.4919002141e-03
m_t0_s = 9.0097922918e-04
m_t_settle_s = 4.9097922918e-04
Note: Simulation executed from .control section 

Warning: m=xx on .subckt line will override multiplier m hierarchy!

