
Note: Compatibility modes selected: hs a


Circuit: * startup-slow-ramp @ fs_27c_3.63v -- generated by sim/harness, do not edit

Doing analysis at TEMP = 27.000000 and TNOM = 27.000000

Using SPARSE 1.3 as Direct Linear Solver

Initial Transient Solution
--------------------------

Node                                   Voltage
----                                   -------
vdd                                          0
xtop.xx1.d1                        3.79115e-54
xtop.fb                           -1.00539e-14
xtop.sns1                          1.37473e-51
xtop.casc                          4.48329e-19
xtop.xx1.d2                        5.55113e-53
xtop.sns2                          2.04065e-50
xtop.xx1.e2                        2.04065e-50
xtop.xx1.xr2.11                    2.04065e-50
xtop.xx1.xr2.21                    2.04065e-50
xtop.xx1.d3                        7.92994e-54
vref                               2.87551e-51
xtop.xx1.e3                        2.87551e-51
xtop.xx1.xr1.11                    2.87551e-51
xtop.xx1.xr1.21                    2.87551e-51
xtop.xx1.d4                        3.28827e-21
xtop.ibias                         -2.2577e-19
xtop.xx2.nd1                        1.6947e-15
xtop.xx2.tail                      1.72648e-15
xtop.vdd_su                                  0
xtop.xx3.det                                 0
xtop.xx3.xrpu.11                             0
xtop.xx3.xrpu.21                             0
v.xtop.vsu_sense#branch                      0
vsup#branch                       -8.47207e-27

 Reference value :  1.40560e-04
 Reference value :  2.78700e-03
No. of Data Rows : 2513
m_startup_time_s = -4.760000000e-04
m_vref_final_v = 1.2263541443e+00
m_iq_total_final_ua = 4.7038204832e+01
m_iq_startup_branch_final_ua = 1.7856947420e+00
m_det_final_v = 1.1578969406e-02
m_t0_s = 9.0151695204e-04
m_t_settle_s = 4.2551695204e-04
Note: Simulation executed from .control section 

Warning: m=xx on .subckt line will override multiplier m hierarchy!

