
Note: Compatibility modes selected: hs a


Circuit: * startup-slow-ramp @ res_ff_125c_2.97v -- generated by sim/harness, do not edit

Doing analysis at TEMP = 125.000000 and TNOM = 27.000000

Using SPARSE 1.3 as Direct Linear Solver

Initial Transient Solution
--------------------------

Node                                   Voltage
----                                   -------
vdd                                          0
xtop.xx1.d1                        4.08462e-18
xtop.fb                           -1.00968e-13
xtop.sns1                          1.36677e-18
xtop.casc                         -3.08127e-18
xtop.xx1.d2                         2.0089e-17
xtop.sns2                          7.14787e-18
xtop.xx1.e2                        7.14787e-18
xtop.xx1.xr2.11                    7.14787e-18
xtop.xx1.xr2.21                    7.14787e-18
xtop.xx1.d3                       -9.34776e-17
vref                              -3.94295e-17
xtop.xx1.e3                       -3.94294e-17
xtop.xx1.xr1.11                   -3.94294e-17
xtop.xx1.xr1.21                   -3.94295e-17
xtop.xx1.d4                        3.84094e-17
xtop.ibias                         2.12644e-18
xtop.xx2.nd1                      -2.08878e-13
xtop.xx2.tail                     -6.40278e-13
xtop.vdd_su                                  0
xtop.xx3.det                     -1.06908e-172
xtop.xx3.xrpu.11                 -1.06906e-172
xtop.xx3.xrpu.21                 -1.94067e-177
v.xtop.vsu_sense#branch           7.06952e-179
vsup#branch                       -6.21569e-23

 Reference value :  4.56000e-06
 Reference value :  2.81900e-03
No. of Data Rows : 2511
m_startup_time_s = -3.200000000e-04
m_vref_final_v = 1.2437776525e+00
m_iq_total_final_ua = 7.5973479672e+01
m_iq_startup_branch_final_ua = 1.9560548095e+00
m_det_final_v = 1.1746926135e-02
m_t0_s = 9.0056000000e-04
m_t_settle_s = 5.8056000000e-04
Note: Simulation executed from .control section 

Warning: m=xx on .subckt line will override multiplier m hierarchy!

