
Note: Compatibility modes selected: hs a


Circuit: * startup-slow-ramp @ ss_-40c_3.63v -- generated by sim/harness, do not edit

Doing analysis at TEMP = -40.000000 and TNOM = 27.000000

Using SPARSE 1.3 as Direct Linear Solver

Initial Transient Solution
--------------------------

Node                                   Voltage
----                                   -------
vdd                                          0
xtop.xx1.d1                       -1.27343e-26
xtop.fb                           -5.82855e-26
xtop.sns1                          1.31196e-27
xtop.casc                         -5.45539e-85
xtop.xx1.d2                        -8.5145e-22
xtop.sns2                          7.19888e-21
xtop.xx1.e2                        7.19888e-21
xtop.xx1.xr2.11                    7.19888e-21
xtop.xx1.xr2.21                    7.19888e-21
xtop.xx1.d3                       -3.25077e-29
vref                              -5.58914e-29
xtop.xx1.e3                       -5.58914e-29
xtop.xx1.xr1.11                   -5.58914e-29
xtop.xx1.xr1.21                   -5.58914e-29
xtop.xx1.d4                        4.68113e-55
xtop.ibias                        -3.92946e-55
xtop.xx2.nd1                       3.78628e-24
xtop.xx2.tail                     -4.48226e-25
xtop.vdd_su                                  0
xtop.xx3.det                                 0
xtop.xx3.xrpu.11                             0
xtop.xx3.xrpu.21                             0
v.xtop.vsu_sense#branch                      0
vsup#branch                       -7.19656e-33

 Reference value :  4.53880e-04
 Reference value :  3.51300e-03
No. of Data Rows : 2513
m_startup_time_s = -5.040000000e-04
m_vref_final_v = 1.2183893587e+00
m_iq_total_final_ua = 2.9905823181e+01
m_iq_startup_branch_final_ua = 1.3865204769e+00
m_det_final_v = 1.0184963755e-02
m_t0_s = 9.0187969913e-04
m_t_settle_s = 3.9787969913e-04
Note: Simulation executed from .control section 

Warning: m=xx on .subckt line will override multiplier m hierarchy!

